
> digital-classroom-assignment-for-plv-ceit-bldg@3.0.0 test:run
> vitest run


 RUN  v4.0.8 C:/Users/Deign/Downloads/Digital Classroom Assignment for PLV CEIT Bldg (with backend)

node.exe : stderr | src/__tests__/hooks/useBulkRunner.test.ts > useBulkRunner > completion > should respect 
concurrency limit
At line:1 char:1
+ & "C:\Program Files\nodejs/node.exe" "C:\Program Files\nodejs/node_mo ...
+ ~~~~~~~~~~~~~~~~~~~~~~~~~~~~~~~~~~~~~~~~~~~~~~~~~~~~~~~~~~~~~~~~~~~~~
    + CategoryInfo          : NotSpecified: (stderr | src/__...ncurrency limit:String) [], RemoteException
    + FullyQualifiedErrorId : NativeCommandError
 
Warning: An update to TestComponent inside a test was not wrapped in act(...).

When testing, code that causes React state updates should be wrapped into act(...):

act(() => {
  /* fire events that update state */
});
/* assert on the output */

This ensures that you're testing the behavior the user would see in the browser. Learn more at 
https://reactjs.org/link/wrap-tests-with-act
    at TestComponent (C:\Users\Deign\Downloads\Digital Classroom Assignment for PLV CEIT Bldg (with 
backend)\node_modules\@testing-library\react\dist\pure.js:329:5)
Warning: An update to TestComponent inside a test was not wrapped in act(...).

When testing, code that causes React state updates should be wrapped into act(...):

act(() => {
  /* fire events that update state */
});
/* assert on the output */

This ensures that you're testing the behavior the user would see in the browser. Learn more at 
https://reactjs.org/link/wrap-tests-with-act
    at TestComponent (C:\Users\Deign\Downloads\Digital Classroom Assignment for PLV CEIT Bldg (with 
backend)\node_modules\@testing-library\react\dist\pure.js:329:5)
Warning: An update to TestComponent inside a test was not wrapped in act(...).

When testing, code that causes React state updates should be wrapped into act(...):

act(() => {
  /* fire events that update state */
});
/* assert on the output */

This ensures that you're testing the behavior the user would see in the browser. Learn more at 
https://reactjs.org/link/wrap-tests-with-act
    at TestComponent (C:\Users\Deign\Downloads\Digital Classroom Assignment for PLV CEIT Bldg (with 
backend)\node_modules\@testing-library\react\dist\pure.js:329:5)
Warning: An update to TestComponent inside a test was not wrapped in act(...).

When testing, code that causes React state updates should be wrapped into act(...):

act(() => {
  /* fire events that update state */
});
/* assert on the output */

This ensures that you're testing the behavior the user would see in the browser. Learn more at 
https://reactjs.org/link/wrap-tests-with-act
    at TestComponent (C:\Users\Deign\Downloads\Digital Classroom Assignment for PLV CEIT Bldg (with 
backend)\node_modules\@testing-library\react\dist\pure.js:329:5)
Warning: An update to TestComponent inside a test was not wrapped in act(...).

When testing, code that causes React state updates should be wrapped into act(...):

act(() => {
  /* fire events that update state */
});
/* assert on the output */

This ensures that you're testing the behavior the user would see in the browser. Learn more at 
https://reactjs.org/link/wrap-tests-with-act
    at TestComponent (C:\Users\Deign\Downloads\Digital Classroom Assignment for PLV CEIT Bldg (with 
backend)\node_modules\@testing-library\react\dist\pure.js:329:5)
Warning: An update to TestComponent inside a test was not wrapped in act(...).

When testing, code that causes React state updates should be wrapped into act(...):

act(() => {
  /* fire events that update state */
});
/* assert on the output */

This ensures that you're testing the behavior the user would see in the browser. Learn more at 
https://reactjs.org/link/wrap-tests-with-act
    at TestComponent (C:\Users\Deign\Downloads\Digital Classroom Assignment for PLV CEIT Bldg (with 
backend)\node_modules\@testing-library\react\dist\pure.js:329:5)

 Γ¥» src/__tests__/hooks/useBulkRunner.test.ts (17 tests | 1 failed) 1278ms
       Γ£ô should execute batch of tasks successfully 23ms
       Γ£ô should track progress during batch execution 5ms
       Γ£ô should update processed count as tasks complete 82ms
       Γ£ô should call progress callback with correct values 4ms
       Γ£ô should handle partial task failures 3ms
       Γ£ô should track failed tasks in results 5ms
       ├ù should cancel running tasks 1086ms
       Γ£ô should reset state correctly 3ms
       Γ£ô should mark all tasks as completed 6ms
       Γ£ô should return results array with correct statuses 4ms
       Γ£ô should handle empty task array 3ms
       Γ£ô should respect concurrency limit 24ms
       Γ£ô should reset state for retry 3ms
       Γ£ô should handle all tasks failing 10ms
       Γ£ô should handle task that throws synchronously 3ms
       Γ£ô should reset running state after completion 3ms
       Γ£ô should update total count correctly 3ms
 Γ¥» src/__tests__/components/ScheduleViewer.test.tsx (12 tests | 5 failed) 5166ms
       Γ£ô should display schedules for selected day 277ms
       ├ù should filter schedules by selected date 133ms
       ├ù should switch to week view 1500ms
       Γ£ô should navigate to previous day  325ms
       Γ£ô should navigate to next day  403ms
       Γ£ô should have proper ARIA labels for navigation 154ms
       ├ù should call onCancelSchedule when cancel button clicked 1070ms
       ├ù should highlight conflicting schedules 112ms
       ├ù should filter schedules by classroom 923ms
       Γ£ô should filter schedules by date range 51ms
       Γ£ô should have accessible navigation controls 149ms
       Γ£ô should announce schedule changes to screen readers 56ms
 Γ¥» src/__tests__/services/withRetry.test.ts (14 tests | 1 failed) 738ms
     Γ£ô retries a flaky function until success 171ms
     Γ£ô throws the last error when retries exhausted 101ms
     Γ£ô calculates backoff delay correctly 116ms
     Γ£ô respects max retries limit 158ms
     Γ£ô does not retry non-retriable errors 2ms
     Γ£ô succeeds on nth retry 164ms
     Γ£ô detects common network error text 0ms
     Γ£ô returns false for unrelated errors 0ms
     Γ£ô detects timeout errors 0ms
     ├ù detects connection errors 14ms
     Γ£ô handles null and undefined gracefully 0ms
     Γ£ô should handle zero attempts gracefully 4ms
     Γ£ô should handle very small delays 1ms
     Γ£ô should handle functions that return non-promises 1ms
 Γ¥» src/__tests__/components/RequestCard.test.tsx (12 tests | 7 failed) 6600ms
       Γ£ô should render request details correctly 167ms
       ├ù should display correct date and time 204ms
       ├ù should call onApprove when approve button clicked 1693ms
       ├ù should call onReject with reason when reject button clicked 1057ms
       ├ù should call onCancelApproved when cancel button clicked 981ms
       ├ù should disable buttons when disabled prop is true 872ms
       Γ£ô should display conflict warning when conflicts exist 58ms
       Γ£ô should display approved status correctly 14ms
       Γ£ô should display rejected status correctly 16ms
       ├ù should have proper ARIA labels 759ms
       Γ£ô should support keyboard navigation 38ms
       ├ù should have accessible buttons with labels 735ms
stdout | src/__tests__/services/pushNotificationService.test.ts > pushService > sendTestNotification > should send test push notification
Initializing Firebase app with projectId: plv-classroom-assigment
[pushService] Calling sendTestPush callable

stderr | src/__tests__/services/pushNotificationService.test.ts > pushService > sendTestNotification > should send 
test push notification
[pushService] sendTestPush callable error {
  code: 'functions/unauthenticated',
  customData: undefined,
  name: 'FirebaseError',
  details: undefined
}

 Γ¥» src/__tests__/services/pushNotificationService.test.ts (13 tests | 11 failed) 934ms
       Γ£ô should check if push notifications are supported 3ms
       Γ£ô should return false when Notification API is not available 1ms
       ├ù should request notification permission 6ms
       ├ù should handle denied permission 2ms
       ├ù should handle default permission state 1ms
       ├ù should register service worker for push notifications 1ms
       ├ù should handle service worker registration errors 1ms
       ├ù should subscribe to push notifications 1ms
       ├ù should handle subscription errors 2ms
       ├ù should get existing push subscription 2ms
       ├ù should return null when no subscription exists 2ms
       ├ù should unsubscribe from push notifications 2ms
       ├ù should send test push notification 902ms
Error: useNotificationContext must be used within NotificationContext.Provider
    at useNotificationContext (C:/Users/Deign/Downloads/Digital Classroom Assignment for PLV CEIT Bldg (with 
backend)/contexts/NotificationContext.tsx:24:19)
    at NotificationBell (C:/Users/Deign/Downloads/Digital Classroom Assignment for PLV CEIT Bldg (with 
backend)/components/NotificationBell.tsx:14:15)
    at renderWithHooks (C:\Users\Deign\Downloads\Digital Classroom Assignment for PLV CEIT Bldg (with 
backend)\node_modules\react-dom\cjs\react-dom.development.js:15486:18)
    at mountIndeterminateComponent (C:\Users\Deign\Downloads\Digital Classroom Assignment for PLV CEIT Bldg (with 
backend)\node_modules\react-dom\cjs\react-dom.development.js:20103:13)
    at beginWork (C:\Users\Deign\Downloads\Digital Classroom Assignment for PLV CEIT Bldg (with 
backend)\node_modules\react-dom\cjs\react-dom.development.js:21626:16)
    at HTMLUnknownElement.callCallback (C:\Users\Deign\Downloads\Digital Classroom Assignment for PLV CEIT Bldg (with 
backend)\node_modules\react-dom\cjs\react-dom.development.js:4164:14)
    at HTMLUnknownElement.callTheUserObjectsOperation (C:\Users\Deign\Downloads\Digital Classroom Assignment for PLV 
CEIT Bldg (with backend)\node_modules\jsdom\lib\jsdom\living\generated\EventListener.js:26:30)
    at innerInvokeEventListeners (C:\Users\Deign\Downloads\Digital Classroom Assignment for PLV CEIT Bldg (with 
backend)\node_modules\jsdom\lib\jsdom\living\events\EventTarget-impl.js:360:16)
    at invokeEventListeners (C:\Users\Deign\Downloads\Digital Classroom Assignment for PLV CEIT Bldg (with 
backend)\node_modules\jsdom\lib\jsdom\living\events\EventTarget-impl.js:296:3)
    at HTMLUnknownElementImpl._dispatch (C:\Users\Deign\Downloads\Digital Classroom Assignment for PLV CEIT Bldg (with 
backend)\node_modules\jsdom\lib\jsdom\living\events\EventTarget-impl.js:243:9)
Error: useNotificationContext must be used within NotificationContext.Provider
    at useNotificationContext (C:/Users/Deign/Downloads/Digital Classroom Assignment for PLV CEIT Bldg (with 
backend)/contexts/NotificationContext.tsx:24:19)
    at NotificationBell (C:/Users/Deign/Downloads/Digital Classroom Assignment for PLV CEIT Bldg (with 
backend)/components/NotificationBell.tsx:14:15)
    at renderWithHooks (C:\Users\Deign\Downloads\Digital Classroom Assignment for PLV CEIT Bldg (with 
backend)\node_modules\react-dom\cjs\react-dom.development.js:15486:18)
    at mountIndeterminateComponent (C:\Users\Deign\Downloads\Digital Classroom Assignment for PLV CEIT Bldg (with 
backend)\node_modules\react-dom\cjs\react-dom.development.js:20103:13)
    at beginWork (C:\Users\Deign\Downloads\Digital Classroom Assignment for PLV CEIT Bldg (with 
backend)\node_modules\react-dom\cjs\react-dom.development.js:21626:16)
    at HTMLUnknownElement.callCallback (C:\Users\Deign\Downloads\Digital Classroom Assignment for PLV CEIT Bldg (with 
backend)\node_modules\react-dom\cjs\react-dom.development.js:4164:14)
    at HTMLUnknownElement.callTheUserObjectsOperation (C:\Users\Deign\Downloads\Digital Classroom Assignment for PLV 
CEIT Bldg (with backend)\node_modules\jsdom\lib\jsdom\living\generated\EventListener.js:26:30)
    at innerInvokeEventListeners (C:\Users\Deign\Downloads\Digital Classroom Assignment for PLV CEIT Bldg (with 
backend)\node_modules\jsdom\lib\jsdom\living\events\EventTarget-impl.js:360:16)
    at invokeEventListeners (C:\Users\Deign\Downloads\Digital Classroom Assignment for PLV CEIT Bldg (with 
backend)\node_modules\jsdom\lib\jsdom\living\events\EventTarget-impl.js:296:3)
    at HTMLUnknownElementImpl._dispatch (C:\Users\Deign\Downloads\Digital Classroom Assignment for PLV CEIT Bldg (with 
backend)\node_modules\jsdom\lib\jsdom\living\events\EventTarget-impl.js:243:9)
Error: useNotificationContext must be used within NotificationContext.Provider
    at useNotificationContext (C:/Users/Deign/Downloads/Digital Classroom Assignment for PLV CEIT Bldg (with 
backend)/contexts/NotificationContext.tsx:24:19)
    at NotificationBell (C:/Users/Deign/Downloads/Digital Classroom Assignment for PLV CEIT Bldg (with 
backend)/components/NotificationBell.tsx:14:15)
    at renderWithHooks (C:\Users\Deign\Downloads\Digital Classroom Assignment for PLV CEIT Bldg (with 
backend)\node_modules\react-dom\cjs\react-dom.development.js:15486:18)
    at mountIndeterminateComponent (C:\Users\Deign\Downloads\Digital Classroom Assignment for PLV CEIT Bldg (with 
backend)\node_modules\react-dom\cjs\react-dom.development.js:20103:13)
    at beginWork (C:\Users\Deign\Downloads\Digital Classroom Assignment for PLV CEIT Bldg (with 
backend)\node_modules\react-dom\cjs\react-dom.development.js:21626:16)
    at HTMLUnknownElement.callCallback (C:\Users\Deign\Downloads\Digital Classroom Assignment for PLV CEIT Bldg (with 
backend)\node_modules\react-dom\cjs\react-dom.development.js:4164:14)
    at HTMLUnknownElement.callTheUserObjectsOperation (C:\Users\Deign\Downloads\Digital Classroom Assignment for PLV 
CEIT Bldg (with backend)\node_modules\jsdom\lib\jsdom\living\generated\EventListener.js:26:30)
    at innerInvokeEventListeners (C:\Users\Deign\Downloads\Digital Classroom Assignment for PLV CEIT Bldg (with 
backend)\node_modules\jsdom\lib\jsdom\living\events\EventTarget-impl.js:360:16)
    at invokeEventListeners (C:\Users\Deign\Downloads\Digital Classroom Assignment for PLV CEIT Bldg (with 
backend)\node_modules\jsdom\lib\jsdom\living\events\EventTarget-impl.js:296:3)
    at HTMLUnknownElementImpl._dispatch (C:\Users\Deign\Downloads\Digital Classroom Assignment for PLV CEIT Bldg (with 
backend)\node_modules\jsdom\lib\jsdom\living\events\EventTarget-impl.js:243:9)
stderr | src/__tests__/components/AdminDashboard.test.tsx > AdminDashboard > tab switching > should switch between tabs
The above error occurred in the <NotificationBell> component:

    at NotificationBell (C:/Users/Deign/Downloads/Digital Classroom Assignment for PLV CEIT Bldg (with 
backend)/components/NotificationBell.tsx:9:29)
    at div
    at div
    at div
    at div
    at header
    at div
    at AdminDashboard (C:/Users/Deign/Downloads/Digital Classroom Assignment for PLV CEIT Bldg (with 
backend)/components/AdminDashboard.tsx:38:3)

Consider adding an error boundary to your tree to customize error handling behavior.
Visit https://reactjs.org/link/error-boundaries to learn more about error boundaries.

Error: useNotificationContext must be used within NotificationContext.Provider
    at useNotificationContext (C:/Users/Deign/Downloads/Digital Classroom Assignment for PLV CEIT Bldg (with 
backend)/contexts/NotificationContext.tsx:24:19)
    at NotificationBell (C:/Users/Deign/Downloads/Digital Classroom Assignment for PLV CEIT Bldg (with 
backend)/components/NotificationBell.tsx:14:15)
    at renderWithHooks (C:\Users\Deign\Downloads\Digital Classroom Assignment for PLV CEIT Bldg (with 
backend)\node_modules\react-dom\cjs\react-dom.development.js:15486:18)
    at mountIndeterminateComponent (C:\Users\Deign\Downloads\Digital Classroom Assignment for PLV CEIT Bldg (with 
backend)\node_modules\react-dom\cjs\react-dom.development.js:20103:13)
    at beginWork (C:\Users\Deign\Downloads\Digital Classroom Assignment for PLV CEIT Bldg (with 
backend)\node_modules\react-dom\cjs\react-dom.development.js:21626:16)
    at HTMLUnknownElement.callCallback (C:\Users\Deign\Downloads\Digital Classroom Assignment for PLV CEIT Bldg (with 
backend)\node_modules\react-dom\cjs\react-dom.development.js:4164:14)
    at HTMLUnknownElement.callTheUserObjectsOperation (C:\Users\Deign\Downloads\Digital Classroom Assignment for PLV 
CEIT Bldg (with backend)\node_modules\jsdom\lib\jsdom\living\generated\EventListener.js:26:30)
    at innerInvokeEventListeners (C:\Users\Deign\Downloads\Digital Classroom Assignment for PLV CEIT Bldg (with 
backend)\node_modules\jsdom\lib\jsdom\living\events\EventTarget-impl.js:360:16)
    at invokeEventListeners (C:\Users\Deign\Downloads\Digital Classroom Assignment for PLV CEIT Bldg (with 
backend)\node_modules\jsdom\lib\jsdom\living\events\EventTarget-impl.js:296:3)
    at HTMLUnknownElementImpl._dispatch (C:\Users\Deign\Downloads\Digital Classroom Assignment for PLV CEIT Bldg (with 
backend)\node_modules\jsdom\lib\jsdom\living\events\EventTarget-impl.js:243:9)
Error: useNotificationContext must be used within NotificationContext.Provider
    at useNotificationContext (C:/Users/Deign/Downloads/Digital Classroom Assignment for PLV CEIT Bldg (with 
backend)/contexts/NotificationContext.tsx:24:19)
    at NotificationBell (C:/Users/Deign/Downloads/Digital Classroom Assignment for PLV CEIT Bldg (with 
backend)/components/NotificationBell.tsx:14:15)
    at renderWithHooks (C:\Users\Deign\Downloads\Digital Classroom Assignment for PLV CEIT Bldg (with 
backend)\node_modules\react-dom\cjs\react-dom.development.js:15486:18)
    at mountIndeterminateComponent (C:\Users\Deign\Downloads\Digital Classroom Assignment for PLV CEIT Bldg (with 
backend)\node_modules\react-dom\cjs\react-dom.development.js:20103:13)
    at beginWork (C:\Users\Deign\Downloads\Digital Classroom Assignment for PLV CEIT Bldg (with 
backend)\node_modules\react-dom\cjs\react-dom.development.js:21626:16)
    at HTMLUnknownElement.callCallback (C:\Users\Deign\Downloads\Digital Classroom Assignment for PLV CEIT Bldg (with 
backend)\node_modules\react-dom\cjs\react-dom.development.js:4164:14)
    at HTMLUnknownElement.callTheUserObjectsOperation (C:\Users\Deign\Downloads\Digital Classroom Assignment for PLV 
CEIT Bldg (with backend)\node_modules\jsdom\lib\jsdom\living\generated\EventListener.js:26:30)
    at innerInvokeEventListeners (C:\Users\Deign\Downloads\Digital Classroom Assignment for PLV CEIT Bldg (with 
backend)\node_modules\jsdom\lib\jsdom\living\events\EventTarget-impl.js:360:16)
    at invokeEventListeners (C:\Users\Deign\Downloads\Digital Classroom Assignment for PLV CEIT Bldg (with 
backend)\node_modules\jsdom\lib\jsdom\living\events\EventTarget-impl.js:296:3)
    at HTMLUnknownElementImpl._dispatch (C:\Users\Deign\Downloads\Digital Classroom Assignment for PLV CEIT Bldg (with 
backend)\node_modules\jsdom\lib\jsdom\living\events\EventTarget-impl.js:243:9)
Error: useNotificationContext must be used within NotificationContext.Provider
    at useNotificationContext (C:/Users/Deign/Downloads/Digital Classroom Assignment for PLV CEIT Bldg (with 
backend)/contexts/NotificationContext.tsx:24:19)
    at NotificationBell (C:/Users/Deign/Downloads/Digital Classroom Assignment for PLV CEIT Bldg (with 
backend)/components/NotificationBell.tsx:14:15)
    at renderWithHooks (C:\Users\Deign\Downloads\Digital Classroom Assignment for PLV CEIT Bldg (with 
backend)\node_modules\react-dom\cjs\react-dom.development.js:15486:18)
    at mountIndeterminateComponent (C:\Users\Deign\Downloads\Digital Classroom Assignment for PLV CEIT Bldg (with 
backend)\node_modules\react-dom\cjs\react-dom.development.js:20103:13)
    at beginWork (C:\Users\Deign\Downloads\Digital Classroom Assignment for PLV CEIT Bldg (with 
backend)\node_modules\react-dom\cjs\react-dom.development.js:21626:16)
    at HTMLUnknownElement.callCallback (C:\Users\Deign\Downloads\Digital Classroom Assignment for PLV CEIT Bldg (with 
backend)\node_modules\react-dom\cjs\react-dom.development.js:4164:14)
    at HTMLUnknownElement.callTheUserObjectsOperation (C:\Users\Deign\Downloads\Digital Classroom Assignment for PLV 
CEIT Bldg (with backend)\node_modules\jsdom\lib\jsdom\living\generated\EventListener.js:26:30)
    at innerInvokeEventListeners (C:\Users\Deign\Downloads\Digital Classroom Assignment for PLV CEIT Bldg (with 
backend)\node_modules\jsdom\lib\jsdom\living\events\EventTarget-impl.js:360:16)
    at invokeEventListeners (C:\Users\Deign\Downloads\Digital Classroom Assignment for PLV CEIT Bldg (with 
backend)\node_modules\jsdom\lib\jsdom\living\events\EventTarget-impl.js:296:3)
    at HTMLUnknownElementImpl._dispatch (C:\Users\Deign\Downloads\Digital Classroom Assignment for PLV CEIT Bldg (with 
backend)\node_modules\jsdom\lib\jsdom\living\events\EventTarget-impl.js:243:9)
stderr | src/__tests__/components/FacultyDashboard.test.tsx > FacultyDashboard > reservation interface > should 
display booking interface
The above error occurred in the <NotificationBell> component:

    at NotificationBell (C:/Users/Deign/Downloads/Digital Classroom Assignment for PLV CEIT Bldg (with 
backend)/components/NotificationBell.tsx:9:29)
    at div
    at div
    at div
    at div
    at header
    at div
    at FacultyDashboard (C:/Users/Deign/Downloads/Digital Classroom Assignment for PLV CEIT Bldg (with 
backend)/components/FacultyDashboard.tsx:31:3)

Consider adding an error boundary to your tree to customize error handling behavior.
Visit https://reactjs.org/link/error-boundaries to learn more about error boundaries.

Error: useNotificationContext must be used within NotificationContext.Provider
    at useNotificationContext (C:/Users/Deign/Downloads/Digital Classroom Assignment for PLV CEIT Bldg (with 
backend)/contexts/NotificationContext.tsx:24:19)
    at NotificationBell (C:/Users/Deign/Downloads/Digital Classroom Assignment for PLV CEIT Bldg (with 
backend)/components/NotificationBell.tsx:14:15)
    at renderWithHooks (C:\Users\Deign\Downloads\Digital Classroom Assignment for PLV CEIT Bldg (with 
backend)\node_modules\react-dom\cjs\react-dom.development.js:15486:18)
    at mountIndeterminateComponent (C:\Users\Deign\Downloads\Digital Classroom Assignment for PLV CEIT Bldg (with 
backend)\node_modules\react-dom\cjs\react-dom.development.js:20103:13)
    at beginWork (C:\Users\Deign\Downloads\Digital Classroom Assignment for PLV CEIT Bldg (with 
backend)\node_modules\react-dom\cjs\react-dom.development.js:21626:16)
    at HTMLUnknownElement.callCallback (C:\Users\Deign\Downloads\Digital Classroom Assignment for PLV CEIT Bldg (with 
backend)\node_modules\react-dom\cjs\react-dom.development.js:4164:14)
    at HTMLUnknownElement.callTheUserObjectsOperation (C:\Users\Deign\Downloads\Digital Classroom Assignment for PLV 
CEIT Bldg (with backend)\node_modules\jsdom\lib\jsdom\living\generated\EventListener.js:26:30)
    at innerInvokeEventListeners (C:\Users\Deign\Downloads\Digital Classroom Assignment for PLV CEIT Bldg (with 
backend)\node_modules\jsdom\lib\jsdom\living\events\EventTarget-impl.js:360:16)
    at invokeEventListeners (C:\Users\Deign\Downloads\Digital Classroom Assignment for PLV CEIT Bldg (with 
backend)\node_modules\jsdom\lib\jsdom\living\events\EventTarget-impl.js:296:3)
    at HTMLUnknownElementImpl._dispatch (C:\Users\Deign\Downloads\Digital Classroom Assignment for PLV CEIT Bldg (with 
backend)\node_modules\jsdom\lib\jsdom\living\events\EventTarget-impl.js:243:9)
stderr | src/__tests__/components/AdminDashboard.test.tsx > AdminDashboard > requests tab > should display booking 
requests
The above error occurred in the <NotificationBell> component:

    at NotificationBell (C:/Users/Deign/Downloads/Digital Classroom Assignment for PLV CEIT Bldg (with 
backend)/components/NotificationBell.tsx:9:29)
    at div
    at div
    at div
    at div
    at header
    at div
    at AdminDashboard (C:/Users/Deign/Downloads/Digital Classroom Assignment for PLV CEIT Bldg (with 
backend)/components/AdminDashboard.tsx:38:3)

Consider adding an error boundary to your tree to customize error handling behavior.
Visit https://reactjs.org/link/error-boundaries to learn more about error boundaries.

Error: useNotificationContext must be used within NotificationContext.Provider
    at useNotificationContext (C:/Users/Deign/Downloads/Digital Classroom Assignment for PLV CEIT Bldg (with 
backend)/contexts/NotificationContext.tsx:24:19)
    at NotificationBell (C:/Users/Deign/Downloads/Digital Classroom Assignment for PLV CEIT Bldg (with 
backend)/components/NotificationBell.tsx:14:15)
    at renderWithHooks (C:\Users\Deign\Downloads\Digital Classroom Assignment for PLV CEIT Bldg (with 
backend)\node_modules\react-dom\cjs\react-dom.development.js:15486:18)
    at mountIndeterminateComponent (C:\Users\Deign\Downloads\Digital Classroom Assignment for PLV CEIT Bldg (with 
backend)\node_modules\react-dom\cjs\react-dom.development.js:20103:13)
    at beginWork (C:\Users\Deign\Downloads\Digital Classroom Assignment for PLV CEIT Bldg (with 
backend)\node_modules\react-dom\cjs\react-dom.development.js:21626:16)
    at HTMLUnknownElement.callCallback (C:\Users\Deign\Downloads\Digital Classroom Assignment for PLV CEIT Bldg (with 
backend)\node_modules\react-dom\cjs\react-dom.development.js:4164:14)
    at HTMLUnknownElement.callTheUserObjectsOperation (C:\Users\Deign\Downloads\Digital Classroom Assignment for PLV 
CEIT Bldg (with backend)\node_modules\jsdom\lib\jsdom\living\generated\EventListener.js:26:30)
    at innerInvokeEventListeners (C:\Users\Deign\Downloads\Digital Classroom Assignment for PLV CEIT Bldg (with 
backend)\node_modules\jsdom\lib\jsdom\living\events\EventTarget-impl.js:360:16)
    at invokeEventListeners (C:\Users\Deign\Downloads\Digital Classroom Assignment for PLV CEIT Bldg (with 
backend)\node_modules\jsdom\lib\jsdom\living\events\EventTarget-impl.js:296:3)
    at HTMLUnknownElementImpl._dispatch (C:\Users\Deign\Downloads\Digital Classroom Assignment for PLV CEIT Bldg (with 
backend)\node_modules\jsdom\lib\jsdom\living\events\EventTarget-impl.js:243:9)
Error: useNotificationContext must be used within NotificationContext.Provider
    at useNotificationContext (C:/Users/Deign/Downloads/Digital Classroom Assignment for PLV CEIT Bldg (with 
backend)/contexts/NotificationContext.tsx:24:19)
    at NotificationBell (C:/Users/Deign/Downloads/Digital Classroom Assignment for PLV CEIT Bldg (with 
backend)/components/NotificationBell.tsx:14:15)
    at renderWithHooks (C:\Users\Deign\Downloads\Digital Classroom Assignment for PLV CEIT Bldg (with 
backend)\node_modules\react-dom\cjs\react-dom.development.js:15486:18)
    at mountIndeterminateComponent (C:\Users\Deign\Downloads\Digital Classroom Assignment for PLV CEIT Bldg (with 
backend)\node_modules\react-dom\cjs\react-dom.development.js:20103:13)
    at beginWork (C:\Users\Deign\Downloads\Digital Classroom Assignment for PLV CEIT Bldg (with 
backend)\node_modules\react-dom\cjs\react-dom.development.js:21626:16)
    at HTMLUnknownElement.callCallback (C:\Users\Deign\Downloads\Digital Classroom Assignment for PLV CEIT Bldg (with 
backend)\node_modules\react-dom\cjs\react-dom.development.js:4164:14)
    at HTMLUnknownElement.callTheUserObjectsOperation (C:\Users\Deign\Downloads\Digital Classroom Assignment for PLV 
CEIT Bldg (with backend)\node_modules\jsdom\lib\jsdom\living\generated\EventListener.js:26:30)
    at innerInvokeEventListeners (C:\Users\Deign\Downloads\Digital Classroom Assignment for PLV CEIT Bldg (with 
backend)\node_modules\jsdom\lib\jsdom\living\events\EventTarget-impl.js:360:16)
    at invokeEventListeners (C:\Users\Deign\Downloads\Digital Classroom Assignment for PLV CEIT Bldg (with 
backend)\node_modules\jsdom\lib\jsdom\living\events\EventTarget-impl.js:296:3)
    at HTMLUnknownElementImpl._dispatch (C:\Users\Deign\Downloads\Digital Classroom Assignment for PLV CEIT Bldg (with 
backend)\node_modules\jsdom\lib\jsdom\living\events\EventTarget-impl.js:243:9)
stderr | src/__tests__/components/FacultyDashboard.test.tsx > FacultyDashboard > room search > should display room 
search interface
The above error occurred in the <NotificationBell> component:

    at NotificationBell (C:/Users/Deign/Downloads/Digital Classroom Assignment for PLV CEIT Bldg (with 
backend)/components/NotificationBell.tsx:9:29)
    at div
    at div
    at div
    at div
    at header
    at div
    at FacultyDashboard (C:/Users/Deign/Downloads/Digital Classroom Assignment for PLV CEIT Bldg (with 
backend)/components/FacultyDashboard.tsx:31:3)

Consider adding an error boundary to your tree to customize error handling behavior.
Visit https://reactjs.org/link/error-boundaries to learn more about error boundaries.

Error: useNotificationContext must be used within NotificationContext.Provider
    at useNotificationContext (C:/Users/Deign/Downloads/Digital Classroom Assignment for PLV CEIT Bldg (with 
backend)/contexts/NotificationContext.tsx:24:19)
    at NotificationBell (C:/Users/Deign/Downloads/Digital Classroom Assignment for PLV CEIT Bldg (with 
backend)/components/NotificationBell.tsx:14:15)
    at renderWithHooks (C:\Users\Deign\Downloads\Digital Classroom Assignment for PLV CEIT Bldg (with 
backend)\node_modules\react-dom\cjs\react-dom.development.js:15486:18)
    at mountIndeterminateComponent (C:\Users\Deign\Downloads\Digital Classroom Assignment for PLV CEIT Bldg (with 
backend)\node_modules\react-dom\cjs\react-dom.development.js:20103:13)
    at beginWork (C:\Users\Deign\Downloads\Digital Classroom Assignment for PLV CEIT Bldg (with 
backend)\node_modules\react-dom\cjs\react-dom.development.js:21626:16)
    at HTMLUnknownElement.callCallback (C:\Users\Deign\Downloads\Digital Classroom Assignment for PLV CEIT Bldg (with 
backend)\node_modules\react-dom\cjs\react-dom.development.js:4164:14)
    at HTMLUnknownElement.callTheUserObjectsOperation (C:\Users\Deign\Downloads\Digital Classroom Assignment for PLV 
CEIT Bldg (with backend)\node_modules\jsdom\lib\jsdom\living\generated\EventListener.js:26:30)
    at innerInvokeEventListeners (C:\Users\Deign\Downloads\Digital Classroom Assignment for PLV CEIT Bldg (with 
backend)\node_modules\jsdom\lib\jsdom\living\events\EventTarget-impl.js:360:16)
    at invokeEventListeners (C:\Users\Deign\Downloads\Digital Classroom Assignment for PLV CEIT Bldg (with 
backend)\node_modules\jsdom\lib\jsdom\living\events\EventTarget-impl.js:296:3)
    at HTMLUnknownElementImpl._dispatch (C:\Users\Deign\Downloads\Digital Classroom Assignment for PLV CEIT Bldg (with 
backend)\node_modules\jsdom\lib\jsdom\living\events\EventTarget-impl.js:243:9)
Error: useNotificationContext must be used within NotificationContext.Provider
    at useNotificationContext (C:/Users/Deign/Downloads/Digital Classroom Assignment for PLV CEIT Bldg (with 
backend)/contexts/NotificationContext.tsx:24:19)
    at NotificationBell (C:/Users/Deign/Downloads/Digital Classroom Assignment for PLV CEIT Bldg (with 
backend)/components/NotificationBell.tsx:14:15)
    at renderWithHooks (C:\Users\Deign\Downloads\Digital Classroom Assignment for PLV CEIT Bldg (with 
backend)\node_modules\react-dom\cjs\react-dom.development.js:15486:18)
    at mountIndeterminateComponent (C:\Users\Deign\Downloads\Digital Classroom Assignment for PLV CEIT Bldg (with 
backend)\node_modules\react-dom\cjs\react-dom.development.js:20103:13)
    at beginWork (C:\Users\Deign\Downloads\Digital Classroom Assignment for PLV CEIT Bldg (with 
backend)\node_modules\react-dom\cjs\react-dom.development.js:21626:16)
    at HTMLUnknownElement.callCallback (C:\Users\Deign\Downloads\Digital Classroom Assignment for PLV CEIT Bldg (with 
backend)\node_modules\react-dom\cjs\react-dom.development.js:4164:14)
    at HTMLUnknownElement.callTheUserObjectsOperation (C:\Users\Deign\Downloads\Digital Classroom Assignment for PLV 
CEIT Bldg (with backend)\node_modules\jsdom\lib\jsdom\living\generated\EventListener.js:26:30)
    at innerInvokeEventListeners (C:\Users\Deign\Downloads\Digital Classroom Assignment for PLV CEIT Bldg (with 
backend)\node_modules\jsdom\lib\jsdom\living\events\EventTarget-impl.js:360:16)
    at invokeEventListeners (C:\Users\Deign\Downloads\Digital Classroom Assignment for PLV CEIT Bldg (with 
backend)\node_modules\jsdom\lib\jsdom\living\events\EventTarget-impl.js:296:3)
    at HTMLUnknownElementImpl._dispatch (C:\Users\Deign\Downloads\Digital Classroom Assignment for PLV CEIT Bldg (with 
backend)\node_modules\jsdom\lib\jsdom\living\events\EventTarget-impl.js:243:9)
stderr | src/__tests__/components/FacultyDashboard.test.tsx > FacultyDashboard > filter > should filter available rooms
The above error occurred in the <NotificationBell> component:

    at NotificationBell (C:/Users/Deign/Downloads/Digital Classroom Assignment for PLV CEIT Bldg (with 
backend)/components/NotificationBell.tsx:9:29)
    at div
    at div
    at div
    at div
    at header
    at div
    at FacultyDashboard (C:/Users/Deign/Downloads/Digital Classroom Assignment for PLV CEIT Bldg (with 
backend)/components/FacultyDashboard.tsx:31:3)

Consider adding an error boundary to your tree to customize error handling behavior.
Visit https://reactjs.org/link/error-boundaries to learn more about error boundaries.

Error: useNotificationContext must be used within NotificationContext.Provider
    at useNotificationContext (C:/Users/Deign/Downloads/Digital Classroom Assignment for PLV CEIT Bldg (with 
backend)/contexts/NotificationContext.tsx:24:19)
    at NotificationBell (C:/Users/Deign/Downloads/Digital Classroom Assignment for PLV CEIT Bldg (with 
backend)/components/NotificationBell.tsx:14:15)
    at renderWithHooks (C:\Users\Deign\Downloads\Digital Classroom Assignment for PLV CEIT Bldg (with 
backend)\node_modules\react-dom\cjs\react-dom.development.js:15486:18)
    at mountIndeterminateComponent (C:\Users\Deign\Downloads\Digital Classroom Assignment for PLV CEIT Bldg (with 
backend)\node_modules\react-dom\cjs\react-dom.development.js:20103:13)
    at beginWork (C:\Users\Deign\Downloads\Digital Classroom Assignment for PLV CEIT Bldg (with 
backend)\node_modules\react-dom\cjs\react-dom.development.js:21626:16)
    at HTMLUnknownElement.callCallback (C:\Users\Deign\Downloads\Digital Classroom Assignment for PLV CEIT Bldg (with 
backend)\node_modules\react-dom\cjs\react-dom.development.js:4164:14)
    at HTMLUnknownElement.callTheUserObjectsOperation (C:\Users\Deign\Downloads\Digital Classroom Assignment for PLV 
CEIT Bldg (with backend)\node_modules\jsdom\lib\jsdom\living\generated\EventListener.js:26:30)
    at innerInvokeEventListeners (C:\Users\Deign\Downloads\Digital Classroom Assignment for PLV CEIT Bldg (with 
backend)\node_modules\jsdom\lib\jsdom\living\events\EventTarget-impl.js:360:16)
    at invokeEventListeners (C:\Users\Deign\Downloads\Digital Classroom Assignment for PLV CEIT Bldg (with 
backend)\node_modules\jsdom\lib\jsdom\living\events\EventTarget-impl.js:296:3)
    at HTMLUnknownElementImpl._dispatch (C:\Users\Deign\Downloads\Digital Classroom Assignment for PLV CEIT Bldg (with 
backend)\node_modules\jsdom\lib\jsdom\living\events\EventTarget-impl.js:243:9)
Error: useNotificationContext must be used within NotificationContext.Provider
    at useNotificationContext (C:/Users/Deign/Downloads/Digital Classroom Assignment for PLV CEIT Bldg (with 
backend)/contexts/NotificationContext.tsx:24:19)
    at NotificationBell (C:/Users/Deign/Downloads/Digital Classroom Assignment for PLV CEIT Bldg (with 
backend)/components/NotificationBell.tsx:14:15)
    at renderWithHooks (C:\Users\Deign\Downloads\Digital Classroom Assignment for PLV CEIT Bldg (with 
backend)\node_modules\react-dom\cjs\react-dom.development.js:15486:18)
    at mountIndeterminateComponent (C:\Users\Deign\Downloads\Digital Classroom Assignment for PLV CEIT Bldg (with 
backend)\node_modules\react-dom\cjs\react-dom.development.js:20103:13)
    at beginWork (C:\Users\Deign\Downloads\Digital Classroom Assignment for PLV CEIT Bldg (with 
backend)\node_modules\react-dom\cjs\react-dom.development.js:21626:16)
    at HTMLUnknownElement.callCallback (C:\Users\Deign\Downloads\Digital Classroom Assignment for PLV CEIT Bldg (with 
backend)\node_modules\react-dom\cjs\react-dom.development.js:4164:14)
    at HTMLUnknownElement.callTheUserObjectsOperation (C:\Users\Deign\Downloads\Digital Classroom Assignment for PLV 
CEIT Bldg (with backend)\node_modules\jsdom\lib\jsdom\living\generated\EventListener.js:26:30)
    at innerInvokeEventListeners (C:\Users\Deign\Downloads\Digital Classroom Assignment for PLV CEIT Bldg (with 
backend)\node_modules\jsdom\lib\jsdom\living\events\EventTarget-impl.js:360:16)
    at invokeEventListeners (C:\Users\Deign\Downloads\Digital Classroom Assignment for PLV CEIT Bldg (with 
backend)\node_modules\jsdom\lib\jsdom\living\events\EventTarget-impl.js:296:3)
    at HTMLUnknownElementImpl._dispatch (C:\Users\Deign\Downloads\Digital Classroom Assignment for PLV CEIT Bldg (with 
backend)\node_modules\jsdom\lib\jsdom\living\events\EventTarget-impl.js:243:9)
Error: useNotificationContext must be used within NotificationContext.Provider
    at useNotificationContext (C:/Users/Deign/Downloads/Digital Classroom Assignment for PLV CEIT Bldg (with 
backend)/contexts/NotificationContext.tsx:24:19)
    at NotificationBell (C:/Users/Deign/Downloads/Digital Classroom Assignment for PLV CEIT Bldg (with 
backend)/components/NotificationBell.tsx:14:15)
    at renderWithHooks (C:\Users\Deign\Downloads\Digital Classroom Assignment for PLV CEIT Bldg (with 
backend)\node_modules\react-dom\cjs\react-dom.development.js:15486:18)
    at mountIndeterminateComponent (C:\Users\Deign\Downloads\Digital Classroom Assignment for PLV CEIT Bldg (with 
backend)\node_modules\react-dom\cjs\react-dom.development.js:20103:13)
    at beginWork (C:\Users\Deign\Downloads\Digital Classroom Assignment for PLV CEIT Bldg (with 
backend)\node_modules\react-dom\cjs\react-dom.development.js:21626:16)
    at HTMLUnknownElement.callCallback (C:\Users\Deign\Downloads\Digital Classroom Assignment for PLV CEIT Bldg (with 
backend)\node_modules\react-dom\cjs\react-dom.development.js:4164:14)
    at HTMLUnknownElement.callTheUserObjectsOperation (C:\Users\Deign\Downloads\Digital Classroom Assignment for PLV 
CEIT Bldg (with backend)\node_modules\jsdom\lib\jsdom\living\generated\EventListener.js:26:30)
    at innerInvokeEventListeners (C:\Users\Deign\Downloads\Digital Classroom Assignment for PLV CEIT Bldg (with 
backend)\node_modules\jsdom\lib\jsdom\living\events\EventTarget-impl.js:360:16)
    at invokeEventListeners (C:\Users\Deign\Downloads\Digital Classroom Assignment for PLV CEIT Bldg (with 
backend)\node_modules\jsdom\lib\jsdom\living\events\EventTarget-impl.js:296:3)
    at HTMLUnknownElementImpl._dispatch (C:\Users\Deign\Downloads\Digital Classroom Assignment for PLV CEIT Bldg (with 
backend)\node_modules\jsdom\lib\jsdom\living\events\EventTarget-impl.js:243:9)
Error: useNotificationContext must be used within NotificationContext.Provider
    at useNotificationContext (C:/Users/Deign/Downloads/Digital Classroom Assignment for PLV CEIT Bldg (with 
backend)/contexts/NotificationContext.tsx:24:19)
    at NotificationBell (C:/Users/Deign/Downloads/Digital Classroom Assignment for PLV CEIT Bldg (with 
backend)/components/NotificationBell.tsx:14:15)
    at renderWithHooks (C:\Users\Deign\Downloads\Digital Classroom Assignment for PLV CEIT Bldg (with 
backend)\node_modules\react-dom\cjs\react-dom.development.js:15486:18)
    at mountIndeterminateComponent (C:\Users\Deign\Downloads\Digital Classroom Assignment for PLV CEIT Bldg (with 
backend)\node_modules\react-dom\cjs\react-dom.development.js:20103:13)
    at beginWork (C:\Users\Deign\Downloads\Digital Classroom Assignment for PLV CEIT Bldg (with 
backend)\node_modules\react-dom\cjs\react-dom.development.js:21626:16)
    at HTMLUnknownElement.callCallback (C:\Users\Deign\Downloads\Digital Classroom Assignment for PLV CEIT Bldg (with 
backend)\node_modules\react-dom\cjs\react-dom.development.js:4164:14)
    at HTMLUnknownElement.callTheUserObjectsOperation (C:\Users\Deign\Downloads\Digital Classroom Assignment for PLV 
CEIT Bldg (with backend)\node_modules\jsdom\lib\jsdom\living\generated\EventListener.js:26:30)
    at innerInvokeEventListeners (C:\Users\Deign\Downloads\Digital Classroom Assignment for PLV CEIT Bldg (with 
backend)\node_modules\jsdom\lib\jsdom\living\events\EventTarget-impl.js:360:16)
    at invokeEventListeners (C:\Users\Deign\Downloads\Digital Classroom Assignment for PLV CEIT Bldg (with 
backend)\node_modules\jsdom\lib\jsdom\living\events\EventTarget-impl.js:296:3)
    at HTMLUnknownElementImpl._dispatch (C:\Users\Deign\Downloads\Digital Classroom Assignment for PLV CEIT Bldg (with 
backend)\node_modules\jsdom\lib\jsdom\living\events\EventTarget-impl.js:243:9)
Error: useNotificationContext must be used within NotificationContext.Provider
    at useNotificationContext (C:/Users/Deign/Downloads/Digital Classroom Assignment for PLV CEIT Bldg (with 
backend)/contexts/NotificationContext.tsx:24:19)
    at NotificationBell (C:/Users/Deign/Downloads/Digital Classroom Assignment for PLV CEIT Bldg (with 
backend)/components/NotificationBell.tsx:14:15)
    at renderWithHooks (C:\Users\Deign\Downloads\Digital Classroom Assignment for PLV CEIT Bldg (with 
backend)\node_modules\react-dom\cjs\react-dom.development.js:15486:18)
    at mountIndeterminateComponent (C:\Users\Deign\Downloads\Digital Classroom Assignment for PLV CEIT Bldg (with 
backend)\node_modules\react-dom\cjs\react-dom.development.js:20103:13)
    at beginWork (C:\Users\Deign\Downloads\Digital Classroom Assignment for PLV CEIT Bldg (with 
backend)\node_modules\react-dom\cjs\react-dom.development.js:21626:16)
    at HTMLUnknownElement.callCallback (C:\Users\Deign\Downloads\Digital Classroom Assignment for PLV CEIT Bldg (with 
backend)\node_modules\react-dom\cjs\react-dom.development.js:4164:14)
    at HTMLUnknownElement.callTheUserObjectsOperation (C:\Users\Deign\Downloads\Digital Classroom Assignment for PLV 
CEIT Bldg (with backend)\node_modules\jsdom\lib\jsdom\living\generated\EventListener.js:26:30)
    at innerInvokeEventListeners (C:\Users\Deign\Downloads\Digital Classroom Assignment for PLV CEIT Bldg (with 
backend)\node_modules\jsdom\lib\jsdom\living\events\EventTarget-impl.js:360:16)
    at invokeEventListeners (C:\Users\Deign\Downloads\Digital Classroom Assignment for PLV CEIT Bldg (with 
backend)\node_modules\jsdom\lib\jsdom\living\events\EventTarget-impl.js:296:3)
    at HTMLUnknownElementImpl._dispatch (C:\Users\Deign\Downloads\Digital Classroom Assignment for PLV CEIT Bldg (with 
backend)\node_modules\jsdom\lib\jsdom\living\events\EventTarget-impl.js:243:9)
Error: useNotificationContext must be used within NotificationContext.Provider
    at useNotificationContext (C:/Users/Deign/Downloads/Digital Classroom Assignment for PLV CEIT Bldg (with 
backend)/contexts/NotificationContext.tsx:24:19)
    at NotificationBell (C:/Users/Deign/Downloads/Digital Classroom Assignment for PLV CEIT Bldg (with 
backend)/components/NotificationBell.tsx:14:15)
    at renderWithHooks (C:\Users\Deign\Downloads\Digital Classroom Assignment for PLV CEIT Bldg (with 
backend)\node_modules\react-dom\cjs\react-dom.development.js:15486:18)
    at mountIndeterminateComponent (C:\Users\Deign\Downloads\Digital Classroom Assignment for PLV CEIT Bldg (with 
backend)\node_modules\react-dom\cjs\react-dom.development.js:20103:13)
    at beginWork (C:\Users\Deign\Downloads\Digital Classroom Assignment for PLV CEIT Bldg (with 
backend)\node_modules\react-dom\cjs\react-dom.development.js:21626:16)
    at HTMLUnknownElement.callCallback (C:\Users\Deign\Downloads\Digital Classroom Assignment for PLV CEIT Bldg (with 
backend)\node_modules\react-dom\cjs\react-dom.development.js:4164:14)
    at HTMLUnknownElement.callTheUserObjectsOperation (C:\Users\Deign\Downloads\Digital Classroom Assignment for PLV 
CEIT Bldg (with backend)\node_modules\jsdom\lib\jsdom\living\generated\EventListener.js:26:30)
    at innerInvokeEventListeners (C:\Users\Deign\Downloads\Digital Classroom Assignment for PLV CEIT Bldg (with 
backend)\node_modules\jsdom\lib\jsdom\living\events\EventTarget-impl.js:360:16)
    at invokeEventListeners (C:\Users\Deign\Downloads\Digital Classroom Assignment for PLV CEIT Bldg (with 
backend)\node_modules\jsdom\lib\jsdom\living\events\EventTarget-impl.js:296:3)
    at HTMLUnknownElementImpl._dispatch (C:\Users\Deign\Downloads\Digital Classroom Assignment for PLV CEIT Bldg (with 
backend)\node_modules\jsdom\lib\jsdom\living\events\EventTarget-impl.js:243:9)
Error: useNotificationContext must be used within NotificationContext.Provider
    at useNotificationContext (C:/Users/Deign/Downloads/Digital Classroom Assignment for PLV CEIT Bldg (with 
backend)/contexts/NotificationContext.tsx:24:19)
    at NotificationBell (C:/Users/Deign/Downloads/Digital Classroom Assignment for PLV CEIT Bldg (with 
backend)/components/NotificationBell.tsx:14:15)
    at renderWithHooks (C:\Users\Deign\Downloads\Digital Classroom Assignment for PLV CEIT Bldg (with 
backend)\node_modules\react-dom\cjs\react-dom.development.js:15486:18)
    at mountIndeterminateComponent (C:\Users\Deign\Downloads\Digital Classroom Assignment for PLV CEIT Bldg (with 
backend)\node_modules\react-dom\cjs\react-dom.development.js:20103:13)
    at beginWork (C:\Users\Deign\Downloads\Digital Classroom Assignment for PLV CEIT Bldg (with 
backend)\node_modules\react-dom\cjs\react-dom.development.js:21626:16)
    at HTMLUnknownElement.callCallback (C:\Users\Deign\Downloads\Digital Classroom Assignment for PLV CEIT Bldg (with 
backend)\node_modules\react-dom\cjs\react-dom.development.js:4164:14)
    at HTMLUnknownElement.callTheUserObjectsOperation (C:\Users\Deign\Downloads\Digital Classroom Assignment for PLV 
CEIT Bldg (with backend)\node_modules\jsdom\lib\jsdom\living\generated\EventListener.js:26:30)
    at innerInvokeEventListeners (C:\Users\Deign\Downloads\Digital Classroom Assignment for PLV CEIT Bldg (with 
backend)\node_modules\jsdom\lib\jsdom\living\events\EventTarget-impl.js:360:16)
    at invokeEventListeners (C:\Users\Deign\Downloads\Digital Classroom Assignment for PLV CEIT Bldg (with 
backend)\node_modules\jsdom\lib\jsdom\living\events\EventTarget-impl.js:296:3)
    at HTMLUnknownElementImpl._dispatch (C:\Users\Deign\Downloads\Digital Classroom Assignment for PLV CEIT Bldg (with 
backend)\node_modules\jsdom\lib\jsdom\living\events\EventTarget-impl.js:243:9)
Error: useNotificationContext must be used within NotificationContext.Provider
    at useNotificationContext (C:/Users/Deign/Downloads/Digital Classroom Assignment for PLV CEIT Bldg (with 
backend)/contexts/NotificationContext.tsx:24:19)
    at NotificationBell (C:/Users/Deign/Downloads/Digital Classroom Assignment for PLV CEIT Bldg (with 
backend)/components/NotificationBell.tsx:14:15)
    at renderWithHooks (C:\Users\Deign\Downloads\Digital Classroom Assignment for PLV CEIT Bldg (with 
backend)\node_modules\react-dom\cjs\react-dom.development.js:15486:18)
    at mountIndeterminateComponent (C:\Users\Deign\Downloads\Digital Classroom Assignment for PLV CEIT Bldg (with 
backend)\node_modules\react-dom\cjs\react-dom.development.js:20103:13)
    at beginWork (C:\Users\Deign\Downloads\Digital Classroom Assignment for PLV CEIT Bldg (with 
backend)\node_modules\react-dom\cjs\react-dom.development.js:21626:16)
    at HTMLUnknownElement.callCallback (C:\Users\Deign\Downloads\Digital Classroom Assignment for PLV CEIT Bldg (with 
backend)\node_modules\react-dom\cjs\react-dom.development.js:4164:14)
    at HTMLUnknownElement.callTheUserObjectsOperation (C:\Users\Deign\Downloads\Digital Classroom Assignment for PLV 
CEIT Bldg (with backend)\node_modules\jsdom\lib\jsdom\living\generated\EventListener.js:26:30)
    at innerInvokeEventListeners (C:\Users\Deign\Downloads\Digital Classroom Assignment for PLV CEIT Bldg (with 
backend)\node_modules\jsdom\lib\jsdom\living\events\EventTarget-impl.js:360:16)
    at invokeEventListeners (C:\Users\Deign\Downloads\Digital Classroom Assignment for PLV CEIT Bldg (with 
backend)\node_modules\jsdom\lib\jsdom\living\events\EventTarget-impl.js:296:3)
    at HTMLUnknownElementImpl._dispatch (C:\Users\Deign\Downloads\Digital Classroom Assignment for PLV CEIT Bldg (with 
backend)\node_modules\jsdom\lib\jsdom\living\events\EventTarget-impl.js:243:9)
Error: useNotificationContext must be used within NotificationContext.Provider
    at useNotificationContext (C:/Users/Deign/Downloads/Digital Classroom Assignment for PLV CEIT Bldg (with 
backend)/contexts/NotificationContext.tsx:24:19)
    at NotificationBell (C:/Users/Deign/Downloads/Digital Classroom Assignment for PLV CEIT Bldg (with 
backend)/components/NotificationBell.tsx:14:15)
    at renderWithHooks (C:\Users\Deign\Downloads\Digital Classroom Assignment for PLV CEIT Bldg (with 
backend)\node_modules\react-dom\cjs\react-dom.development.js:15486:18)
    at mountIndeterminateComponent (C:\Users\Deign\Downloads\Digital Classroom Assignment for PLV CEIT Bldg (with 
backend)\node_modules\react-dom\cjs\react-dom.development.js:20103:13)
    at beginWork (C:\Users\Deign\Downloads\Digital Classroom Assignment for PLV CEIT Bldg (with 
backend)\node_modules\react-dom\cjs\react-dom.development.js:21626:16)
    at HTMLUnknownElement.callCallback (C:\Users\Deign\Downloads\Digital Classroom Assignment for PLV CEIT Bldg (with 
backend)\node_modules\react-dom\cjs\react-dom.development.js:4164:14)
    at HTMLUnknownElement.callTheUserObjectsOperation (C:\Users\Deign\Downloads\Digital Classroom Assignment for PLV 
CEIT Bldg (with backend)\node_modules\jsdom\lib\jsdom\living\generated\EventListener.js:26:30)
    at innerInvokeEventListeners (C:\Users\Deign\Downloads\Digital Classroom Assignment for PLV CEIT Bldg (with 
backend)\node_modules\jsdom\lib\jsdom\living\events\EventTarget-impl.js:360:16)
    at invokeEventListeners (C:\Users\Deign\Downloads\Digital Classroom Assignment for PLV CEIT Bldg (with 
backend)\node_modules\jsdom\lib\jsdom\living\events\EventTarget-impl.js:296:3)
    at HTMLUnknownElementImpl._dispatch (C:\Users\Deign\Downloads\Digital Classroom Assignment for PLV CEIT Bldg (with 
backend)\node_modules\jsdom\lib\jsdom\living\events\EventTarget-impl.js:243:9)
Error: useNotificationContext must be used within NotificationContext.Provider
    at useNotificationContext (C:/Users/Deign/Downloads/Digital Classroom Assignment for PLV CEIT Bldg (with 
backend)/contexts/NotificationContext.tsx:24:19)
    at NotificationBell (C:/Users/Deign/Downloads/Digital Classroom Assignment for PLV CEIT Bldg (with 
backend)/components/NotificationBell.tsx:14:15)
    at renderWithHooks (C:\Users\Deign\Downloads\Digital Classroom Assignment for PLV CEIT Bldg (with 
backend)\node_modules\react-dom\cjs\react-dom.development.js:15486:18)
    at mountIndeterminateComponent (C:\Users\Deign\Downloads\Digital Classroom Assignment for PLV CEIT Bldg (with 
backend)\node_modules\react-dom\cjs\react-dom.development.js:20103:13)
    at beginWork (C:\Users\Deign\Downloads\Digital Classroom Assignment for PLV CEIT Bldg (with 
backend)\node_modules\react-dom\cjs\react-dom.development.js:21626:16)
    at HTMLUnknownElement.callCallback (C:\Users\Deign\Downloads\Digital Classroom Assignment for PLV CEIT Bldg (with 
backend)\node_modules\react-dom\cjs\react-dom.development.js:4164:14)
    at HTMLUnknownElement.callTheUserObjectsOperation (C:\Users\Deign\Downloads\Digital Classroom Assignment for PLV 
CEIT Bldg (with backend)\node_modules\jsdom\lib\jsdom\living\generated\EventListener.js:26:30)
    at innerInvokeEventListeners (C:\Users\Deign\Downloads\Digital Classroom Assignment for PLV CEIT Bldg (with 
backend)\node_modules\jsdom\lib\jsdom\living\events\EventTarget-impl.js:360:16)
    at invokeEventListeners (C:\Users\Deign\Downloads\Digital Classroom Assignment for PLV CEIT Bldg (with 
backend)\node_modules\jsdom\lib\jsdom\living\events\EventTarget-impl.js:296:3)
    at HTMLUnknownElementImpl._dispatch (C:\Users\Deign\Downloads\Digital Classroom Assignment for PLV CEIT Bldg (with 
backend)\node_modules\jsdom\lib\jsdom\living\events\EventTarget-impl.js:243:9)
Error: useNotificationContext must be used within NotificationContext.Provider
    at useNotificationContext (C:/Users/Deign/Downloads/Digital Classroom Assignment for PLV CEIT Bldg (with 
backend)/contexts/NotificationContext.tsx:24:19)
    at NotificationBell (C:/Users/Deign/Downloads/Digital Classroom Assignment for PLV CEIT Bldg (with 
backend)/components/NotificationBell.tsx:14:15)
    at renderWithHooks (C:\Users\Deign\Downloads\Digital Classroom Assignment for PLV CEIT Bldg (with 
backend)\node_modules\react-dom\cjs\react-dom.development.js:15486:18)
    at mountIndeterminateComponent (C:\Users\Deign\Downloads\Digital Classroom Assignment for PLV CEIT Bldg (with 
backend)\node_modules\react-dom\cjs\react-dom.development.js:20103:13)
    at beginWork (C:\Users\Deign\Downloads\Digital Classroom Assignment for PLV CEIT Bldg (with 
backend)\node_modules\react-dom\cjs\react-dom.development.js:21626:16)
    at HTMLUnknownElement.callCallback (C:\Users\Deign\Downloads\Digital Classroom Assignment for PLV CEIT Bldg (with 
backend)\node_modules\react-dom\cjs\react-dom.development.js:4164:14)
    at HTMLUnknownElement.callTheUserObjectsOperation (C:\Users\Deign\Downloads\Digital Classroom Assignment for PLV 
CEIT Bldg (with backend)\node_modules\jsdom\lib\jsdom\living\generated\EventListener.js:26:30)
    at innerInvokeEventListeners (C:\Users\Deign\Downloads\Digital Classroom Assignment for PLV CEIT Bldg (with 
backend)\node_modules\jsdom\lib\jsdom\living\events\EventTarget-impl.js:360:16)
    at invokeEventListeners (C:\Users\Deign\Downloads\Digital Classroom Assignment for PLV CEIT Bldg (with 
backend)\node_modules\jsdom\lib\jsdom\living\events\EventTarget-impl.js:296:3)
    at HTMLUnknownElementImpl._dispatch (C:\Users\Deign\Downloads\Digital Classroom Assignment for PLV CEIT Bldg (with 
backend)\node_modules\jsdom\lib\jsdom\living\events\EventTarget-impl.js:243:9)
Error: useNotificationContext must be used within NotificationContext.Provider
    at useNotificationContext (C:/Users/Deign/Downloads/Digital Classroom Assignment for PLV CEIT Bldg (with 
backend)/contexts/NotificationContext.tsx:24:19)
    at NotificationBell (C:/Users/Deign/Downloads/Digital Classroom Assignment for PLV CEIT Bldg (with 
backend)/components/NotificationBell.tsx:14:15)
    at renderWithHooks (C:\Users\Deign\Downloads\Digital Classroom Assignment for PLV CEIT Bldg (with 
backend)\node_modules\react-dom\cjs\react-dom.development.js:15486:18)
    at mountIndeterminateComponent (C:\Users\Deign\Downloads\Digital Classroom Assignment for PLV CEIT Bldg (with 
backend)\node_modules\react-dom\cjs\react-dom.development.js:20103:13)
    at beginWork (C:\Users\Deign\Downloads\Digital Classroom Assignment for PLV CEIT Bldg (with 
backend)\node_modules\react-dom\cjs\react-dom.development.js:21626:16)
    at HTMLUnknownElement.callCallback (C:\Users\Deign\Downloads\Digital Classroom Assignment for PLV CEIT Bldg (with 
backend)\node_modules\react-dom\cjs\react-dom.development.js:4164:14)
    at HTMLUnknownElement.callTheUserObjectsOperation (C:\Users\Deign\Downloads\Digital Classroom Assignment for PLV 
CEIT Bldg (with backend)\node_modules\jsdom\lib\jsdom\living\generated\EventListener.js:26:30)
    at innerInvokeEventListeners (C:\Users\Deign\Downloads\Digital Classroom Assignment for PLV CEIT Bldg (with 
backend)\node_modules\jsdom\lib\jsdom\living\events\EventTarget-impl.js:360:16)
    at invokeEventListeners (C:\Users\Deign\Downloads\Digital Classroom Assignment for PLV CEIT Bldg (with 
backend)\node_modules\jsdom\lib\jsdom\living\events\EventTarget-impl.js:296:3)
    at HTMLUnknownElementImpl._dispatch (C:\Users\Deign\Downloads\Digital Classroom Assignment for PLV CEIT Bldg (with 
backend)\node_modules\jsdom\lib\jsdom\living\events\EventTarget-impl.js:243:9)
stderr | src/__tests__/components/AdminDashboard.test.tsx > AdminDashboard > users tab > should display user management
The above error occurred in the <NotificationBell> component:

    at NotificationBell (C:/Users/Deign/Downloads/Digital Classroom Assignment for PLV CEIT Bldg (with 
backend)/components/NotificationBell.tsx:9:29)
    at div
    at div
    at div
    at div
    at header
    at div
    at AdminDashboard (C:/Users/Deign/Downloads/Digital Classroom Assignment for PLV CEIT Bldg (with 
backend)/components/AdminDashboard.tsx:38:3)

Consider adding an error boundary to your tree to customize error handling behavior.
Visit https://reactjs.org/link/error-boundaries to learn more about error boundaries.

ReferenceError: ResizeObserver is not defined
    at file:///C:/Users/Deign/Downloads/Digital%20Classroom%20Assignment%20for%20PLV%20CEIT%20Bldg%20(with%20backend)/n
ode_modules/@radix-ui/react-use-size/dist/index.mjs:9:30
    at commitHookEffectListMount (C:\Users\Deign\Downloads\Digital Classroom Assignment for PLV CEIT Bldg (with 
backend)\node_modules\react-dom\cjs\react-dom.development.js:23189:26)
    at commitLayoutEffectOnFiber (C:\Users\Deign\Downloads\Digital Classroom Assignment for PLV CEIT Bldg (with 
backend)\node_modules\react-dom\cjs\react-dom.development.js:23312:15)
    at commitLayoutMountEffects_complete (C:\Users\Deign\Downloads\Digital Classroom Assignment for PLV CEIT Bldg 
(with backend)\node_modules\react-dom\cjs\react-dom.development.js:24727:9)
    at commitLayoutEffects_begin (C:\Users\Deign\Downloads\Digital Classroom Assignment for PLV CEIT Bldg (with 
backend)\node_modules\react-dom\cjs\react-dom.development.js:24713:7)
    at commitLayoutEffects (C:\Users\Deign\Downloads\Digital Classroom Assignment for PLV CEIT Bldg (with 
backend)\node_modules\react-dom\cjs\react-dom.development.js:24651:3)
    at commitRootImpl (C:\Users\Deign\Downloads\Digital Classroom Assignment for PLV CEIT Bldg (with 
backend)\node_modules\react-dom\cjs\react-dom.development.js:26862:5)
    at commitRoot (C:\Users\Deign\Downloads\Digital Classroom Assignment for PLV CEIT Bldg (with 
backend)\node_modules\react-dom\cjs\react-dom.development.js:26721:5)
    at performSyncWorkOnRoot (C:\Users\Deign\Downloads\Digital Classroom Assignment for PLV CEIT Bldg (with 
backend)\node_modules\react-dom\cjs\react-dom.development.js:26156:3)
    at flushSyncCallbacks (C:\Users\Deign\Downloads\Digital Classroom Assignment for PLV CEIT Bldg (with 
backend)\node_modules\react-dom\cjs\react-dom.development.js:12042:22)
stderr | src/__tests__/components/ClassroomManagement.test.tsx > ClassroomManagement > create form > should open 
create dialog when add button clicked
The above error occurred in the <SwitchBubbleInput> component:

    at file:///C:/Users/Deign/Downloads/Digital%20Classroom%20Assignment%20for%20PLV%20CEIT%20Bldg%20(with%20backend)/n
ode_modules/@radix-ui/react-switch/dist/index.mjs:101:5
    at Provider (file:///C:/Users/Deign/Downloads/Digital%20Classroom%20Assignment%20for%20PLV%20CEIT%20Bldg%20(with%20
backend)/node_modules/@radix-ui/react-context/dist/index.mjs:27:15)
    at file:///C:/Users/Deign/Downloads/Digital%20Classroom%20Assignment%20for%20PLV%20CEIT%20Bldg%20(with%20backend)/n
ode_modules/@radix-ui/react-switch/dist/index.mjs:19:7
    at Switch (C:/Users/Deign/Downloads/Digital Classroom Assignment for PLV CEIT Bldg (with 
backend)/components/ui/switch.tsx:10:3)
    at div
    at form
    at div
    at file:///C:/Users/Deign/Downloads/Digital%20Classroom%20Assignment%20for%20PLV%20CEIT%20Bldg%20(with%20backend)/n
ode_modules/@radix-ui/react-primitive/dist/index.mjs:28:13
    at file:///C:/Users/Deign/Downloads/Digital%20Classroom%20Assignment%20for%20PLV%20CEIT%20Bldg%20(with%20backend)/n
ode_modules/@radix-ui/react-dismissable-layer/dist/index.mjs:24:7
    at file:///C:/Users/Deign/Downloads/Digital%20Classroom%20Assignment%20for%20PLV%20CEIT%20Bldg%20(with%20backend)/n
ode_modules/@radix-ui/react-primitive/node_modules/@radix-ui/react-slot/dist/index.mjs:33:13
    at file:///C:/Users/Deign/Downloads/Digital%20Classroom%20Assignment%20for%20PLV%20CEIT%20Bldg%20(with%20backend)/n
ode_modules/@radix-ui/react-primitive/node_modules/@radix-ui/react-slot/dist/index.mjs:9:13
    at file:///C:/Users/Deign/Downloads/Digital%20Classroom%20Assignment%20for%20PLV%20CEIT%20Bldg%20(with%20backend)/n
ode_modules/@radix-ui/react-primitive/dist/index.mjs:28:13
    at file:///C:/Users/Deign/Downloads/Digital%20Classroom%20Assignment%20for%20PLV%20CEIT%20Bldg%20(with%20backend)/n
ode_modules/@radix-ui/react-focus-scope/dist/index.mjs:15:5
    at file:///C:/Users/Deign/Downloads/Digital%20Classroom%20Assignment%20for%20PLV%20CEIT%20Bldg%20(with%20backend)/n
ode_modules/@radix-ui/react-dialog/dist/index.mjs:206:13
    at file:///C:/Users/Deign/Downloads/Digital%20Classroom%20Assignment%20for%20PLV%20CEIT%20Bldg%20(with%20backend)/n
ode_modules/@radix-ui/react-dialog/dist/index.mjs:132:58
    at Presence (file:///C:/Users/Deign/Downloads/Digital%20Classroom%20Assignment%20for%20PLV%20CEIT%20Bldg%20(with%20
backend)/node_modules/@radix-ui/react-presence/dist/index.mjs:19:11)
    at file:///C:/Users/Deign/Downloads/Digital%20Classroom%20Assignment%20for%20PLV%20CEIT%20Bldg%20(with%20backend)/n
ode_modules/@radix-ui/react-dialog/dist/index.mjs:123:64
    at file:///C:/Users/Deign/Downloads/Digital%20Classroom%20Assignment%20for%20PLV%20CEIT%20Bldg%20(with%20backend)/n
ode_modules/@radix-ui/react-primitive/node_modules/@radix-ui/react-slot/dist/index.mjs:33:13
    at file:///C:/Users/Deign/Downloads/Digital%20Classroom%20Assignment%20for%20PLV%20CEIT%20Bldg%20(with%20backend)/n
ode_modules/@radix-ui/react-primitive/node_modules/@radix-ui/react-slot/dist/index.mjs:9:13
    at file:///C:/Users/Deign/Downloads/Digital%20Classroom%20Assignment%20for%20PLV%20CEIT%20Bldg%20(with%20backend)/n
ode_modules/@radix-ui/react-primitive/dist/index.mjs:28:13
    at file:///C:/Users/Deign/Downloads/Digital%20Classroom%20Assignment%20for%20PLV%20CEIT%20Bldg%20(with%20backend)/n
ode_modules/@radix-ui/react-portal/dist/index.mjs:11:22
    at Presence (file:///C:/Users/Deign/Downloads/Digital%20Classroom%20Assignment%20for%20PLV%20CEIT%20Bldg%20(with%20
backend)/node_modules/@radix-ui/react-presence/dist/index.mjs:19:11)
    at Provider (file:///C:/Users/Deign/Downloads/Digital%20Classroom%20Assignment%20for%20PLV%20CEIT%20Bldg%20(with%20
backend)/node_modules/@radix-ui/react-context/dist/index.mjs:27:15)
    at DialogPortal (file:///C:/Users/Deign/Downloads/Digital%20Classroom%20Assignment%20for%20PLV%20CEIT%20Bldg%20(wit
h%20backend)/node_modules/@radix-ui/react-dialog/dist/index.mjs:85:11)
    at DialogPortal (C:/Users/Deign/Downloads/Digital Classroom Assignment for PLV CEIT Bldg (with 
backend)/components/ui/dialog.tsx:38:6)
    at C:/Users/Deign/Downloads/Digital Classroom Assignment for PLV CEIT Bldg (with 
backend)/components/ui/dialog.tsx:73:59
    at Provider (file:///C:/Users/Deign/Downloads/Digital%20Classroom%20Assignment%20for%20PLV%20CEIT%20Bldg%20(with%20
backend)/node_modules/@radix-ui/react-context/dist/index.mjs:27:15)
    at Dialog (file:///C:/Users/Deign/Downloads/Digital%20Classroom%20Assignment%20for%20PLV%20CEIT%20Bldg%20(with%20ba
ckend)/node_modules/@radix-ui/react-dialog/dist/index.mjs:25:5)
    at Dialog (C:/Users/Deign/Downloads/Digital Classroom Assignment for PLV CEIT Bldg (with 
backend)/components/ui/dialog.tsx:23:6)
    at div
    at div
    at CardHeader (C:/Users/Deign/Downloads/Digital Classroom Assignment for PLV CEIT Bldg (with 
backend)/components/ui/card.tsx:33:23)
    at div
    at Card (C:/Users/Deign/Downloads/Digital Classroom Assignment for PLV CEIT Bldg (with 
backend)/components/ui/card.tsx:12:17)
    at div
    at ClassroomManagement (C:/Users/Deign/Downloads/Digital Classroom Assignment for PLV CEIT Bldg (with 
backend)/components/ClassroomManagement.tsx:72:32)

Consider adding an error boundary to your tree to customize error handling behavior.
Visit https://reactjs.org/link/error-boundaries to learn more about error boundaries.

Error: useNotificationContext must be used within NotificationContext.Provider
    at useNotificationContext (C:/Users/Deign/Downloads/Digital Classroom Assignment for PLV CEIT Bldg (with 
backend)/contexts/NotificationContext.tsx:24:19)
    at NotificationBell (C:/Users/Deign/Downloads/Digital Classroom Assignment for PLV CEIT Bldg (with 
backend)/components/NotificationBell.tsx:14:15)
    at renderWithHooks (C:\Users\Deign\Downloads\Digital Classroom Assignment for PLV CEIT Bldg (with 
backend)\node_modules\react-dom\cjs\react-dom.development.js:15486:18)
    at mountIndeterminateComponent (C:\Users\Deign\Downloads\Digital Classroom Assignment for PLV CEIT Bldg (with 
backend)\node_modules\react-dom\cjs\react-dom.development.js:20103:13)
    at beginWork (C:\Users\Deign\Downloads\Digital Classroom Assignment for PLV CEIT Bldg (with 
backend)\node_modules\react-dom\cjs\react-dom.development.js:21626:16)
    at HTMLUnknownElement.callCallback (C:\Users\Deign\Downloads\Digital Classroom Assignment for PLV CEIT Bldg (with 
backend)\node_modules\react-dom\cjs\react-dom.development.js:4164:14)
    at HTMLUnknownElement.callTheUserObjectsOperation (C:\Users\Deign\Downloads\Digital Classroom Assignment for PLV 
CEIT Bldg (with backend)\node_modules\jsdom\lib\jsdom\living\generated\EventListener.js:26:30)
    at innerInvokeEventListeners (C:\Users\Deign\Downloads\Digital Classroom Assignment for PLV CEIT Bldg (with 
backend)\node_modules\jsdom\lib\jsdom\living\events\EventTarget-impl.js:360:16)
    at invokeEventListeners (C:\Users\Deign\Downloads\Digital Classroom Assignment for PLV CEIT Bldg (with 
backend)\node_modules\jsdom\lib\jsdom\living\events\EventTarget-impl.js:296:3)
    at HTMLUnknownElementImpl._dispatch (C:\Users\Deign\Downloads\Digital Classroom Assignment for PLV CEIT Bldg (with 
backend)\node_modules\jsdom\lib\jsdom\living\events\EventTarget-impl.js:243:9)
Error: useNotificationContext must be used within NotificationContext.Provider
    at useNotificationContext (C:/Users/Deign/Downloads/Digital Classroom Assignment for PLV CEIT Bldg (with 
backend)/contexts/NotificationContext.tsx:24:19)
    at NotificationBell (C:/Users/Deign/Downloads/Digital Classroom Assignment for PLV CEIT Bldg (with 
backend)/components/NotificationBell.tsx:14:15)
    at renderWithHooks (C:\Users\Deign\Downloads\Digital Classroom Assignment for PLV CEIT Bldg (with 
backend)\node_modules\react-dom\cjs\react-dom.development.js:15486:18)
    at mountIndeterminateComponent (C:\Users\Deign\Downloads\Digital Classroom Assignment for PLV CEIT Bldg (with 
backend)\node_modules\react-dom\cjs\react-dom.development.js:20103:13)
    at beginWork (C:\Users\Deign\Downloads\Digital Classroom Assignment for PLV CEIT Bldg (with 
backend)\node_modules\react-dom\cjs\react-dom.development.js:21626:16)
    at HTMLUnknownElement.callCallback (C:\Users\Deign\Downloads\Digital Classroom Assignment for PLV CEIT Bldg (with 
backend)\node_modules\react-dom\cjs\react-dom.development.js:4164:14)
    at HTMLUnknownElement.callTheUserObjectsOperation (C:\Users\Deign\Downloads\Digital Classroom Assignment for PLV 
CEIT Bldg (with backend)\node_modules\jsdom\lib\jsdom\living\generated\EventListener.js:26:30)
    at innerInvokeEventListeners (C:\Users\Deign\Downloads\Digital Classroom Assignment for PLV CEIT Bldg (with 
backend)\node_modules\jsdom\lib\jsdom\living\events\EventTarget-impl.js:360:16)
    at invokeEventListeners (C:\Users\Deign\Downloads\Digital Classroom Assignment for PLV CEIT Bldg (with 
backend)\node_modules\jsdom\lib\jsdom\living\events\EventTarget-impl.js:296:3)
    at HTMLUnknownElementImpl._dispatch (C:\Users\Deign\Downloads\Digital Classroom Assignment for PLV CEIT Bldg (with 
backend)\node_modules\jsdom\lib\jsdom\living\events\EventTarget-impl.js:243:9)
Error: useNotificationContext must be used within NotificationContext.Provider
    at useNotificationContext (C:/Users/Deign/Downloads/Digital Classroom Assignment for PLV CEIT Bldg (with 
backend)/contexts/NotificationContext.tsx:24:19)
    at NotificationBell (C:/Users/Deign/Downloads/Digital Classroom Assignment for PLV CEIT Bldg (with 
backend)/components/NotificationBell.tsx:14:15)
    at renderWithHooks (C:\Users\Deign\Downloads\Digital Classroom Assignment for PLV CEIT Bldg (with 
backend)\node_modules\react-dom\cjs\react-dom.development.js:15486:18)
    at mountIndeterminateComponent (C:\Users\Deign\Downloads\Digital Classroom Assignment for PLV CEIT Bldg (with 
backend)\node_modules\react-dom\cjs\react-dom.development.js:20103:13)
    at beginWork (C:\Users\Deign\Downloads\Digital Classroom Assignment for PLV CEIT Bldg (with 
backend)\node_modules\react-dom\cjs\react-dom.development.js:21626:16)
    at HTMLUnknownElement.callCallback (C:\Users\Deign\Downloads\Digital Classroom Assignment for PLV CEIT Bldg (with 
backend)\node_modules\react-dom\cjs\react-dom.development.js:4164:14)
    at HTMLUnknownElement.callTheUserObjectsOperation (C:\Users\Deign\Downloads\Digital Classroom Assignment for PLV 
CEIT Bldg (with backend)\node_modules\jsdom\lib\jsdom\living\generated\EventListener.js:26:30)
    at innerInvokeEventListeners (C:\Users\Deign\Downloads\Digital Classroom Assignment for PLV CEIT Bldg (with 
backend)\node_modules\jsdom\lib\jsdom\living\events\EventTarget-impl.js:360:16)
    at invokeEventListeners (C:\Users\Deign\Downloads\Digital Classroom Assignment for PLV CEIT Bldg (with 
backend)\node_modules\jsdom\lib\jsdom\living\events\EventTarget-impl.js:296:3)
    at HTMLUnknownElementImpl._dispatch (C:\Users\Deign\Downloads\Digital Classroom Assignment for PLV CEIT Bldg (with 
backend)\node_modules\jsdom\lib\jsdom\living\events\EventTarget-impl.js:243:9)
Error: useNotificationContext must be used within NotificationContext.Provider
    at useNotificationContext (C:/Users/Deign/Downloads/Digital Classroom Assignment for PLV CEIT Bldg (with 
backend)/contexts/NotificationContext.tsx:24:19)
    at NotificationBell (C:/Users/Deign/Downloads/Digital Classroom Assignment for PLV CEIT Bldg (with 
backend)/components/NotificationBell.tsx:14:15)
    at renderWithHooks (C:\Users\Deign\Downloads\Digital Classroom Assignment for PLV CEIT Bldg (with 
backend)\node_modules\react-dom\cjs\react-dom.development.js:15486:18)
    at mountIndeterminateComponent (C:\Users\Deign\Downloads\Digital Classroom Assignment for PLV CEIT Bldg (with 
backend)\node_modules\react-dom\cjs\react-dom.development.js:20103:13)
    at beginWork (C:\Users\Deign\Downloads\Digital Classroom Assignment for PLV CEIT Bldg (with 
backend)\node_modules\react-dom\cjs\react-dom.development.js:21626:16)
    at HTMLUnknownElement.callCallback (C:\Users\Deign\Downloads\Digital Classroom Assignment for PLV CEIT Bldg (with 
backend)\node_modules\react-dom\cjs\react-dom.development.js:4164:14)
    at HTMLUnknownElement.callTheUserObjectsOperation (C:\Users\Deign\Downloads\Digital Classroom Assignment for PLV 
CEIT Bldg (with backend)\node_modules\jsdom\lib\jsdom\living\generated\EventListener.js:26:30)
    at innerInvokeEventListeners (C:\Users\Deign\Downloads\Digital Classroom Assignment for PLV CEIT Bldg (with 
backend)\node_modules\jsdom\lib\jsdom\living\events\EventTarget-impl.js:360:16)
    at invokeEventListeners (C:\Users\Deign\Downloads\Digital Classroom Assignment for PLV CEIT Bldg (with 
backend)\node_modules\jsdom\lib\jsdom\living\events\EventTarget-impl.js:296:3)
    at HTMLUnknownElementImpl._dispatch (C:\Users\Deign\Downloads\Digital Classroom Assignment for PLV CEIT Bldg (with 
backend)\node_modules\jsdom\lib\jsdom\living\events\EventTarget-impl.js:243:9)
Error: useNotificationContext must be used within NotificationContext.Provider
    at useNotificationContext (C:/Users/Deign/Downloads/Digital Classroom Assignment for PLV CEIT Bldg (with 
backend)/contexts/NotificationContext.tsx:24:19)
    at NotificationBell (C:/Users/Deign/Downloads/Digital Classroom Assignment for PLV CEIT Bldg (with 
backend)/components/NotificationBell.tsx:14:15)
    at renderWithHooks (C:\Users\Deign\Downloads\Digital Classroom Assignment for PLV CEIT Bldg (with 
backend)\node_modules\react-dom\cjs\react-dom.development.js:15486:18)
    at mountIndeterminateComponent (C:\Users\Deign\Downloads\Digital Classroom Assignment for PLV CEIT Bldg (with 
backend)\node_modules\react-dom\cjs\react-dom.development.js:20103:13)
    at beginWork (C:\Users\Deign\Downloads\Digital Classroom Assignment for PLV CEIT Bldg (with 
backend)\node_modules\react-dom\cjs\react-dom.development.js:21626:16)
    at HTMLUnknownElement.callCallback (C:\Users\Deign\Downloads\Digital Classroom Assignment for PLV CEIT Bldg (with 
backend)\node_modules\react-dom\cjs\react-dom.development.js:4164:14)
    at HTMLUnknownElement.callTheUserObjectsOperation (C:\Users\Deign\Downloads\Digital Classroom Assignment for PLV 
CEIT Bldg (with backend)\node_modules\jsdom\lib\jsdom\living\generated\EventListener.js:26:30)
    at innerInvokeEventListeners (C:\Users\Deign\Downloads\Digital Classroom Assignment for PLV CEIT Bldg (with 
backend)\node_modules\jsdom\lib\jsdom\living\events\EventTarget-impl.js:360:16)
    at invokeEventListeners (C:\Users\Deign\Downloads\Digital Classroom Assignment for PLV CEIT Bldg (with 
backend)\node_modules\jsdom\lib\jsdom\living\events\EventTarget-impl.js:296:3)
    at HTMLUnknownElementImpl._dispatch (C:\Users\Deign\Downloads\Digital Classroom Assignment for PLV CEIT Bldg (with 
backend)\node_modules\jsdom\lib\jsdom\living\events\EventTarget-impl.js:243:9)
Error: useNotificationContext must be used within NotificationContext.Provider
    at useNotificationContext (C:/Users/Deign/Downloads/Digital Classroom Assignment for PLV CEIT Bldg (with 
backend)/contexts/NotificationContext.tsx:24:19)
    at NotificationBell (C:/Users/Deign/Downloads/Digital Classroom Assignment for PLV CEIT Bldg (with 
backend)/components/NotificationBell.tsx:14:15)
    at renderWithHooks (C:\Users\Deign\Downloads\Digital Classroom Assignment for PLV CEIT Bldg (with 
backend)\node_modules\react-dom\cjs\react-dom.development.js:15486:18)
    at mountIndeterminateComponent (C:\Users\Deign\Downloads\Digital Classroom Assignment for PLV CEIT Bldg (with 
backend)\node_modules\react-dom\cjs\react-dom.development.js:20103:13)
    at beginWork (C:\Users\Deign\Downloads\Digital Classroom Assignment for PLV CEIT Bldg (with 
backend)\node_modules\react-dom\cjs\react-dom.development.js:21626:16)
    at HTMLUnknownElement.callCallback (C:\Users\Deign\Downloads\Digital Classroom Assignment for PLV CEIT Bldg (with 
backend)\node_modules\react-dom\cjs\react-dom.development.js:4164:14)
    at HTMLUnknownElement.callTheUserObjectsOperation (C:\Users\Deign\Downloads\Digital Classroom Assignment for PLV 
CEIT Bldg (with backend)\node_modules\jsdom\lib\jsdom\living\generated\EventListener.js:26:30)
    at innerInvokeEventListeners (C:\Users\Deign\Downloads\Digital Classroom Assignment for PLV CEIT Bldg (with 
backend)\node_modules\jsdom\lib\jsdom\living\events\EventTarget-impl.js:360:16)
    at invokeEventListeners (C:\Users\Deign\Downloads\Digital Classroom Assignment for PLV CEIT Bldg (with 
backend)\node_modules\jsdom\lib\jsdom\living\events\EventTarget-impl.js:296:3)
    at HTMLUnknownElementImpl._dispatch (C:\Users\Deign\Downloads\Digital Classroom Assignment for PLV CEIT Bldg (with 
backend)\node_modules\jsdom\lib\jsdom\living\events\EventTarget-impl.js:243:9)
Error: useNotificationContext must be used within NotificationContext.Provider
    at useNotificationContext (C:/Users/Deign/Downloads/Digital Classroom Assignment for PLV CEIT Bldg (with 
backend)/contexts/NotificationContext.tsx:24:19)
    at NotificationBell (C:/Users/Deign/Downloads/Digital Classroom Assignment for PLV CEIT Bldg (with 
backend)/components/NotificationBell.tsx:14:15)
    at renderWithHooks (C:\Users\Deign\Downloads\Digital Classroom Assignment for PLV CEIT Bldg (with 
backend)\node_modules\react-dom\cjs\react-dom.development.js:15486:18)
    at mountIndeterminateComponent (C:\Users\Deign\Downloads\Digital Classroom Assignment for PLV CEIT Bldg (with 
backend)\node_modules\react-dom\cjs\react-dom.development.js:20103:13)
    at beginWork (C:\Users\Deign\Downloads\Digital Classroom Assignment for PLV CEIT Bldg (with 
backend)\node_modules\react-dom\cjs\react-dom.development.js:21626:16)
    at HTMLUnknownElement.callCallback (C:\Users\Deign\Downloads\Digital Classroom Assignment for PLV CEIT Bldg (with 
backend)\node_modules\react-dom\cjs\react-dom.development.js:4164:14)
    at HTMLUnknownElement.callTheUserObjectsOperation (C:\Users\Deign\Downloads\Digital Classroom Assignment for PLV 
CEIT Bldg (with backend)\node_modules\jsdom\lib\jsdom\living\generated\EventListener.js:26:30)
    at innerInvokeEventListeners (C:\Users\Deign\Downloads\Digital Classroom Assignment for PLV CEIT Bldg (with 
backend)\node_modules\jsdom\lib\jsdom\living\events\EventTarget-impl.js:360:16)
    at invokeEventListeners (C:\Users\Deign\Downloads\Digital Classroom Assignment for PLV CEIT Bldg (with 
backend)\node_modules\jsdom\lib\jsdom\living\events\EventTarget-impl.js:296:3)
    at HTMLUnknownElementImpl._dispatch (C:\Users\Deign\Downloads\Digital Classroom Assignment for PLV CEIT Bldg (with 
backend)\node_modules\jsdom\lib\jsdom\living\events\EventTarget-impl.js:243:9)
Error: useNotificationContext must be used within NotificationContext.Provider
    at useNotificationContext (C:/Users/Deign/Downloads/Digital Classroom Assignment for PLV CEIT Bldg (with 
backend)/contexts/NotificationContext.tsx:24:19)
    at NotificationBell (C:/Users/Deign/Downloads/Digital Classroom Assignment for PLV CEIT Bldg (with 
backend)/components/NotificationBell.tsx:14:15)
    at renderWithHooks (C:\Users\Deign\Downloads\Digital Classroom Assignment for PLV CEIT Bldg (with 
backend)\node_modules\react-dom\cjs\react-dom.development.js:15486:18)
    at mountIndeterminateComponent (C:\Users\Deign\Downloads\Digital Classroom Assignment for PLV CEIT Bldg (with 
backend)\node_modules\react-dom\cjs\react-dom.development.js:20103:13)
    at beginWork (C:\Users\Deign\Downloads\Digital Classroom Assignment for PLV CEIT Bldg (with 
backend)\node_modules\react-dom\cjs\react-dom.development.js:21626:16)
    at HTMLUnknownElement.callCallback (C:\Users\Deign\Downloads\Digital Classroom Assignment for PLV CEIT Bldg (with 
backend)\node_modules\react-dom\cjs\react-dom.development.js:4164:14)
    at HTMLUnknownElement.callTheUserObjectsOperation (C:\Users\Deign\Downloads\Digital Classroom Assignment for PLV 
CEIT Bldg (with backend)\node_modules\jsdom\lib\jsdom\living\generated\EventListener.js:26:30)
    at innerInvokeEventListeners (C:\Users\Deign\Downloads\Digital Classroom Assignment for PLV CEIT Bldg (with 
backend)\node_modules\jsdom\lib\jsdom\living\events\EventTarget-impl.js:360:16)
    at invokeEventListeners (C:\Users\Deign\Downloads\Digital Classroom Assignment for PLV CEIT Bldg (with 
backend)\node_modules\jsdom\lib\jsdom\living\events\EventTarget-impl.js:296:3)
    at HTMLUnknownElementImpl._dispatch (C:\Users\Deign\Downloads\Digital Classroom Assignment for PLV CEIT Bldg (with 
backend)\node_modules\jsdom\lib\jsdom\living\events\EventTarget-impl.js:243:9)
Error: useNotificationContext must be used within NotificationContext.Provider
    at useNotificationContext (C:/Users/Deign/Downloads/Digital Classroom Assignment for PLV CEIT Bldg (with 
backend)/contexts/NotificationContext.tsx:24:19)
    at NotificationBell (C:/Users/Deign/Downloads/Digital Classroom Assignment for PLV CEIT Bldg (with 
backend)/components/NotificationBell.tsx:14:15)
    at renderWithHooks (C:\Users\Deign\Downloads\Digital Classroom Assignment for PLV CEIT Bldg (with 
backend)\node_modules\react-dom\cjs\react-dom.development.js:15486:18)
    at mountIndeterminateComponent (C:\Users\Deign\Downloads\Digital Classroom Assignment for PLV CEIT Bldg (with 
backend)\node_modules\react-dom\cjs\react-dom.development.js:20103:13)
    at beginWork (C:\Users\Deign\Downloads\Digital Classroom Assignment for PLV CEIT Bldg (with 
backend)\node_modules\react-dom\cjs\react-dom.development.js:21626:16)
    at HTMLUnknownElement.callCallback (C:\Users\Deign\Downloads\Digital Classroom Assignment for PLV CEIT Bldg (with 
backend)\node_modules\react-dom\cjs\react-dom.development.js:4164:14)
    at HTMLUnknownElement.callTheUserObjectsOperation (C:\Users\Deign\Downloads\Digital Classroom Assignment for PLV 
CEIT Bldg (with backend)\node_modules\jsdom\lib\jsdom\living\generated\EventListener.js:26:30)
    at innerInvokeEventListeners (C:\Users\Deign\Downloads\Digital Classroom Assignment for PLV CEIT Bldg (with 
backend)\node_modules\jsdom\lib\jsdom\living\events\EventTarget-impl.js:360:16)
    at invokeEventListeners (C:\Users\Deign\Downloads\Digital Classroom Assignment for PLV CEIT Bldg (with 
backend)\node_modules\jsdom\lib\jsdom\living\events\EventTarget-impl.js:296:3)
    at HTMLUnknownElementImpl._dispatch (C:\Users\Deign\Downloads\Digital Classroom Assignment for PLV CEIT Bldg (with 
backend)\node_modules\jsdom\lib\jsdom\living\events\EventTarget-impl.js:243:9)
Error: useNotificationContext must be used within NotificationContext.Provider
    at useNotificationContext (C:/Users/Deign/Downloads/Digital Classroom Assignment for PLV CEIT Bldg (with 
backend)/contexts/NotificationContext.tsx:24:19)
    at NotificationBell (C:/Users/Deign/Downloads/Digital Classroom Assignment for PLV CEIT Bldg (with 
backend)/components/NotificationBell.tsx:14:15)
    at renderWithHooks (C:\Users\Deign\Downloads\Digital Classroom Assignment for PLV CEIT Bldg (with 
backend)\node_modules\react-dom\cjs\react-dom.development.js:15486:18)
    at mountIndeterminateComponent (C:\Users\Deign\Downloads\Digital Classroom Assignment for PLV CEIT Bldg (with 
backend)\node_modules\react-dom\cjs\react-dom.development.js:20103:13)
    at beginWork (C:\Users\Deign\Downloads\Digital Classroom Assignment for PLV CEIT Bldg (with 
backend)\node_modules\react-dom\cjs\react-dom.development.js:21626:16)
    at HTMLUnknownElement.callCallback (C:\Users\Deign\Downloads\Digital Classroom Assignment for PLV CEIT Bldg (with 
backend)\node_modules\react-dom\cjs\react-dom.development.js:4164:14)
    at HTMLUnknownElement.callTheUserObjectsOperation (C:\Users\Deign\Downloads\Digital Classroom Assignment for PLV 
CEIT Bldg (with backend)\node_modules\jsdom\lib\jsdom\living\generated\EventListener.js:26:30)
    at innerInvokeEventListeners (C:\Users\Deign\Downloads\Digital Classroom Assignment for PLV CEIT Bldg (with 
backend)\node_modules\jsdom\lib\jsdom\living\events\EventTarget-impl.js:360:16)
    at invokeEventListeners (C:\Users\Deign\Downloads\Digital Classroom Assignment for PLV CEIT Bldg (with 
backend)\node_modules\jsdom\lib\jsdom\living\events\EventTarget-impl.js:296:3)
    at HTMLUnknownElementImpl._dispatch (C:\Users\Deign\Downloads\Digital Classroom Assignment for PLV CEIT Bldg (with 
backend)\node_modules\jsdom\lib\jsdom\living\events\EventTarget-impl.js:243:9)
Error: useNotificationContext must be used within NotificationContext.Provider
    at useNotificationContext (C:/Users/Deign/Downloads/Digital Classroom Assignment for PLV CEIT Bldg (with 
backend)/contexts/NotificationContext.tsx:24:19)
    at NotificationBell (C:/Users/Deign/Downloads/Digital Classroom Assignment for PLV CEIT Bldg (with 
backend)/components/NotificationBell.tsx:14:15)
    at renderWithHooks (C:\Users\Deign\Downloads\Digital Classroom Assignment for PLV CEIT Bldg (with 
backend)\node_modules\react-dom\cjs\react-dom.development.js:15486:18)
    at mountIndeterminateComponent (C:\Users\Deign\Downloads\Digital Classroom Assignment for PLV CEIT Bldg (with 
backend)\node_modules\react-dom\cjs\react-dom.development.js:20103:13)
    at beginWork (C:\Users\Deign\Downloads\Digital Classroom Assignment for PLV CEIT Bldg (with 
backend)\node_modules\react-dom\cjs\react-dom.development.js:21626:16)
    at HTMLUnknownElement.callCallback (C:\Users\Deign\Downloads\Digital Classroom Assignment for PLV CEIT Bldg (with 
backend)\node_modules\react-dom\cjs\react-dom.development.js:4164:14)
    at HTMLUnknownElement.callTheUserObjectsOperation (C:\Users\Deign\Downloads\Digital Classroom Assignment for PLV 
CEIT Bldg (with backend)\node_modules\jsdom\lib\jsdom\living\generated\EventListener.js:26:30)
    at innerInvokeEventListeners (C:\Users\Deign\Downloads\Digital Classroom Assignment for PLV CEIT Bldg (with 
backend)\node_modules\jsdom\lib\jsdom\living\events\EventTarget-impl.js:360:16)
    at invokeEventListeners (C:\Users\Deign\Downloads\Digital Classroom Assignment for PLV CEIT Bldg (with 
backend)\node_modules\jsdom\lib\jsdom\living\events\EventTarget-impl.js:296:3)
    at HTMLUnknownElementImpl._dispatch (C:\Users\Deign\Downloads\Digital Classroom Assignment for PLV CEIT Bldg (with 
backend)\node_modules\jsdom\lib\jsdom\living\events\EventTarget-impl.js:243:9)
Error: useNotificationContext must be used within NotificationContext.Provider
    at useNotificationContext (C:/Users/Deign/Downloads/Digital Classroom Assignment for PLV CEIT Bldg (with 
backend)/contexts/NotificationContext.tsx:24:19)
    at NotificationBell (C:/Users/Deign/Downloads/Digital Classroom Assignment for PLV CEIT Bldg (with 
backend)/components/NotificationBell.tsx:14:15)
    at renderWithHooks (C:\Users\Deign\Downloads\Digital Classroom Assignment for PLV CEIT Bldg (with 
backend)\node_modules\react-dom\cjs\react-dom.development.js:15486:18)
    at mountIndeterminateComponent (C:\Users\Deign\Downloads\Digital Classroom Assignment for PLV CEIT Bldg (with 
backend)\node_modules\react-dom\cjs\react-dom.development.js:20103:13)
    at beginWork (C:\Users\Deign\Downloads\Digital Classroom Assignment for PLV CEIT Bldg (with 
backend)\node_modules\react-dom\cjs\react-dom.development.js:21626:16)
    at HTMLUnknownElement.callCallback (C:\Users\Deign\Downloads\Digital Classroom Assignment for PLV CEIT Bldg (with 
backend)\node_modules\react-dom\cjs\react-dom.development.js:4164:14)
    at HTMLUnknownElement.callTheUserObjectsOperation (C:\Users\Deign\Downloads\Digital Classroom Assignment for PLV 
CEIT Bldg (with backend)\node_modules\jsdom\lib\jsdom\living\generated\EventListener.js:26:30)
    at innerInvokeEventListeners (C:\Users\Deign\Downloads\Digital Classroom Assignment for PLV CEIT Bldg (with 
backend)\node_modules\jsdom\lib\jsdom\living\events\EventTarget-impl.js:360:16)
    at invokeEventListeners (C:\Users\Deign\Downloads\Digital Classroom Assignment for PLV CEIT Bldg (with 
backend)\node_modules\jsdom\lib\jsdom\living\events\EventTarget-impl.js:296:3)
    at HTMLUnknownElementImpl._dispatch (C:\Users\Deign\Downloads\Digital Classroom Assignment for PLV CEIT Bldg (with 
backend)\node_modules\jsdom\lib\jsdom\living\events\EventTarget-impl.js:243:9)
Error: useNotificationContext must be used within NotificationContext.Provider
    at useNotificationContext (C:/Users/Deign/Downloads/Digital Classroom Assignment for PLV CEIT Bldg (with 
backend)/contexts/NotificationContext.tsx:24:19)
    at NotificationBell (C:/Users/Deign/Downloads/Digital Classroom Assignment for PLV CEIT Bldg (with 
backend)/components/NotificationBell.tsx:14:15)
    at renderWithHooks (C:\Users\Deign\Downloads\Digital Classroom Assignment for PLV CEIT Bldg (with 
backend)\node_modules\react-dom\cjs\react-dom.development.js:15486:18)
    at mountIndeterminateComponent (C:\Users\Deign\Downloads\Digital Classroom Assignment for PLV CEIT Bldg (with 
backend)\node_modules\react-dom\cjs\react-dom.development.js:20103:13)
    at beginWork (C:\Users\Deign\Downloads\Digital Classroom Assignment for PLV CEIT Bldg (with 
backend)\node_modules\react-dom\cjs\react-dom.development.js:21626:16)
    at HTMLUnknownElement.callCallback (C:\Users\Deign\Downloads\Digital Classroom Assignment for PLV CEIT Bldg (with 
backend)\node_modules\react-dom\cjs\react-dom.development.js:4164:14)
    at HTMLUnknownElement.callTheUserObjectsOperation (C:\Users\Deign\Downloads\Digital Classroom Assignment for PLV 
CEIT Bldg (with backend)\node_modules\jsdom\lib\jsdom\living\generated\EventListener.js:26:30)
    at innerInvokeEventListeners (C:\Users\Deign\Downloads\Digital Classroom Assignment for PLV CEIT Bldg (with 
backend)\node_modules\jsdom\lib\jsdom\living\events\EventTarget-impl.js:360:16)
    at invokeEventListeners (C:\Users\Deign\Downloads\Digital Classroom Assignment for PLV CEIT Bldg (with 
backend)\node_modules\jsdom\lib\jsdom\living\events\EventTarget-impl.js:296:3)
    at HTMLUnknownElementImpl._dispatch (C:\Users\Deign\Downloads\Digital Classroom Assignment for PLV CEIT Bldg (with 
backend)\node_modules\jsdom\lib\jsdom\living\events\EventTarget-impl.js:243:9)
Error: useNotificationContext must be used within NotificationContext.Provider
    at useNotificationContext (C:/Users/Deign/Downloads/Digital Classroom Assignment for PLV CEIT Bldg (with 
backend)/contexts/NotificationContext.tsx:24:19)
    at NotificationBell (C:/Users/Deign/Downloads/Digital Classroom Assignment for PLV CEIT Bldg (with 
backend)/components/NotificationBell.tsx:14:15)
    at renderWithHooks (C:\Users\Deign\Downloads\Digital Classroom Assignment for PLV CEIT Bldg (with 
backend)\node_modules\react-dom\cjs\react-dom.development.js:15486:18)
    at mountIndeterminateComponent (C:\Users\Deign\Downloads\Digital Classroom Assignment for PLV CEIT Bldg (with 
backend)\node_modules\react-dom\cjs\react-dom.development.js:20103:13)
    at beginWork (C:\Users\Deign\Downloads\Digital Classroom Assignment for PLV CEIT Bldg (with 
backend)\node_modules\react-dom\cjs\react-dom.development.js:21626:16)
    at HTMLUnknownElement.callCallback (C:\Users\Deign\Downloads\Digital Classroom Assignment for PLV CEIT Bldg (with 
backend)\node_modules\react-dom\cjs\react-dom.development.js:4164:14)
    at HTMLUnknownElement.callTheUserObjectsOperation (C:\Users\Deign\Downloads\Digital Classroom Assignment for PLV 
CEIT Bldg (with backend)\node_modules\jsdom\lib\jsdom\living\generated\EventListener.js:26:30)
    at innerInvokeEventListeners (C:\Users\Deign\Downloads\Digital Classroom Assignment for PLV CEIT Bldg (with 
backend)\node_modules\jsdom\lib\jsdom\living\events\EventTarget-impl.js:360:16)
    at invokeEventListeners (C:\Users\Deign\Downloads\Digital Classroom Assignment for PLV CEIT Bldg (with 
backend)\node_modules\jsdom\lib\jsdom\living\events\EventTarget-impl.js:296:3)
    at HTMLUnknownElementImpl._dispatch (C:\Users\Deign\Downloads\Digital Classroom Assignment for PLV CEIT Bldg (with 
backend)\node_modules\jsdom\lib\jsdom\living\events\EventTarget-impl.js:243:9)
Error: useNotificationContext must be used within NotificationContext.Provider
    at useNotificationContext (C:/Users/Deign/Downloads/Digital Classroom Assignment for PLV CEIT Bldg (with 
backend)/contexts/NotificationContext.tsx:24:19)
    at NotificationBell (C:/Users/Deign/Downloads/Digital Classroom Assignment for PLV CEIT Bldg (with 
backend)/components/NotificationBell.tsx:14:15)
    at renderWithHooks (C:\Users\Deign\Downloads\Digital Classroom Assignment for PLV CEIT Bldg (with 
backend)\node_modules\react-dom\cjs\react-dom.development.js:15486:18)
    at mountIndeterminateComponent (C:\Users\Deign\Downloads\Digital Classroom Assignment for PLV CEIT Bldg (with 
backend)\node_modules\react-dom\cjs\react-dom.development.js:20103:13)
    at beginWork (C:\Users\Deign\Downloads\Digital Classroom Assignment for PLV CEIT Bldg (with 
backend)\node_modules\react-dom\cjs\react-dom.development.js:21626:16)
    at HTMLUnknownElement.callCallback (C:\Users\Deign\Downloads\Digital Classroom Assignment for PLV CEIT Bldg (with 
backend)\node_modules\react-dom\cjs\react-dom.development.js:4164:14)
    at HTMLUnknownElement.callTheUserObjectsOperation (C:\Users\Deign\Downloads\Digital Classroom Assignment for PLV 
CEIT Bldg (with backend)\node_modules\jsdom\lib\jsdom\living\generated\EventListener.js:26:30)
    at innerInvokeEventListeners (C:\Users\Deign\Downloads\Digital Classroom Assignment for PLV CEIT Bldg (with 
backend)\node_modules\jsdom\lib\jsdom\living\events\EventTarget-impl.js:360:16)
    at invokeEventListeners (C:\Users\Deign\Downloads\Digital Classroom Assignment for PLV CEIT Bldg (with 
backend)\node_modules\jsdom\lib\jsdom\living\events\EventTarget-impl.js:296:3)
    at HTMLUnknownElementImpl._dispatch (C:\Users\Deign\Downloads\Digital Classroom Assignment for PLV CEIT Bldg (with 
backend)\node_modules\jsdom\lib\jsdom\living\events\EventTarget-impl.js:243:9)
Error: useNotificationContext must be used within NotificationContext.Provider
    at useNotificationContext (C:/Users/Deign/Downloads/Digital Classroom Assignment for PLV CEIT Bldg (with 
backend)/contexts/NotificationContext.tsx:24:19)
    at NotificationBell (C:/Users/Deign/Downloads/Digital Classroom Assignment for PLV CEIT Bldg (with 
backend)/components/NotificationBell.tsx:14:15)
    at renderWithHooks (C:\Users\Deign\Downloads\Digital Classroom Assignment for PLV CEIT Bldg (with 
backend)\node_modules\react-dom\cjs\react-dom.development.js:15486:18)
    at mountIndeterminateComponent (C:\Users\Deign\Downloads\Digital Classroom Assignment for PLV CEIT Bldg (with 
backend)\node_modules\react-dom\cjs\react-dom.development.js:20103:13)
    at beginWork (C:\Users\Deign\Downloads\Digital Classroom Assignment for PLV CEIT Bldg (with 
backend)\node_modules\react-dom\cjs\react-dom.development.js:21626:16)
    at HTMLUnknownElement.callCallback (C:\Users\Deign\Downloads\Digital Classroom Assignment for PLV CEIT Bldg (with 
backend)\node_modules\react-dom\cjs\react-dom.development.js:4164:14)
    at HTMLUnknownElement.callTheUserObjectsOperation (C:\Users\Deign\Downloads\Digital Classroom Assignment for PLV 
CEIT Bldg (with backend)\node_modules\jsdom\lib\jsdom\living\generated\EventListener.js:26:30)
    at innerInvokeEventListeners (C:\Users\Deign\Downloads\Digital Classroom Assignment for PLV CEIT Bldg (with 
backend)\node_modules\jsdom\lib\jsdom\living\events\EventTarget-impl.js:360:16)
    at invokeEventListeners (C:\Users\Deign\Downloads\Digital Classroom Assignment for PLV CEIT Bldg (with 
backend)\node_modules\jsdom\lib\jsdom\living\events\EventTarget-impl.js:296:3)
    at HTMLUnknownElementImpl._dispatch (C:\Users\Deign\Downloads\Digital Classroom Assignment for PLV CEIT Bldg (with 
backend)\node_modules\jsdom\lib\jsdom\living\events\EventTarget-impl.js:243:9)
Error: useNotificationContext must be used within NotificationContext.Provider
    at useNotificationContext (C:/Users/Deign/Downloads/Digital Classroom Assignment for PLV CEIT Bldg (with 
backend)/contexts/NotificationContext.tsx:24:19)
    at NotificationBell (C:/Users/Deign/Downloads/Digital Classroom Assignment for PLV CEIT Bldg (with 
backend)/components/NotificationBell.tsx:14:15)
    at renderWithHooks (C:\Users\Deign\Downloads\Digital Classroom Assignment for PLV CEIT Bldg (with 
backend)\node_modules\react-dom\cjs\react-dom.development.js:15486:18)
    at mountIndeterminateComponent (C:\Users\Deign\Downloads\Digital Classroom Assignment for PLV CEIT Bldg (with 
backend)\node_modules\react-dom\cjs\react-dom.development.js:20103:13)
    at beginWork (C:\Users\Deign\Downloads\Digital Classroom Assignment for PLV CEIT Bldg (with 
backend)\node_modules\react-dom\cjs\react-dom.development.js:21626:16)
    at HTMLUnknownElement.callCallback (C:\Users\Deign\Downloads\Digital Classroom Assignment for PLV CEIT Bldg (with 
backend)\node_modules\react-dom\cjs\react-dom.development.js:4164:14)
    at HTMLUnknownElement.callTheUserObjectsOperation (C:\Users\Deign\Downloads\Digital Classroom Assignment for PLV 
CEIT Bldg (with backend)\node_modules\jsdom\lib\jsdom\living\generated\EventListener.js:26:30)
    at innerInvokeEventListeners (C:\Users\Deign\Downloads\Digital Classroom Assignment for PLV CEIT Bldg (with 
backend)\node_modules\jsdom\lib\jsdom\living\events\EventTarget-impl.js:360:16)
    at invokeEventListeners (C:\Users\Deign\Downloads\Digital Classroom Assignment for PLV CEIT Bldg (with 
backend)\node_modules\jsdom\lib\jsdom\living\events\EventTarget-impl.js:296:3)
    at HTMLUnknownElementImpl._dispatch (C:\Users\Deign\Downloads\Digital Classroom Assignment for PLV CEIT Bldg (with 
backend)\node_modules\jsdom\lib\jsdom\living\events\EventTarget-impl.js:243:9)
Error: useNotificationContext must be used within NotificationContext.Provider
    at useNotificationContext (C:/Users/Deign/Downloads/Digital Classroom Assignment for PLV CEIT Bldg (with 
backend)/contexts/NotificationContext.tsx:24:19)
    at NotificationBell (C:/Users/Deign/Downloads/Digital Classroom Assignment for PLV CEIT Bldg (with 
backend)/components/NotificationBell.tsx:14:15)
    at renderWithHooks (C:\Users\Deign\Downloads\Digital Classroom Assignment for PLV CEIT Bldg (with 
backend)\node_modules\react-dom\cjs\react-dom.development.js:15486:18)
    at mountIndeterminateComponent (C:\Users\Deign\Downloads\Digital Classroom Assignment for PLV CEIT Bldg (with 
backend)\node_modules\react-dom\cjs\react-dom.development.js:20103:13)
    at beginWork (C:\Users\Deign\Downloads\Digital Classroom Assignment for PLV CEIT Bldg (with 
backend)\node_modules\react-dom\cjs\react-dom.development.js:21626:16)
    at HTMLUnknownElement.callCallback (C:\Users\Deign\Downloads\Digital Classroom Assignment for PLV CEIT Bldg (with 
backend)\node_modules\react-dom\cjs\react-dom.development.js:4164:14)
    at HTMLUnknownElement.callTheUserObjectsOperation (C:\Users\Deign\Downloads\Digital Classroom Assignment for PLV 
CEIT Bldg (with backend)\node_modules\jsdom\lib\jsdom\living\generated\EventListener.js:26:30)
    at innerInvokeEventListeners (C:\Users\Deign\Downloads\Digital Classroom Assignment for PLV CEIT Bldg (with 
backend)\node_modules\jsdom\lib\jsdom\living\events\EventTarget-impl.js:360:16)
    at invokeEventListeners (C:\Users\Deign\Downloads\Digital Classroom Assignment for PLV CEIT Bldg (with 
backend)\node_modules\jsdom\lib\jsdom\living\events\EventTarget-impl.js:296:3)
    at HTMLUnknownElementImpl._dispatch (C:\Users\Deign\Downloads\Digital Classroom Assignment for PLV CEIT Bldg (with 
backend)\node_modules\jsdom\lib\jsdom\living\events\EventTarget-impl.js:243:9)
Error: useNotificationContext must be used within NotificationContext.Provider
    at useNotificationContext (C:/Users/Deign/Downloads/Digital Classroom Assignment for PLV CEIT Bldg (with 
backend)/contexts/NotificationContext.tsx:24:19)
    at NotificationBell (C:/Users/Deign/Downloads/Digital Classroom Assignment for PLV CEIT Bldg (with 
backend)/components/NotificationBell.tsx:14:15)
    at renderWithHooks (C:\Users\Deign\Downloads\Digital Classroom Assignment for PLV CEIT Bldg (with 
backend)\node_modules\react-dom\cjs\react-dom.development.js:15486:18)
    at mountIndeterminateComponent (C:\Users\Deign\Downloads\Digital Classroom Assignment for PLV CEIT Bldg (with 
backend)\node_modules\react-dom\cjs\react-dom.development.js:20103:13)
    at beginWork (C:\Users\Deign\Downloads\Digital Classroom Assignment for PLV CEIT Bldg (with 
backend)\node_modules\react-dom\cjs\react-dom.development.js:21626:16)
    at HTMLUnknownElement.callCallback (C:\Users\Deign\Downloads\Digital Classroom Assignment for PLV CEIT Bldg (with 
backend)\node_modules\react-dom\cjs\react-dom.development.js:4164:14)
    at HTMLUnknownElement.callTheUserObjectsOperation (C:\Users\Deign\Downloads\Digital Classroom Assignment for PLV 
CEIT Bldg (with backend)\node_modules\jsdom\lib\jsdom\living\generated\EventListener.js:26:30)
    at innerInvokeEventListeners (C:\Users\Deign\Downloads\Digital Classroom Assignment for PLV CEIT Bldg (with 
backend)\node_modules\jsdom\lib\jsdom\living\events\EventTarget-impl.js:360:16)
    at invokeEventListeners (C:\Users\Deign\Downloads\Digital Classroom Assignment for PLV CEIT Bldg (with 
backend)\node_modules\jsdom\lib\jsdom\living\events\EventTarget-impl.js:296:3)
    at HTMLUnknownElementImpl._dispatch (C:\Users\Deign\Downloads\Digital Classroom Assignment for PLV CEIT Bldg (with 
backend)\node_modules\jsdom\lib\jsdom\living\events\EventTarget-impl.js:243:9)
Error: useNotificationContext must be used within NotificationContext.Provider
    at useNotificationContext (C:/Users/Deign/Downloads/Digital Classroom Assignment for PLV CEIT Bldg (with 
backend)/contexts/NotificationContext.tsx:24:19)
    at NotificationBell (C:/Users/Deign/Downloads/Digital Classroom Assignment for PLV CEIT Bldg (with 
backend)/components/NotificationBell.tsx:14:15)
    at renderWithHooks (C:\Users\Deign\Downloads\Digital Classroom Assignment for PLV CEIT Bldg (with 
backend)\node_modules\react-dom\cjs\react-dom.development.js:15486:18)
    at mountIndeterminateComponent (C:\Users\Deign\Downloads\Digital Classroom Assignment for PLV CEIT Bldg (with 
backend)\node_modules\react-dom\cjs\react-dom.development.js:20103:13)
    at beginWork (C:\Users\Deign\Downloads\Digital Classroom Assignment for PLV CEIT Bldg (with 
backend)\node_modules\react-dom\cjs\react-dom.development.js:21626:16)
    at HTMLUnknownElement.callCallback (C:\Users\Deign\Downloads\Digital Classroom Assignment for PLV CEIT Bldg (with 
backend)\node_modules\react-dom\cjs\react-dom.development.js:4164:14)
    at HTMLUnknownElement.callTheUserObjectsOperation (C:\Users\Deign\Downloads\Digital Classroom Assignment for PLV 
CEIT Bldg (with backend)\node_modules\jsdom\lib\jsdom\living\generated\EventListener.js:26:30)
    at innerInvokeEventListeners (C:\Users\Deign\Downloads\Digital Classroom Assignment for PLV CEIT Bldg (with 
backend)\node_modules\jsdom\lib\jsdom\living\events\EventTarget-impl.js:360:16)
    at invokeEventListeners (C:\Users\Deign\Downloads\Digital Classroom Assignment for PLV CEIT Bldg (with 
backend)\node_modules\jsdom\lib\jsdom\living\events\EventTarget-impl.js:296:3)
    at HTMLUnknownElementImpl._dispatch (C:\Users\Deign\Downloads\Digital Classroom Assignment for PLV CEIT Bldg (with 
backend)\node_modules\jsdom\lib\jsdom\living\events\EventTarget-impl.js:243:9)
Error: useNotificationContext must be used within NotificationContext.Provider
    at useNotificationContext (C:/Users/Deign/Downloads/Digital Classroom Assignment for PLV CEIT Bldg (with 
backend)/contexts/NotificationContext.tsx:24:19)
    at NotificationBell (C:/Users/Deign/Downloads/Digital Classroom Assignment for PLV CEIT Bldg (with 
backend)/components/NotificationBell.tsx:14:15)
    at renderWithHooks (C:\Users\Deign\Downloads\Digital Classroom Assignment for PLV CEIT Bldg (with 
backend)\node_modules\react-dom\cjs\react-dom.development.js:15486:18)
    at mountIndeterminateComponent (C:\Users\Deign\Downloads\Digital Classroom Assignment for PLV CEIT Bldg (with 
backend)\node_modules\react-dom\cjs\react-dom.development.js:20103:13)
    at beginWork (C:\Users\Deign\Downloads\Digital Classroom Assignment for PLV CEIT Bldg (with 
backend)\node_modules\react-dom\cjs\react-dom.development.js:21626:16)
    at HTMLUnknownElement.callCallback (C:\Users\Deign\Downloads\Digital Classroom Assignment for PLV CEIT Bldg (with 
backend)\node_modules\react-dom\cjs\react-dom.development.js:4164:14)
    at HTMLUnknownElement.callTheUserObjectsOperation (C:\Users\Deign\Downloads\Digital Classroom Assignment for PLV 
CEIT Bldg (with backend)\node_modules\jsdom\lib\jsdom\living\generated\EventListener.js:26:30)
    at innerInvokeEventListeners (C:\Users\Deign\Downloads\Digital Classroom Assignment for PLV CEIT Bldg (with 
backend)\node_modules\jsdom\lib\jsdom\living\events\EventTarget-impl.js:360:16)
    at invokeEventListeners (C:\Users\Deign\Downloads\Digital Classroom Assignment for PLV CEIT Bldg (with 
backend)\node_modules\jsdom\lib\jsdom\living\events\EventTarget-impl.js:296:3)
    at HTMLUnknownElementImpl._dispatch (C:\Users\Deign\Downloads\Digital Classroom Assignment for PLV CEIT Bldg (with 
backend)\node_modules\jsdom\lib\jsdom\living\events\EventTarget-impl.js:243:9)
Error: useNotificationContext must be used within NotificationContext.Provider
    at useNotificationContext (C:/Users/Deign/Downloads/Digital Classroom Assignment for PLV CEIT Bldg (with 
backend)/contexts/NotificationContext.tsx:24:19)
    at NotificationBell (C:/Users/Deign/Downloads/Digital Classroom Assignment for PLV CEIT Bldg (with 
backend)/components/NotificationBell.tsx:14:15)
    at renderWithHooks (C:\Users\Deign\Downloads\Digital Classroom Assignment for PLV CEIT Bldg (with 
backend)\node_modules\react-dom\cjs\react-dom.development.js:15486:18)
    at mountIndeterminateComponent (C:\Users\Deign\Downloads\Digital Classroom Assignment for PLV CEIT Bldg (with 
backend)\node_modules\react-dom\cjs\react-dom.development.js:20103:13)
    at beginWork (C:\Users\Deign\Downloads\Digital Classroom Assignment for PLV CEIT Bldg (with 
backend)\node_modules\react-dom\cjs\react-dom.development.js:21626:16)
    at HTMLUnknownElement.callCallback (C:\Users\Deign\Downloads\Digital Classroom Assignment for PLV CEIT Bldg (with 
backend)\node_modules\react-dom\cjs\react-dom.development.js:4164:14)
    at HTMLUnknownElement.callTheUserObjectsOperation (C:\Users\Deign\Downloads\Digital Classroom Assignment for PLV 
CEIT Bldg (with backend)\node_modules\jsdom\lib\jsdom\living\generated\EventListener.js:26:30)
    at innerInvokeEventListeners (C:\Users\Deign\Downloads\Digital Classroom Assignment for PLV CEIT Bldg (with 
backend)\node_modules\jsdom\lib\jsdom\living\events\EventTarget-impl.js:360:16)
    at invokeEventListeners (C:\Users\Deign\Downloads\Digital Classroom Assignment for PLV CEIT Bldg (with 
backend)\node_modules\jsdom\lib\jsdom\living\events\EventTarget-impl.js:296:3)
    at HTMLUnknownElementImpl._dispatch (C:\Users\Deign\Downloads\Digital Classroom Assignment for PLV CEIT Bldg (with 
backend)\node_modules\jsdom\lib\jsdom\living\events\EventTarget-impl.js:243:9)
Error: useNotificationContext must be used within NotificationContext.Provider
    at useNotificationContext (C:/Users/Deign/Downloads/Digital Classroom Assignment for PLV CEIT Bldg (with 
backend)/contexts/NotificationContext.tsx:24:19)
    at NotificationBell (C:/Users/Deign/Downloads/Digital Classroom Assignment for PLV CEIT Bldg (with 
backend)/components/NotificationBell.tsx:14:15)
    at renderWithHooks (C:\Users\Deign\Downloads\Digital Classroom Assignment for PLV CEIT Bldg (with 
backend)\node_modules\react-dom\cjs\react-dom.development.js:15486:18)
    at mountIndeterminateComponent (C:\Users\Deign\Downloads\Digital Classroom Assignment for PLV CEIT Bldg (with 
backend)\node_modules\react-dom\cjs\react-dom.development.js:20103:13)
 Γ¥» src/__tests__/integration/notification-flow.integration.test.tsx (3 tests | 2 failed) 1465ms
    at beginWork (C:\Users\Deign\Downloads\Digital Classroom Assignment for PLV CEIT Bldg (with 
backend)\node_modules\react-dom\cjs\react-dom.development.js:21626:16)
    at HTMLUnknownElement.callCallback (C:\Users\Deign\Downloads\Digital Classroom Assignment for PLV CEIT Bldg (with 
backend)\node_modules\react-dom\cjs\react-dom.development.js:4164:14)
    at HTMLUnknownElement.callTheUserObjectsOperation (C:\Users\Deign\Downloads\Digital Classroom Assignment for PLV 
CEIT Bldg (with backend)\node_modules\jsdom\lib\jsdom\living\generated\EventListener.js:26:30)
       ├ù should complete full notification flow 227ms
       Γ£ô should handle multiple notifications correctly  1217ms
       ├ù should update badge count when notifications change 16ms
    at innerInvokeEventListeners (C:\Users\Deign\Downloads\Digital Classroom Assignment for PLV CEIT Bldg (with 
backend)\node_modules\jsdom\lib\jsdom\living\events\EventTarget-impl.js:360:16)
    at invokeEventListeners (C:\Users\Deign\Downloads\Digital Classroom Assignment for PLV CEIT Bldg (with 
backend)\node_modules\jsdom\lib\jsdom\living\events\EventTarget-impl.js:296:3)
    at HTMLUnknownElementImpl._dispatch (C:\Users\Deign\Downloads\Digital Classroom Assignment for PLV CEIT Bldg (with 
backend)\node_modules\jsdom\lib\jsdom\living\events\EventTarget-impl.js:243:9)
Error: useNotificationContext must be used within NotificationContext.Provider
    at useNotificationContext (C:/Users/Deign/Downloads/Digital Classroom Assignment for PLV CEIT Bldg (with 
backend)/contexts/NotificationContext.tsx:24:19)
    at NotificationBell (C:/Users/Deign/Downloads/Digital Classroom Assignment for PLV CEIT Bldg (with 
backend)/components/NotificationBell.tsx:14:15)
    at renderWithHooks (C:\Users\Deign\Downloads\Digital Classroom Assignment for PLV CEIT Bldg (with 
backend)\node_modules\react-dom\cjs\react-dom.development.js:15486:18)
    at mountIndeterminateComponent (C:\Users\Deign\Downloads\Digital Classroom Assignment for PLV CEIT Bldg (with 
backend)\node_modules\react-dom\cjs\react-dom.development.js:20103:13)
    at beginWork (C:\Users\Deign\Downloads\Digital Classroom Assignment for PLV CEIT Bldg (with 
backend)\node_modules\react-dom\cjs\react-dom.development.js:21626:16)
    at HTMLUnknownElement.callCallback (C:\Users\Deign\Downloads\Digital Classroom Assignment for PLV CEIT Bldg (with 
backend)\node_modules\react-dom\cjs\react-dom.development.js:4164:14)
    at HTMLUnknownElement.callTheUserObjectsOperation (C:\Users\Deign\Downloads\Digital Classroom Assignment for PLV 
CEIT Bldg (with backend)\node_modules\jsdom\lib\jsdom\living\generated\EventListener.js:26:30)
    at innerInvokeEventListeners (C:\Users\Deign\Downloads\Digital Classroom Assignment for PLV CEIT Bldg (with 
backend)\node_modules\jsdom\lib\jsdom\living\events\EventTarget-impl.js:360:16)
    at invokeEventListeners (C:\Users\Deign\Downloads\Digital Classroom Assignment for PLV CEIT Bldg (with 
backend)\node_modules\jsdom\lib\jsdom\living\events\EventTarget-impl.js:296:3)
    at HTMLUnknownElementImpl._dispatch (C:\Users\Deign\Downloads\Digital Classroom Assignment for PLV CEIT Bldg (with 
backend)\node_modules\jsdom\lib\jsdom\living\events\EventTarget-impl.js:243:9)
Error: useNotificationContext must be used within NotificationContext.Provider
    at useNotificationContext (C:/Users/Deign/Downloads/Digital Classroom Assignment for PLV CEIT Bldg (with 
backend)/contexts/NotificationContext.tsx:24:19)
    at NotificationBell (C:/Users/Deign/Downloads/Digital Classroom Assignment for PLV CEIT Bldg (with 
backend)/components/NotificationBell.tsx:14:15)
    at renderWithHooks (C:\Users\Deign\Downloads\Digital Classroom Assignment for PLV CEIT Bldg (with 
backend)\node_modules\react-dom\cjs\react-dom.development.js:15486:18)
    at mountIndeterminateComponent (C:\Users\Deign\Downloads\Digital Classroom Assignment for PLV CEIT Bldg (with 
backend)\node_modules\react-dom\cjs\react-dom.development.js:20103:13)
 Γ¥» src/__tests__/integration/accessibility.integration.test.tsx (7 tests | 5 failed) 3660ms
    at beginWork (C:\Users\Deign\Downloads\Digital Classroom Assignment for PLV CEIT Bldg (with 
backend)\node_modules\react-dom\cjs\react-dom.development.js:21626:16)
       ├ù should have proper ARIA labels on all interactive elements 3499ms
    at HTMLUnknownElement.callCallback (C:\Users\Deign\Downloads\Digital Classroom Assignment for PLV CEIT Bldg (with 
backend)\node_modules\react-dom\cjs\react-dom.development.js:4164:14)
       Γ£ô should have logical tab order 108ms
    at HTMLUnknownElement.callTheUserObjectsOperation (C:\Users\Deign\Downloads\Digital Classroom Assignment for PLV 
CEIT Bldg (with backend)\node_modules\jsdom\lib\jsdom\living\generated\EventListener.js:26:30)
       Γ£ô should mark invalid inputs with aria-invalid 37ms
    at innerInvokeEventListeners (C:\Users\Deign\Downloads\Digital Classroom Assignment for PLV CEIT Bldg (with 
backend)\node_modules\jsdom\lib\jsdom\living\events\EventTarget-impl.js:360:16)
       ├ù should mark modals with aria-modal 2ms
    at invokeEventListeners (C:\Users\Deign\Downloads\Digital Classroom Assignment for PLV CEIT Bldg (with 
backend)\node_modules\jsdom\lib\jsdom\living\events\EventTarget-impl.js:296:3)
       ├ù should support keyboard navigation 3ms
       ├ù should announce dynamic content changes 3ms
    at HTMLUnknownElementImpl._dispatch (C:\Users\Deign\Downloads\Digital Classroom Assignment for PLV CEIT Bldg (with 
backend)\node_modules\jsdom\lib\jsdom\living\events\EventTarget-impl.js:243:9)
       ├ù should trap focus within modals 3ms
stderr | src/__tests__/components/FacultyDashboard.test.tsx > FacultyDashboard > availability > should check room 
availability
The above error occurred in the <NotificationBell> component:

    at NotificationBell (C:/Users/Deign/Downloads/Digital Classroom Assignment for PLV CEIT Bldg (with 
backend)/components/NotificationBell.tsx:9:29)
    at div
    at div
    at div
    at div
    at header
    at div
    at FacultyDashboard (C:/Users/Deign/Downloads/Digital Classroom Assignment for PLV CEIT Bldg (with 
backend)/components/FacultyDashboard.tsx:31:3)

Consider adding an error boundary to your tree to customize error handling behavior.
Visit https://reactjs.org/link/error-boundaries to learn more about error boundaries.

stderr | src/__tests__/components/AdminDashboard.test.tsx > AdminDashboard > approve/reject > should approve booking 
request
The above error occurred in the <NotificationBell> component:

    at NotificationBell (C:/Users/Deign/Downloads/Digital Classroom Assignment for PLV CEIT Bldg (with 
backend)/components/NotificationBell.tsx:9:29)
    at div
    at div
    at div
    at div
    at header
    at div
    at AdminDashboard (C:/Users/Deign/Downloads/Digital Classroom Assignment for PLV CEIT Bldg (with 
backend)/components/AdminDashboard.tsx:38:3)

Consider adding an error boundary to your tree to customize error handling behavior.
Visit https://reactjs.org/link/error-boundaries to learn more about error boundaries.

stderr | src/__tests__/components/FacultyDashboard.test.tsx > FacultyDashboard > conflict detection > should detect 
booking conflicts
The above error occurred in the <NotificationBell> component:

    at NotificationBell (C:/Users/Deign/Downloads/Digital Classroom Assignment for PLV CEIT Bldg (with 
backend)/components/NotificationBell.tsx:9:29)
    at div
    at div
    at div
    at div
    at header
    at div
    at FacultyDashboard (C:/Users/Deign/Downloads/Digital Classroom Assignment for PLV CEIT Bldg (with 
backend)/components/FacultyDashboard.tsx:31:3)

Consider adding an error boundary to your tree to customize error handling behavior.
Visit https://reactjs.org/link/error-boundaries to learn more about error boundaries.

stderr | src/__tests__/components/AdminDashboard.test.tsx > AdminDashboard > bulk ops > should handle bulk operations
The above error occurred in the <NotificationBell> component:

    at NotificationBell (C:/Users/Deign/Downloads/Digital Classroom Assignment for PLV CEIT Bldg (with 
backend)/components/NotificationBell.tsx:9:29)
    at div
    at div
    at div
    at div
    at header
    at div
    at AdminDashboard (C:/Users/Deign/Downloads/Digital Classroom Assignment for PLV CEIT Bldg (with 
backend)/components/AdminDashboard.tsx:38:3)

Consider adding an error boundary to your tree to customize error handling behavior.
 Γ¥» src/__tests__/components/NotificationCenter.test.tsx (15 tests | 5 failed) 4934ms
Visit https://reactjs.org/link/error-boundaries to learn more about error boundaries.
       Γ£ô should render list of notifications  621ms

       ├ù should show unread count badge 105ms
       Γ£ô should acknowledge single notification when button clicked  1260ms
stderr | src/__tests__/components/FacultyDashboard.test.tsx > FacultyDashboard > request creation > should create 
booking request
       Γ£ô should acknowledge all notifications when button clicked 267ms
The above error occurred in the <NotificationBell> component:
       Γ£ô should close notification center when close button clicked  530ms

       ├ù should show loading state when isLoading is true 40ms
       Γ£ô should show empty state when no notifications 9ms
       Γ£ô should filter notifications by type 14ms
       ├ù should mark all notifications as read 27ms
    at NotificationBell (C:/Users/Deign/Downloads/Digital Classroom Assignment for PLV CEIT Bldg (with 
backend)/components/NotificationBell.tsx:9:29)
    at div
       ├ù should have proper ARIA labels 1777ms
    at div
       Γ£ô should support keyboard navigation 59ms
    at div
       Γ£ô should have accessible notification items 84ms
       ├ù should announce unread count to screen readers 29ms
    at div
       Γ£ô should have proper focus management 89ms
    at header
       Γ£ô should handle empty notification list gracefully 16ms
    at div
    at FacultyDashboard (C:/Users/Deign/Downloads/Digital Classroom Assignment for PLV CEIT Bldg (with 
backend)/components/FacultyDashboard.tsx:31:3)

Consider adding an error boundary to your tree to customize error handling behavior.
Visit https://reactjs.org/link/error-boundaries to learn more about error boundaries.

stderr | src/__tests__/components/AdminDashboard.test.tsx > AdminDashboard > logout > should call onLogout when logout 
button clicked
The above error occurred in the <NotificationBell> component:

    at NotificationBell (C:/Users/Deign/Downloads/Digital Classroom Assignment for PLV CEIT Bldg (with 
backend)/components/NotificationBell.tsx:9:29)
    at div
    at div
    at div
    at div
    at header
    at div
    at AdminDashboard (C:/Users/Deign/Downloads/Digital Classroom Assignment for PLV CEIT Bldg (with 
backend)/components/AdminDashboard.tsx:38:3)

Consider adding an error boundary to your tree to customize error handling behavior.
Visit https://reactjs.org/link/error-boundaries to learn more about error boundaries.

stderr | src/__tests__/components/FacultyDashboard.test.tsx > FacultyDashboard > pending requests > should display 
pending requests
The above error occurred in the <NotificationBell> component:

    at NotificationBell (C:/Users/Deign/Downloads/Digital Classroom Assignment for PLV CEIT Bldg (with 
backend)/components/NotificationBell.tsx:9:29)
    at div
    at div
    at div
    at div
    at header
    at div
    at FacultyDashboard (C:/Users/Deign/Downloads/Digital Classroom Assignment for PLV CEIT Bldg (with 
backend)/components/FacultyDashboard.tsx:31:3)

Consider adding an error boundary to your tree to customize error handling behavior.
Visit https://reactjs.org/link/error-boundaries to learn more about error boundaries.

stderr | src/__tests__/components/AdminDashboard.test.tsx > AdminDashboard > classrooms tab > should display classroom 
management
The above error occurred in the <NotificationBell> component:

    at NotificationBell (C:/Users/Deign/Downloads/Digital Classroom Assignment for PLV CEIT Bldg (with 
backend)/components/NotificationBell.tsx:9:29)
    at div
    at div
    at div
    at div
    at header
    at div
    at AdminDashboard (C:/Users/Deign/Downloads/Digital Classroom Assignment for PLV CEIT Bldg (with 
backend)/components/AdminDashboard.tsx:38:3)

Consider adding an error boundary to your tree to customize error handling behavior.
Visit https://reactjs.org/link/error-boundaries to learn more about error boundaries.

stderr | src/__tests__/components/FacultyDashboard.test.tsx > FacultyDashboard > schedule view > should display 
schedule view
The above error occurred in the <NotificationBell> component:

    at NotificationBell (C:/Users/Deign/Downloads/Digital Classroom Assignment for PLV CEIT Bldg (with 
backend)/components/NotificationBell.tsx:9:29)
    at div
    at div
    at div
    at div
    at header
    at div
    at FacultyDashboard (C:/Users/Deign/Downloads/Digital Classroom Assignment for PLV CEIT Bldg (with 
backend)/components/FacultyDashboard.tsx:31:3)

Consider adding an error boundary to your tree to customize error handling behavior.
Visit https://reactjs.org/link/error-boundaries to learn more about error boundaries.

stderr | src/__tests__/components/AdminDashboard.test.tsx > AdminDashboard > schedules tab > should display schedules
The above error occurred in the <NotificationBell> component:

    at NotificationBell (C:/Users/Deign/Downloads/Digital Classroom Assignment for PLV CEIT Bldg (with 
backend)/components/NotificationBell.tsx:9:29)
    at div
    at div
    at div
    at div
    at header
    at div
    at AdminDashboard (C:/Users/Deign/Downloads/Digital Classroom Assignment for PLV CEIT Bldg (with 
backend)/components/AdminDashboard.tsx:38:3)

Consider adding an error boundary to your tree to customize error handling behavior.
Visit https://reactjs.org/link/error-boundaries to learn more about error boundaries.

stderr | src/__tests__/components/FacultyDashboard.test.tsx > FacultyDashboard > logout > should call onLogout when 
logout button clicked
The above error occurred in the <NotificationBell> component:

    at NotificationBell (C:/Users/Deign/Downloads/Digital Classroom Assignment for PLV CEIT Bldg (with 
backend)/components/NotificationBell.tsx:9:29)
    at div
    at div
    at div
    at div
    at header
    at div
    at FacultyDashboard (C:/Users/Deign/Downloads/Digital Classroom Assignment for PLV CEIT Bldg (with 
backend)/components/FacultyDashboard.tsx:31:3)

Consider adding an error boundary to your tree to customize error handling behavior.
Visit https://reactjs.org/link/error-boundaries to learn more about error boundaries.

ReferenceError: ResizeObserver is not defined
    at file:///C:/Users/Deign/Downloads/Digital%20Classroom%20Assignment%20for%20PLV%20CEIT%20Bldg%20(with%20backend)/n
ode_modules/@radix-ui/react-use-size/dist/index.mjs:9:30
    at commitHookEffectListMount (C:\Users\Deign\Downloads\Digital Classroom Assignment for PLV CEIT Bldg (with 
backend)\node_modules\react-dom\cjs\react-dom.development.js:23189:26)
    at commitLayoutEffectOnFiber (C:\Users\Deign\Downloads\Digital Classroom Assignment for PLV CEIT Bldg (with 
backend)\node_modules\react-dom\cjs\react-dom.development.js:23312:15)
    at commitLayoutMountEffects_complete (C:\Users\Deign\Downloads\Digital Classroom Assignment for PLV CEIT Bldg 
(with backend)\node_modules\react-dom\cjs\react-dom.development.js:24727:9)
    at commitLayoutEffects_begin (C:\Users\Deign\Downloads\Digital Classroom Assignment for PLV CEIT Bldg (with 
backend)\node_modules\react-dom\cjs\react-dom.development.js:24713:7)
    at commitLayoutEffects (C:\Users\Deign\Downloads\Digital Classroom Assignment for PLV CEIT Bldg (with 
backend)\node_modules\react-dom\cjs\react-dom.development.js:24651:3)
    at commitRootImpl (C:\Users\Deign\Downloads\Digital Classroom Assignment for PLV CEIT Bldg (with 
backend)\node_modules\react-dom\cjs\react-dom.development.js:26862:5)
    at commitRoot (C:\Users\Deign\Downloads\Digital Classroom Assignment for PLV CEIT Bldg (with 
backend)\node_modules\react-dom\cjs\react-dom.development.js:26721:5)
    at performSyncWorkOnRoot (C:\Users\Deign\Downloads\Digital Classroom Assignment for PLV CEIT Bldg (with 
backend)\node_modules\react-dom\cjs\react-dom.development.js:26156:3)
    at flushSyncCallbacks (C:\Users\Deign\Downloads\Digital Classroom Assignment for PLV CEIT Bldg (with 
backend)\node_modules\react-dom\cjs\react-dom.development.js:12042:22)
stderr | src/__tests__/components/ClassroomManagement.test.tsx > ClassroomManagement > create form > should create 
classroom with valid data
The above error occurred in the <SwitchBubbleInput> component:

    at file:///C:/Users/Deign/Downloads/Digital%20Classroom%20Assignment%20for%20PLV%20CEIT%20Bldg%20(with%20backend)/n
ode_modules/@radix-ui/react-switch/dist/index.mjs:101:5
    at Provider (file:///C:/Users/Deign/Downloads/Digital%20Classroom%20Assignment%20for%20PLV%20CEIT%20Bldg%20(with%20
backend)/node_modules/@radix-ui/react-context/dist/index.mjs:27:15)
    at file:///C:/Users/Deign/Downloads/Digital%20Classroom%20Assignment%20for%20PLV%20CEIT%20Bldg%20(with%20backend)/n
ode_modules/@radix-ui/react-switch/dist/index.mjs:19:7
    at Switch (C:/Users/Deign/Downloads/Digital Classroom Assignment for PLV CEIT Bldg (with 
backend)/components/ui/switch.tsx:10:3)
    at div
    at form
    at div
    at file:///C:/Users/Deign/Downloads/Digital%20Classroom%20Assignment%20for%20PLV%20CEIT%20Bldg%20(with%20backend)/n
ode_modules/@radix-ui/react-primitive/dist/index.mjs:28:13
    at file:///C:/Users/Deign/Downloads/Digital%20Classroom%20Assignment%20for%20PLV%20CEIT%20Bldg%20(with%20backend)/n
ode_modules/@radix-ui/react-dismissable-layer/dist/index.mjs:24:7
    at file:///C:/Users/Deign/Downloads/Digital%20Classroom%20Assignment%20for%20PLV%20CEIT%20Bldg%20(with%20backend)/n
ode_modules/@radix-ui/react-primitive/node_modules/@radix-ui/react-slot/dist/index.mjs:33:13
    at file:///C:/Users/Deign/Downloads/Digital%20Classroom%20Assignment%20for%20PLV%20CEIT%20Bldg%20(with%20backend)/n
ode_modules/@radix-ui/react-primitive/node_modules/@radix-ui/react-slot/dist/index.mjs:9:13
    at file:///C:/Users/Deign/Downloads/Digital%20Classroom%20Assignment%20for%20PLV%20CEIT%20Bldg%20(with%20backend)/n
ode_modules/@radix-ui/react-primitive/dist/index.mjs:28:13
    at file:///C:/Users/Deign/Downloads/Digital%20Classroom%20Assignment%20for%20PLV%20CEIT%20Bldg%20(with%20backend)/n
ode_modules/@radix-ui/react-focus-scope/dist/index.mjs:15:5
    at file:///C:/Users/Deign/Downloads/Digital%20Classroom%20Assignment%20for%20PLV%20CEIT%20Bldg%20(with%20backend)/n
ode_modules/@radix-ui/react-dialog/dist/index.mjs:206:13
    at file:///C:/Users/Deign/Downloads/Digital%20Classroom%20Assignment%20for%20PLV%20CEIT%20Bldg%20(with%20backend)/n
ode_modules/@radix-ui/react-dialog/dist/index.mjs:132:58
    at Presence (file:///C:/Users/Deign/Downloads/Digital%20Classroom%20Assignment%20for%20PLV%20CEIT%20Bldg%20(with%20
backend)/node_modules/@radix-ui/react-presence/dist/index.mjs:19:11)
    at file:///C:/Users/Deign/Downloads/Digital%20Classroom%20Assignment%20for%20PLV%20CEIT%20Bldg%20(with%20backend)/n
ode_modules/@radix-ui/react-dialog/dist/index.mjs:123:64
    at file:///C:/Users/Deign/Downloads/Digital%20Classroom%20Assignment%20for%20PLV%20CEIT%20Bldg%20(with%20backend)/n
ode_modules/@radix-ui/react-primitive/node_modules/@radix-ui/react-slot/dist/index.mjs:33:13
    at file:///C:/Users/Deign/Downloads/Digital%20Classroom%20Assignment%20for%20PLV%20CEIT%20Bldg%20(with%20backend)/n
ode_modules/@radix-ui/react-primitive/node_modules/@radix-ui/react-slot/dist/index.mjs:9:13
    at file:///C:/Users/Deign/Downloads/Digital%20Classroom%20Assignment%20for%20PLV%20CEIT%20Bldg%20(with%20backend)/n
ode_modules/@radix-ui/react-primitive/dist/index.mjs:28:13
    at file:///C:/Users/Deign/Downloads/Digital%20Classroom%20Assignment%20for%20PLV%20CEIT%20Bldg%20(with%20backend)/n
ode_modules/@radix-ui/react-portal/dist/index.mjs:11:22
    at Presence (file:///C:/Users/Deign/Downloads/Digital%20Classroom%20Assignment%20for%20PLV%20CEIT%20Bldg%20(with%20
backend)/node_modules/@radix-ui/react-presence/dist/index.mjs:19:11)
    at Provider (file:///C:/Users/Deign/Downloads/Digital%20Classroom%20Assignment%20for%20PLV%20CEIT%20Bldg%20(with%20
backend)/node_modules/@radix-ui/react-context/dist/index.mjs:27:15)
    at DialogPortal (file:///C:/Users/Deign/Downloads/Digital%20Classroom%20Assignment%20for%20PLV%20CEIT%20Bldg%20(wit
h%20backend)/node_modules/@radix-ui/react-dialog/dist/index.mjs:85:11)
    at DialogPortal (C:/Users/Deign/Downloads/Digital Classroom Assignment for PLV CEIT Bldg (with 
backend)/components/ui/dialog.tsx:38:6)
    at C:/Users/Deign/Downloads/Digital Classroom Assignment for PLV CEIT Bldg (with 
backend)/components/ui/dialog.tsx:73:59
    at Provider (file:///C:/Users/Deign/Downloads/Digital%20Classroom%20Assignment%20for%20PLV%20CEIT%20Bldg%20(with%20
backend)/node_modules/@radix-ui/react-context/dist/index.mjs:27:15)
    at Dialog (file:///C:/Users/Deign/Downloads/Digital%20Classroom%20Assignment%20for%20PLV%20CEIT%20Bldg%20(with%20ba
ckend)/node_modules/@radix-ui/react-dialog/dist/index.mjs:25:5)
    at Dialog (C:/Users/Deign/Downloads/Digital Classroom Assignment for PLV CEIT Bldg (with 
backend)/components/ui/dialog.tsx:23:6)
    at div
    at div
    at CardHeader (C:/Users/Deign/Downloads/Digital Classroom Assignment for PLV CEIT Bldg (with 
backend)/components/ui/card.tsx:33:23)
    at div
    at Card (C:/Users/Deign/Downloads/Digital Classroom Assignment for PLV CEIT Bldg (with 
backend)/components/ui/card.tsx:12:17)
    at div
    at ClassroomManagement (C:/Users/Deign/Downloads/Digital Classroom Assignment for PLV CEIT Bldg (with 
backend)/components/ClassroomManagement.tsx:72:32)

Consider adding an error boundary to your tree to customize error handling behavior.
Visit https://reactjs.org/link/error-boundaries to learn more about error boundaries.

TypeError: candidate?.scrollIntoView is not a function
    at file:///C:/Users/Deign/Downloads/Digital%20Classroom%20Assignment%20for%20PLV%20CEIT%20Bldg%20(with%20backend)/n
ode_modules/@radix-ui/react-select/dist/index.mjs:321:22
    at file:///C:/Users/Deign/Downloads/Digital%20Classroom%20Assignment%20for%20PLV%20CEIT%20Bldg%20(with%20backend)/n
ode_modules/@radix-ui/react-select/dist/index.mjs:331:13
    at file:///C:/Users/Deign/Downloads/Digital%20Classroom%20Assignment%20for%20PLV%20CEIT%20Bldg%20(with%20backend)/n
ode_modules/@radix-ui/react-select/dist/index.mjs:336:9
    at commitHookEffectListMount (C:\Users\Deign\Downloads\Digital Classroom Assignment for PLV CEIT Bldg (with 
backend)\node_modules\react-dom\cjs\react-dom.development.js:23189:26)
    at commitPassiveMountOnFiber (C:\Users\Deign\Downloads\Digital Classroom Assignment for PLV CEIT Bldg (with 
backend)\node_modules\react-dom\cjs\react-dom.development.js:24970:11)
    at commitPassiveMountEffects_complete (C:\Users\Deign\Downloads\Digital Classroom Assignment for PLV CEIT Bldg 
(with backend)\node_modules\react-dom\cjs\react-dom.development.js:24930:9)
    at commitPassiveMountEffects_begin (C:\Users\Deign\Downloads\Digital Classroom Assignment for PLV CEIT Bldg (with 
backend)\node_modules\react-dom\cjs\react-dom.development.js:24917:7)
    at commitPassiveMountEffects (C:\Users\Deign\Downloads\Digital Classroom Assignment for PLV CEIT Bldg (with 
backend)\node_modules\react-dom\cjs\react-dom.development.js:24905:3)
    at flushPassiveEffectsImpl (C:\Users\Deign\Downloads\Digital Classroom Assignment for PLV CEIT Bldg (with 
backend)\node_modules\react-dom\cjs\react-dom.development.js:27078:3)
    at flushPassiveEffects (C:\Users\Deign\Downloads\Digital Classroom Assignment for PLV CEIT Bldg (with 
backend)\node_modules\react-dom\cjs\react-dom.development.js:27023:14)
stderr | src/__tests__/components/AdminDashboard.test.tsx > AdminDashboard > reject request > should reject booking 
request with reason
The above error occurred in the <NotificationBell> component:

    at NotificationBell (C:/Users/Deign/Downloads/Digital Classroom Assignment for PLV CEIT Bldg (with 
backend)/components/NotificationBell.tsx:9:29)
    at div
    at div
    at div
    at div
    at header
    at div
    at AdminDashboard (C:/Users/Deign/Downloads/Digital Classroom Assignment for PLV CEIT Bldg (with 
backend)/components/AdminDashboard.tsx:38:3)

Consider adding an error boundary to your tree to customize error handling behavior.
Visit https://reactjs.org/link/error-boundaries to learn more about error boundaries.

stderr | src/__tests__/components/FacultyDashboard.test.tsx > FacultyDashboard > accessibility > should have proper 
ARIA labels for tabs
The above error occurred in the <NotificationBell> component:

    at NotificationBell (C:/Users/Deign/Downloads/Digital Classroom Assignment for PLV CEIT Bldg (with 
backend)/components/NotificationBell.tsx:9:29)
    at div
    at div
    at div
    at div
    at header
    at div
    at FacultyDashboard (C:/Users/Deign/Downloads/Digital Classroom Assignment for PLV CEIT Bldg (with 
backend)/components/FacultyDashboard.tsx:31:3)

Consider adding an error boundary to your tree to customize error handling behavior.
Visit https://reactjs.org/link/error-boundaries to learn more about error boundaries.

stderr | src/__tests__/components/AdminDashboard.test.tsx > AdminDashboard > accessibility > should have proper ARIA 
labels for tabs
The above error occurred in the <NotificationBell> component:

    at NotificationBell (C:/Users/Deign/Downloads/Digital Classroom Assignment for PLV CEIT Bldg (with 
backend)/components/NotificationBell.tsx:9:29)
    at div
    at div
    at div
    at div
    at header
    at div
    at AdminDashboard (C:/Users/Deign/Downloads/Digital Classroom Assignment for PLV CEIT Bldg (with 
backend)/components/AdminDashboard.tsx:38:3)
 Γ¥» src/__tests__/components/FacultyDashboard.test.tsx (12 tests | 12 failed) 2826ms
       ├ù should display booking interface 825ms
       ├ù should display room search interface 319ms

       ├ù should filter available rooms 104ms
       ├ù should check room availability 496ms
       ├ù should detect booking conflicts 122ms
Consider adding an error boundary to your tree to customize error handling behavior.
       ├ù should create booking request 217ms
Visit https://reactjs.org/link/error-boundaries to learn more about error boundaries.
       ├ù should display pending requests 79ms
       ├ù should display schedule view 91ms

       ├ù should call onLogout when logout button clicked 245ms
       ├ù should have proper ARIA labels for tabs 114ms
       ├ù should support keyboard navigation 85ms
       ├ù should have accessible booking form 122ms
 Γ¥» src/__tests__/components/AdminDashboard.test.tsx (12 tests | 12 failed) 3165ms
       ├ù should switch between tabs 626ms
stderr | src/__tests__/components/RoomSearch.test.tsx > RoomSearch - Advanced Search & Filters > search by time range 
> should filter classrooms by start time
       ├ù should display booking requests 508ms
       ├ù should display user management 481ms
       ├ù should approve booking request 303ms
       ├ù should handle bulk operations 181ms
The above error occurred in the <SelectContentImpl> component:
       ├ù should call onLogout when logout button clicked 180ms
       ├ù should display classroom management 271ms

       ├ù should display schedules 102ms
       ├ù should reject booking request with reason 95ms
    at file:///C:/Users/Deign/Downloads/Digital%20Classroom%20Assignment%20for%20PLV%20CEIT%20Bldg%20(with%20backend)/n
ode_modules/@radix-ui/react-select/dist/index.mjs:279:7
       ├ù should have proper ARIA labels for tabs 200ms
       ├ù should support keyboard navigation between tabs 116ms
    at file:///C:/Users/Deign/Downloads/Digital%20Classroom%20Assignment%20for%20PLV%20CEIT%20Bldg%20(with%20backend)/n
ode_modules/@radix-ui/react-select/dist/index.mjs:256:58
       ├ù should have accessible logout button 89ms
 Γ¥» src/__tests__/components/RoomSearch.test.tsx (18 tests | 15 failed) 9735ms
       ├ù should filter classrooms by selected date 983ms
       ├ù should show available classrooms for selected date 451ms
    at file:///C:/Users/Deign/Downloads/Digital%20Classroom%20Assignment%20for%20PLV%20CEIT%20Bldg%20(with%20backend)/n
ode_modules/@radix-ui/react-primitive/node_modules/@radix-ui/react-slot/dist/index.mjs:33:13
       ├ù should filter classrooms by start time 2151ms
    at file:///C:/Users/Deign/Downloads/Digital%20Classroom%20Assignment%20for%20PLV%20CEIT%20Bldg%20(with%20backend)/n
ode_modules/@radix-ui/react-primitive/node_modules/@radix-ui/react-slot/dist/index.mjs:9:13
       ├ù should filter classrooms by end time 648ms
       ├ù should validate time range (end time after start time) 253ms
       Γ£ô should filter classrooms by minimum capacity  713ms
       Γ£ô should show only classrooms meeting capacity requirement  859ms
    at file:///C:/Users/Deign/Downloads/Digital%20Classroom%20Assignment%20for%20PLV%20CEIT%20Bldg%20(with%20backend)/n
ode_modules/@radix-ui/react-primitive/dist/index.mjs:28:13
       ├ù should filter classrooms by selected equipment 612ms
    at file:///C:/Users/Deign/Downloads/Digital%20Classroom%20Assignment%20for%20PLV%20CEIT%20Bldg%20(with%20backend)/n
ode_modules/@radix-ui/react-portal/dist/index.mjs:11:22
       ├ù should show only classrooms with selected equipment 319ms
    at SelectPortal
       ├ù should support multiple equipment filters 261ms
    at C:/Users/Deign/Downloads/Digital Classroom Assignment for PLV CEIT Bldg (with 
backend)/components/ui/select.tsx:84:59
       ├ù should filter classrooms by building 405ms
    at Provider (file:///C:/Users/Deign/Downloads/Digital%20Classroom%20Assignment%20for%20PLV%20CEIT%20Bldg%20(with%20
backend)/node_modules/@radix-ui/react-context/dist/index.mjs:27:15)
       ├ù should show only classrooms in selected building 335ms
    at Provider (file:///C:/Users/Deign/Downloads/Digital%20Classroom%20Assignment%20for%20PLV%20CEIT%20Bldg%20(with%20
backend)/node_modules/@radix-ui/react-context/dist/index.mjs:27:15)
       ├ù should filter classrooms by floor 341ms
    at CollectionProvider (file:///C:/Users/Deign/Downloads/Digital%20Classroom%20Assignment%20for%20PLV%20CEIT%20Bldg%
20(with%20backend)/node_modules/@radix-ui/react-collection/dist/index.mjs:17:13)
       ├ù should show only classrooms on selected floor 243ms
    at Provider (file:///C:/Users/Deign/Downloads/Digital%20Classroom%20Assignment%20for%20PLV%20CEIT%20Bldg%20(with%20
backend)/node_modules/@radix-ui/react-context/dist/index.mjs:27:15)
       Γ£ô should show availability status for each classroom  336ms
       ├ù should exclude unavailable classrooms from results 235ms
    at Provider (file:///C:/Users/Deign/Downloads/Digital%20Classroom%20Assignment%20for%20PLV%20CEIT%20Bldg%20(with%20
backend)/node_modules/@radix-ui/react-context/dist/index.mjs:27:15)
       ├ù should apply multiple filters simultaneously 222ms
    at Popper (file:///C:/Users/Deign/Downloads/Digital%20Classroom%20Assignment%20for%20PLV%20CEIT%20Bldg%20(with%20ba
ckend)/node_modules/@radix-ui/react-popper/dist/index.mjs:30:11)
       ├ù should clear all filters when reset button clicked 335ms
    at Select (file:///C:/Users/Deign/Downloads/Digital%20Classroom%20Assignment%20for%20PLV%20CEIT%20Bldg%20(with%20ba
ckend)/node_modules/@radix-ui/react-select/dist/index.mjs:42:5)
    at Select (C:/Users/Deign/Downloads/Digital Classroom Assignment for PLV CEIT Bldg (with 
backend)/components/ui/select.tsx:23:6)
    at div
    at div
    at div
    at CardContent (C:/Users/Deign/Downloads/Digital Classroom Assignment for PLV CEIT Bldg (with 
backend)/components/ui/card.tsx:111:24)
    at div
    at Card (C:/Users/Deign/Downloads/Digital Classroom Assignment for PLV CEIT Bldg (with 
backend)/components/ui/card.tsx:12:17)
    at div
    at RoomSearch (C:/Users/Deign/Downloads/Digital Classroom Assignment for PLV CEIT Bldg (with 
backend)/components/RoomSearch.tsx:43:23)

Consider adding an error boundary to your tree to customize error handling behavior.
Visit https://reactjs.org/link/error-boundaries to learn more about error boundaries.

stderr | src/__tests__/components/FacultyDashboard.test.tsx > FacultyDashboard > accessibility > should support 
keyboard navigation
The above error occurred in the <NotificationBell> component:

    at NotificationBell (C:/Users/Deign/Downloads/Digital Classroom Assignment for PLV CEIT Bldg (with 
backend)/components/NotificationBell.tsx:9:29)
    at div
    at div
    at div
    at div
    at header
    at div
    at FacultyDashboard (C:/Users/Deign/Downloads/Digital Classroom Assignment for PLV CEIT Bldg (with 
backend)/components/FacultyDashboard.tsx:31:3)

Consider adding an error boundary to your tree to customize error handling behavior.
Visit https://reactjs.org/link/error-boundaries to learn more about error boundaries.

stderr | src/__tests__/components/AdminDashboard.test.tsx > AdminDashboard > accessibility > should support keyboard 
navigation between tabs
The above error occurred in the <NotificationBell> component:

    at NotificationBell (C:/Users/Deign/Downloads/Digital Classroom Assignment for PLV CEIT Bldg (with 
backend)/components/NotificationBell.tsx:9:29)
    at div
    at div
    at div
    at div
    at header
    at div
    at AdminDashboard (C:/Users/Deign/Downloads/Digital Classroom Assignment for PLV CEIT Bldg (with 
backend)/components/AdminDashboard.tsx:38:3)

Consider adding an error boundary to your tree to customize error handling behavior.
Visit https://reactjs.org/link/error-boundaries to learn more about error boundaries.

stderr | src/__tests__/components/FacultyDashboard.test.tsx > FacultyDashboard > accessibility > should have 
accessible booking form
The above error occurred in the <NotificationBell> component:

    at NotificationBell (C:/Users/Deign/Downloads/Digital Classroom Assignment for PLV CEIT Bldg (with 
backend)/components/NotificationBell.tsx:9:29)
    at div
    at div
    at div
    at div
    at header
    at div
    at FacultyDashboard (C:/Users/Deign/Downloads/Digital Classroom Assignment for PLV CEIT Bldg (with 
backend)/components/FacultyDashboard.tsx:31:3)

Consider adding an error boundary to your tree to customize error handling behavior.
Visit https://reactjs.org/link/error-boundaries to learn more about error boundaries.

stderr | src/__tests__/components/AdminDashboard.test.tsx > AdminDashboard > accessibility > should have accessible 
logout button
The above error occurred in the <NotificationBell> component:

    at NotificationBell (C:/Users/Deign/Downloads/Digital Classroom Assignment for PLV CEIT Bldg (with 
backend)/components/NotificationBell.tsx:9:29)
    at div
    at div
    at div
    at div
    at header
    at div
    at AdminDashboard (C:/Users/Deign/Downloads/Digital Classroom Assignment for PLV CEIT Bldg (with 
backend)/components/AdminDashboard.tsx:38:3)

Consider adding an error boundary to your tree to customize error handling behavior.
Visit https://reactjs.org/link/error-boundaries to learn more about error boundaries.

ReferenceError: ResizeObserver is not defined
    at file:///C:/Users/Deign/Downloads/Digital%20Classroom%20Assignment%20for%20PLV%20CEIT%20Bldg%20(with%20backend)/n
ode_modules/@radix-ui/react-use-size/dist/index.mjs:9:30
    at commitHookEffectListMount (C:\Users\Deign\Downloads\Digital Classroom Assignment for PLV CEIT Bldg (with 
backend)\node_modules\react-dom\cjs\react-dom.development.js:23189:26)
    at commitLayoutEffectOnFiber (C:\Users\Deign\Downloads\Digital Classroom Assignment for PLV CEIT Bldg (with 
backend)\node_modules\react-dom\cjs\react-dom.development.js:23312:15)
    at commitLayoutMountEffects_complete (C:\Users\Deign\Downloads\Digital Classroom Assignment for PLV CEIT Bldg 
(with backend)\node_modules\react-dom\cjs\react-dom.development.js:24727:9)
    at commitLayoutEffects_begin (C:\Users\Deign\Downloads\Digital Classroom Assignment for PLV CEIT Bldg (with 
backend)\node_modules\react-dom\cjs\react-dom.development.js:24713:7)
    at commitLayoutEffects (C:\Users\Deign\Downloads\Digital Classroom Assignment for PLV CEIT Bldg (with 
backend)\node_modules\react-dom\cjs\react-dom.development.js:24651:3)
    at commitRootImpl (C:\Users\Deign\Downloads\Digital Classroom Assignment for PLV CEIT Bldg (with 
backend)\node_modules\react-dom\cjs\react-dom.development.js:26862:5)
    at commitRoot (C:\Users\Deign\Downloads\Digital Classroom Assignment for PLV CEIT Bldg (with 
backend)\node_modules\react-dom\cjs\react-dom.development.js:26721:5)
    at performSyncWorkOnRoot (C:\Users\Deign\Downloads\Digital Classroom Assignment for PLV CEIT Bldg (with 
backend)\node_modules\react-dom\cjs\react-dom.development.js:26156:3)
    at flushSyncCallbacks (C:\Users\Deign\Downloads\Digital Classroom Assignment for PLV CEIT Bldg (with 
backend)\node_modules\react-dom\cjs\react-dom.development.js:12042:22)
stderr | src/__tests__/components/ClassroomManagement.test.tsx > ClassroomManagement > capacity validation > should 
validate capacity input
The above error occurred in the <SwitchBubbleInput> component:

    at file:///C:/Users/Deign/Downloads/Digital%20Classroom%20Assignment%20for%20PLV%20CEIT%20Bldg%20(with%20backend)/n
ode_modules/@radix-ui/react-switch/dist/index.mjs:101:5
    at Provider (file:///C:/Users/Deign/Downloads/Digital%20Classroom%20Assignment%20for%20PLV%20CEIT%20Bldg%20(with%20
backend)/node_modules/@radix-ui/react-context/dist/index.mjs:27:15)
    at file:///C:/Users/Deign/Downloads/Digital%20Classroom%20Assignment%20for%20PLV%20CEIT%20Bldg%20(with%20backend)/n
ode_modules/@radix-ui/react-switch/dist/index.mjs:19:7
    at Switch (C:/Users/Deign/Downloads/Digital Classroom Assignment for PLV CEIT Bldg (with 
backend)/components/ui/switch.tsx:10:3)
    at div
    at form
    at div
    at file:///C:/Users/Deign/Downloads/Digital%20Classroom%20Assignment%20for%20PLV%20CEIT%20Bldg%20(with%20backend)/n
ode_modules/@radix-ui/react-primitive/dist/index.mjs:28:13
    at file:///C:/Users/Deign/Downloads/Digital%20Classroom%20Assignment%20for%20PLV%20CEIT%20Bldg%20(with%20backend)/n
ode_modules/@radix-ui/react-dismissable-layer/dist/index.mjs:24:7
    at file:///C:/Users/Deign/Downloads/Digital%20Classroom%20Assignment%20for%20PLV%20CEIT%20Bldg%20(with%20backend)/n
ode_modules/@radix-ui/react-primitive/node_modules/@radix-ui/react-slot/dist/index.mjs:33:13
    at file:///C:/Users/Deign/Downloads/Digital%20Classroom%20Assignment%20for%20PLV%20CEIT%20Bldg%20(with%20backend)/n
ode_modules/@radix-ui/react-primitive/node_modules/@radix-ui/react-slot/dist/index.mjs:9:13
    at file:///C:/Users/Deign/Downloads/Digital%20Classroom%20Assignment%20for%20PLV%20CEIT%20Bldg%20(with%20backend)/n
ode_modules/@radix-ui/react-primitive/dist/index.mjs:28:13
    at file:///C:/Users/Deign/Downloads/Digital%20Classroom%20Assignment%20for%20PLV%20CEIT%20Bldg%20(with%20backend)/n
ode_modules/@radix-ui/react-focus-scope/dist/index.mjs:15:5
    at file:///C:/Users/Deign/Downloads/Digital%20Classroom%20Assignment%20for%20PLV%20CEIT%20Bldg%20(with%20backend)/n
ode_modules/@radix-ui/react-dialog/dist/index.mjs:206:13
    at file:///C:/Users/Deign/Downloads/Digital%20Classroom%20Assignment%20for%20PLV%20CEIT%20Bldg%20(with%20backend)/n
ode_modules/@radix-ui/react-dialog/dist/index.mjs:132:58
    at Presence (file:///C:/Users/Deign/Downloads/Digital%20Classroom%20Assignment%20for%20PLV%20CEIT%20Bldg%20(with%20
backend)/node_modules/@radix-ui/react-presence/dist/index.mjs:19:11)
    at file:///C:/Users/Deign/Downloads/Digital%20Classroom%20Assignment%20for%20PLV%20CEIT%20Bldg%20(with%20backend)/n
ode_modules/@radix-ui/react-dialog/dist/index.mjs:123:64
    at file:///C:/Users/Deign/Downloads/Digital%20Classroom%20Assignment%20for%20PLV%20CEIT%20Bldg%20(with%20backend)/n
ode_modules/@radix-ui/react-primitive/node_modules/@radix-ui/react-slot/dist/index.mjs:33:13
    at file:///C:/Users/Deign/Downloads/Digital%20Classroom%20Assignment%20for%20PLV%20CEIT%20Bldg%20(with%20backend)/n
ode_modules/@radix-ui/react-primitive/node_modules/@radix-ui/react-slot/dist/index.mjs:9:13
    at file:///C:/Users/Deign/Downloads/Digital%20Classroom%20Assignment%20for%20PLV%20CEIT%20Bldg%20(with%20backend)/n
ode_modules/@radix-ui/react-primitive/dist/index.mjs:28:13
    at file:///C:/Users/Deign/Downloads/Digital%20Classroom%20Assignment%20for%20PLV%20CEIT%20Bldg%20(with%20backend)/n
ode_modules/@radix-ui/react-portal/dist/index.mjs:11:22
    at Presence (file:///C:/Users/Deign/Downloads/Digital%20Classroom%20Assignment%20for%20PLV%20CEIT%20Bldg%20(with%20
backend)/node_modules/@radix-ui/react-presence/dist/index.mjs:19:11)
    at Provider (file:///C:/Users/Deign/Downloads/Digital%20Classroom%20Assignment%20for%20PLV%20CEIT%20Bldg%20(with%20
backend)/node_modules/@radix-ui/react-context/dist/index.mjs:27:15)
    at DialogPortal (file:///C:/Users/Deign/Downloads/Digital%20Classroom%20Assignment%20for%20PLV%20CEIT%20Bldg%20(wit
h%20backend)/node_modules/@radix-ui/react-dialog/dist/index.mjs:85:11)
    at DialogPortal (C:/Users/Deign/Downloads/Digital Classroom Assignment for PLV CEIT Bldg (with 
backend)/components/ui/dialog.tsx:38:6)
    at C:/Users/Deign/Downloads/Digital Classroom Assignment for PLV CEIT Bldg (with 
backend)/components/ui/dialog.tsx:73:59
    at Provider (file:///C:/Users/Deign/Downloads/Digital%20Classroom%20Assignment%20for%20PLV%20CEIT%20Bldg%20(with%20
backend)/node_modules/@radix-ui/react-context/dist/index.mjs:27:15)
    at Dialog (file:///C:/Users/Deign/Downloads/Digital%20Classroom%20Assignment%20for%20PLV%20CEIT%20Bldg%20(with%20ba
ckend)/node_modules/@radix-ui/react-dialog/dist/index.mjs:25:5)
    at Dialog (C:/Users/Deign/Downloads/Digital Classroom Assignment for PLV CEIT Bldg (with 
backend)/components/ui/dialog.tsx:23:6)
    at div
    at div
    at CardHeader (C:/Users/Deign/Downloads/Digital Classroom Assignment for PLV CEIT Bldg (with 
backend)/components/ui/card.tsx:33:23)
    at div
    at Card (C:/Users/Deign/Downloads/Digital Classroom Assignment for PLV CEIT Bldg (with 
backend)/components/ui/card.tsx:12:17)
    at div
    at ClassroomManagement (C:/Users/Deign/Downloads/Digital Classroom Assignment for PLV CEIT Bldg (with 
backend)/components/ClassroomManagement.tsx:72:32)

Consider adding an error boundary to your tree to customize error handling behavior.
Visit https://reactjs.org/link/error-boundaries to learn more about error boundaries.

Error: useNotificationContext must be used within NotificationContext.Provider
    at useNotificationContext (C:/Users/Deign/Downloads/Digital Classroom Assignment for PLV CEIT Bldg (with 
backend)/contexts/NotificationContext.tsx:24:19)
    at C:/Users/Deign/Downloads/Digital Classroom Assignment for PLV CEIT Bldg (with 
backend)/src/__tests__/hooks/useNotificationContext.test.tsx:6:35
    at TestComponent (C:\Users\Deign\Downloads\Digital Classroom Assignment for PLV CEIT Bldg (with 
backend)\node_modules\@testing-library\react\dist\pure.js:331:27)
    at renderWithHooks (C:\Users\Deign\Downloads\Digital Classroom Assignment for PLV CEIT Bldg (with 
backend)\node_modules\react-dom\cjs\react-dom.development.js:15486:18)
    at mountIndeterminateComponent (C:\Users\Deign\Downloads\Digital Classroom Assignment for PLV CEIT Bldg (with 
backend)\node_modules\react-dom\cjs\react-dom.development.js:20103:13)
    at beginWork (C:\Users\Deign\Downloads\Digital Classroom Assignment for PLV CEIT Bldg (with 
backend)\node_modules\react-dom\cjs\react-dom.development.js:21626:16)
    at HTMLUnknownElement.callCallback (C:\Users\Deign\Downloads\Digital Classroom Assignment for PLV CEIT Bldg (with 
backend)\node_modules\react-dom\cjs\react-dom.development.js:4164:14)
    at HTMLUnknownElement.callTheUserObjectsOperation (C:\Users\Deign\Downloads\Digital Classroom Assignment for PLV 
CEIT Bldg (with backend)\node_modules\jsdom\lib\jsdom\living\generated\EventListener.js:26:30)
    at innerInvokeEventListeners (C:\Users\Deign\Downloads\Digital Classroom Assignment for PLV CEIT Bldg (with 
backend)\node_modules\jsdom\lib\jsdom\living\events\EventTarget-impl.js:360:16)
    at invokeEventListeners (C:\Users\Deign\Downloads\Digital Classroom Assignment for PLV CEIT Bldg (with 
backend)\node_modules\jsdom\lib\jsdom\living\events\EventTarget-impl.js:296:3)
Error: useNotificationContext must be used within NotificationContext.Provider
    at useNotificationContext (C:/Users/Deign/Downloads/Digital Classroom Assignment for PLV CEIT Bldg (with 
backend)/contexts/NotificationContext.tsx:24:19)
    at C:/Users/Deign/Downloads/Digital Classroom Assignment for PLV CEIT Bldg (with 
backend)/src/__tests__/hooks/useNotificationContext.test.tsx:6:35
    at TestComponent (C:\Users\Deign\Downloads\Digital Classroom Assignment for PLV CEIT Bldg (with 
backend)\node_modules\@testing-library\react\dist\pure.js:331:27)
    at renderWithHooks (C:\Users\Deign\Downloads\Digital Classroom Assignment for PLV CEIT Bldg (with 
backend)\node_modules\react-dom\cjs\react-dom.development.js:15486:18)
    at mountIndeterminateComponent (C:\Users\Deign\Downloads\Digital Classroom Assignment for PLV CEIT Bldg (with 
backend)\node_modules\react-dom\cjs\react-dom.development.js:20103:13)
    at beginWork (C:\Users\Deign\Downloads\Digital Classroom Assignment for PLV CEIT Bldg (with 
backend)\node_modules\react-dom\cjs\react-dom.development.js:21626:16)
    at HTMLUnknownElement.callCallback (C:\Users\Deign\Downloads\Digital Classroom Assignment for PLV CEIT Bldg (with 
backend)\node_modules\react-dom\cjs\react-dom.development.js:4164:14)
    at HTMLUnknownElement.callTheUserObjectsOperation (C:\Users\Deign\Downloads\Digital Classroom Assignment for PLV 
CEIT Bldg (with backend)\node_modules\jsdom\lib\jsdom\living\generated\EventListener.js:26:30)
    at innerInvokeEventListeners (C:\Users\Deign\Downloads\Digital Classroom Assignment for PLV CEIT Bldg (with 
backend)\node_modules\jsdom\lib\jsdom\living\events\EventTarget-impl.js:360:16)
    at invokeEventListeners (C:\Users\Deign\Downloads\Digital Classroom Assignment for PLV CEIT Bldg (with 
backend)\node_modules\jsdom\lib\jsdom\living\events\EventTarget-impl.js:296:3)
stderr | src/__tests__/hooks/useNotificationContext.test.tsx > useNotificationContext > throws when used outside 
provider
The above error occurred in the <TestComponent> component:

    at TestComponent (C:\Users\Deign\Downloads\Digital Classroom Assignment for PLV CEIT Bldg (with 
backend)\node_modules\@testing-library\react\dist\pure.js:329:5)

Consider adding an error boundary to your tree to customize error handling behavior.
Visit https://reactjs.org/link/error-boundaries to learn more about error boundaries.

 Γ£ô src/__tests__/hooks/useNotificationContext.test.tsx (2 tests) 94ms
 Γ£ô src/__tests__/integration/auth-flow.integration.test.tsx (4 tests) 13ms
 Γ£ô src/__tests__/hooks/useAuth.test.ts (13 tests) 19ms
stdout | src/__tests__/services/notificationService.test.ts > notificationService > createNotification resolves with id for normal payload
Initializing Firebase app with projectId: plv-classroom-assigment

 Γ£ô src/__tests__/services/notificationService.test.ts (3 tests) 14ms
ReferenceError: ResizeObserver is not defined
    at file:///C:/Users/Deign/Downloads/Digital%20Classroom%20Assignment%20for%20PLV%20CEIT%20Bldg%20(with%20backend)/n
ode_modules/@radix-ui/react-use-size/dist/index.mjs:9:30
    at commitHookEffectListMount (C:\Users\Deign\Downloads\Digital Classroom Assignment for PLV CEIT Bldg (with 
backend)\node_modules\react-dom\cjs\react-dom.development.js:23189:26)
    at commitLayoutEffectOnFiber (C:\Users\Deign\Downloads\Digital Classroom Assignment for PLV CEIT Bldg (with 
backend)\node_modules\react-dom\cjs\react-dom.development.js:23312:15)
    at commitLayoutMountEffects_complete (C:\Users\Deign\Downloads\Digital Classroom Assignment for PLV CEIT Bldg 
(with backend)\node_modules\react-dom\cjs\react-dom.development.js:24727:9)
    at commitLayoutEffects_begin (C:\Users\Deign\Downloads\Digital Classroom Assignment for PLV CEIT Bldg (with 
backend)\node_modules\react-dom\cjs\react-dom.development.js:24713:7)
    at commitLayoutEffects (C:\Users\Deign\Downloads\Digital Classroom Assignment for PLV CEIT Bldg (with 
backend)\node_modules\react-dom\cjs\react-dom.development.js:24651:3)
    at commitRootImpl (C:\Users\Deign\Downloads\Digital Classroom Assignment for PLV CEIT Bldg (with 
backend)\node_modules\react-dom\cjs\react-dom.development.js:26862:5)
    at commitRoot (C:\Users\Deign\Downloads\Digital Classroom Assignment for PLV CEIT Bldg (with 
backend)\node_modules\react-dom\cjs\react-dom.development.js:26721:5)
    at performSyncWorkOnRoot (C:\Users\Deign\Downloads\Digital Classroom Assignment for PLV CEIT Bldg (with 
backend)\node_modules\react-dom\cjs\react-dom.development.js:26156:3)
    at flushSyncCallbacks (C:\Users\Deign\Downloads\Digital Classroom Assignment for PLV CEIT Bldg (with 
backend)\node_modules\react-dom\cjs\react-dom.development.js:12042:22)
stderr | src/__tests__/components/ClassroomManagement.test.tsx > ClassroomManagement > accessibility > should have 
accessible form inputs
The above error occurred in the <SwitchBubbleInput> component:

    at file:///C:/Users/Deign/Downloads/Digital%20Classroom%20Assignment%20for%20PLV%20CEIT%20Bldg%20(with%20backend)/n
ode_modules/@radix-ui/react-switch/dist/index.mjs:101:5
    at Provider (file:///C:/Users/Deign/Downloads/Digital%20Classroom%20Assignment%20for%20PLV%20CEIT%20Bldg%20(with%20
backend)/node_modules/@radix-ui/react-context/dist/index.mjs:27:15)
    at file:///C:/Users/Deign/Downloads/Digital%20Classroom%20Assignment%20for%20PLV%20CEIT%20Bldg%20(with%20backend)/n
ode_modules/@radix-ui/react-switch/dist/index.mjs:19:7
    at Switch (C:/Users/Deign/Downloads/Digital Classroom Assignment for PLV CEIT Bldg (with 
backend)/components/ui/switch.tsx:10:3)
    at div
    at form
    at div
    at file:///C:/Users/Deign/Downloads/Digital%20Classroom%20Assignment%20for%20PLV%20CEIT%20Bldg%20(with%20backend)/n
ode_modules/@radix-ui/react-primitive/dist/index.mjs:28:13
    at file:///C:/Users/Deign/Downloads/Digital%20Classroom%20Assignment%20for%20PLV%20CEIT%20Bldg%20(with%20backend)/n
ode_modules/@radix-ui/react-dismissable-layer/dist/index.mjs:24:7
    at file:///C:/Users/Deign/Downloads/Digital%20Classroom%20Assignment%20for%20PLV%20CEIT%20Bldg%20(with%20backend)/n
ode_modules/@radix-ui/react-primitive/node_modules/@radix-ui/react-slot/dist/index.mjs:33:13
    at file:///C:/Users/Deign/Downloads/Digital%20Classroom%20Assignment%20for%20PLV%20CEIT%20Bldg%20(with%20backend)/n
ode_modules/@radix-ui/react-primitive/node_modules/@radix-ui/react-slot/dist/index.mjs:9:13
    at file:///C:/Users/Deign/Downloads/Digital%20Classroom%20Assignment%20for%20PLV%20CEIT%20Bldg%20(with%20backend)/n
ode_modules/@radix-ui/react-primitive/dist/index.mjs:28:13
    at file:///C:/Users/Deign/Downloads/Digital%20Classroom%20Assignment%20for%20PLV%20CEIT%20Bldg%20(with%20backend)/n
ode_modules/@radix-ui/react-focus-scope/dist/index.mjs:15:5
    at file:///C:/Users/Deign/Downloads/Digital%20Classroom%20Assignment%20for%20PLV%20CEIT%20Bldg%20(with%20backend)/n
ode_modules/@radix-ui/react-dialog/dist/index.mjs:206:13
    at file:///C:/Users/Deign/Downloads/Digital%20Classroom%20Assignment%20for%20PLV%20CEIT%20Bldg%20(with%20backend)/n
ode_modules/@radix-ui/react-dialog/dist/index.mjs:132:58
    at Presence (file:///C:/Users/Deign/Downloads/Digital%20Classroom%20Assignment%20for%20PLV%20CEIT%20Bldg%20(with%20
backend)/node_modules/@radix-ui/react-presence/dist/index.mjs:19:11)
    at file:///C:/Users/Deign/Downloads/Digital%20Classroom%20Assignment%20for%20PLV%20CEIT%20Bldg%20(with%20backend)/n
ode_modules/@radix-ui/react-dialog/dist/index.mjs:123:64
    at file:///C:/Users/Deign/Downloads/Digital%20Classroom%20Assignment%20for%20PLV%20CEIT%20Bldg%20(with%20backend)/n
ode_modules/@radix-ui/react-primitive/node_modules/@radix-ui/react-slot/dist/index.mjs:33:13
    at file:///C:/Users/Deign/Downloads/Digital%20Classroom%20Assignment%20for%20PLV%20CEIT%20Bldg%20(with%20backend)/n
ode_modules/@radix-ui/react-primitive/node_modules/@radix-ui/react-slot/dist/index.mjs:9:13
    at file:///C:/Users/Deign/Downloads/Digital%20Classroom%20Assignment%20for%20PLV%20CEIT%20Bldg%20(with%20backend)/n
ode_modules/@radix-ui/react-primitive/dist/index.mjs:28:13
    at file:///C:/Users/Deign/Downloads/Digital%20Classroom%20Assignment%20for%20PLV%20CEIT%20Bldg%20(with%20backend)/n
ode_modules/@radix-ui/react-portal/dist/index.mjs:11:22
    at Presence (file:///C:/Users/Deign/Downloads/Digital%20Classroom%20Assignment%20for%20PLV%20CEIT%20Bldg%20(with%20
backend)/node_modules/@radix-ui/react-presence/dist/index.mjs:19:11)
    at Provider (file:///C:/Users/Deign/Downloads/Digital%20Classroom%20Assignment%20for%20PLV%20CEIT%20Bldg%20(with%20
backend)/node_modules/@radix-ui/react-context/dist/index.mjs:27:15)
    at DialogPortal (file:///C:/Users/Deign/Downloads/Digital%20Classroom%20Assignment%20for%20PLV%20CEIT%20Bldg%20(wit
h%20backend)/node_modules/@radix-ui/react-dialog/dist/index.mjs:85:11)
    at DialogPortal (C:/Users/Deign/Downloads/Digital Classroom Assignment for PLV CEIT Bldg (with 
backend)/components/ui/dialog.tsx:38:6)
    at C:/Users/Deign/Downloads/Digital Classroom Assignment for PLV CEIT Bldg (with 
backend)/components/ui/dialog.tsx:73:59
    at Provider (file:///C:/Users/Deign/Downloads/Digital%20Classroom%20Assignment%20for%20PLV%20CEIT%20Bldg%20(with%20
backend)/node_modules/@radix-ui/react-context/dist/index.mjs:27:15)
    at Dialog (file:///C:/Users/Deign/Downloads/Digital%20Classroom%20Assignment%20for%20PLV%20CEIT%20Bldg%20(with%20ba
ckend)/node_modules/@radix-ui/react-dialog/dist/index.mjs:25:5)
    at Dialog (C:/Users/Deign/Downloads/Digital Classroom Assignment for PLV CEIT Bldg (with 
backend)/components/ui/dialog.tsx:23:6)
    at div
    at div
    at CardHeader (C:/Users/Deign/Downloads/Digital Classroom Assignment for PLV CEIT Bldg (with 
backend)/components/ui/card.tsx:33:23)
    at div
    at Card (C:/Users/Deign/Downloads/Digital Classroom Assignment for PLV CEIT Bldg (with 
backend)/components/ui/card.tsx:12:17)
    at div
    at ClassroomManagement (C:/Users/Deign/Downloads/Digital Classroom Assignment for PLV CEIT Bldg (with 
backend)/components/ClassroomManagement.tsx:72:32)

Consider adding an error boundary to your tree to customize error handling behavior.
Visit https://reactjs.org/link/error-boundaries to learn more about error boundaries.

ReferenceError: ResizeObserver is not defined
    at file:///C:/Users/Deign/Downloads/Digital%20Classroom%20Assignment%20for%20PLV%20CEIT%20Bldg%20(with%20backend)/n
ode_modules/@radix-ui/react-use-size/dist/index.mjs:9:30
    at commitHookEffectListMount (C:\Users\Deign\Downloads\Digital Classroom Assignment for PLV CEIT Bldg (with 
backend)\node_modules\react-dom\cjs\react-dom.development.js:23189:26)
    at commitLayoutEffectOnFiber (C:\Users\Deign\Downloads\Digital Classroom Assignment for PLV CEIT Bldg (with 
backend)\node_modules\react-dom\cjs\react-dom.development.js:23312:15)
    at commitLayoutMountEffects_complete (C:\Users\Deign\Downloads\Digital Classroom Assignment for PLV CEIT Bldg 
(with backend)\node_modules\react-dom\cjs\react-dom.development.js:24727:9)
    at commitLayoutEffects_begin (C:\Users\Deign\Downloads\Digital Classroom Assignment for PLV CEIT Bldg (with 
backend)\node_modules\react-dom\cjs\react-dom.development.js:24713:7)
    at commitLayoutEffects (C:\Users\Deign\Downloads\Digital Classroom Assignment for PLV CEIT Bldg (with 
backend)\node_modules\react-dom\cjs\react-dom.development.js:24651:3)
    at commitRootImpl (C:\Users\Deign\Downloads\Digital Classroom Assignment for PLV CEIT Bldg (with 
backend)\node_modules\react-dom\cjs\react-dom.development.js:26862:5)
    at commitRoot (C:\Users\Deign\Downloads\Digital Classroom Assignment for PLV CEIT Bldg (with 
backend)\node_modules\react-dom\cjs\react-dom.development.js:26721:5)
    at performSyncWorkOnRoot (C:\Users\Deign\Downloads\Digital Classroom Assignment for PLV CEIT Bldg (with 
backend)\node_modules\react-dom\cjs\react-dom.development.js:26156:3)
    at flushSyncCallbacks (C:\Users\Deign\Downloads\Digital Classroom Assignment for PLV CEIT Bldg (with 
backend)\node_modules\react-dom\cjs\react-dom.development.js:12042:22)
stderr | src/__tests__/components/ClassroomManagement.test.tsx > ClassroomManagement > accessibility > should announce 
validation errors to screen readers
The above error occurred in the <SwitchBubbleInput> component:

    at file:///C:/Users/Deign/Downloads/Digital%20Classroom%20Assignment%20for%20PLV%20CEIT%20Bldg%20(with%20backend)/n
ode_modules/@radix-ui/react-switch/dist/index.mjs:101:5
    at Provider (file:///C:/Users/Deign/Downloads/Digital%20Classroom%20Assignment%20for%20PLV%20CEIT%20Bldg%20(with%20
backend)/node_modules/@radix-ui/react-context/dist/index.mjs:27:15)
    at file:///C:/Users/Deign/Downloads/Digital%20Classroom%20Assignment%20for%20PLV%20CEIT%20Bldg%20(with%20backend)/n
ode_modules/@radix-ui/react-switch/dist/index.mjs:19:7
    at Switch (C:/Users/Deign/Downloads/Digital Classroom Assignment for PLV CEIT Bldg (with 
backend)/components/ui/switch.tsx:10:3)
    at div
    at form
    at div
    at file:///C:/Users/Deign/Downloads/Digital%20Classroom%20Assignment%20for%20PLV%20CEIT%20Bldg%20(with%20backend)/n
ode_modules/@radix-ui/react-primitive/dist/index.mjs:28:13
    at file:///C:/Users/Deign/Downloads/Digital%20Classroom%20Assignment%20for%20PLV%20CEIT%20Bldg%20(with%20backend)/n
ode_modules/@radix-ui/react-dismissable-layer/dist/index.mjs:24:7
    at file:///C:/Users/Deign/Downloads/Digital%20Classroom%20Assignment%20for%20PLV%20CEIT%20Bldg%20(with%20backend)/n
ode_modules/@radix-ui/react-primitive/node_modules/@radix-ui/react-slot/dist/index.mjs:33:13
    at file:///C:/Users/Deign/Downloads/Digital%20Classroom%20Assignment%20for%20PLV%20CEIT%20Bldg%20(with%20backend)/n
ode_modules/@radix-ui/react-primitive/node_modules/@radix-ui/react-slot/dist/index.mjs:9:13
    at file:///C:/Users/Deign/Downloads/Digital%20Classroom%20Assignment%20for%20PLV%20CEIT%20Bldg%20(with%20backend)/n
ode_modules/@radix-ui/react-primitive/dist/index.mjs:28:13
    at file:///C:/Users/Deign/Downloads/Digital%20Classroom%20Assignment%20for%20PLV%20CEIT%20Bldg%20(with%20backend)/n
ode_modules/@radix-ui/react-focus-scope/dist/index.mjs:15:5
    at file:///C:/Users/Deign/Downloads/Digital%20Classroom%20Assignment%20for%20PLV%20CEIT%20Bldg%20(with%20backend)/n
ode_modules/@radix-ui/react-dialog/dist/index.mjs:206:13
    at file:///C:/Users/Deign/Downloads/Digital%20Classroom%20Assignment%20for%20PLV%20CEIT%20Bldg%20(with%20backend)/n
ode_modules/@radix-ui/react-dialog/dist/index.mjs:132:58
    at Presence (file:///C:/Users/Deign/Downloads/Digital%20Classroom%20Assignment%20for%20PLV%20CEIT%20Bldg%20(with%20
backend)/node_modules/@radix-ui/react-presence/dist/index.mjs:19:11)
    at file:///C:/Users/Deign/Downloads/Digital%20Classroom%20Assignment%20for%20PLV%20CEIT%20Bldg%20(with%20backend)/n
ode_modules/@radix-ui/react-dialog/dist/index.mjs:123:64
    at file:///C:/Users/Deign/Downloads/Digital%20Classroom%20Assignment%20for%20PLV%20CEIT%20Bldg%20(with%20backend)/n
ode_modules/@radix-ui/react-primitive/node_modules/@radix-ui/react-slot/dist/index.mjs:33:13
    at file:///C:/Users/Deign/Downloads/Digital%20Classroom%20Assignment%20for%20PLV%20CEIT%20Bldg%20(with%20backend)/n
ode_modules/@radix-ui/react-primitive/node_modules/@radix-ui/react-slot/dist/index.mjs:9:13
    at file:///C:/Users/Deign/Downloads/Digital%20Classroom%20Assignment%20for%20PLV%20CEIT%20Bldg%20(with%20backend)/n
ode_modules/@radix-ui/react-primitive/dist/index.mjs:28:13
    at file:///C:/Users/Deign/Downloads/Digital%20Classroom%20Assignment%20for%20PLV%20CEIT%20Bldg%20(with%20backend)/n
ode_modules/@radix-ui/react-portal/dist/index.mjs:11:22
    at Presence (file:///C:/Users/Deign/Downloads/Digital%20Classroom%20Assignment%20for%20PLV%20CEIT%20Bldg%20(with%20
backend)/node_modules/@radix-ui/react-presence/dist/index.mjs:19:11)
    at Provider (file:///C:/Users/Deign/Downloads/Digital%20Classroom%20Assignment%20for%20PLV%20CEIT%20Bldg%20(with%20
backend)/node_modules/@radix-ui/react-context/dist/index.mjs:27:15)
    at DialogPortal (file:///C:/Users/Deign/Downloads/Digital%20Classroom%20Assignment%20for%20PLV%20CEIT%20Bldg%20(wit
h%20backend)/node_modules/@radix-ui/react-dialog/dist/index.mjs:85:11)
    at DialogPortal (C:/Users/Deign/Downloads/Digital Classroom Assignment for PLV CEIT Bldg (with 
backend)/components/ui/dialog.tsx:38:6)
    at C:/Users/Deign/Downloads/Digital Classroom Assignment for PLV CEIT Bldg (with 
backend)/components/ui/dialog.tsx:73:59
    at Provider (file:///C:/Users/Deign/Downloads/Digital%20Classroom%20Assignment%20for%20PLV%20CEIT%20Bldg%20(with%20
backend)/node_modules/@radix-ui/react-context/dist/index.mjs:27:15)
    at Dialog (file:///C:/Users/Deign/Downloads/Digital%20Classroom%20Assignment%20for%20PLV%20CEIT%20Bldg%20(with%20ba
ckend)/node_modules/@radix-ui/react-dialog/dist/index.mjs:25:5)
    at Dialog (C:/Users/Deign/Downloads/Digital Classroom Assignment for PLV CEIT Bldg (with 
backend)/components/ui/dialog.tsx:23:6)
    at div
    at div
    at CardHeader (C:/Users/Deign/Downloads/Digital Classroom Assignment for PLV CEIT Bldg (with 
backend)/components/ui/card.tsx:33:23)
    at div
    at Card (C:/Users/Deign/Downloads/Digital Classroom Assignment for PLV CEIT Bldg (with 
backend)/components/ui/card.tsx:12:17)
    at div
    at ClassroomManagement (C:/Users/Deign/Downloads/Digital Classroom Assignment for PLV CEIT Bldg (with 
backend)/components/ClassroomManagement.tsx:72:32)

Consider adding an error boundary to your tree to customize error handling behavior.
Visit https://reactjs.org/link/error-boundaries to learn more about error boundaries.

 Γ¥» src/__tests__/components/ClassroomManagement.test.tsx (12 tests | 9 failed) 32204ms
       Γ£ô should render list of classrooms  488ms
       ├ù should open create dialog when add button clicked 2824ms
       ├ù should create classroom with valid data 5462ms
       ├ù should open edit dialog when edit button clicked 6905ms
       ├ù should delete classroom when delete button clicked 7617ms
       Γ£ô should display classroom equipment 154ms
       ├ù should validate capacity input 611ms
       ├ù should disable classroom when disable button clicked 5038ms
       ├ù should enable classroom when enable button clicked 2293ms
       Γ£ô should have proper ARIA labels 122ms
       ├ù should have accessible form inputs 304ms
       ├ù should announce validation errors to screen readers 377ms
 Γ£ô src/__tests__/components/NotificationBell.test.tsx (2 tests) 515ms
     Γ£ô renders with zero unread when context has none  455ms
 Γ¥» src/__tests__/hooks/useIdleTimeout.test.ts (17 tests | 12 failed) 120368ms
       Γ£ô should initialize with correct timeout 23ms
       ├ù should start countdown timer on mount 10052ms
       ├ù should reset timer on mouse activity 10074ms
       ├ù should reset timer on keyboard activity 10094ms
       Γ£ô should reset timer on scroll activity 14ms
       ├ù should fire warning callback before timeout 10019ms
       ├ù should call onIdle when timeout is reached 10008ms
       ├ù should set isIdle to true when timeout is reached 10015ms
       ├ù should extend session when called 10019ms
       Γ£ô should handle multiple rapid activities correctly 11ms
       ├ù should handle touch activity 10008ms
       ├ù should handle click activity 10005ms
       Γ£ô should not start timers when disabled 1ms
       Γ£ô should clear timers when disabled changes to true 4ms
       ├ù should call onActive when user becomes active after idle 10003ms
       ├ù should reset timer when called manually 10002ms
       ├ù should update timeRemaining accurately 10010ms

ΓÄ»ΓÄ»ΓÄ»ΓÄ»ΓÄ»ΓÄ» Failed Suites 10 ΓÄ»ΓÄ»ΓÄ»ΓÄ»ΓÄ»ΓÄ»

 FAIL  src/__tests__/components/AdminReports.test.tsx [ src/__tests__/components/AdminReports.test.tsx ]
TypeError: (0 , __vite_ssr_import_5__.createMockSignupRequest) is not a function
 Γ¥» src/__tests__/components/AdminReports.test.tsx:51:5
     49| 
     50|   const mockSignupRequests = [
     51|     createMockSignupRequest({ id: 'signup_1', status: 'pending' }),
       |     ^
     52|     createMockSignupRequest({ id: 'signup_2', status: 'approved' }),
     53|   ];

ΓÄ»ΓÄ»ΓÄ»ΓÄ»ΓÄ»ΓÄ»ΓÄ»ΓÄ»ΓÄ»ΓÄ»ΓÄ»ΓÄ»ΓÄ»ΓÄ»ΓÄ»ΓÄ»ΓÄ»ΓÄ»ΓÄ»ΓÄ»ΓÄ»ΓÄ»[1/107]ΓÄ»

 FAIL  src/__tests__/integration/booking-flow.integration.test.tsx [ 
src/__tests__/integration/booking-flow.integration.test.tsx ]
Error: [vitest] There was an error when mocking a module. If you are using "vi.mock" factory, make sure there are no 
top level variables inside, since this call is hoisted to top of the file. Read more: 
https://vitest.dev/api/vi.html#vi-mock
 Γ¥» src/__tests__/integration/booking-flow.integration.test.tsx:2:1
      1| import { describe, it, expect, beforeEach, afterEach, vi } from 'vitesΓÇª
      2| import { bookingRequestService } from '../../../lib/firebaseService';
       | ^
      3| import { notificationService } from '../../../lib/notificationService';
      4| import { createMockBookingRequest, createMockUser } from '../__mocks__ΓÇª

Caused by: Error: [vitest] No "default" export is defined on the "../../../lib/notificationService" mock. Did you 
forget to return it from "vi.mock"?
If you need to partially mock a module, you can use "importOriginal" helper inside:

vi.mock(import("../../../lib/notificationService"), async (importOriginal) => {
  const actual = await importOriginal()
  return {
    ...actual,
    // your mocked methods
  }
})

 Γ¥» lib/firebaseService.ts:2475:6
 Γ¥» src/__tests__/integration/booking-flow.integration.test.tsx:8:18

ΓÄ»ΓÄ»ΓÄ»ΓÄ»ΓÄ»ΓÄ»ΓÄ»ΓÄ»ΓÄ»ΓÄ»ΓÄ»ΓÄ»ΓÄ»ΓÄ»ΓÄ»ΓÄ»ΓÄ»ΓÄ»ΓÄ»ΓÄ»ΓÄ»ΓÄ»[2/107]ΓÄ»

 FAIL  src/__tests__/integration/classroom-flow.integration.test.tsx [ 
src/__tests__/integration/classroom-flow.integration.test.tsx ]
Error: [vitest] There was an error when mocking a module. If you are using "vi.mock" factory, make sure there are no 
top level variables inside, since this call is hoisted to top of the file. Read more: 
https://vitest.dev/api/vi.html#vi-mock
 Γ¥» src/__tests__/integration/classroom-flow.integration.test.tsx:2:1
      1| import { describe, it, expect, beforeEach, afterEach, vi } from 'vitesΓÇª
      2| import { classroomService } from '../../../lib/firebaseService';
       | ^
      3| import { notificationService } from '../../../lib/notificationService';
      4| import { createMockClassroom } from '../__mocks__/firebase';

Caused by: Error: [vitest] No "default" export is defined on the "../../../lib/notificationService" mock. Did you 
forget to return it from "vi.mock"?
If you need to partially mock a module, you can use "importOriginal" helper inside:

vi.mock(import("../../../lib/notificationService"), async (importOriginal) => {
  const actual = await importOriginal()
  return {
    ...actual,
    // your mocked methods
  }
})

 Γ¥» lib/firebaseService.ts:2475:6
 Γ¥» src/__tests__/integration/classroom-flow.integration.test.tsx:8:18

ΓÄ»ΓÄ»ΓÄ»ΓÄ»ΓÄ»ΓÄ»ΓÄ»ΓÄ»ΓÄ»ΓÄ»ΓÄ»ΓÄ»ΓÄ»ΓÄ»ΓÄ»ΓÄ»ΓÄ»ΓÄ»ΓÄ»ΓÄ»ΓÄ»ΓÄ»[3/107]ΓÄ»

 FAIL  src/__tests__/services/authService.test.ts [ src/__tests__/services/authService.test.ts ]
Error: [vitest] There was an error when mocking a module. If you are using "vi.mock" factory, make sure there are no 
top level variables inside, since this call is hoisted to top of the file. Read more: 
https://vitest.dev/api/vi.html#vi-mock
 Γ¥» src/__tests__/services/authService.test.ts:2:1
      1| import { describe, it, expect, beforeEach, afterEach, vi } from 'vitesΓÇª
      2| import { authService } from '../../../lib/firebaseService';
       | ^
      3| import {
      4|   mockHttpsCallable,

Caused by: Error: [vitest] There was an error when mocking a module. If you are using "vi.mock" factory, make sure 
there are no top level variables inside, since this call is hoisted to top of the file. Read more: 
https://vitest.dev/api/vi.html#vi-mock
 Γ¥» lib/firebaseService.ts:38:1

Caused by: ReferenceError: Cannot access '__vi_import_1__' before initialization
 Γ¥» src/__tests__/services/authService.test.ts:27:18
 Γ¥» lib/firebaseService.ts:38:1

ΓÄ»ΓÄ»ΓÄ»ΓÄ»ΓÄ»ΓÄ»ΓÄ»ΓÄ»ΓÄ»ΓÄ»ΓÄ»ΓÄ»ΓÄ»ΓÄ»ΓÄ»ΓÄ»ΓÄ»ΓÄ»ΓÄ»ΓÄ»ΓÄ»ΓÄ»[4/107]ΓÄ»

 FAIL  src/__tests__/services/bookingRequestService.test.ts [ src/__tests__/services/bookingRequestService.test.ts ]
 FAIL  src/__tests__/services/classroomDisableWarning.test.ts [ src/__tests__/services/classroomDisableWarning.test.ts 
]
 FAIL  src/__tests__/services/classroomService.test.ts [ src/__tests__/services/classroomService.test.ts ]
 FAIL  src/__tests__/services/scheduleService.test.ts [ src/__tests__/services/scheduleService.test.ts ]
Error: [vitest] There was an error when mocking a module. If you are using "vi.mock" factory, make sure there are no 
top level variables inside, since this call is hoisted to top of the file. Read more: 
https://vitest.dev/api/vi.html#vi-mock
 Γ¥» lib/firebaseService.ts:1:1
      1| import {
       | ^
      2|   collection,
      3|   doc,

Caused by: ReferenceError: Cannot access '__vi_import_1__' before initialization
 Γ¥» src/__tests__/services/bookingRequestService.test.ts:22:12
 Γ¥» lib/firebaseService.ts:1:1

ΓÄ»ΓÄ»ΓÄ»ΓÄ»ΓÄ»ΓÄ»ΓÄ»ΓÄ»ΓÄ»ΓÄ»ΓÄ»ΓÄ»ΓÄ»ΓÄ»ΓÄ»ΓÄ»ΓÄ»ΓÄ»ΓÄ»ΓÄ»ΓÄ»ΓÄ»[5/107]ΓÄ»

 FAIL  src/__tests__/services/customClaimsService.test.ts [ src/__tests__/services/customClaimsService.test.ts ]
Error: [vitest] There was an error when mocking a module. If you are using "vi.mock" factory, make sure there are no 
top level variables inside, since this call is hoisted to top of the file. Read more: 
https://vitest.dev/api/vi.html#vi-mock
 Γ¥» lib/customClaimsService.ts:2:1
      1| import { getAuth } from 'firebase/auth';
      2| import { getFunctions, httpsCallable } from 'firebase/functions';
       | ^
      3| import { getFirebaseApp } from './firebaseConfig';
      4| 

Caused by: ReferenceError: Cannot access '__vi_import_1__' before initialization
 Γ¥» src/__tests__/services/customClaimsService.test.ts:21:18
 Γ¥» lib/customClaimsService.ts:2:1

ΓÄ»ΓÄ»ΓÄ»ΓÄ»ΓÄ»ΓÄ»ΓÄ»ΓÄ»ΓÄ»ΓÄ»ΓÄ»ΓÄ»ΓÄ»ΓÄ»ΓÄ»ΓÄ»ΓÄ»ΓÄ»ΓÄ»ΓÄ»ΓÄ»ΓÄ»[6/107]ΓÄ»

 FAIL  src/__tests__/services/userService.test.ts [ src/__tests__/services/userService.test.ts ]
Error: [vitest] There was an error when mocking a module. If you are using "vi.mock" factory, make sure there are no 
top level variables inside, since this call is hoisted to top of the file. Read more: 
https://vitest.dev/api/vi.html#vi-mock
 Γ¥» src/__tests__/services/userService.test.ts:2:1
      1| import { describe, it, expect, beforeEach, afterEach, vi } from 'vitesΓÇª
      2| import { userService } from '../../../lib/firebaseService';
       | ^
      3| import {
      4|   mockGetDocs,

Caused by: Error: [vitest] There was an error when mocking a module. If you are using "vi.mock" factory, make sure 
there are no top level variables inside, since this call is hoisted to top of the file. Read more: 
https://vitest.dev/api/vi.html#vi-mock
 Γ¥» lib/firebaseService.ts:1:1

Caused by: ReferenceError: Cannot access '__vi_import_1__' before initialization
 Γ¥» src/__tests__/services/userService.test.ts:21:12
 Γ¥» lib/firebaseService.ts:1:1

ΓÄ»ΓÄ»ΓÄ»ΓÄ»ΓÄ»ΓÄ»ΓÄ»ΓÄ»ΓÄ»ΓÄ»ΓÄ»ΓÄ»ΓÄ»ΓÄ»ΓÄ»ΓÄ»ΓÄ»ΓÄ»ΓÄ»ΓÄ»ΓÄ»ΓÄ»[7/107]ΓÄ»


ΓÄ»ΓÄ»ΓÄ»ΓÄ»ΓÄ»ΓÄ» Failed Tests 97 ΓÄ»ΓÄ»ΓÄ»ΓÄ»ΓÄ»ΓÄ»ΓÄ»

 FAIL  src/__tests__/components/AdminDashboard.test.tsx > AdminDashboard > tab switching > should switch between tabs
 FAIL  src/__tests__/components/AdminDashboard.test.tsx > AdminDashboard > requests tab > should display booking 
requests
 FAIL  src/__tests__/components/AdminDashboard.test.tsx > AdminDashboard > users tab > should display user management
 FAIL  src/__tests__/components/AdminDashboard.test.tsx > AdminDashboard > approve/reject > should approve booking 
request
 FAIL  src/__tests__/components/AdminDashboard.test.tsx > AdminDashboard > bulk ops > should handle bulk operations
 FAIL  src/__tests__/components/AdminDashboard.test.tsx > AdminDashboard > logout > should call onLogout when logout 
button clicked
 FAIL  src/__tests__/components/AdminDashboard.test.tsx > AdminDashboard > classrooms tab > should display classroom 
management
 FAIL  src/__tests__/components/AdminDashboard.test.tsx > AdminDashboard > schedules tab > should display schedules
 FAIL  src/__tests__/components/AdminDashboard.test.tsx > AdminDashboard > reject request > should reject booking 
request with reason
 FAIL  src/__tests__/components/AdminDashboard.test.tsx > AdminDashboard > accessibility > should have proper ARIA 
labels for tabs
 FAIL  src/__tests__/components/AdminDashboard.test.tsx > AdminDashboard > accessibility > should support keyboard 
navigation between tabs
 FAIL  src/__tests__/components/AdminDashboard.test.tsx > AdminDashboard > accessibility > should have accessible 
logout button
 FAIL  src/__tests__/components/FacultyDashboard.test.tsx > FacultyDashboard > reservation interface > should display 
booking interface
 FAIL  src/__tests__/components/FacultyDashboard.test.tsx > FacultyDashboard > room search > should display room 
search interface
 FAIL  src/__tests__/components/FacultyDashboard.test.tsx > FacultyDashboard > filter > should filter available rooms
 FAIL  src/__tests__/components/FacultyDashboard.test.tsx > FacultyDashboard > availability > should check room 
availability
 FAIL  src/__tests__/components/FacultyDashboard.test.tsx > FacultyDashboard > conflict detection > should detect 
booking conflicts
 FAIL  src/__tests__/components/FacultyDashboard.test.tsx > FacultyDashboard > request creation > should create 
booking request
 FAIL  src/__tests__/components/FacultyDashboard.test.tsx > FacultyDashboard > pending requests > should display 
pending requests
 FAIL  src/__tests__/components/FacultyDashboard.test.tsx > FacultyDashboard > schedule view > should display schedule 
view
 FAIL  src/__tests__/components/FacultyDashboard.test.tsx > FacultyDashboard > logout > should call onLogout when 
logout button clicked
 FAIL  src/__tests__/components/FacultyDashboard.test.tsx > FacultyDashboard > accessibility > should have proper ARIA 
labels for tabs
 FAIL  src/__tests__/components/FacultyDashboard.test.tsx > FacultyDashboard > accessibility > should support keyboard 
navigation
 FAIL  src/__tests__/components/FacultyDashboard.test.tsx > FacultyDashboard > accessibility > should have accessible 
booking form
Error: useNotificationContext must be used within NotificationContext.Provider
 Γ¥» useNotificationContext contexts/NotificationContext.tsx:24:19
     22| export const useNotificationContext = () => {
     23|   const ctx = useContext(NotificationContext);
     24|   if (!ctx) throw new Error('useNotificationContext must be used withiΓÇª
       |                   ^
     25|   return ctx;
     26| };
 Γ¥» NotificationBell components/NotificationBell.tsx:14:15
 Γ¥» renderWithHooks node_modules/react-dom/cjs/react-dom.development.js:15486:18
 Γ¥» mountIndeterminateComponent node_modules/react-dom/cjs/react-dom.development.js:20103:13
 Γ¥» beginWork node_modules/react-dom/cjs/react-dom.development.js:21626:16
 Γ¥» beginWork$1 node_modules/react-dom/cjs/react-dom.development.js:27465:14
 Γ¥» performUnitOfWork node_modules/react-dom/cjs/react-dom.development.js:26599:12
 Γ¥» workLoopSync node_modules/react-dom/cjs/react-dom.development.js:26505:5
 Γ¥» renderRootSync node_modules/react-dom/cjs/react-dom.development.js:26473:7
 Γ¥» recoverFromConcurrentError node_modules/react-dom/cjs/react-dom.development.js:25889:20

ΓÄ»ΓÄ»ΓÄ»ΓÄ»ΓÄ»ΓÄ»ΓÄ»ΓÄ»ΓÄ»ΓÄ»ΓÄ»ΓÄ»ΓÄ»ΓÄ»ΓÄ»ΓÄ»ΓÄ»ΓÄ»ΓÄ»ΓÄ»ΓÄ»ΓÄ»[8/107]ΓÄ»

 FAIL  src/__tests__/components/ClassroomManagement.test.tsx > ClassroomManagement > create form > should open create 
dialog when add button clicked
 FAIL  src/__tests__/components/ClassroomManagement.test.tsx > ClassroomManagement > create form > should create 
classroom with valid data
 FAIL  src/__tests__/components/ClassroomManagement.test.tsx > ClassroomManagement > capacity validation > should 
validate capacity input
 FAIL  src/__tests__/components/ClassroomManagement.test.tsx > ClassroomManagement > accessibility > should have 
accessible form inputs
 FAIL  src/__tests__/components/ClassroomManagement.test.tsx > ClassroomManagement > accessibility > should announce 
validation errors to screen readers
ReferenceError: ResizeObserver is not defined
 Γ¥» ../Digital%20Classroom%20Assignment%20for%20PLV%20CEIT%20Bldg%20(with%20backend)/node_modules/@radix-ui/react-use-
size/dist/index.mjs:9:30
 Γ¥» commitHookEffectListMount node_modules/react-dom/cjs/react-dom.development.js:23189:26
 Γ¥» commitLayoutEffectOnFiber node_modules/react-dom/cjs/react-dom.development.js:23312:15
 Γ¥» commitLayoutMountEffects_complete node_modules/react-dom/cjs/react-dom.development.js:24727:9
 Γ¥» commitLayoutEffects_begin node_modules/react-dom/cjs/react-dom.development.js:24713:7
 Γ¥» commitLayoutEffects node_modules/react-dom/cjs/react-dom.development.js:24651:3
 Γ¥» commitRootImpl node_modules/react-dom/cjs/react-dom.development.js:26862:5
 Γ¥» commitRoot node_modules/react-dom/cjs/react-dom.development.js:26721:5
 Γ¥» performSyncWorkOnRoot node_modules/react-dom/cjs/react-dom.development.js:26156:3
 Γ¥» flushSyncCallbacks node_modules/react-dom/cjs/react-dom.development.js:12042:22

ΓÄ»ΓÄ»ΓÄ»ΓÄ»ΓÄ»ΓÄ»ΓÄ»ΓÄ»ΓÄ»ΓÄ»ΓÄ»ΓÄ»ΓÄ»ΓÄ»ΓÄ»ΓÄ»ΓÄ»ΓÄ»ΓÄ»ΓÄ»ΓÄ»ΓÄ»[9/107]ΓÄ»

 FAIL  src/__tests__/components/ClassroomManagement.test.tsx > ClassroomManagement > edit form > should open edit 
dialog when edit button clicked
TestingLibraryElementError: Unable to find an accessible element with the role "button" and name `/edit/i`

Here are the accessible roles:

  heading:

  Name "Classroom Management":
  [36m<h4[39m
    [33mclass[39m=[32m"leading-none"[39m
    [33mdata-slot[39m=[32m"card-title"[39m
  [36m/>[39m

  --------------------------------------------------
  button:

  Name "Add Classroom":
  [36m<button[39m
    [33maria-controls[39m=[32m"radix-:r2r:"[39m
    [33maria-expanded[39m=[32m"false"[39m
    [33maria-haspopup[39m=[32m"dialog"[39m
    [33mclass[39m=[32m"inline-flex items-center justify-center gap-2 whitespace-nowrap rounded-full text-sm 
font-medium shadow-sm transition-all [&_svg]:pointer-events-none [&_svg:not([class*='size-'])]:size-4 shrink-0 
[&_svg]:shrink-0 outline-none focus-visible:border-ring focus-visible:ring-[3px] aria-invalid:ring-destructive/20 
dark:aria-invalid:ring-destructive/40 aria-invalid:border-destructive disabled:bg-gray-200 disabled:text-gray-500 
disabled:cursor-not-allowed disabled:opacity-100 bg-background text-foreground border border-input/10 
hover:bg-primary/95 hover:text-primary-foreground focus-visible:ring-primary/30 active:bg-primary/90 h-9 px-4 py-2 
has-[>svg]:px-3 add-classroom-btn"[39m
    [33mdata-slot[39m=[32m"dialog-trigger"[39m
    [33mdata-state[39m=[32m"closed"[39m
    [33mtype[39m=[32m"button"[39m
  [36m/>[39m

  Name "":
  [36m<button[39m
    [33mclass[39m=[32m"inline-flex items-center justify-center whitespace-nowrap text-sm font-medium shadow-sm 
transition-all [&_svg]:pointer-events-none [&_svg:not([class*='size-'])]:size-4 shrink-0 [&_svg]:shrink-0 outline-none 
focus-visible:border-ring focus-visible:ring-ring/50 focus-visible:ring-[3px] aria-invalid:ring-destructive/20 
dark:aria-invalid:ring-destructive/40 aria-invalid:border-destructive disabled:bg-gray-200 disabled:text-gray-500 
disabled:cursor-not-allowed disabled:opacity-100 border bg-background text-foreground hover:bg-accent 
hover:text-accent-foreground dark:bg-input/30 dark:border-input dark:hover:bg-input/50 h-8 rounded-md gap-1.5 px-3 
has-[>svg]:px-2.5"[39m
    [33mdata-slot[39m=[32m"button"[39m
  [36m/>[39m

  Name "":
  [36m<button[39m
    [33mclass[39m=[32m"inline-flex items-center justify-center whitespace-nowrap text-sm font-medium shadow-sm 
transition-all [&_svg]:pointer-events-none [&_svg:not([class*='size-'])]:size-4 shrink-0 [&_svg]:shrink-0 outline-none 
focus-visible:border-ring focus-visible:ring-ring/50 focus-visible:ring-[3px] aria-invalid:ring-destructive/20 
dark:aria-invalid:ring-destructive/40 aria-invalid:border-destructive disabled:bg-gray-200 disabled:text-gray-500 
disabled:cursor-not-allowed disabled:opacity-100 border bg-background text-foreground hover:bg-accent 
hover:text-accent-foreground dark:bg-input/30 dark:border-input dark:hover:bg-input/50 h-8 rounded-md gap-1.5 px-3 
has-[>svg]:px-2.5"[39m
    [33mdata-slot[39m=[32m"button"[39m
  [36m/>[39m

  Name "":
  [36m<button[39m
    [33mclass[39m=[32m"inline-flex items-center justify-center whitespace-nowrap text-sm font-medium shadow-sm 
transition-all [&_svg]:pointer-events-none [&_svg:not([class*='size-'])]:size-4 shrink-0 [&_svg]:shrink-0 outline-none 
focus-visible:border-ring focus-visible:ring-ring/50 focus-visible:ring-[3px] aria-invalid:ring-destructive/20 
dark:aria-invalid:ring-destructive/40 aria-invalid:border-destructive disabled:bg-gray-200 disabled:text-gray-500 
disabled:cursor-not-allowed disabled:opacity-100 border bg-background text-foreground hover:bg-accent 
hover:text-accent-foreground dark:bg-input/30 dark:border-input dark:hover:bg-input/50 h-8 rounded-md gap-1.5 px-3 
has-[>svg]:px-2.5"[39m
    [33mdata-slot[39m=[32m"button"[39m
  [36m/>[39m

  Name "":
  [36m<button[39m
    [33mclass[39m=[32m"inline-flex items-center justify-center whitespace-nowrap text-sm font-medium shadow-sm 
transition-all [&_svg]:pointer-events-none [&_svg:not([class*='size-'])]:size-4 shrink-0 [&_svg]:shrink-0 outline-none 
focus-visible:border-ring focus-visible:ring-ring/50 focus-visible:ring-[3px] aria-invalid:ring-destructive/20 
dark:aria-invalid:ring-destructive/40 aria-invalid:border-destructive disabled:bg-gray-200 disabled:text-gray-500 
disabled:cursor-not-allowed disabled:opacity-100 border bg-background text-foreground hover:bg-accent 
hover:text-accent-foreground dark:bg-input/30 dark:border-input dark:hover:bg-input/50 h-8 rounded-md gap-1.5 px-3 
has-[>svg]:px-2.5"[39m
    [33mdata-slot[39m=[32m"button"[39m
  [36m/>[39m

  --------------------------------------------------
  textbox:

  Name "":
  [36m<input[39m
    [33mclass[39m=[32m"file:text-foreground placeholder:text-muted-foreground selection:bg-primary 
selection:text-primary-foreground dark:bg-input/30 border-input flex h-9 w-full min-w-0 rounded-md border px-3 py-1 
text-base bg-input-background transition-[color,box-shadow] outline-none file:inline-flex file:h-7 file:border-0 
file:bg-transparent file:text-sm file:font-medium disabled:pointer-events-none disabled:cursor-not-allowed 
disabled:opacity-50 md:text-sm focus-visible:border-ring focus-visible:ring-ring/50 focus-visible:ring-[3px] 
aria-invalid:ring-destructive/20 dark:aria-invalid:ring-destructive/40 aria-invalid:border-destructive"[39m
    [33mdata-slot[39m=[32m"input"[39m
    [33mplaceholder[39m=[32m"Search by room name or building..."[39m
    [33mvalue[39m=[32m""[39m
  [36m/>[39m

  --------------------------------------------------
  spinbutton:

  Name "":
  [36m<input[39m
    [33mclass[39m=[32m"file:text-foreground placeholder:text-muted-foreground selection:bg-primary 
selection:text-primary-foreground dark:bg-input/30 border-input flex h-9 w-full min-w-0 rounded-md border px-3 py-1 
text-base bg-input-background transition-[color,box-shadow] outline-none file:inline-flex file:h-7 file:border-0 
file:bg-transparent file:text-sm file:font-medium disabled:pointer-events-none disabled:cursor-not-allowed 
disabled:opacity-50 md:text-sm focus-visible:border-ring focus-visible:ring-ring/50 focus-visible:ring-[3px] 
aria-invalid:ring-destructive/20 dark:aria-invalid:ring-destructive/40 aria-invalid:border-destructive"[39m
    [33mdata-slot[39m=[32m"input"[39m
    [33mplaceholder[39m=[32m"Min capacity"[39m
    [33mtype[39m=[32m"number"[39m
    [33mvalue[39m=[32m""[39m
  [36m/>[39m

  --------------------------------------------------
  combobox:

  Name "":
  [36m<button[39m
    [33maria-autocomplete[39m=[32m"none"[39m
    [33maria-controls[39m=[32m"radix-:r2u:"[39m
    [33maria-expanded[39m=[32m"false"[39m
    [33mclass[39m=[32m"border-input data-[placeholder]:text-muted-foreground 
[&_svg:not([class*='text-'])]:text-muted-foreground focus-visible:border-ring focus-visible:ring-ring/50 
aria-invalid:ring-destructive/20 dark:aria-invalid:ring-destructive/40 aria-invalid:border-destructive 
dark:bg-input/30 dark:hover:bg-input/50 flex w-full items-center justify-between gap-2 rounded-md border 
bg-input-background px-3 py-2 text-sm whitespace-nowrap transition-[color,box-shadow,transform] outline-none 
focus-visible:ring-[3px] disabled:cursor-not-allowed disabled:opacity-50 data-[size=default]:h-9 data-[size=sm]:h-8 
data-[state=open]:scale-105 [aria-expanded='true']:scale-105 data-[state=closed]:scale-100 
[aria-expanded='false']:scale-100 *:data-[slot=select-value]:line-clamp-1 *:data-[slot=select-value]:flex 
*:data-[slot=select-value]:items-center *:data-[slot=select-value]:gap-2 [&_svg]:pointer-events-none [&_svg]:shrink-0 
[&_svg:not([class*='size-'])]:size-4"[39m
    [33mdata-size[39m=[32m"default"[39m
    [33mdata-slot[39m=[32m"select-trigger"[39m
    [33mdata-state[39m=[32m"closed"[39m
    [33mdir[39m=[32m"ltr"[39m
    [33mrole[39m=[32m"combobox"[39m
    [33mtype[39m=[32m"button"[39m
  [36m/>[39m

  --------------------------------------------------
  switch:

  Name "Only available":
  [36m<button[39m
    [33maria-checked[39m=[32m"false"[39m
    [33mclass[39m=[32m"peer data-[state=checked]:bg-primary data-[state=unchecked]:bg-switch-background 
focus-visible:border-ring focus-visible:ring-ring/50 dark:data-[state=unchecked]:bg-input/80 inline-flex h-[1.15rem] 
w-8 shrink-0 items-center rounded-full border border-transparent transition-all outline-none focus-visible:ring-[3px] 
disabled:cursor-not-allowed disabled:opacity-50"[39m
    [33mdata-slot[39m=[32m"switch"[39m
    [33mdata-state[39m=[32m"unchecked"[39m
    [33mid[39m=[32m"only-available"[39m
    [33mrole[39m=[32m"switch"[39m
    [33mtype[39m=[32m"button"[39m
    [33mvalue[39m=[32m"on"[39m
  [36m/>[39m

  Name "":
  [36m<button[39m
    [33maria-checked[39m=[32m"true"[39m
    [33mclass[39m=[32m"peer data-[state=checked]:bg-primary data-[state=unchecked]:bg-switch-background 
focus-visible:border-ring focus-visible:ring-ring/50 dark:data-[state=unchecked]:bg-input/80 inline-flex h-[1.15rem] 
w-8 shrink-0 items-center rounded-full border border-transparent transition-all outline-none focus-visible:ring-[3px] 
disabled:cursor-not-allowed disabled:opacity-50"[39m
    [33mdata-slot[39m=[32m"switch"[39m
    [33mdata-state[39m=[32m"checked"[39m
    [33mrole[39m=[32m"switch"[39m
    [33mtype[39m=[32m"button"[39m
    [33mvalue[39m=[32m"on"[39m
  [36m/>[39m

  Name "":
  [36m<button[39m
    [33maria-checked[39m=[32m"true"[39m
    [33mclass[39m=[32m"peer data-[state=checked]:bg-primary data-[state=unchecked]:bg-switch-background 
focus-visible:border-ring focus-visible:ring-ring/50 dark:data-[state=unchecked]:bg-input/80 inline-flex h-[1.15rem] 
w-8 shrink-0 items-center rounded-full border border-transparent transition-all outline-none focus-visible:ring-[3px] 
disabled:cursor-not-allowed disabled:opacity-50"[39m
    [33mdata-slot[39m=[32m"switch"[39m
    [33mdata-state[39m=[32m"checked"[39m
    [33mrole[39m=[32m"switch"[39m
    [33mtype[39m=[32m"button"[39m
    [33mvalue[39m=[32m"on"[39m
  [36m/>[39m

  --------------------------------------------------
  table:

  Name "":
  [36m<table[39m
    [33mclass[39m=[32m"w-full caption-bottom text-sm"[39m
    [33mdata-slot[39m=[32m"table"[39m
  [36m/>[39m

  --------------------------------------------------
  rowgroup:

  Name "":
  [36m<thead[39m
    [33mclass[39m=[32m"[&_tr]:border-b"[39m
    [33mdata-slot[39m=[32m"table-header"[39m
  [36m/>[39m

  Name "":
  [36m<tbody[39m
    [33mclass[39m=[32m"[&_tr:last-child]:border-0"[39m
    [33mdata-slot[39m=[32m"table-body"[39m
  [36m/>[39m

  --------------------------------------------------
  row:

  Name "Select all classrooms Room Name Building & Floor Capacity Equipment Status Actions":
  [36m<tr[39m
    [33mclass[39m=[32m"hover:bg-muted/50 data-[state=selected]:bg-muted border-b transition-colors"[39m
    [33mdata-slot[39m=[32m"table-row"[39m
  [36m/>[39m

  Name "Select classroom class_1 Room A Main Building, 1F 30 None Available":
  [36m<tr[39m
    [33mclass[39m=[32m"hover:bg-muted/50 data-[state=selected]:bg-muted border-b transition-colors"[39m
    [33mdata-slot[39m=[32m"table-row"[39m
  [36m/>[39m

  Name "Select classroom class_2 Room B Main Building, 1F 40 None Available":
  [36m<tr[39m
    [33mclass[39m=[32m"hover:bg-muted/50 data-[state=selected]:bg-muted border-b transition-colors"[39m
    [33mdata-slot[39m=[32m"table-row"[39m
  [36m/>[39m

  --------------------------------------------------
  columnheader:

  Name "Select all classrooms":
  [36m<th[39m
    [33mclass[39m=[32m"text-foreground h-10 px-2 text-left align-middle font-medium whitespace-nowrap 
[&:has([role=checkbox])]:pr-0 [&>[role=checkbox]]:translate-y-[2px]"[39m
    [33mdata-slot[39m=[32m"table-head"[39m
  [36m/>[39m

  Name "Room Name":
  [36m<th[39m
    [33mclass[39m=[32m"text-foreground h-10 px-2 text-left align-middle font-medium whitespace-nowrap 
[&:has([role=checkbox])]:pr-0 [&>[role=checkbox]]:translate-y-[2px]"[39m
    [33mdata-slot[39m=[32m"table-head"[39m
  [36m/>[39m

  Name "Building & Floor":
  [36m<th[39m
    [33mclass[39m=[32m"text-foreground h-10 px-2 text-left align-middle font-medium whitespace-nowrap 
[&:has([role=checkbox])]:pr-0 [&>[role=checkbox]]:translate-y-[2px]"[39m
    [33mdata-slot[39m=[32m"table-head"[39m
  [36m/>[39m

  Name "Capacity":
  [36m<th[39m
    [33mclass[39m=[32m"text-foreground h-10 px-2 text-left align-middle font-medium whitespace-nowrap 
[&:has([role=checkbox])]:pr-0 [&>[role=checkbox]]:translate-y-[2px]"[39m
    [33mdata-slot[39m=[32m"table-head"[39m
  [36m/>[39m

  Name "Equipment":
  [36m<th[39m
    [33mclass[39m=[32m"text-foreground h-10 px-2 text-left align-middle font-medium whitespace-nowrap 
[&:has([role=checkbox])]:pr-0 [&>[role=checkbox]]:translate-y-[2px]"[39m
    [33mdata-slot[39m=[32m"table-head"[39m
  [36m/>[39m

  Name "Status":
  [36m<th[39m
    [33mclass[39m=[32m"text-foreground h-10 px-2 text-left align-middle font-medium whitespace-nowrap 
[&:has([role=checkbox])]:pr-0 [&>[role=checkbox]]:translate-y-[2px]"[39m
    [33mdata-slot[39m=[32m"table-head"[39m
  [36m/>[39m

  Name "Actions":
  [36m<th[39m
    [33mclass[39m=[32m"text-foreground h-10 px-2 align-middle font-medium whitespace-nowrap 
[&:has([role=checkbox])]:pr-0 [&>[role=checkbox]]:translate-y-[2px] text-right"[39m
    [33mdata-slot[39m=[32m"table-head"[39m
  [36m/>[39m

  --------------------------------------------------
  checkbox:

  Name "Select all classrooms":
  [36m<input[39m
    [33maria-label[39m=[32m"Select all classrooms"[39m
    [33mclass[39m=[32m"h-4 w-4 text-indigo-600 rounded border-gray-300"[39m
    [33mtype[39m=[32m"checkbox"[39m
  [36m/>[39m

  Name "Select classroom class_1":
  [36m<input[39m
    [33maria-label[39m=[32m"Select classroom class_1"[39m
    [33mclass[39m=[32m"h-4 w-4 text-indigo-600 rounded border-gray-300"[39m
    [33mtype[39m=[32m"checkbox"[39m
  [36m/>[39m

  Name "Select classroom class_2":
  [36m<input[39m
    [33maria-label[39m=[32m"Select classroom class_2"[39m
    [33mclass[39m=[32m"h-4 w-4 text-indigo-600 rounded border-gray-300"[39m
    [33mtype[39m=[32m"checkbox"[39m
  [36m/>[39m

  --------------------------------------------------
  cell:

  Name "Select classroom class_1":
  [36m<td[39m
    [33mclass[39m=[32m"p-2 align-middle whitespace-nowrap [&:has([role=checkbox])]:pr-0 
[&>[role=checkbox]]:translate-y-[2px]"[39m
    [33mdata-slot[39m=[32m"table-cell"[39m
  [36m/>[39m

  Name "Room A":
  [36m<td[39m
    [33mclass[39m=[32m"p-2 align-middle whitespace-nowrap [&:has([role=checkbox])]:pr-0 
[&>[role=checkbox]]:translate-y-[2px] font-medium"[39m
    [33mdata-slot[39m=[32m"table-cell"[39m
  [36m/>[39m

  Name "Main Building, 1F":
  [36m<td[39m
    [33mclass[39m=[32m"p-2 align-middle whitespace-nowrap [&:has([role=checkbox])]:pr-0 
[&>[role=checkbox]]:translate-y-[2px]"[39m
    [33mdata-slot[39m=[32m"table-cell"[39m
  [36m/>[39m

  Name "30":
  [36m<td[39m
    [33mclass[39m=[32m"p-2 align-middle whitespace-nowrap [&:has([role=checkbox])]:pr-0 
[&>[role=checkbox]]:translate-y-[2px]"[39m
    [33mdata-slot[39m=[32m"table-cell"[39m
  [36m/>[39m

  Name "None":
  [36m<td[39m
    [33mclass[39m=[32m"p-2 align-middle whitespace-nowrap [&:has([role=checkbox])]:pr-0 
[&>[role=checkbox]]:translate-y-[2px]"[39m
    [33mdata-slot[39m=[32m"table-cell"[39m
  [36m/>[39m

  Name "Available":
  [36m<td[39m
    [33mclass[39m=[32m"p-2 align-middle whitespace-nowrap [&:has([role=checkbox])]:pr-0 
[&>[role=checkbox]]:translate-y-[2px]"[39m
    [33mdata-slot[39m=[32m"table-cell"[39m
  [36m/>[39m

  Name "":
  [36m<td[39m
    [33mclass[39m=[32m"p-2 align-middle whitespace-nowrap [&:has([role=checkbox])]:pr-0 
[&>[role=checkbox]]:translate-y-[2px] text-right"[39m
    [33mdata-slot[39m=[32m"table-cell"[39m
  [36m/>[39m

  Name "Select classroom class_2":
  [36m<td[39m
    [33mclass[39m=[32m"p-2 align-middle whitespace-nowrap [&:has([role=checkbox])]:pr-0 
[&>[role=checkbox]]:translate-y-[2px]"[39m
    [33mdata-slot[39m=[32m"table-cell"[39m
  [36m/>[39m

  Name "Room B":
  [36m<td[39m
    [33mclass[39m=[32m"p-2 align-middle whitespace-nowrap [&:has([role=checkbox])]:pr-0 
[&>[role=checkbox]]:translate-y-[2px] font-medium"[39m
    [33mdata-slot[39m=[32m"table-cell"[39m
  [36m/>[39m

  Name "Main Building, 1F":
  [36m<td[39m
    [33mclass[39m=[32m"p-2 align-middle whitespace-nowrap [&:has([role=checkbox])]:pr-0 
[&>[role=checkbox]]:translate-y-[2px]"[39m
    [33mdata-slot[39m=[32m"table-cell"[39m
  [36m/>[39m

  Name "40":
  [36m<td[39m
    [33mclass[39m=[32m"p-2 align-middle whitespace-nowrap [&:has([role=checkbox])]:pr-0 
[&>[role=checkbox]]:translate-y-[2px]"[39m
    [33mdata-slot[39m=[32m"table-cell"[39m
  [36m/>[39m

  Name "None":
  [36m<td[39m
    [33mclass[39m=[32m"p-2 align-middle whitespace-nowrap [&:has([role=checkbox])]:pr-0 
[&>[role=checkbox]]:translate-y-[2px]"[39m
    [33mdata-slot[39m=[32m"table-cell"[39m
  [36m/>[39m

  Name "Available":
  [36m<td[39m
    [33mclass[39m=[32m"p-2 align-middle whitespace-nowrap [&:has([role=checkbox])]:pr-0 
[&>[role=checkbox]]:translate-y-[2px]"[39m
    [33mdata-slot[39m=[32m"table-cell"[39m
  [36m/>[39m

  Name "":
  [36m<td[39m
    [33mclass[39m=[32m"p-2 align-middle whitespace-nowrap [&:has([role=checkbox])]:pr-0 
[&>[role=checkbox]]:translate-y-[2px] text-right"[39m
    [33mdata-slot[39m=[32m"table-cell"[39m
  [36m/>[39m

  --------------------------------------------------

Ignored nodes: comments, script, style
[36m<body[39m
  [33mstyle[39m=[32m""[39m
[36m>[39m
  [36m<div>[39m
    [36m<div[39m
      [33mclass[39m=[32m"space-y-6"[39m
    [36m>[39m
      [36m<div[39m
        [33mclass[39m=[32m"bg-card text-card-foreground flex flex-col gap-6 rounded-xl border"[39m
        [33mdata-slot[39m=[32m"card"[39m
      [36m>[39m
        [36m<div[39m
          [33mclass[39m=[32m"@container/card-header grid auto-rows-min grid-rows-[auto_auto] items-start gap-1.5 
px-6 pt-6 has-data-[slot=card-action]:grid-cols-[1fr_auto] [.border-b]:pb-6"[39m
          [33mdata-slot[39m=[32m"card-header"[39m
        [36m>[39m
          [36m<div[39m
            [33mclass[39m=[32m"classroom-management-header flex items-center justify-between"[39m
          [36m>[39m
            [36m<div>[39m
              [36m<h4[39m
                [33mclass[39m=[32m"leading-none"[39m
                [33mdata-slot[39m=[32m"card-title"[39m
              [36m>[39m
                [0mClassroom Management[0m
              [36m</h4>[39m
              [36m<div[39m
                [33mclass[39m=[32m"text-muted-foreground"[39m
                [33mdata-slot[39m=[32m"card-description"[39m
              [36m>[39m
                [0mManage CEIT classroom inventory and availability[0m
              [36m</div>[39m
            [36m</div>[39m
            [36m<button[39m
              [33maria-controls[39m=[32m"radix-:r2r:"[39m
              [33maria-expanded[39m=[32m"false"[39m
              [33maria-haspopup[39m=[32m"dialog"[39m
              [33mclass[39m=[32m"inline-flex items-center justify-center gap-2 whitespace-nowrap rounded-full 
text-sm font-medium shadow-sm transition-all [&_svg]:pointer-events-none [&_svg:not([class*='size-'])]:size-4 shrink-0 
[&_svg]:shrink-0 outline-none focus-visible:border-ring focus-visible:ring-[3px] aria-invalid:ring-destructive/20 
dark:aria-invalid:ring-destructive/40 aria-invalid:border-destructive disabled:bg-gray-200 disabled:text-gray-500 
disabled:cursor-not-allowed disabled:opacity-100 bg-background text-foreground border border-input/10 
hover:bg-primary/95 hover:text-primary-foreground focus-visible:ring-primary/30 active:bg-primary/90 h-9 px-4 py-2 
has-[>svg]:px-3 add-classroom-btn"[39m
              [33mdata-slot[39m=[32m"dialog-trigger"[39m
              [33mdata-state[39m=[32m"closed"[39m
              [33mtype[39m=[32m"button"[39m
            [36m>[39m
              [36m<svg[39m
                [33maria-hidden[39m=[32m"true"[39m
                [33mclass[39m=[32m"lucide lucide-plus h-4 w-4 mr-2"[39m
                [33mfill[39m=[32m"none"[39m
                [33mheight[39m=[32m"24"[39m
                [33mstroke[39m=[32m"currentColor"[39m
                [33mstroke-linecap[39m=[32m"round"[39m
                [33mstroke-linejoin[39m=[32m"round"[39m
                [33mstroke-width[39m=[32m"2"[39m
                [33mviewBox[39m=[32m"0 0 24 24"[39m
                [33mwidth[39m=[32m"24"[39m
                [33mxmlns[39m=[32m"http://www.w3.org/2000/svg"[39m
              [36m>[39m
                [36m<path[39m
                  [33md[39m=[32m"M5 12h14"[39m
                [36m/>[39m
                [36m<path[39m
                  [33md[39m=[32m"M12 5v14"[39m
                [36m/>[39m
              [36m</svg>[39m
              [0mAdd Classroom[0m
            [36m</button>[39m
          [36m</div>[39m
        [36m</div>[39m
        [36m<div[39m
          [33mclass[39m=[32m"px-6"[39m
        [36m>[39m
          [36m<div[39m
            [33mclass[39m=[32m"grid grid-cols-1 md:grid-cols-4 gap-3 mb-4"[39m
          [36m>[39m
            [36m<input[39m
              [33mclass[39m=[32m"file:text-foreground placeholder:text-muted-foreground selection:bg-primary 
selection:text-primary-foreground dark:bg-input/30 border-input flex h-9 w-full min-w-0 rounded-md border px-3 py-1 
text-base bg-input-background transition-[color,box-shadow] outline-none file:inline-flex file:h-7 file:border-0 
file:bg-transparent file:text-sm file:font-medium disabled:pointer-events-none disabled:cursor-not-allowed 
disabled:opacity-50 md:text-sm focus-visible:border-ring focus-visible:ring-ring/50 focus-visible:ring-[3px] 
aria-invalid:ring-destructive/20 dark:aria-invalid:ring-destructive/40 aria-invalid:border-destructive"[39m
              [33mdata-slot[39m=[32m"input"[39m
              [33mplaceholder[39m=[32m"Search by room name or building..."[39m
              [33mvalue[39m=[32m""[39m
            [36m/>[39m
            [36m<input[39m
              [33mclass[39m=[32m"file:text-foreground placeholder:text-muted-foreground selection:bg-primary 
selection:text-primary-foreground dark:bg-input/30 border-input flex h-9 w-full min-w-0 rounded-md border px-3 py-1 
text-base bg-input-background transition-[color,box-shadow] outline-none file:inline-flex file:h-7 file:border-0 
file:bg-transparent file:text-sm file:font-medium disabled:pointer-events-none disabled:cursor-not-allowed 
disabled:opacity-50 md:text-sm focus-visible:border-ring focus-visible:ring-ring/50 focus-visible:ring-[3px] 
aria-invalid:ring-destructive/20 dark:aria-invalid:ring-destructive/40 aria-invalid:border-destructive"[39m
              [33mdata-slot[39m=[32m"input"[39m
              [33mplaceholder[39m=[32m"Min capacity"[39m
              [33mtype[39m=[32m"number"[39m
              [33mvalue[39m=[32m""[39m
            [36m/>[39m
            [36m<button[39m
              [33maria-autocomplete[39m=[32m"none"[39m
              [33maria-controls[39m=[32m"radix-:r2u:"[39m
              [33maria-expanded[39m=[32m"false"[39m
              [33mclass[39m=[32m"border-input data-[placeholder]:text-muted-foreground 
[&_svg:not([class*='text-'])]:text-muted-foreground focus-visible:border-ring focus-visible:ring-ring/50 
aria-invalid:ring-destructive/20 dark:aria-invalid:ring-destructive/40 aria-invalid:border-destructive 
dark:bg-input/30 dark:hover:bg-input/50 flex w-full items-center justify-between gap-2 rounded-md border 
bg-input-background px-3 py-2 text-sm whitespace-nowrap transition-[color,box-shadow,transform] outline-none 
focus-visible:ring-[3px] disabled:cursor-not-allowed disabled:opacity-50 data-[size=default]:h-9 data-[size=sm]:h-8 
data-[state=open]:scale-105 [aria-expanded='true']:scale-105 data-[state=closed]:scale-100 
[aria-expanded='false']:scale-100 *:data-[slot=select-value]:line-clamp-1 *:data-[slot=select-value]:flex 
*:data-[slot=select-value]:items-center *:data-[slot=select-value]:gap-2 [&_svg]:pointer-events-none [&_svg]:shrink-0 
[&_svg:not([class*='size-'])]:size-4"[39m
              [33mdata-size[39m=[32m"default"[39m
              [33mdata-slot[39m=[32m"select-trigger"[39m
              [33mdata-state[39m=[32m"closed"[39m
              [33mdir[39m=[32m"ltr"[39m
       ...
 Γ¥» Object.getElementError node_modules/@testing-library/dom/dist/config.js:37:19
 Γ¥» node_modules/@testing-library/dom/dist/query-helpers.js:76:38
 Γ¥» node_modules/@testing-library/dom/dist/query-helpers.js:52:17
 Γ¥» node_modules/@testing-library/dom/dist/query-helpers.js:95:19
 Γ¥» src/__tests__/components/ClassroomManagement.test.tsx:98:33
     96|       render(<ClassroomManagement {...defaultProps} />);
     97| 
     98|       const editButton = screen.getByRole('button', { name: /edit/i });
       |                                 ^
     99|       await user.click(editButton);
    100| 

ΓÄ»ΓÄ»ΓÄ»ΓÄ»ΓÄ»ΓÄ»ΓÄ»ΓÄ»ΓÄ»ΓÄ»ΓÄ»ΓÄ»ΓÄ»ΓÄ»ΓÄ»ΓÄ»ΓÄ»ΓÄ»ΓÄ»ΓÄ»ΓÄ»[10/107]ΓÄ»

 FAIL  src/__tests__/components/ClassroomManagement.test.tsx > ClassroomManagement > delete > should delete classroom 
when delete button clicked
TestingLibraryElementError: Unable to find an accessible element with the role "button" and name `/delete/i`

Here are the accessible roles:

  heading:

  Name "Classroom Management":
  [36m<h4[39m
    [33mclass[39m=[32m"leading-none"[39m
    [33mdata-slot[39m=[32m"card-title"[39m
  [36m/>[39m

  --------------------------------------------------
  button:

  Name "Add Classroom":
  [36m<button[39m
    [33maria-controls[39m=[32m"radix-:r3o:"[39m
    [33maria-expanded[39m=[32m"false"[39m
    [33maria-haspopup[39m=[32m"dialog"[39m
    [33mclass[39m=[32m"inline-flex items-center justify-center gap-2 whitespace-nowrap rounded-full text-sm 
font-medium shadow-sm transition-all [&_svg]:pointer-events-none [&_svg:not([class*='size-'])]:size-4 shrink-0 
[&_svg]:shrink-0 outline-none focus-visible:border-ring focus-visible:ring-[3px] aria-invalid:ring-destructive/20 
dark:aria-invalid:ring-destructive/40 aria-invalid:border-destructive disabled:bg-gray-200 disabled:text-gray-500 
disabled:cursor-not-allowed disabled:opacity-100 bg-background text-foreground border border-input/10 
hover:bg-primary/95 hover:text-primary-foreground focus-visible:ring-primary/30 active:bg-primary/90 h-9 px-4 py-2 
has-[>svg]:px-3 add-classroom-btn"[39m
    [33mdata-slot[39m=[32m"dialog-trigger"[39m
    [33mdata-state[39m=[32m"closed"[39m
    [33mtype[39m=[32m"button"[39m
  [36m/>[39m

  Name "":
  [36m<button[39m
    [33mclass[39m=[32m"inline-flex items-center justify-center whitespace-nowrap text-sm font-medium shadow-sm 
transition-all [&_svg]:pointer-events-none [&_svg:not([class*='size-'])]:size-4 shrink-0 [&_svg]:shrink-0 outline-none 
focus-visible:border-ring focus-visible:ring-ring/50 focus-visible:ring-[3px] aria-invalid:ring-destructive/20 
dark:aria-invalid:ring-destructive/40 aria-invalid:border-destructive disabled:bg-gray-200 disabled:text-gray-500 
disabled:cursor-not-allowed disabled:opacity-100 border bg-background text-foreground hover:bg-accent 
hover:text-accent-foreground dark:bg-input/30 dark:border-input dark:hover:bg-input/50 h-8 rounded-md gap-1.5 px-3 
has-[>svg]:px-2.5"[39m
    [33mdata-slot[39m=[32m"button"[39m
  [36m/>[39m

  Name "":
  [36m<button[39m
    [33mclass[39m=[32m"inline-flex items-center justify-center whitespace-nowrap text-sm font-medium shadow-sm 
transition-all [&_svg]:pointer-events-none [&_svg:not([class*='size-'])]:size-4 shrink-0 [&_svg]:shrink-0 outline-none 
focus-visible:border-ring focus-visible:ring-ring/50 focus-visible:ring-[3px] aria-invalid:ring-destructive/20 
dark:aria-invalid:ring-destructive/40 aria-invalid:border-destructive disabled:bg-gray-200 disabled:text-gray-500 
disabled:cursor-not-allowed disabled:opacity-100 border bg-background text-foreground hover:bg-accent 
hover:text-accent-foreground dark:bg-input/30 dark:border-input dark:hover:bg-input/50 h-8 rounded-md gap-1.5 px-3 
has-[>svg]:px-2.5"[39m
    [33mdata-slot[39m=[32m"button"[39m
  [36m/>[39m

  Name "":
  [36m<button[39m
    [33mclass[39m=[32m"inline-flex items-center justify-center whitespace-nowrap text-sm font-medium shadow-sm 
transition-all [&_svg]:pointer-events-none [&_svg:not([class*='size-'])]:size-4 shrink-0 [&_svg]:shrink-0 outline-none 
focus-visible:border-ring focus-visible:ring-ring/50 focus-visible:ring-[3px] aria-invalid:ring-destructive/20 
dark:aria-invalid:ring-destructive/40 aria-invalid:border-destructive disabled:bg-gray-200 disabled:text-gray-500 
disabled:cursor-not-allowed disabled:opacity-100 border bg-background text-foreground hover:bg-accent 
hover:text-accent-foreground dark:bg-input/30 dark:border-input dark:hover:bg-input/50 h-8 rounded-md gap-1.5 px-3 
has-[>svg]:px-2.5"[39m
    [33mdata-slot[39m=[32m"button"[39m
  [36m/>[39m

  Name "":
  [36m<button[39m
    [33mclass[39m=[32m"inline-flex items-center justify-center whitespace-nowrap text-sm font-medium shadow-sm 
transition-all [&_svg]:pointer-events-none [&_svg:not([class*='size-'])]:size-4 shrink-0 [&_svg]:shrink-0 outline-none 
focus-visible:border-ring focus-visible:ring-ring/50 focus-visible:ring-[3px] aria-invalid:ring-destructive/20 
dark:aria-invalid:ring-destructive/40 aria-invalid:border-destructive disabled:bg-gray-200 disabled:text-gray-500 
disabled:cursor-not-allowed disabled:opacity-100 border bg-background text-foreground hover:bg-accent 
hover:text-accent-foreground dark:bg-input/30 dark:border-input dark:hover:bg-input/50 h-8 rounded-md gap-1.5 px-3 
has-[>svg]:px-2.5"[39m
    [33mdata-slot[39m=[32m"button"[39m
  [36m/>[39m

  --------------------------------------------------
  textbox:

  Name "":
  [36m<input[39m
    [33mclass[39m=[32m"file:text-foreground placeholder:text-muted-foreground selection:bg-primary 
selection:text-primary-foreground dark:bg-input/30 border-input flex h-9 w-full min-w-0 rounded-md border px-3 py-1 
text-base bg-input-background transition-[color,box-shadow] outline-none file:inline-flex file:h-7 file:border-0 
file:bg-transparent file:text-sm file:font-medium disabled:pointer-events-none disabled:cursor-not-allowed 
disabled:opacity-50 md:text-sm focus-visible:border-ring focus-visible:ring-ring/50 focus-visible:ring-[3px] 
aria-invalid:ring-destructive/20 dark:aria-invalid:ring-destructive/40 aria-invalid:border-destructive"[39m
    [33mdata-slot[39m=[32m"input"[39m
    [33mplaceholder[39m=[32m"Search by room name or building..."[39m
    [33mvalue[39m=[32m""[39m
  [36m/>[39m

  --------------------------------------------------
  spinbutton:

  Name "":
  [36m<input[39m
    [33mclass[39m=[32m"file:text-foreground placeholder:text-muted-foreground selection:bg-primary 
selection:text-primary-foreground dark:bg-input/30 border-input flex h-9 w-full min-w-0 rounded-md border px-3 py-1 
text-base bg-input-background transition-[color,box-shadow] outline-none file:inline-flex file:h-7 file:border-0 
file:bg-transparent file:text-sm file:font-medium disabled:pointer-events-none disabled:cursor-not-allowed 
disabled:opacity-50 md:text-sm focus-visible:border-ring focus-visible:ring-ring/50 focus-visible:ring-[3px] 
aria-invalid:ring-destructive/20 dark:aria-invalid:ring-destructive/40 aria-invalid:border-destructive"[39m
    [33mdata-slot[39m=[32m"input"[39m
    [33mplaceholder[39m=[32m"Min capacity"[39m
    [33mtype[39m=[32m"number"[39m
    [33mvalue[39m=[32m""[39m
  [36m/>[39m

  --------------------------------------------------
  combobox:

  Name "":
  [36m<button[39m
    [33maria-autocomplete[39m=[32m"none"[39m
    [33maria-controls[39m=[32m"radix-:r3r:"[39m
    [33maria-expanded[39m=[32m"false"[39m
    [33mclass[39m=[32m"border-input data-[placeholder]:text-muted-foreground 
[&_svg:not([class*='text-'])]:text-muted-foreground focus-visible:border-ring focus-visible:ring-ring/50 
aria-invalid:ring-destructive/20 dark:aria-invalid:ring-destructive/40 aria-invalid:border-destructive 
dark:bg-input/30 dark:hover:bg-input/50 flex w-full items-center justify-between gap-2 rounded-md border 
bg-input-background px-3 py-2 text-sm whitespace-nowrap transition-[color,box-shadow,transform] outline-none 
focus-visible:ring-[3px] disabled:cursor-not-allowed disabled:opacity-50 data-[size=default]:h-9 data-[size=sm]:h-8 
data-[state=open]:scale-105 [aria-expanded='true']:scale-105 data-[state=closed]:scale-100 
[aria-expanded='false']:scale-100 *:data-[slot=select-value]:line-clamp-1 *:data-[slot=select-value]:flex 
*:data-[slot=select-value]:items-center *:data-[slot=select-value]:gap-2 [&_svg]:pointer-events-none [&_svg]:shrink-0 
[&_svg:not([class*='size-'])]:size-4"[39m
    [33mdata-size[39m=[32m"default"[39m
    [33mdata-slot[39m=[32m"select-trigger"[39m
    [33mdata-state[39m=[32m"closed"[39m
    [33mdir[39m=[32m"ltr"[39m
    [33mrole[39m=[32m"combobox"[39m
    [33mtype[39m=[32m"button"[39m
  [36m/>[39m

  --------------------------------------------------
  switch:

  Name "Only available":
  [36m<button[39m
    [33maria-checked[39m=[32m"false"[39m
    [33mclass[39m=[32m"peer data-[state=checked]:bg-primary data-[state=unchecked]:bg-switch-background 
focus-visible:border-ring focus-visible:ring-ring/50 dark:data-[state=unchecked]:bg-input/80 inline-flex h-[1.15rem] 
w-8 shrink-0 items-center rounded-full border border-transparent transition-all outline-none focus-visible:ring-[3px] 
disabled:cursor-not-allowed disabled:opacity-50"[39m
    [33mdata-slot[39m=[32m"switch"[39m
    [33mdata-state[39m=[32m"unchecked"[39m
    [33mid[39m=[32m"only-available"[39m
    [33mrole[39m=[32m"switch"[39m
    [33mtype[39m=[32m"button"[39m
    [33mvalue[39m=[32m"on"[39m
  [36m/>[39m

  Name "":
  [36m<button[39m
    [33maria-checked[39m=[32m"true"[39m
    [33mclass[39m=[32m"peer data-[state=checked]:bg-primary data-[state=unchecked]:bg-switch-background 
focus-visible:border-ring focus-visible:ring-ring/50 dark:data-[state=unchecked]:bg-input/80 inline-flex h-[1.15rem] 
w-8 shrink-0 items-center rounded-full border border-transparent transition-all outline-none focus-visible:ring-[3px] 
disabled:cursor-not-allowed disabled:opacity-50"[39m
    [33mdata-slot[39m=[32m"switch"[39m
    [33mdata-state[39m=[32m"checked"[39m
    [33mrole[39m=[32m"switch"[39m
    [33mtype[39m=[32m"button"[39m
    [33mvalue[39m=[32m"on"[39m
  [36m/>[39m

  Name "":
  [36m<button[39m
    [33maria-checked[39m=[32m"true"[39m
    [33mclass[39m=[32m"peer data-[state=checked]:bg-primary data-[state=unchecked]:bg-switch-background 
focus-visible:border-ring focus-visible:ring-ring/50 dark:data-[state=unchecked]:bg-input/80 inline-flex h-[1.15rem] 
w-8 shrink-0 items-center rounded-full border border-transparent transition-all outline-none focus-visible:ring-[3px] 
disabled:cursor-not-allowed disabled:opacity-50"[39m
    [33mdata-slot[39m=[32m"switch"[39m
    [33mdata-state[39m=[32m"checked"[39m
    [33mrole[39m=[32m"switch"[39m
    [33mtype[39m=[32m"button"[39m
    [33mvalue[39m=[32m"on"[39m
  [36m/>[39m

  --------------------------------------------------
  table:

  Name "":
  [36m<table[39m
    [33mclass[39m=[32m"w-full caption-bottom text-sm"[39m
    [33mdata-slot[39m=[32m"table"[39m
  [36m/>[39m

  --------------------------------------------------
  rowgroup:

  Name "":
  [36m<thead[39m
    [33mclass[39m=[32m"[&_tr]:border-b"[39m
    [33mdata-slot[39m=[32m"table-header"[39m
  [36m/>[39m

  Name "":
  [36m<tbody[39m
    [33mclass[39m=[32m"[&_tr:last-child]:border-0"[39m
    [33mdata-slot[39m=[32m"table-body"[39m
  [36m/>[39m

  --------------------------------------------------
  row:

  Name "Select all classrooms Room Name Building & Floor Capacity Equipment Status Actions":
  [36m<tr[39m
    [33mclass[39m=[32m"hover:bg-muted/50 data-[state=selected]:bg-muted border-b transition-colors"[39m
    [33mdata-slot[39m=[32m"table-row"[39m
  [36m/>[39m

  Name "Select classroom class_1 Room A Main Building, 1F 30 None Available":
  [36m<tr[39m
    [33mclass[39m=[32m"hover:bg-muted/50 data-[state=selected]:bg-muted border-b transition-colors"[39m
    [33mdata-slot[39m=[32m"table-row"[39m
  [36m/>[39m

  Name "Select classroom class_2 Room B Main Building, 1F 40 None Available":
  [36m<tr[39m
    [33mclass[39m=[32m"hover:bg-muted/50 data-[state=selected]:bg-muted border-b transition-colors"[39m
    [33mdata-slot[39m=[32m"table-row"[39m
  [36m/>[39m

  --------------------------------------------------
  columnheader:

  Name "Select all classrooms":
  [36m<th[39m
    [33mclass[39m=[32m"text-foreground h-10 px-2 text-left align-middle font-medium whitespace-nowrap 
[&:has([role=checkbox])]:pr-0 [&>[role=checkbox]]:translate-y-[2px]"[39m
    [33mdata-slot[39m=[32m"table-head"[39m
  [36m/>[39m

  Name "Room Name":
  [36m<th[39m
    [33mclass[39m=[32m"text-foreground h-10 px-2 text-left align-middle font-medium whitespace-nowrap 
[&:has([role=checkbox])]:pr-0 [&>[role=checkbox]]:translate-y-[2px]"[39m
    [33mdata-slot[39m=[32m"table-head"[39m
  [36m/>[39m

  Name "Building & Floor":
  [36m<th[39m
    [33mclass[39m=[32m"text-foreground h-10 px-2 text-left align-middle font-medium whitespace-nowrap 
[&:has([role=checkbox])]:pr-0 [&>[role=checkbox]]:translate-y-[2px]"[39m
    [33mdata-slot[39m=[32m"table-head"[39m
  [36m/>[39m

  Name "Capacity":
  [36m<th[39m
    [33mclass[39m=[32m"text-foreground h-10 px-2 text-left align-middle font-medium whitespace-nowrap 
[&:has([role=checkbox])]:pr-0 [&>[role=checkbox]]:translate-y-[2px]"[39m
    [33mdata-slot[39m=[32m"table-head"[39m
  [36m/>[39m

  Name "Equipment":
  [36m<th[39m
    [33mclass[39m=[32m"text-foreground h-10 px-2 text-left align-middle font-medium whitespace-nowrap 
[&:has([role=checkbox])]:pr-0 [&>[role=checkbox]]:translate-y-[2px]"[39m
    [33mdata-slot[39m=[32m"table-head"[39m
  [36m/>[39m

  Name "Status":
  [36m<th[39m
    [33mclass[39m=[32m"text-foreground h-10 px-2 text-left align-middle font-medium whitespace-nowrap 
[&:has([role=checkbox])]:pr-0 [&>[role=checkbox]]:translate-y-[2px]"[39m
    [33mdata-slot[39m=[32m"table-head"[39m
  [36m/>[39m

  Name "Actions":
  [36m<th[39m
    [33mclass[39m=[32m"text-foreground h-10 px-2 align-middle font-medium whitespace-nowrap 
[&:has([role=checkbox])]:pr-0 [&>[role=checkbox]]:translate-y-[2px] text-right"[39m
    [33mdata-slot[39m=[32m"table-head"[39m
  [36m/>[39m

  --------------------------------------------------
  checkbox:

  Name "Select all classrooms":
  [36m<input[39m
    [33maria-label[39m=[32m"Select all classrooms"[39m
    [33mclass[39m=[32m"h-4 w-4 text-indigo-600 rounded border-gray-300"[39m
    [33mtype[39m=[32m"checkbox"[39m
  [36m/>[39m

  Name "Select classroom class_1":
  [36m<input[39m
    [33maria-label[39m=[32m"Select classroom class_1"[39m
    [33mclass[39m=[32m"h-4 w-4 text-indigo-600 rounded border-gray-300"[39m
    [33mtype[39m=[32m"checkbox"[39m
  [36m/>[39m

  Name "Select classroom class_2":
  [36m<input[39m
    [33maria-label[39m=[32m"Select classroom class_2"[39m
    [33mclass[39m=[32m"h-4 w-4 text-indigo-600 rounded border-gray-300"[39m
    [33mtype[39m=[32m"checkbox"[39m
  [36m/>[39m

  --------------------------------------------------
  cell:

  Name "Select classroom class_1":
  [36m<td[39m
    [33mclass[39m=[32m"p-2 align-middle whitespace-nowrap [&:has([role=checkbox])]:pr-0 
[&>[role=checkbox]]:translate-y-[2px]"[39m
    [33mdata-slot[39m=[32m"table-cell"[39m
  [36m/>[39m

  Name "Room A":
  [36m<td[39m
    [33mclass[39m=[32m"p-2 align-middle whitespace-nowrap [&:has([role=checkbox])]:pr-0 
[&>[role=checkbox]]:translate-y-[2px] font-medium"[39m
    [33mdata-slot[39m=[32m"table-cell"[39m
  [36m/>[39m

  Name "Main Building, 1F":
  [36m<td[39m
    [33mclass[39m=[32m"p-2 align-middle whitespace-nowrap [&:has([role=checkbox])]:pr-0 
[&>[role=checkbox]]:translate-y-[2px]"[39m
    [33mdata-slot[39m=[32m"table-cell"[39m
  [36m/>[39m

  Name "30":
  [36m<td[39m
    [33mclass[39m=[32m"p-2 align-middle whitespace-nowrap [&:has([role=checkbox])]:pr-0 
[&>[role=checkbox]]:translate-y-[2px]"[39m
    [33mdata-slot[39m=[32m"table-cell"[39m
  [36m/>[39m

  Name "None":
  [36m<td[39m
    [33mclass[39m=[32m"p-2 align-middle whitespace-nowrap [&:has([role=checkbox])]:pr-0 
[&>[role=checkbox]]:translate-y-[2px]"[39m
    [33mdata-slot[39m=[32m"table-cell"[39m
  [36m/>[39m

  Name "Available":
  [36m<td[39m
    [33mclass[39m=[32m"p-2 align-middle whitespace-nowrap [&:has([role=checkbox])]:pr-0 
[&>[role=checkbox]]:translate-y-[2px]"[39m
    [33mdata-slot[39m=[32m"table-cell"[39m
  [36m/>[39m

  Name "":
  [36m<td[39m
    [33mclass[39m=[32m"p-2 align-middle whitespace-nowrap [&:has([role=checkbox])]:pr-0 
[&>[role=checkbox]]:translate-y-[2px] text-right"[39m
    [33mdata-slot[39m=[32m"table-cell"[39m
  [36m/>[39m

  Name "Select classroom class_2":
  [36m<td[39m
    [33mclass[39m=[32m"p-2 align-middle whitespace-nowrap [&:has([role=checkbox])]:pr-0 
[&>[role=checkbox]]:translate-y-[2px]"[39m
    [33mdata-slot[39m=[32m"table-cell"[39m
  [36m/>[39m

  Name "Room B":
  [36m<td[39m
    [33mclass[39m=[32m"p-2 align-middle whitespace-nowrap [&:has([role=checkbox])]:pr-0 
[&>[role=checkbox]]:translate-y-[2px] font-medium"[39m
    [33mdata-slot[39m=[32m"table-cell"[39m
  [36m/>[39m

  Name "Main Building, 1F":
  [36m<td[39m
    [33mclass[39m=[32m"p-2 align-middle whitespace-nowrap [&:has([role=checkbox])]:pr-0 
[&>[role=checkbox]]:translate-y-[2px]"[39m
    [33mdata-slot[39m=[32m"table-cell"[39m
  [36m/>[39m

  Name "40":
  [36m<td[39m
    [33mclass[39m=[32m"p-2 align-middle whitespace-nowrap [&:has([role=checkbox])]:pr-0 
[&>[role=checkbox]]:translate-y-[2px]"[39m
    [33mdata-slot[39m=[32m"table-cell"[39m
  [36m/>[39m

  Name "None":
  [36m<td[39m
    [33mclass[39m=[32m"p-2 align-middle whitespace-nowrap [&:has([role=checkbox])]:pr-0 
[&>[role=checkbox]]:translate-y-[2px]"[39m
    [33mdata-slot[39m=[32m"table-cell"[39m
  [36m/>[39m

  Name "Available":
  [36m<td[39m
    [33mclass[39m=[32m"p-2 align-middle whitespace-nowrap [&:has([role=checkbox])]:pr-0 
[&>[role=checkbox]]:translate-y-[2px]"[39m
    [33mdata-slot[39m=[32m"table-cell"[39m
  [36m/>[39m

  Name "":
  [36m<td[39m
    [33mclass[39m=[32m"p-2 align-middle whitespace-nowrap [&:has([role=checkbox])]:pr-0 
[&>[role=checkbox]]:translate-y-[2px] text-right"[39m
    [33mdata-slot[39m=[32m"table-cell"[39m
  [36m/>[39m

  --------------------------------------------------

Ignored nodes: comments, script, style
[36m<body[39m
  [33mstyle[39m=[32m""[39m
[36m>[39m
  [36m<div>[39m
    [36m<div[39m
      [33mclass[39m=[32m"space-y-6"[39m
    [36m>[39m
      [36m<div[39m
        [33mclass[39m=[32m"bg-card text-card-foreground flex flex-col gap-6 rounded-xl border"[39m
        [33mdata-slot[39m=[32m"card"[39m
      [36m>[39m
        [36m<div[39m
          [33mclass[39m=[32m"@container/card-header grid auto-rows-min grid-rows-[auto_auto] items-start gap-1.5 
px-6 pt-6 has-data-[slot=card-action]:grid-cols-[1fr_auto] [.border-b]:pb-6"[39m
          [33mdata-slot[39m=[32m"card-header"[39m
        [36m>[39m
          [36m<div[39m
            [33mclass[39m=[32m"classroom-management-header flex items-center justify-between"[39m
          [36m>[39m
            [36m<div>[39m
              [36m<h4[39m
                [33mclass[39m=[32m"leading-none"[39m
                [33mdata-slot[39m=[32m"card-title"[39m
              [36m>[39m
                [0mClassroom Management[0m
              [36m</h4>[39m
              [36m<div[39m
                [33mclass[39m=[32m"text-muted-foreground"[39m
                [33mdata-slot[39m=[32m"card-description"[39m
              [36m>[39m
                [0mManage CEIT classroom inventory and availability[0m
              [36m</div>[39m
            [36m</div>[39m
            [36m<button[39m
              [33maria-controls[39m=[32m"radix-:r3o:"[39m
              [33maria-expanded[39m=[32m"false"[39m
              [33maria-haspopup[39m=[32m"dialog"[39m
              [33mclass[39m=[32m"inline-flex items-center justify-center gap-2 whitespace-nowrap rounded-full 
text-sm font-medium shadow-sm transition-all [&_svg]:pointer-events-none [&_svg:not([class*='size-'])]:size-4 shrink-0 
[&_svg]:shrink-0 outline-none focus-visible:border-ring focus-visible:ring-[3px] aria-invalid:ring-destructive/20 
dark:aria-invalid:ring-destructive/40 aria-invalid:border-destructive disabled:bg-gray-200 disabled:text-gray-500 
disabled:cursor-not-allowed disabled:opacity-100 bg-background text-foreground border border-input/10 
hover:bg-primary/95 hover:text-primary-foreground focus-visible:ring-primary/30 active:bg-primary/90 h-9 px-4 py-2 
has-[>svg]:px-3 add-classroom-btn"[39m
              [33mdata-slot[39m=[32m"dialog-trigger"[39m
              [33mdata-state[39m=[32m"closed"[39m
              [33mtype[39m=[32m"button"[39m
            [36m>[39m
              [36m<svg[39m
                [33maria-hidden[39m=[32m"true"[39m
                [33mclass[39m=[32m"lucide lucide-plus h-4 w-4 mr-2"[39m
                [33mfill[39m=[32m"none"[39m
                [33mheight[39m=[32m"24"[39m
                [33mstroke[39m=[32m"currentColor"[39m
                [33mstroke-linecap[39m=[32m"round"[39m
                [33mstroke-linejoin[39m=[32m"round"[39m
                [33mstroke-width[39m=[32m"2"[39m
                [33mviewBox[39m=[32m"0 0 24 24"[39m
                [33mwidth[39m=[32m"24"[39m
                [33mxmlns[39m=[32m"http://www.w3.org/2000/svg"[39m
              [36m>[39m
                [36m<path[39m
                  [33md[39m=[32m"M5 12h14"[39m
                [36m/>[39m
                [36m<path[39m
                  [33md[39m=[32m"M12 5v14"[39m
                [36m/>[39m
              [36m</svg>[39m
              [0mAdd Classroom[0m
            [36m</button>[39m
          [36m</div>[39m
        [36m</div>[39m
        [36m<div[39m
          [33mclass[39m=[32m"px-6"[39m
        [36m>[39m
          [36m<div[39m
            [33mclass[39m=[32m"grid grid-cols-1 md:grid-cols-4 gap-3 mb-4"[39m
          [36m>[39m
            [36m<input[39m
              [33mclass[39m=[32m"file:text-foreground placeholder:text-muted-foreground selection:bg-primary 
selection:text-primary-foreground dark:bg-input/30 border-input flex h-9 w-full min-w-0 rounded-md border px-3 py-1 
text-base bg-input-background transition-[color,box-shadow] outline-none file:inline-flex file:h-7 file:border-0 
file:bg-transparent file:text-sm file:font-medium disabled:pointer-events-none disabled:cursor-not-allowed 
disabled:opacity-50 md:text-sm focus-visible:border-ring focus-visible:ring-ring/50 focus-visible:ring-[3px] 
aria-invalid:ring-destructive/20 dark:aria-invalid:ring-destructive/40 aria-invalid:border-destructive"[39m
              [33mdata-slot[39m=[32m"input"[39m
              [33mplaceholder[39m=[32m"Search by room name or building..."[39m
              [33mvalue[39m=[32m""[39m
            [36m/>[39m
            [36m<input[39m
              [33mclass[39m=[32m"file:text-foreground placeholder:text-muted-foreground selection:bg-primary 
selection:text-primary-foreground dark:bg-input/30 border-input flex h-9 w-full min-w-0 rounded-md border px-3 py-1 
text-base bg-input-background transition-[color,box-shadow] outline-none file:inline-flex file:h-7 file:border-0 
file:bg-transparent file:text-sm file:font-medium disabled:pointer-events-none disabled:cursor-not-allowed 
disabled:opacity-50 md:text-sm focus-visible:border-ring focus-visible:ring-ring/50 focus-visible:ring-[3px] 
aria-invalid:ring-destructive/20 dark:aria-invalid:ring-destructive/40 aria-invalid:border-destructive"[39m
              [33mdata-slot[39m=[32m"input"[39m
              [33mplaceholder[39m=[32m"Min capacity"[39m
              [33mtype[39m=[32m"number"[39m
              [33mvalue[39m=[32m""[39m
            [36m/>[39m
            [36m<button[39m
              [33maria-autocomplete[39m=[32m"none"[39m
              [33maria-controls[39m=[32m"radix-:r3r:"[39m
              [33maria-expanded[39m=[32m"false"[39m
              [33mclass[39m=[32m"border-input data-[placeholder]:text-muted-foreground 
[&_svg:not([class*='text-'])]:text-muted-foreground focus-visible:border-ring focus-visible:ring-ring/50 
aria-invalid:ring-destructive/20 dark:aria-invalid:ring-destructive/40 aria-invalid:border-destructive 
dark:bg-input/30 dark:hover:bg-input/50 flex w-full items-center justify-between gap-2 rounded-md border 
bg-input-background px-3 py-2 text-sm whitespace-nowrap transition-[color,box-shadow,transform] outline-none 
focus-visible:ring-[3px] disabled:cursor-not-allowed disabled:opacity-50 data-[size=default]:h-9 data-[size=sm]:h-8 
data-[state=open]:scale-105 [aria-expanded='true']:scale-105 data-[state=closed]:scale-100 
[aria-expanded='false']:scale-100 *:data-[slot=select-value]:line-clamp-1 *:data-[slot=select-value]:flex 
*:data-[slot=select-value]:items-center *:data-[slot=select-value]:gap-2 [&_svg]:pointer-events-none [&_svg]:shrink-0 
[&_svg:not([class*='size-'])]:size-4"[39m
              [33mdata-size[39m=[32m"default"[39m
              [33mdata-slot[39m=[32m"select-trigger"[39m
              [33mdata-state[39m=[32m"closed"[39m
              [33mdir[39m=[32m"ltr"[39m
       ...
 Γ¥» Object.getElementError node_modules/@testing-library/dom/dist/config.js:37:19
 Γ¥» node_modules/@testing-library/dom/dist/query-helpers.js:76:38
 Γ¥» node_modules/@testing-library/dom/dist/query-helpers.js:52:17
 Γ¥» node_modules/@testing-library/dom/dist/query-helpers.js:95:19
 Γ¥» src/__tests__/components/ClassroomManagement.test.tsx:113:35
    111|       render(<ClassroomManagement {...defaultProps} />);
    112| 
    113|       const deleteButton = screen.getByRole('button', { name: /delete/ΓÇª
       |                                   ^
    114|       await user.click(deleteButton);
    115| 

ΓÄ»ΓÄ»ΓÄ»ΓÄ»ΓÄ»ΓÄ»ΓÄ»ΓÄ»ΓÄ»ΓÄ»ΓÄ»ΓÄ»ΓÄ»ΓÄ»ΓÄ»ΓÄ»ΓÄ»ΓÄ»ΓÄ»ΓÄ»ΓÄ»[11/107]ΓÄ»

 FAIL  src/__tests__/components/ClassroomManagement.test.tsx > ClassroomManagement > disable > should disable 
classroom when disable button clicked
TestingLibraryElementError: Unable to find an accessible element with the role "button" and name `/disable/i`

Here are the accessible roles:

  heading:

  Name "Classroom Management":
  [36m<h4[39m
    [33mclass[39m=[32m"leading-none"[39m
    [33mdata-slot[39m=[32m"card-title"[39m
  [36m/>[39m

  --------------------------------------------------
  button:

  Name "Add Classroom":
  [36m<button[39m
    [33maria-controls[39m=[32m"radix-:r6h:"[39m
    [33maria-expanded[39m=[32m"false"[39m
    [33maria-haspopup[39m=[32m"dialog"[39m
    [33mclass[39m=[32m"inline-flex items-center justify-center gap-2 whitespace-nowrap rounded-full text-sm 
font-medium shadow-sm transition-all [&_svg]:pointer-events-none [&_svg:not([class*='size-'])]:size-4 shrink-0 
[&_svg]:shrink-0 outline-none focus-visible:border-ring focus-visible:ring-[3px] aria-invalid:ring-destructive/20 
dark:aria-invalid:ring-destructive/40 aria-invalid:border-destructive disabled:bg-gray-200 disabled:text-gray-500 
disabled:cursor-not-allowed disabled:opacity-100 bg-background text-foreground border border-input/10 
hover:bg-primary/95 hover:text-primary-foreground focus-visible:ring-primary/30 active:bg-primary/90 h-9 px-4 py-2 
has-[>svg]:px-3 add-classroom-btn"[39m
    [33mdata-slot[39m=[32m"dialog-trigger"[39m
    [33mdata-state[39m=[32m"closed"[39m
    [33mtype[39m=[32m"button"[39m
  [36m/>[39m

  Name "":
  [36m<button[39m
    [33mclass[39m=[32m"inline-flex items-center justify-center whitespace-nowrap text-sm font-medium shadow-sm 
transition-all [&_svg]:pointer-events-none [&_svg:not([class*='size-'])]:size-4 shrink-0 [&_svg]:shrink-0 outline-none 
focus-visible:border-ring focus-visible:ring-ring/50 focus-visible:ring-[3px] aria-invalid:ring-destructive/20 
dark:aria-invalid:ring-destructive/40 aria-invalid:border-destructive disabled:bg-gray-200 disabled:text-gray-500 
disabled:cursor-not-allowed disabled:opacity-100 border bg-background text-foreground hover:bg-accent 
hover:text-accent-foreground dark:bg-input/30 dark:border-input dark:hover:bg-input/50 h-8 rounded-md gap-1.5 px-3 
has-[>svg]:px-2.5"[39m
    [33mdata-slot[39m=[32m"button"[39m
  [36m/>[39m

  Name "":
  [36m<button[39m
    [33mclass[39m=[32m"inline-flex items-center justify-center whitespace-nowrap text-sm font-medium shadow-sm 
transition-all [&_svg]:pointer-events-none [&_svg:not([class*='size-'])]:size-4 shrink-0 [&_svg]:shrink-0 outline-none 
focus-visible:border-ring focus-visible:ring-ring/50 focus-visible:ring-[3px] aria-invalid:ring-destructive/20 
dark:aria-invalid:ring-destructive/40 aria-invalid:border-destructive disabled:bg-gray-200 disabled:text-gray-500 
disabled:cursor-not-allowed disabled:opacity-100 border bg-background text-foreground hover:bg-accent 
hover:text-accent-foreground dark:bg-input/30 dark:border-input dark:hover:bg-input/50 h-8 rounded-md gap-1.5 px-3 
has-[>svg]:px-2.5"[39m
    [33mdata-slot[39m=[32m"button"[39m
  [36m/>[39m

  Name "":
  [36m<button[39m
    [33mclass[39m=[32m"inline-flex items-center justify-center whitespace-nowrap text-sm font-medium shadow-sm 
transition-all [&_svg]:pointer-events-none [&_svg:not([class*='size-'])]:size-4 shrink-0 [&_svg]:shrink-0 outline-none 
focus-visible:border-ring focus-visible:ring-ring/50 focus-visible:ring-[3px] aria-invalid:ring-destructive/20 
dark:aria-invalid:ring-destructive/40 aria-invalid:border-destructive disabled:bg-gray-200 disabled:text-gray-500 
disabled:cursor-not-allowed disabled:opacity-100 border bg-background text-foreground hover:bg-accent 
hover:text-accent-foreground dark:bg-input/30 dark:border-input dark:hover:bg-input/50 h-8 rounded-md gap-1.5 px-3 
has-[>svg]:px-2.5"[39m
    [33mdata-slot[39m=[32m"button"[39m
  [36m/>[39m

  Name "":
  [36m<button[39m
    [33mclass[39m=[32m"inline-flex items-center justify-center whitespace-nowrap text-sm font-medium shadow-sm 
transition-all [&_svg]:pointer-events-none [&_svg:not([class*='size-'])]:size-4 shrink-0 [&_svg]:shrink-0 outline-none 
focus-visible:border-ring focus-visible:ring-ring/50 focus-visible:ring-[3px] aria-invalid:ring-destructive/20 
dark:aria-invalid:ring-destructive/40 aria-invalid:border-destructive disabled:bg-gray-200 disabled:text-gray-500 
disabled:cursor-not-allowed disabled:opacity-100 border bg-background text-foreground hover:bg-accent 
hover:text-accent-foreground dark:bg-input/30 dark:border-input dark:hover:bg-input/50 h-8 rounded-md gap-1.5 px-3 
has-[>svg]:px-2.5"[39m
    [33mdata-slot[39m=[32m"button"[39m
  [36m/>[39m

  --------------------------------------------------
  textbox:

  Name "":
  [36m<input[39m
    [33mclass[39m=[32m"file:text-foreground placeholder:text-muted-foreground selection:bg-primary 
selection:text-primary-foreground dark:bg-input/30 border-input flex h-9 w-full min-w-0 rounded-md border px-3 py-1 
text-base bg-input-background transition-[color,box-shadow] outline-none file:inline-flex file:h-7 file:border-0 
file:bg-transparent file:text-sm file:font-medium disabled:pointer-events-none disabled:cursor-not-allowed 
disabled:opacity-50 md:text-sm focus-visible:border-ring focus-visible:ring-ring/50 focus-visible:ring-[3px] 
aria-invalid:ring-destructive/20 dark:aria-invalid:ring-destructive/40 aria-invalid:border-destructive"[39m
    [33mdata-slot[39m=[32m"input"[39m
    [33mplaceholder[39m=[32m"Search by room name or building..."[39m
    [33mvalue[39m=[32m""[39m
  [36m/>[39m

  --------------------------------------------------
  spinbutton:

  Name "":
  [36m<input[39m
    [33mclass[39m=[32m"file:text-foreground placeholder:text-muted-foreground selection:bg-primary 
selection:text-primary-foreground dark:bg-input/30 border-input flex h-9 w-full min-w-0 rounded-md border px-3 py-1 
text-base bg-input-background transition-[color,box-shadow] outline-none file:inline-flex file:h-7 file:border-0 
file:bg-transparent file:text-sm file:font-medium disabled:pointer-events-none disabled:cursor-not-allowed 
disabled:opacity-50 md:text-sm focus-visible:border-ring focus-visible:ring-ring/50 focus-visible:ring-[3px] 
aria-invalid:ring-destructive/20 dark:aria-invalid:ring-destructive/40 aria-invalid:border-destructive"[39m
    [33mdata-slot[39m=[32m"input"[39m
    [33mplaceholder[39m=[32m"Min capacity"[39m
    [33mtype[39m=[32m"number"[39m
    [33mvalue[39m=[32m""[39m
  [36m/>[39m

  --------------------------------------------------
  combobox:

  Name "":
  [36m<button[39m
    [33maria-autocomplete[39m=[32m"none"[39m
    [33maria-controls[39m=[32m"radix-:r6k:"[39m
    [33maria-expanded[39m=[32m"false"[39m
    [33mclass[39m=[32m"border-input data-[placeholder]:text-muted-foreground 
[&_svg:not([class*='text-'])]:text-muted-foreground focus-visible:border-ring focus-visible:ring-ring/50 
aria-invalid:ring-destructive/20 dark:aria-invalid:ring-destructive/40 aria-invalid:border-destructive 
dark:bg-input/30 dark:hover:bg-input/50 flex w-full items-center justify-between gap-2 rounded-md border 
bg-input-background px-3 py-2 text-sm whitespace-nowrap transition-[color,box-shadow,transform] outline-none 
focus-visible:ring-[3px] disabled:cursor-not-allowed disabled:opacity-50 data-[size=default]:h-9 data-[size=sm]:h-8 
data-[state=open]:scale-105 [aria-expanded='true']:scale-105 data-[state=closed]:scale-100 
[aria-expanded='false']:scale-100 *:data-[slot=select-value]:line-clamp-1 *:data-[slot=select-value]:flex 
*:data-[slot=select-value]:items-center *:data-[slot=select-value]:gap-2 [&_svg]:pointer-events-none [&_svg]:shrink-0 
[&_svg:not([class*='size-'])]:size-4"[39m
    [33mdata-size[39m=[32m"default"[39m
    [33mdata-slot[39m=[32m"select-trigger"[39m
    [33mdata-state[39m=[32m"closed"[39m
    [33mdir[39m=[32m"ltr"[39m
    [33mrole[39m=[32m"combobox"[39m
    [33mtype[39m=[32m"button"[39m
  [36m/>[39m

  --------------------------------------------------
  switch:

  Name "Only available":
  [36m<button[39m
    [33maria-checked[39m=[32m"false"[39m
    [33mclass[39m=[32m"peer data-[state=checked]:bg-primary data-[state=unchecked]:bg-switch-background 
focus-visible:border-ring focus-visible:ring-ring/50 dark:data-[state=unchecked]:bg-input/80 inline-flex h-[1.15rem] 
w-8 shrink-0 items-center rounded-full border border-transparent transition-all outline-none focus-visible:ring-[3px] 
disabled:cursor-not-allowed disabled:opacity-50"[39m
    [33mdata-slot[39m=[32m"switch"[39m
    [33mdata-state[39m=[32m"unchecked"[39m
    [33mid[39m=[32m"only-available"[39m
    [33mrole[39m=[32m"switch"[39m
    [33mtype[39m=[32m"button"[39m
    [33mvalue[39m=[32m"on"[39m
  [36m/>[39m

  Name "":
  [36m<button[39m
    [33maria-checked[39m=[32m"true"[39m
    [33mclass[39m=[32m"peer data-[state=checked]:bg-primary data-[state=unchecked]:bg-switch-background 
focus-visible:border-ring focus-visible:ring-ring/50 dark:data-[state=unchecked]:bg-input/80 inline-flex h-[1.15rem] 
w-8 shrink-0 items-center rounded-full border border-transparent transition-all outline-none focus-visible:ring-[3px] 
disabled:cursor-not-allowed disabled:opacity-50"[39m
    [33mdata-slot[39m=[32m"switch"[39m
    [33mdata-state[39m=[32m"checked"[39m
    [33mrole[39m=[32m"switch"[39m
    [33mtype[39m=[32m"button"[39m
    [33mvalue[39m=[32m"on"[39m
  [36m/>[39m

  Name "":
  [36m<button[39m
    [33maria-checked[39m=[32m"true"[39m
    [33mclass[39m=[32m"peer data-[state=checked]:bg-primary data-[state=unchecked]:bg-switch-background 
focus-visible:border-ring focus-visible:ring-ring/50 dark:data-[state=unchecked]:bg-input/80 inline-flex h-[1.15rem] 
w-8 shrink-0 items-center rounded-full border border-transparent transition-all outline-none focus-visible:ring-[3px] 
disabled:cursor-not-allowed disabled:opacity-50"[39m
    [33mdata-slot[39m=[32m"switch"[39m
    [33mdata-state[39m=[32m"checked"[39m
    [33mrole[39m=[32m"switch"[39m
    [33mtype[39m=[32m"button"[39m
    [33mvalue[39m=[32m"on"[39m
  [36m/>[39m

  --------------------------------------------------
  table:

  Name "":
  [36m<table[39m
    [33mclass[39m=[32m"w-full caption-bottom text-sm"[39m
    [33mdata-slot[39m=[32m"table"[39m
  [36m/>[39m

  --------------------------------------------------
  rowgroup:

  Name "":
  [36m<thead[39m
    [33mclass[39m=[32m"[&_tr]:border-b"[39m
    [33mdata-slot[39m=[32m"table-header"[39m
  [36m/>[39m

  Name "":
  [36m<tbody[39m
    [33mclass[39m=[32m"[&_tr:last-child]:border-0"[39m
    [33mdata-slot[39m=[32m"table-body"[39m
  [36m/>[39m

  --------------------------------------------------
  row:

  Name "Select all classrooms Room Name Building & Floor Capacity Equipment Status Actions":
  [36m<tr[39m
    [33mclass[39m=[32m"hover:bg-muted/50 data-[state=selected]:bg-muted border-b transition-colors"[39m
    [33mdata-slot[39m=[32m"table-row"[39m
  [36m/>[39m

  Name "Select classroom class_1 Room A Main Building, 1F 30 None Available":
  [36m<tr[39m
    [33mclass[39m=[32m"hover:bg-muted/50 data-[state=selected]:bg-muted border-b transition-colors"[39m
    [33mdata-slot[39m=[32m"table-row"[39m
  [36m/>[39m

  Name "Select classroom class_2 Room B Main Building, 1F 40 None Available":
  [36m<tr[39m
    [33mclass[39m=[32m"hover:bg-muted/50 data-[state=selected]:bg-muted border-b transition-colors"[39m
    [33mdata-slot[39m=[32m"table-row"[39m
  [36m/>[39m

  --------------------------------------------------
  columnheader:

  Name "Select all classrooms":
  [36m<th[39m
    [33mclass[39m=[32m"text-foreground h-10 px-2 text-left align-middle font-medium whitespace-nowrap 
[&:has([role=checkbox])]:pr-0 [&>[role=checkbox]]:translate-y-[2px]"[39m
    [33mdata-slot[39m=[32m"table-head"[39m
  [36m/>[39m

  Name "Room Name":
  [36m<th[39m
    [33mclass[39m=[32m"text-foreground h-10 px-2 text-left align-middle font-medium whitespace-nowrap 
[&:has([role=checkbox])]:pr-0 [&>[role=checkbox]]:translate-y-[2px]"[39m
    [33mdata-slot[39m=[32m"table-head"[39m
  [36m/>[39m

  Name "Building & Floor":
  [36m<th[39m
    [33mclass[39m=[32m"text-foreground h-10 px-2 text-left align-middle font-medium whitespace-nowrap 
[&:has([role=checkbox])]:pr-0 [&>[role=checkbox]]:translate-y-[2px]"[39m
    [33mdata-slot[39m=[32m"table-head"[39m
  [36m/>[39m

  Name "Capacity":
  [36m<th[39m
    [33mclass[39m=[32m"text-foreground h-10 px-2 text-left align-middle font-medium whitespace-nowrap 
[&:has([role=checkbox])]:pr-0 [&>[role=checkbox]]:translate-y-[2px]"[39m
    [33mdata-slot[39m=[32m"table-head"[39m
  [36m/>[39m

  Name "Equipment":
  [36m<th[39m
    [33mclass[39m=[32m"text-foreground h-10 px-2 text-left align-middle font-medium whitespace-nowrap 
[&:has([role=checkbox])]:pr-0 [&>[role=checkbox]]:translate-y-[2px]"[39m
    [33mdata-slot[39m=[32m"table-head"[39m
  [36m/>[39m

  Name "Status":
  [36m<th[39m
    [33mclass[39m=[32m"text-foreground h-10 px-2 text-left align-middle font-medium whitespace-nowrap 
[&:has([role=checkbox])]:pr-0 [&>[role=checkbox]]:translate-y-[2px]"[39m
    [33mdata-slot[39m=[32m"table-head"[39m
  [36m/>[39m

  Name "Actions":
  [36m<th[39m
    [33mclass[39m=[32m"text-foreground h-10 px-2 align-middle font-medium whitespace-nowrap 
[&:has([role=checkbox])]:pr-0 [&>[role=checkbox]]:translate-y-[2px] text-right"[39m
    [33mdata-slot[39m=[32m"table-head"[39m
  [36m/>[39m

  --------------------------------------------------
  checkbox:

  Name "Select all classrooms":
  [36m<input[39m
    [33maria-label[39m=[32m"Select all classrooms"[39m
    [33mclass[39m=[32m"h-4 w-4 text-indigo-600 rounded border-gray-300"[39m
    [33mtype[39m=[32m"checkbox"[39m
  [36m/>[39m

  Name "Select classroom class_1":
  [36m<input[39m
    [33maria-label[39m=[32m"Select classroom class_1"[39m
    [33mclass[39m=[32m"h-4 w-4 text-indigo-600 rounded border-gray-300"[39m
    [33mtype[39m=[32m"checkbox"[39m
  [36m/>[39m

  Name "Select classroom class_2":
  [36m<input[39m
    [33maria-label[39m=[32m"Select classroom class_2"[39m
    [33mclass[39m=[32m"h-4 w-4 text-indigo-600 rounded border-gray-300"[39m
    [33mtype[39m=[32m"checkbox"[39m
  [36m/>[39m

  --------------------------------------------------
  cell:

  Name "Select classroom class_1":
  [36m<td[39m
    [33mclass[39m=[32m"p-2 align-middle whitespace-nowrap [&:has([role=checkbox])]:pr-0 
[&>[role=checkbox]]:translate-y-[2px]"[39m
    [33mdata-slot[39m=[32m"table-cell"[39m
  [36m/>[39m

  Name "Room A":
  [36m<td[39m
    [33mclass[39m=[32m"p-2 align-middle whitespace-nowrap [&:has([role=checkbox])]:pr-0 
[&>[role=checkbox]]:translate-y-[2px] font-medium"[39m
    [33mdata-slot[39m=[32m"table-cell"[39m
  [36m/>[39m

  Name "Main Building, 1F":
  [36m<td[39m
    [33mclass[39m=[32m"p-2 align-middle whitespace-nowrap [&:has([role=checkbox])]:pr-0 
[&>[role=checkbox]]:translate-y-[2px]"[39m
    [33mdata-slot[39m=[32m"table-cell"[39m
  [36m/>[39m

  Name "30":
  [36m<td[39m
    [33mclass[39m=[32m"p-2 align-middle whitespace-nowrap [&:has([role=checkbox])]:pr-0 
[&>[role=checkbox]]:translate-y-[2px]"[39m
    [33mdata-slot[39m=[32m"table-cell"[39m
  [36m/>[39m

  Name "None":
  [36m<td[39m
    [33mclass[39m=[32m"p-2 align-middle whitespace-nowrap [&:has([role=checkbox])]:pr-0 
[&>[role=checkbox]]:translate-y-[2px]"[39m
    [33mdata-slot[39m=[32m"table-cell"[39m
  [36m/>[39m

  Name "Available":
  [36m<td[39m
    [33mclass[39m=[32m"p-2 align-middle whitespace-nowrap [&:has([role=checkbox])]:pr-0 
[&>[role=checkbox]]:translate-y-[2px]"[39m
    [33mdata-slot[39m=[32m"table-cell"[39m
  [36m/>[39m

  Name "":
  [36m<td[39m
    [33mclass[39m=[32m"p-2 align-middle whitespace-nowrap [&:has([role=checkbox])]:pr-0 
[&>[role=checkbox]]:translate-y-[2px] text-right"[39m
    [33mdata-slot[39m=[32m"table-cell"[39m
  [36m/>[39m

  Name "Select classroom class_2":
  [36m<td[39m
    [33mclass[39m=[32m"p-2 align-middle whitespace-nowrap [&:has([role=checkbox])]:pr-0 
[&>[role=checkbox]]:translate-y-[2px]"[39m
    [33mdata-slot[39m=[32m"table-cell"[39m
  [36m/>[39m

  Name "Room B":
  [36m<td[39m
    [33mclass[39m=[32m"p-2 align-middle whitespace-nowrap [&:has([role=checkbox])]:pr-0 
[&>[role=checkbox]]:translate-y-[2px] font-medium"[39m
    [33mdata-slot[39m=[32m"table-cell"[39m
  [36m/>[39m

  Name "Main Building, 1F":
  [36m<td[39m
    [33mclass[39m=[32m"p-2 align-middle whitespace-nowrap [&:has([role=checkbox])]:pr-0 
[&>[role=checkbox]]:translate-y-[2px]"[39m
    [33mdata-slot[39m=[32m"table-cell"[39m
  [36m/>[39m

  Name "40":
  [36m<td[39m
    [33mclass[39m=[32m"p-2 align-middle whitespace-nowrap [&:has([role=checkbox])]:pr-0 
[&>[role=checkbox]]:translate-y-[2px]"[39m
    [33mdata-slot[39m=[32m"table-cell"[39m
  [36m/>[39m

  Name "None":
  [36m<td[39m
    [33mclass[39m=[32m"p-2 align-middle whitespace-nowrap [&:has([role=checkbox])]:pr-0 
[&>[role=checkbox]]:translate-y-[2px]"[39m
    [33mdata-slot[39m=[32m"table-cell"[39m
  [36m/>[39m

  Name "Available":
  [36m<td[39m
    [33mclass[39m=[32m"p-2 align-middle whitespace-nowrap [&:has([role=checkbox])]:pr-0 
[&>[role=checkbox]]:translate-y-[2px]"[39m
    [33mdata-slot[39m=[32m"table-cell"[39m
  [36m/>[39m

  Name "":
  [36m<td[39m
    [33mclass[39m=[32m"p-2 align-middle whitespace-nowrap [&:has([role=checkbox])]:pr-0 
[&>[role=checkbox]]:translate-y-[2px] text-right"[39m
    [33mdata-slot[39m=[32m"table-cell"[39m
  [36m/>[39m

  --------------------------------------------------

Ignored nodes: comments, script, style
[36m<body[39m
  [33mstyle[39m=[32m""[39m
[36m>[39m
  [36m<div>[39m
    [36m<div[39m
      [33mclass[39m=[32m"space-y-6"[39m
    [36m>[39m
      [36m<div[39m
        [33mclass[39m=[32m"bg-card text-card-foreground flex flex-col gap-6 rounded-xl border"[39m
        [33mdata-slot[39m=[32m"card"[39m
      [36m>[39m
        [36m<div[39m
          [33mclass[39m=[32m"@container/card-header grid auto-rows-min grid-rows-[auto_auto] items-start gap-1.5 
px-6 pt-6 has-data-[slot=card-action]:grid-cols-[1fr_auto] [.border-b]:pb-6"[39m
          [33mdata-slot[39m=[32m"card-header"[39m
        [36m>[39m
          [36m<div[39m
            [33mclass[39m=[32m"classroom-management-header flex items-center justify-between"[39m
          [36m>[39m
            [36m<div>[39m
              [36m<h4[39m
                [33mclass[39m=[32m"leading-none"[39m
                [33mdata-slot[39m=[32m"card-title"[39m
              [36m>[39m
                [0mClassroom Management[0m
              [36m</h4>[39m
              [36m<div[39m
                [33mclass[39m=[32m"text-muted-foreground"[39m
                [33mdata-slot[39m=[32m"card-description"[39m
              [36m>[39m
                [0mManage CEIT classroom inventory and availability[0m
              [36m</div>[39m
            [36m</div>[39m
            [36m<button[39m
              [33maria-controls[39m=[32m"radix-:r6h:"[39m
              [33maria-expanded[39m=[32m"false"[39m
              [33maria-haspopup[39m=[32m"dialog"[39m
              [33mclass[39m=[32m"inline-flex items-center justify-center gap-2 whitespace-nowrap rounded-full 
text-sm font-medium shadow-sm transition-all [&_svg]:pointer-events-none [&_svg:not([class*='size-'])]:size-4 shrink-0 
[&_svg]:shrink-0 outline-none focus-visible:border-ring focus-visible:ring-[3px] aria-invalid:ring-destructive/20 
dark:aria-invalid:ring-destructive/40 aria-invalid:border-destructive disabled:bg-gray-200 disabled:text-gray-500 
disabled:cursor-not-allowed disabled:opacity-100 bg-background text-foreground border border-input/10 
hover:bg-primary/95 hover:text-primary-foreground focus-visible:ring-primary/30 active:bg-primary/90 h-9 px-4 py-2 
has-[>svg]:px-3 add-classroom-btn"[39m
              [33mdata-slot[39m=[32m"dialog-trigger"[39m
              [33mdata-state[39m=[32m"closed"[39m
              [33mtype[39m=[32m"button"[39m
            [36m>[39m
              [36m<svg[39m
                [33maria-hidden[39m=[32m"true"[39m
                [33mclass[39m=[32m"lucide lucide-plus h-4 w-4 mr-2"[39m
                [33mfill[39m=[32m"none"[39m
                [33mheight[39m=[32m"24"[39m
                [33mstroke[39m=[32m"currentColor"[39m
                [33mstroke-linecap[39m=[32m"round"[39m
                [33mstroke-linejoin[39m=[32m"round"[39m
                [33mstroke-width[39m=[32m"2"[39m
                [33mviewBox[39m=[32m"0 0 24 24"[39m
                [33mwidth[39m=[32m"24"[39m
                [33mxmlns[39m=[32m"http://www.w3.org/2000/svg"[39m
              [36m>[39m
                [36m<path[39m
                  [33md[39m=[32m"M5 12h14"[39m
                [36m/>[39m
                [36m<path[39m
                  [33md[39m=[32m"M12 5v14"[39m
                [36m/>[39m
              [36m</svg>[39m
              [0mAdd Classroom[0m
            [36m</button>[39m
          [36m</div>[39m
        [36m</div>[39m
        [36m<div[39m
          [33mclass[39m=[32m"px-6"[39m
        [36m>[39m
          [36m<div[39m
            [33mclass[39m=[32m"grid grid-cols-1 md:grid-cols-4 gap-3 mb-4"[39m
          [36m>[39m
            [36m<input[39m
              [33mclass[39m=[32m"file:text-foreground placeholder:text-muted-foreground selection:bg-primary 
selection:text-primary-foreground dark:bg-input/30 border-input flex h-9 w-full min-w-0 rounded-md border px-3 py-1 
text-base bg-input-background transition-[color,box-shadow] outline-none file:inline-flex file:h-7 file:border-0 
file:bg-transparent file:text-sm file:font-medium disabled:pointer-events-none disabled:cursor-not-allowed 
disabled:opacity-50 md:text-sm focus-visible:border-ring focus-visible:ring-ring/50 focus-visible:ring-[3px] 
aria-invalid:ring-destructive/20 dark:aria-invalid:ring-destructive/40 aria-invalid:border-destructive"[39m
              [33mdata-slot[39m=[32m"input"[39m
              [33mplaceholder[39m=[32m"Search by room name or building..."[39m
              [33mvalue[39m=[32m""[39m
            [36m/>[39m
            [36m<input[39m
              [33mclass[39m=[32m"file:text-foreground placeholder:text-muted-foreground selection:bg-primary 
selection:text-primary-foreground dark:bg-input/30 border-input flex h-9 w-full min-w-0 rounded-md border px-3 py-1 
text-base bg-input-background transition-[color,box-shadow] outline-none file:inline-flex file:h-7 file:border-0 
file:bg-transparent file:text-sm file:font-medium disabled:pointer-events-none disabled:cursor-not-allowed 
disabled:opacity-50 md:text-sm focus-visible:border-ring focus-visible:ring-ring/50 focus-visible:ring-[3px] 
aria-invalid:ring-destructive/20 dark:aria-invalid:ring-destructive/40 aria-invalid:border-destructive"[39m
              [33mdata-slot[39m=[32m"input"[39m
              [33mplaceholder[39m=[32m"Min capacity"[39m
              [33mtype[39m=[32m"number"[39m
              [33mvalue[39m=[32m""[39m
            [36m/>[39m
            [36m<button[39m
              [33maria-autocomplete[39m=[32m"none"[39m
              [33maria-controls[39m=[32m"radix-:r6k:"[39m
              [33maria-expanded[39m=[32m"false"[39m
              [33mclass[39m=[32m"border-input data-[placeholder]:text-muted-foreground 
[&_svg:not([class*='text-'])]:text-muted-foreground focus-visible:border-ring focus-visible:ring-ring/50 
aria-invalid:ring-destructive/20 dark:aria-invalid:ring-destructive/40 aria-invalid:border-destructive 
dark:bg-input/30 dark:hover:bg-input/50 flex w-full items-center justify-between gap-2 rounded-md border 
bg-input-background px-3 py-2 text-sm whitespace-nowrap transition-[color,box-shadow,transform] outline-none 
focus-visible:ring-[3px] disabled:cursor-not-allowed disabled:opacity-50 data-[size=default]:h-9 data-[size=sm]:h-8 
data-[state=open]:scale-105 [aria-expanded='true']:scale-105 data-[state=closed]:scale-100 
[aria-expanded='false']:scale-100 *:data-[slot=select-value]:line-clamp-1 *:data-[slot=select-value]:flex 
*:data-[slot=select-value]:items-center *:data-[slot=select-value]:gap-2 [&_svg]:pointer-events-none [&_svg]:shrink-0 
[&_svg:not([class*='size-'])]:size-4"[39m
              [33mdata-size[39m=[32m"default"[39m
              [33mdata-slot[39m=[32m"select-trigger"[39m
              [33mdata-state[39m=[32m"closed"[39m
              [33mdir[39m=[32m"ltr"[39m
       ...
 Γ¥» Object.getElementError node_modules/@testing-library/dom/dist/config.js:37:19
 Γ¥» node_modules/@testing-library/dom/dist/query-helpers.js:76:38
 Γ¥» node_modules/@testing-library/dom/dist/query-helpers.js:52:17
 Γ¥» node_modules/@testing-library/dom/dist/query-helpers.js:95:19
 Γ¥» src/__tests__/components/ClassroomManagement.test.tsx:164:36
    162|       render(<ClassroomManagement {...defaultProps} />);
    163| 
    164|       const disableButton = screen.getByRole('button', { name: /disablΓÇª
       |                                    ^
    165|       if (disableButton) {
    166|         await user.click(disableButton);

ΓÄ»ΓÄ»ΓÄ»ΓÄ»ΓÄ»ΓÄ»ΓÄ»ΓÄ»ΓÄ»ΓÄ»ΓÄ»ΓÄ»ΓÄ»ΓÄ»ΓÄ»ΓÄ»ΓÄ»ΓÄ»ΓÄ»ΓÄ»ΓÄ»[12/107]ΓÄ»

 FAIL  src/__tests__/components/ClassroomManagement.test.tsx > ClassroomManagement > enable > should enable classroom 
when enable button clicked
TestingLibraryElementError: Unable to find an accessible element with the role "button" and name `/enable/i`

Here are the accessible roles:

  heading:

  Name "Classroom Management":
  [36m<h4[39m
    [33mclass[39m=[32m"leading-none"[39m
    [33mdata-slot[39m=[32m"card-title"[39m
  [36m/>[39m

  --------------------------------------------------
  button:

  Name "Add Classroom":
  [36m<button[39m
    [33maria-controls[39m=[32m"radix-:r7e:"[39m
    [33maria-expanded[39m=[32m"false"[39m
    [33maria-haspopup[39m=[32m"dialog"[39m
    [33mclass[39m=[32m"inline-flex items-center justify-center gap-2 whitespace-nowrap rounded-full text-sm 
font-medium shadow-sm transition-all [&_svg]:pointer-events-none [&_svg:not([class*='size-'])]:size-4 shrink-0 
[&_svg]:shrink-0 outline-none focus-visible:border-ring focus-visible:ring-[3px] aria-invalid:ring-destructive/20 
dark:aria-invalid:ring-destructive/40 aria-invalid:border-destructive disabled:bg-gray-200 disabled:text-gray-500 
disabled:cursor-not-allowed disabled:opacity-100 bg-background text-foreground border border-input/10 
hover:bg-primary/95 hover:text-primary-foreground focus-visible:ring-primary/30 active:bg-primary/90 h-9 px-4 py-2 
has-[>svg]:px-3 add-classroom-btn"[39m
    [33mdata-slot[39m=[32m"dialog-trigger"[39m
    [33mdata-state[39m=[32m"closed"[39m
    [33mtype[39m=[32m"button"[39m
  [36m/>[39m

  Name "":
  [36m<button[39m
    [33mclass[39m=[32m"inline-flex items-center justify-center whitespace-nowrap text-sm font-medium shadow-sm 
transition-all [&_svg]:pointer-events-none [&_svg:not([class*='size-'])]:size-4 shrink-0 [&_svg]:shrink-0 outline-none 
focus-visible:border-ring focus-visible:ring-ring/50 focus-visible:ring-[3px] aria-invalid:ring-destructive/20 
dark:aria-invalid:ring-destructive/40 aria-invalid:border-destructive disabled:bg-gray-200 disabled:text-gray-500 
disabled:cursor-not-allowed disabled:opacity-100 border bg-background text-foreground hover:bg-accent 
hover:text-accent-foreground dark:bg-input/30 dark:border-input dark:hover:bg-input/50 h-8 rounded-md gap-1.5 px-3 
has-[>svg]:px-2.5"[39m
    [33mdata-slot[39m=[32m"button"[39m
  [36m/>[39m

  Name "":
  [36m<button[39m
    [33mclass[39m=[32m"inline-flex items-center justify-center whitespace-nowrap text-sm font-medium shadow-sm 
transition-all [&_svg]:pointer-events-none [&_svg:not([class*='size-'])]:size-4 shrink-0 [&_svg]:shrink-0 outline-none 
focus-visible:border-ring focus-visible:ring-ring/50 focus-visible:ring-[3px] aria-invalid:ring-destructive/20 
dark:aria-invalid:ring-destructive/40 aria-invalid:border-destructive disabled:bg-gray-200 disabled:text-gray-500 
disabled:cursor-not-allowed disabled:opacity-100 border bg-background text-foreground hover:bg-accent 
hover:text-accent-foreground dark:bg-input/30 dark:border-input dark:hover:bg-input/50 h-8 rounded-md gap-1.5 px-3 
has-[>svg]:px-2.5"[39m
    [33mdata-slot[39m=[32m"button"[39m
  [36m/>[39m

  --------------------------------------------------
  textbox:

  Name "":
  [36m<input[39m
    [33mclass[39m=[32m"file:text-foreground placeholder:text-muted-foreground selection:bg-primary 
selection:text-primary-foreground dark:bg-input/30 border-input flex h-9 w-full min-w-0 rounded-md border px-3 py-1 
text-base bg-input-background transition-[color,box-shadow] outline-none file:inline-flex file:h-7 file:border-0 
file:bg-transparent file:text-sm file:font-medium disabled:pointer-events-none disabled:cursor-not-allowed 
disabled:opacity-50 md:text-sm focus-visible:border-ring focus-visible:ring-ring/50 focus-visible:ring-[3px] 
aria-invalid:ring-destructive/20 dark:aria-invalid:ring-destructive/40 aria-invalid:border-destructive"[39m
    [33mdata-slot[39m=[32m"input"[39m
    [33mplaceholder[39m=[32m"Search by room name or building..."[39m
    [33mvalue[39m=[32m""[39m
  [36m/>[39m

  --------------------------------------------------
  spinbutton:

  Name "":
  [36m<input[39m
    [33mclass[39m=[32m"file:text-foreground placeholder:text-muted-foreground selection:bg-primary 
selection:text-primary-foreground dark:bg-input/30 border-input flex h-9 w-full min-w-0 rounded-md border px-3 py-1 
text-base bg-input-background transition-[color,box-shadow] outline-none file:inline-flex file:h-7 file:border-0 
file:bg-transparent file:text-sm file:font-medium disabled:pointer-events-none disabled:cursor-not-allowed 
disabled:opacity-50 md:text-sm focus-visible:border-ring focus-visible:ring-ring/50 focus-visible:ring-[3px] 
aria-invalid:ring-destructive/20 dark:aria-invalid:ring-destructive/40 aria-invalid:border-destructive"[39m
    [33mdata-slot[39m=[32m"input"[39m
    [33mplaceholder[39m=[32m"Min capacity"[39m
    [33mtype[39m=[32m"number"[39m
    [33mvalue[39m=[32m""[39m
  [36m/>[39m

  --------------------------------------------------
  combobox:

  Name "":
  [36m<button[39m
    [33maria-autocomplete[39m=[32m"none"[39m
    [33maria-controls[39m=[32m"radix-:r7h:"[39m
    [33maria-expanded[39m=[32m"false"[39m
    [33mclass[39m=[32m"border-input data-[placeholder]:text-muted-foreground 
[&_svg:not([class*='text-'])]:text-muted-foreground focus-visible:border-ring focus-visible:ring-ring/50 
aria-invalid:ring-destructive/20 dark:aria-invalid:ring-destructive/40 aria-invalid:border-destructive 
dark:bg-input/30 dark:hover:bg-input/50 flex w-full items-center justify-between gap-2 rounded-md border 
bg-input-background px-3 py-2 text-sm whitespace-nowrap transition-[color,box-shadow,transform] outline-none 
focus-visible:ring-[3px] disabled:cursor-not-allowed disabled:opacity-50 data-[size=default]:h-9 data-[size=sm]:h-8 
data-[state=open]:scale-105 [aria-expanded='true']:scale-105 data-[state=closed]:scale-100 
[aria-expanded='false']:scale-100 *:data-[slot=select-value]:line-clamp-1 *:data-[slot=select-value]:flex 
*:data-[slot=select-value]:items-center *:data-[slot=select-value]:gap-2 [&_svg]:pointer-events-none [&_svg]:shrink-0 
[&_svg:not([class*='size-'])]:size-4"[39m
    [33mdata-size[39m=[32m"default"[39m
    [33mdata-slot[39m=[32m"select-trigger"[39m
    [33mdata-state[39m=[32m"closed"[39m
    [33mdir[39m=[32m"ltr"[39m
    [33mrole[39m=[32m"combobox"[39m
    [33mtype[39m=[32m"button"[39m
  [36m/>[39m

  --------------------------------------------------
  switch:

  Name "Only available":
  [36m<button[39m
    [33maria-checked[39m=[32m"false"[39m
    [33mclass[39m=[32m"peer data-[state=checked]:bg-primary data-[state=unchecked]:bg-switch-background 
focus-visible:border-ring focus-visible:ring-ring/50 dark:data-[state=unchecked]:bg-input/80 inline-flex h-[1.15rem] 
w-8 shrink-0 items-center rounded-full border border-transparent transition-all outline-none focus-visible:ring-[3px] 
disabled:cursor-not-allowed disabled:opacity-50"[39m
    [33mdata-slot[39m=[32m"switch"[39m
    [33mdata-state[39m=[32m"unchecked"[39m
    [33mid[39m=[32m"only-available"[39m
    [33mrole[39m=[32m"switch"[39m
    [33mtype[39m=[32m"button"[39m
    [33mvalue[39m=[32m"on"[39m
  [36m/>[39m

  Name "":
  [36m<button[39m
    [33maria-checked[39m=[32m"false"[39m
    [33mclass[39m=[32m"peer data-[state=checked]:bg-primary data-[state=unchecked]:bg-switch-background 
focus-visible:border-ring focus-visible:ring-ring/50 dark:data-[state=unchecked]:bg-input/80 inline-flex h-[1.15rem] 
w-8 shrink-0 items-center rounded-full border border-transparent transition-all outline-none focus-visible:ring-[3px] 
disabled:cursor-not-allowed disabled:opacity-50"[39m
    [33mdata-slot[39m=[32m"switch"[39m
    [33mdata-state[39m=[32m"unchecked"[39m
    [33mrole[39m=[32m"switch"[39m
    [33mtype[39m=[32m"button"[39m
    [33mvalue[39m=[32m"on"[39m
  [36m/>[39m

  --------------------------------------------------
  table:

  Name "":
  [36m<table[39m
    [33mclass[39m=[32m"w-full caption-bottom text-sm"[39m
    [33mdata-slot[39m=[32m"table"[39m
  [36m/>[39m

  --------------------------------------------------
  rowgroup:

  Name "":
  [36m<thead[39m
    [33mclass[39m=[32m"[&_tr]:border-b"[39m
    [33mdata-slot[39m=[32m"table-header"[39m
  [36m/>[39m

  Name "":
  [36m<tbody[39m
    [33mclass[39m=[32m"[&_tr:last-child]:border-0"[39m
    [33mdata-slot[39m=[32m"table-body"[39m
  [36m/>[39m

  --------------------------------------------------
  row:

  Name "Select all classrooms Room Name Building & Floor Capacity Equipment Status Actions":
  [36m<tr[39m
    [33mclass[39m=[32m"hover:bg-muted/50 data-[state=selected]:bg-muted border-b transition-colors"[39m
    [33mdata-slot[39m=[32m"table-row"[39m
  [36m/>[39m

  Name "Select classroom class_1 Room A Main Building, 1F 30 None Disabled":
  [36m<tr[39m
    [33mclass[39m=[32m"hover:bg-muted/50 data-[state=selected]:bg-muted border-b transition-colors"[39m
    [33mdata-slot[39m=[32m"table-row"[39m
  [36m/>[39m

  --------------------------------------------------
  columnheader:

  Name "Select all classrooms":
  [36m<th[39m
    [33mclass[39m=[32m"text-foreground h-10 px-2 text-left align-middle font-medium whitespace-nowrap 
[&:has([role=checkbox])]:pr-0 [&>[role=checkbox]]:translate-y-[2px]"[39m
    [33mdata-slot[39m=[32m"table-head"[39m
  [36m/>[39m

  Name "Room Name":
  [36m<th[39m
    [33mclass[39m=[32m"text-foreground h-10 px-2 text-left align-middle font-medium whitespace-nowrap 
[&:has([role=checkbox])]:pr-0 [&>[role=checkbox]]:translate-y-[2px]"[39m
    [33mdata-slot[39m=[32m"table-head"[39m
  [36m/>[39m

  Name "Building & Floor":
  [36m<th[39m
    [33mclass[39m=[32m"text-foreground h-10 px-2 text-left align-middle font-medium whitespace-nowrap 
[&:has([role=checkbox])]:pr-0 [&>[role=checkbox]]:translate-y-[2px]"[39m
    [33mdata-slot[39m=[32m"table-head"[39m
  [36m/>[39m

  Name "Capacity":
  [36m<th[39m
    [33mclass[39m=[32m"text-foreground h-10 px-2 text-left align-middle font-medium whitespace-nowrap 
[&:has([role=checkbox])]:pr-0 [&>[role=checkbox]]:translate-y-[2px]"[39m
    [33mdata-slot[39m=[32m"table-head"[39m
  [36m/>[39m

  Name "Equipment":
  [36m<th[39m
    [33mclass[39m=[32m"text-foreground h-10 px-2 text-left align-middle font-medium whitespace-nowrap 
[&:has([role=checkbox])]:pr-0 [&>[role=checkbox]]:translate-y-[2px]"[39m
    [33mdata-slot[39m=[32m"table-head"[39m
  [36m/>[39m

  Name "Status":
  [36m<th[39m
    [33mclass[39m=[32m"text-foreground h-10 px-2 text-left align-middle font-medium whitespace-nowrap 
[&:has([role=checkbox])]:pr-0 [&>[role=checkbox]]:translate-y-[2px]"[39m
    [33mdata-slot[39m=[32m"table-head"[39m
  [36m/>[39m

  Name "Actions":
  [36m<th[39m
    [33mclass[39m=[32m"text-foreground h-10 px-2 align-middle font-medium whitespace-nowrap 
[&:has([role=checkbox])]:pr-0 [&>[role=checkbox]]:translate-y-[2px] text-right"[39m
    [33mdata-slot[39m=[32m"table-head"[39m
  [36m/>[39m

  --------------------------------------------------
  checkbox:

  Name "Select all classrooms":
  [36m<input[39m
    [33maria-label[39m=[32m"Select all classrooms"[39m
    [33mclass[39m=[32m"h-4 w-4 text-indigo-600 rounded border-gray-300"[39m
    [33mtype[39m=[32m"checkbox"[39m
  [36m/>[39m

  Name "Select classroom class_1":
  [36m<input[39m
    [33maria-label[39m=[32m"Select classroom class_1"[39m
    [33mclass[39m=[32m"h-4 w-4 text-indigo-600 rounded border-gray-300"[39m
    [33mtype[39m=[32m"checkbox"[39m
  [36m/>[39m

  --------------------------------------------------
  cell:

  Name "Select classroom class_1":
  [36m<td[39m
    [33mclass[39m=[32m"p-2 align-middle whitespace-nowrap [&:has([role=checkbox])]:pr-0 
[&>[role=checkbox]]:translate-y-[2px]"[39m
    [33mdata-slot[39m=[32m"table-cell"[39m
  [36m/>[39m

  Name "Room A":
  [36m<td[39m
    [33mclass[39m=[32m"p-2 align-middle whitespace-nowrap [&:has([role=checkbox])]:pr-0 
[&>[role=checkbox]]:translate-y-[2px] font-medium"[39m
    [33mdata-slot[39m=[32m"table-cell"[39m
  [36m/>[39m

  Name "Main Building, 1F":
  [36m<td[39m
    [33mclass[39m=[32m"p-2 align-middle whitespace-nowrap [&:has([role=checkbox])]:pr-0 
[&>[role=checkbox]]:translate-y-[2px]"[39m
    [33mdata-slot[39m=[32m"table-cell"[39m
  [36m/>[39m

  Name "30":
  [36m<td[39m
    [33mclass[39m=[32m"p-2 align-middle whitespace-nowrap [&:has([role=checkbox])]:pr-0 
[&>[role=checkbox]]:translate-y-[2px]"[39m
    [33mdata-slot[39m=[32m"table-cell"[39m
  [36m/>[39m

  Name "None":
  [36m<td[39m
    [33mclass[39m=[32m"p-2 align-middle whitespace-nowrap [&:has([role=checkbox])]:pr-0 
[&>[role=checkbox]]:translate-y-[2px]"[39m
    [33mdata-slot[39m=[32m"table-cell"[39m
  [36m/>[39m

  Name "Disabled":
  [36m<td[39m
    [33mclass[39m=[32m"p-2 align-middle whitespace-nowrap [&:has([role=checkbox])]:pr-0 
[&>[role=checkbox]]:translate-y-[2px]"[39m
    [33mdata-slot[39m=[32m"table-cell"[39m
  [36m/>[39m

  Name "":
  [36m<td[39m
    [33mclass[39m=[32m"p-2 align-middle whitespace-nowrap [&:has([role=checkbox])]:pr-0 
[&>[role=checkbox]]:translate-y-[2px] text-right"[39m
    [33mdata-slot[39m=[32m"table-cell"[39m
  [36m/>[39m

  --------------------------------------------------

Ignored nodes: comments, script, style
[36m<body[39m
  [33mstyle[39m=[32m""[39m
[36m>[39m
  [36m<div>[39m
    [36m<div[39m
      [33mclass[39m=[32m"space-y-6"[39m
    [36m>[39m
      [36m<div[39m
        [33mclass[39m=[32m"bg-card text-card-foreground flex flex-col gap-6 rounded-xl border"[39m
        [33mdata-slot[39m=[32m"card"[39m
      [36m>[39m
        [36m<div[39m
          [33mclass[39m=[32m"@container/card-header grid auto-rows-min grid-rows-[auto_auto] items-start gap-1.5 
px-6 pt-6 has-data-[slot=card-action]:grid-cols-[1fr_auto] [.border-b]:pb-6"[39m
          [33mdata-slot[39m=[32m"card-header"[39m
        [36m>[39m
          [36m<div[39m
            [33mclass[39m=[32m"classroom-management-header flex items-center justify-between"[39m
          [36m>[39m
            [36m<div>[39m
              [36m<h4[39m
                [33mclass[39m=[32m"leading-none"[39m
                [33mdata-slot[39m=[32m"card-title"[39m
              [36m>[39m
                [0mClassroom Management[0m
              [36m</h4>[39m
              [36m<div[39m
                [33mclass[39m=[32m"text-muted-foreground"[39m
                [33mdata-slot[39m=[32m"card-description"[39m
              [36m>[39m
                [0mManage CEIT classroom inventory and availability[0m
              [36m</div>[39m
            [36m</div>[39m
            [36m<button[39m
              [33maria-controls[39m=[32m"radix-:r7e:"[39m
              [33maria-expanded[39m=[32m"false"[39m
              [33maria-haspopup[39m=[32m"dialog"[39m
              [33mclass[39m=[32m"inline-flex items-center justify-center gap-2 whitespace-nowrap rounded-full 
text-sm font-medium shadow-sm transition-all [&_svg]:pointer-events-none [&_svg:not([class*='size-'])]:size-4 shrink-0 
[&_svg]:shrink-0 outline-none focus-visible:border-ring focus-visible:ring-[3px] aria-invalid:ring-destructive/20 
dark:aria-invalid:ring-destructive/40 aria-invalid:border-destructive disabled:bg-gray-200 disabled:text-gray-500 
disabled:cursor-not-allowed disabled:opacity-100 bg-background text-foreground border border-input/10 
hover:bg-primary/95 hover:text-primary-foreground focus-visible:ring-primary/30 active:bg-primary/90 h-9 px-4 py-2 
has-[>svg]:px-3 add-classroom-btn"[39m
              [33mdata-slot[39m=[32m"dialog-trigger"[39m
              [33mdata-state[39m=[32m"closed"[39m
              [33mtype[39m=[32m"button"[39m
            [36m>[39m
              [36m<svg[39m
                [33maria-hidden[39m=[32m"true"[39m
                [33mclass[39m=[32m"lucide lucide-plus h-4 w-4 mr-2"[39m
                [33mfill[39m=[32m"none"[39m
                [33mheight[39m=[32m"24"[39m
                [33mstroke[39m=[32m"currentColor"[39m
                [33mstroke-linecap[39m=[32m"round"[39m
                [33mstroke-linejoin[39m=[32m"round"[39m
                [33mstroke-width[39m=[32m"2"[39m
                [33mviewBox[39m=[32m"0 0 24 24"[39m
                [33mwidth[39m=[32m"24"[39m
                [33mxmlns[39m=[32m"http://www.w3.org/2000/svg"[39m
              [36m>[39m
                [36m<path[39m
                  [33md[39m=[32m"M5 12h14"[39m
                [36m/>[39m
                [36m<path[39m
                  [33md[39m=[32m"M12 5v14"[39m
                [36m/>[39m
              [36m</svg>[39m
              [0mAdd Classroom[0m
            [36m</button>[39m
          [36m</div>[39m
        [36m</div>[39m
        [36m<div[39m
          [33mclass[39m=[32m"px-6"[39m
        [36m>[39m
          [36m<div[39m
            [33mclass[39m=[32m"grid grid-cols-1 md:grid-cols-4 gap-3 mb-4"[39m
          [36m>[39m
            [36m<input[39m
              [33mclass[39m=[32m"file:text-foreground placeholder:text-muted-foreground selection:bg-primary 
selection:text-primary-foreground dark:bg-input/30 border-input flex h-9 w-full min-w-0 rounded-md border px-3 py-1 
text-base bg-input-background transition-[color,box-shadow] outline-none file:inline-flex file:h-7 file:border-0 
file:bg-transparent file:text-sm file:font-medium disabled:pointer-events-none disabled:cursor-not-allowed 
disabled:opacity-50 md:text-sm focus-visible:border-ring focus-visible:ring-ring/50 focus-visible:ring-[3px] 
aria-invalid:ring-destructive/20 dark:aria-invalid:ring-destructive/40 aria-invalid:border-destructive"[39m
              [33mdata-slot[39m=[32m"input"[39m
              [33mplaceholder[39m=[32m"Search by room name or building..."[39m
              [33mvalue[39m=[32m""[39m
            [36m/>[39m
            [36m<input[39m
              [33mclass[39m=[32m"file:text-foreground placeholder:text-muted-foreground selection:bg-primary 
selection:text-primary-foreground dark:bg-input/30 border-input flex h-9 w-full min-w-0 rounded-md border px-3 py-1 
text-base bg-input-background transition-[color,box-shadow] outline-none file:inline-flex file:h-7 file:border-0 
file:bg-transparent file:text-sm file:font-medium disabled:pointer-events-none disabled:cursor-not-allowed 
disabled:opacity-50 md:text-sm focus-visible:border-ring focus-visible:ring-ring/50 focus-visible:ring-[3px] 
aria-invalid:ring-destructive/20 dark:aria-invalid:ring-destructive/40 aria-invalid:border-destructive"[39m
              [33mdata-slot[39m=[32m"input"[39m
              [33mplaceholder[39m=[32m"Min capacity"[39m
              [33mtype[39m=[32m"number"[39m
              [33mvalue[39m=[32m""[39m
            [36m/>[39m
            [36m<button[39m
              [33maria-autocomplete[39m=[32m"none"[39m
              [33maria-controls[39m=[32m"radix-:r7h:"[39m
              [33maria-expanded[39m=[32m"false"[39m
              [33mclass[39m=[32m"border-input data-[placeholder]:text-muted-foreground 
[&_svg:not([class*='text-'])]:text-muted-foreground focus-visible:border-ring focus-visible:ring-ring/50 
aria-invalid:ring-destructive/20 dark:aria-invalid:ring-destructive/40 aria-invalid:border-destructive 
dark:bg-input/30 dark:hover:bg-input/50 flex w-full items-center justify-between gap-2 rounded-md border 
bg-input-background px-3 py-2 text-sm whitespace-nowrap transition-[color,box-shadow,transform] outline-none 
focus-visible:ring-[3px] disabled:cursor-not-allowed disabled:opacity-50 data-[size=default]:h-9 data-[size=sm]:h-8 
data-[state=open]:scale-105 [aria-expanded='true']:scale-105 data-[state=closed]:scale-100 
[aria-expanded='false']:scale-100 *:data-[slot=select-value]:line-clamp-1 *:data-[slot=select-value]:flex 
*:data-[slot=select-value]:items-center *:data-[slot=select-value]:gap-2 [&_svg]:pointer-events-none [&_svg]:shrink-0 
[&_svg:not([class*='size-'])]:size-4"[39m
              [33mdata-size[39m=[32m"default"[39m
              [33mdata-slot[39m=[32m"select-trigger"[39m
              [33mdata-state[39m=[32m"closed"[39m
              [33mdir[39m=[32m"ltr"[39m
       ...
 Γ¥» Object.getElementError node_modules/@testing-library/dom/dist/config.js:37:19
 Γ¥» node_modules/@testing-library/dom/dist/query-helpers.js:76:38
 Γ¥» node_modules/@testing-library/dom/dist/query-helpers.js:52:17
 Γ¥» node_modules/@testing-library/dom/dist/query-helpers.js:95:19
 Γ¥» src/__tests__/components/ClassroomManagement.test.tsx:183:35
    181|       render(<ClassroomManagement {...defaultProps} classrooms={[disabΓÇª
    182| 
    183|       const enableButton = screen.getByRole('button', { name: /enable/ΓÇª
       |                                   ^
    184|       if (enableButton) {
    185|         await user.click(enableButton);

ΓÄ»ΓÄ»ΓÄ»ΓÄ»ΓÄ»ΓÄ»ΓÄ»ΓÄ»ΓÄ»ΓÄ»ΓÄ»ΓÄ»ΓÄ»ΓÄ»ΓÄ»ΓÄ»ΓÄ»ΓÄ»ΓÄ»ΓÄ»ΓÄ»[13/107]ΓÄ»

 FAIL  src/__tests__/components/NotificationCenter.test.tsx > NotificationCenter > list rendering > should show unread 
count badge
TestingLibraryElementError: Unable to find an element with the text: /2 unread/i. This could be because the text is 
broken up by multiple elements. In this case, you can provide a function for your text matcher to make your matcher 
more flexible.

Ignored nodes: comments, script, style
[36m<body>[39m
  [36m<div>[39m
    [36m<div[39m
      [33mclass[39m=[32m"p-4 bg-white shadow-2xl rounded-lg w-full max-w-md sm:w-96 relative"[39m
    [36m>[39m
      [36m<div[39m
        [33mclass[39m=[32m"flex items-center justify-between mb-3"[39m
      [36m>[39m
        [36m<div[39m
          [33mclass[39m=[32m"flex items-center gap-2"[39m
        [36m>[39m
          [36m<h3[39m
            [33mclass[39m=[32m"text-lg font-semibold"[39m
          [36m>[39m
            [0mNotifications[0m
          [36m</h3>[39m
          [36m<span[39m
            [33mclass[39m=[32m"text-sm text-gray-500"[39m
          [36m>[39m
            [0m3[0m
            [0m total[0m
          [36m</span>[39m
        [36m</div>[39m
        [36m<div[39m
          [33mclass[39m=[32m"flex items-center gap-2"[39m
        [36m>[39m
          [36m<button[39m
            [33maria-label[39m=[32m"Acknowledge all notifications"[39m
            [33mclass[39m=[32m"text-sm text-gray-600 hover:underline"[39m
            [33mtype[39m=[32m"button"[39m
          [36m>[39m
            [0mAcknowledge all[0m
          [36m</button>[39m
          [36m<button[39m
            [33maria-label[39m=[32m"Close notifications"[39m
            [33mclass[39m=[32m"text-sm text-gray-600 hover:underline"[39m
          [36m>[39m
            [0mClose[0m
          [36m</button>[39m
        [36m</div>[39m
      [36m</div>[39m
      [36m<ul[39m
        [33mclass[39m=[32m"space-y-3 max-h-72 overflow-auto"[39m
      [36m>[39m
        [36m<li[39m
          [33mclass[39m=[32m"p-3 border rounded-lg shadow-sm bg-white ring-2 ring-primary/10"[39m
        [36m>[39m
          [36m<div[39m
            [33mclass[39m=[32m"flex justify-between items-start gap-3"[39m
          [36m>[39m
            [36m<div[39m
              [33mclass[39m=[32m"flex items-start gap-3"[39m
            [36m>[39m
              [36m<div[39m
                [33mclass[39m=[32m"mt-1"[39m
              [36m>[39m
                [36m<svg[39m
                  [33mclass[39m=[32m"text-gray-600"[39m
                  [33mfill[39m=[32m"currentColor"[39m
                  [33mheight[39m=[32m"20"[39m
                  [33mviewBox[39m=[32m"0 0 256 256"[39m
                  [33mwidth[39m=[32m"20"[39m
                  [33mxmlns[39m=[32m"http://www.w3.org/2000/svg"[39m
                [36m>[39m
                  [36m<path[39m
                    [33md[39m=[32m"M221.8,175.94C216.25,166.38,208,139.33,208,104a80,80,0,1,0-160,0c0,35.34-8.26,62.
38-13.81,71.94A16,16,0,0,0,48,200H88.81a40,40,0,0,0,78.38,0H208a16,16,0,0,0,13.8-24.06ZM128,216a24,24,0,0,1-22.62-16h45
.24A24,24,0,0,1,128,216ZM48,184c7.7-13.24,16-43.92,16-80a64,64,0,1,1,128,0c0,36.05,8.28,66.73,16,80Z"[39m
                  [36m/>[39m
                [36m</svg>[39m
              [36m</div>[39m
              [36m<div>[39m
                [36m<div[39m
                  [33mclass[39m=[32m"text-sm font-semibold text-slate-900"[39m
                [36m>[39m
                  [0mInfo[0m
                [36m</div>[39m
                [36m<div[39m
                  [33mclass[39m=[32m"text-xs text-gray-600 mt-1"[39m
                [36m>[39m
                  [0mTest notification 1[0m
                [36m</div>[39m
                [36m<div[39m
                  [33mclass[39m=[32m"text-xs text-gray-400 mt-2"[39m
                [36m>[39m
                  [0m11/13/2025, 9:59:03 PM[0m
                [36m</div>[39m
              [36m</div>[39m
            [36m</div>[39m
            [36m<div[39m
              [33mclass[39m=[32m"ml-auto flex flex-col items-end"[39m
            [36m>[39m
              [36m<button[39m
                [33mclass[39m=[32m"text-sm text-white bg-primary px-3 py-1 rounded hover:opacity-95 
disabled:opacity-60"[39m
                [33mtype[39m=[32m"button"[39m
              [36m>[39m
                [0mAcknowledge[0m
              [36m</button>[39m
            [36m</div>[39m
          [36m</div>[39m
        [36m</li>[39m
        [36m<li[39m
          [33mclass[39m=[32m"p-3 border rounded-lg shadow-sm bg-white ring-2 ring-primary/10"[39m
        [36m>[39m
          [36m<div[39m
            [33mclass[39m=[32m"flex justify-between items-start gap-3"[39m
          [36m>[39m
            [36m<div[39m
              [33mclass[39m=[32m"flex items-start gap-3"[39m
            [36m>[39m
              [36m<div[39m
                [33mclass[39m=[32m"mt-1"[39m
              [36m>[39m
                [36m<svg[39m
                  [33mclass[39m=[32m"text-gray-600"[39m
                  [33mfill[39m=[32m"currentColor"[39m
                  [33mheight[39m=[32m"20"[39m
                  [33mviewBox[39m=[32m"0 0 256 256"[39m
                  [33mwidth[39m=[32m"20"[39m
                  [33mxmlns[39m=[32m"http://www.w3.org/2000/svg"[39m
                [36m>[39m
                  [36m<path[39m
                    [33md[39m=[32m"M221.8,175.94C216.25,166.38,208,139.33,208,104a80,80,0,1,0-160,0c0,35.34-8.26,62.
38-13.81,71.94A16,16,0,0,0,48,200H88.81a40,40,0,0,0,78.38,0H208a16,16,0,0,0,13.8-24.06ZM128,216a24,24,0,0,1-22.62-16h45
.24A24,24,0,0,1,128,216ZM48,184c7.7-13.24,16-43.92,16-80a64,64,0,1,1,128,0c0,36.05,8.28,66.73,16,80Z"[39m
                  [36m/>[39m
                [36m</svg>[39m
              [36m</div>[39m
              [36m<div>[39m
                [36m<div[39m
                  [33mclass[39m=[32m"text-sm font-semibold text-slate-900"[39m
                [36m>[39m
                  [0mInfo[0m
                [36m</div>[39m
                [36m<div[39m
                  [33mclass[39m=[32m"text-xs text-gray-600 mt-1"[39m
                [36m>[39m
                  [0mTest notification 2[0m
                [36m</div>[39m
                [36m<div[39m
                  [33mclass[39m=[32m"text-xs text-gray-400 mt-2"[39m
                [36m>[39m
                  [0m11/13/2025, 9:59:03 PM[0m
                [36m</div>[39m
              [36m</div>[39m
            [36m</div>[39m
            [36m<div[39m
              [33mclass[39m=[32m"ml-auto flex flex-col items-end"[39m
            [36m>[39m
              [36m<button[39m
                [33mclass[39m=[32m"text-sm text-white bg-primary px-3 py-1 rounded hover:opacity-95 
disabled:opacity-60"[39m
                [33mtype[39m=[32m"button"[39m
              [36m>[39m
                [0mAcknowledge[0m
              [36m</button>[39m
            [36m</div>[39m
          [36m</div>[39m
        [36m</li>[39m
        [36m<li[39m
          [33mclass[39m=[32m"p-3 border rounded-lg shadow-sm bg-white opacity-70"[39m
        [36m>[39m
          [36m<div[39m
            [33mclass[39m=[32m"flex justify-between items-start gap-3"[39m
          [36m>[39m
            [36m<div[39m
              [33mclass[39m=[32m"flex items-start gap-3"[39m
            [36m>[39m
              [36m<div[39m
                [33mclass[39m=[32m"mt-1"[39m
              [36m>[39m
                [36m<svg[39m
                  [33mclass[39m=[32m"text-gray-600"[39m
                  [33mfill[39m=[32m"currentColor"[39m
                  [33mheight[39m=[32m"20"[39m
                  [33mviewBox[39m=[32m"0 0 256 256"[39m
                  [33mwidth[39m=[32m"20"[39m
                  [33mxmlns[39m=[32m"http://www.w3.org/2000/svg"[39m
                [36m>[39m
                  [36m<path[39m
                    [33md[39m=[32m"M221.8,175.94C216.25,166.38,208,139.33,208,104a80,80,0,1,0-160,0c0,35.34-8.26,62.
38-13.81,71.94A16,16,0,0,0,48,200H88.81a40,40,0,0,0,78.38,0H208a16,16,0,0,0,13.8-24.06ZM128,216a24,24,0,0,1-22.62-16h45
.24A24,24,0,0,1,128,216ZM48,184c7.7-13.24,16-43.92,16-80a64,64,0,1,1,128,0c0,36.05,8.28,66.73,16,80Z"[39m
                  [36m/>[39m
                [36m</svg>[39m
              [36m</div>[39m
              [36m<div>[39m
                [36m<div[39m
                  [33mclass[39m=[32m"text-sm font-semibold text-slate-900"[39m
                [36m>[39m
                  [0mInfo[0m
                [36m</div>[39m
                [36m<div[39m
                  [33mclass[39m=[32m"text-xs text-gray-600 mt-1"[39m
                [36m>[39m
                  [0mTest notification 3[0m
                [36m</div>[39m
                [36m<div[39m
                  [33mclass[39m=[32m"text-xs text-gray-400 mt-2"[39m
                [36m>[39m
                  [0m11/13/2025, 9:59:03 PM[0m
                [36m</div>[39m
              [36m</div>[39m
            [36m</div>[39m
            [36m<div[39m
              [33mclass[39m=[32m"ml-auto flex flex-col items-end"[39m
            [36m>[39m
              [36m<div[39m
                [33mclass[39m=[32m"text-xs text-gray-500"[39m
              [36m>[39m
                [0mAcknowledged[0m
              [36m</div>[39m
            [36m</div>[39m
          [36m</div>[39m
        [36m</li>[39m
      [36m</ul>[39m
    [36m</div>[39m
  [36m</div>[39m
[36m</body>[39m
 Γ¥» Object.getElementError node_modules/@testing-library/dom/dist/config.js:37:19
 Γ¥» node_modules/@testing-library/dom/dist/query-helpers.js:76:38
 Γ¥» node_modules/@testing-library/dom/dist/query-helpers.js:52:17
 Γ¥» node_modules/@testing-library/dom/dist/query-helpers.js:95:19
 Γ¥» src/__tests__/components/NotificationCenter.test.tsx:54:21
     52|       );
     53| 
     54|       expect(screen.getByText(/2 unread/i)).toBeInTheDocument();
       |                     ^
     55|     });
     56|   });

ΓÄ»ΓÄ»ΓÄ»ΓÄ»ΓÄ»ΓÄ»ΓÄ»ΓÄ»ΓÄ»ΓÄ»ΓÄ»ΓÄ»ΓÄ»ΓÄ»ΓÄ»ΓÄ»ΓÄ»ΓÄ»ΓÄ»ΓÄ»ΓÄ»[14/107]ΓÄ»

 FAIL  src/__tests__/components/NotificationCenter.test.tsx > NotificationCenter > loading > should show loading state 
when isLoading is true
TestingLibraryElementError: Unable to find an element with the text: /loading/i. This could be because the text is 
broken up by multiple elements. In this case, you can provide a function for your text matcher to make your matcher 
more flexible.

Ignored nodes: comments, script, style
[36m<body>[39m
  [36m<div>[39m
    [36m<div[39m
      [33mclass[39m=[32m"p-4 bg-white shadow-2xl rounded-lg w-full max-w-md sm:w-96 relative"[39m
    [36m>[39m
      [36m<div[39m
        [33mclass[39m=[32m"flex items-center justify-between mb-3"[39m
      [36m>[39m
        [36m<div[39m
          [33mclass[39m=[32m"flex items-center gap-2"[39m
        [36m>[39m
          [36m<h3[39m
            [33mclass[39m=[32m"text-lg font-semibold"[39m
          [36m>[39m
            [0mNotifications[0m
          [36m</h3>[39m
          [36m<span[39m
            [33mclass[39m=[32m"text-sm text-gray-500"[39m
          [36m>[39m
            [0m3[0m
            [0m total[0m
          [36m</span>[39m
        [36m</div>[39m
        [36m<div[39m
          [33mclass[39m=[32m"flex items-center gap-2"[39m
        [36m>[39m
          [36m<button[39m
            [33maria-label[39m=[32m"Acknowledge all notifications"[39m
            [33mclass[39m=[32m"text-sm text-gray-600 hover:underline"[39m
            [33mtype[39m=[32m"button"[39m
          [36m>[39m
            [0mAcknowledge all[0m
          [36m</button>[39m
          [36m<button[39m
            [33maria-label[39m=[32m"Close notifications"[39m
            [33mclass[39m=[32m"text-sm text-gray-600 hover:underline"[39m
          [36m>[39m
            [0mClose[0m
          [36m</button>[39m
        [36m</div>[39m
      [36m</div>[39m
      [36m<ul[39m
        [33mclass[39m=[32m"space-y-3 max-h-72 overflow-auto"[39m
      [36m>[39m
        [36m<li[39m
          [33mclass[39m=[32m"p-3 border rounded-lg shadow-sm bg-white ring-2 ring-primary/10"[39m
        [36m>[39m
          [36m<div[39m
            [33mclass[39m=[32m"flex justify-between items-start gap-3"[39m
          [36m>[39m
            [36m<div[39m
              [33mclass[39m=[32m"flex items-start gap-3"[39m
            [36m>[39m
              [36m<div[39m
                [33mclass[39m=[32m"mt-1"[39m
              [36m>[39m
                [36m<svg[39m
                  [33mclass[39m=[32m"text-gray-600"[39m
                  [33mfill[39m=[32m"currentColor"[39m
                  [33mheight[39m=[32m"20"[39m
                  [33mviewBox[39m=[32m"0 0 256 256"[39m
                  [33mwidth[39m=[32m"20"[39m
                  [33mxmlns[39m=[32m"http://www.w3.org/2000/svg"[39m
                [36m>[39m
                  [36m<path[39m
                    [33md[39m=[32m"M221.8,175.94C216.25,166.38,208,139.33,208,104a80,80,0,1,0-160,0c0,35.34-8.26,62.
38-13.81,71.94A16,16,0,0,0,48,200H88.81a40,40,0,0,0,78.38,0H208a16,16,0,0,0,13.8-24.06ZM128,216a24,24,0,0,1-22.62-16h45
.24A24,24,0,0,1,128,216ZM48,184c7.7-13.24,16-43.92,16-80a64,64,0,1,1,128,0c0,36.05,8.28,66.73,16,80Z"[39m
                  [36m/>[39m
                [36m</svg>[39m
              [36m</div>[39m
              [36m<div>[39m
                [36m<div[39m
                  [33mclass[39m=[32m"text-sm font-semibold text-slate-900"[39m
                [36m>[39m
                  [0mInfo[0m
                [36m</div>[39m
                [36m<div[39m
                  [33mclass[39m=[32m"text-xs text-gray-600 mt-1"[39m
                [36m>[39m
                  [0mTest notification 1[0m
                [36m</div>[39m
                [36m<div[39m
                  [33mclass[39m=[32m"text-xs text-gray-400 mt-2"[39m
                [36m>[39m
                  [0m11/13/2025, 9:59:03 PM[0m
                [36m</div>[39m
              [36m</div>[39m
            [36m</div>[39m
            [36m<div[39m
              [33mclass[39m=[32m"ml-auto flex flex-col items-end"[39m
            [36m>[39m
              [36m<button[39m
                [33mclass[39m=[32m"text-sm text-white bg-primary px-3 py-1 rounded hover:opacity-95 
disabled:opacity-60"[39m
                [33mtype[39m=[32m"button"[39m
              [36m>[39m
                [0mAcknowledge[0m
              [36m</button>[39m
            [36m</div>[39m
          [36m</div>[39m
        [36m</li>[39m
        [36m<li[39m
          [33mclass[39m=[32m"p-3 border rounded-lg shadow-sm bg-white ring-2 ring-primary/10"[39m
        [36m>[39m
          [36m<div[39m
            [33mclass[39m=[32m"flex justify-between items-start gap-3"[39m
          [36m>[39m
            [36m<div[39m
              [33mclass[39m=[32m"flex items-start gap-3"[39m
            [36m>[39m
              [36m<div[39m
                [33mclass[39m=[32m"mt-1"[39m
              [36m>[39m
                [36m<svg[39m
                  [33mclass[39m=[32m"text-gray-600"[39m
                  [33mfill[39m=[32m"currentColor"[39m
                  [33mheight[39m=[32m"20"[39m
                  [33mviewBox[39m=[32m"0 0 256 256"[39m
                  [33mwidth[39m=[32m"20"[39m
                  [33mxmlns[39m=[32m"http://www.w3.org/2000/svg"[39m
                [36m>[39m
                  [36m<path[39m
                    [33md[39m=[32m"M221.8,175.94C216.25,166.38,208,139.33,208,104a80,80,0,1,0-160,0c0,35.34-8.26,62.
38-13.81,71.94A16,16,0,0,0,48,200H88.81a40,40,0,0,0,78.38,0H208a16,16,0,0,0,13.8-24.06ZM128,216a24,24,0,0,1-22.62-16h45
.24A24,24,0,0,1,128,216ZM48,184c7.7-13.24,16-43.92,16-80a64,64,0,1,1,128,0c0,36.05,8.28,66.73,16,80Z"[39m
                  [36m/>[39m
                [36m</svg>[39m
              [36m</div>[39m
              [36m<div>[39m
                [36m<div[39m
                  [33mclass[39m=[32m"text-sm font-semibold text-slate-900"[39m
                [36m>[39m
                  [0mInfo[0m
                [36m</div>[39m
                [36m<div[39m
                  [33mclass[39m=[32m"text-xs text-gray-600 mt-1"[39m
                [36m>[39m
                  [0mTest notification 2[0m
                [36m</div>[39m
                [36m<div[39m
                  [33mclass[39m=[32m"text-xs text-gray-400 mt-2"[39m
                [36m>[39m
                  [0m11/13/2025, 9:59:03 PM[0m
                [36m</div>[39m
              [36m</div>[39m
            [36m</div>[39m
            [36m<div[39m
              [33mclass[39m=[32m"ml-auto flex flex-col items-end"[39m
            [36m>[39m
              [36m<button[39m
                [33mclass[39m=[32m"text-sm text-white bg-primary px-3 py-1 rounded hover:opacity-95 
disabled:opacity-60"[39m
                [33mtype[39m=[32m"button"[39m
              [36m>[39m
                [0mAcknowledge[0m
              [36m</button>[39m
            [36m</div>[39m
          [36m</div>[39m
        [36m</li>[39m
        [36m<li[39m
          [33mclass[39m=[32m"p-3 border rounded-lg shadow-sm bg-white opacity-70"[39m
        [36m>[39m
          [36m<div[39m
            [33mclass[39m=[32m"flex justify-between items-start gap-3"[39m
          [36m>[39m
            [36m<div[39m
              [33mclass[39m=[32m"flex items-start gap-3"[39m
            [36m>[39m
              [36m<div[39m
                [33mclass[39m=[32m"mt-1"[39m
              [36m>[39m
                [36m<svg[39m
                  [33mclass[39m=[32m"text-gray-600"[39m
                  [33mfill[39m=[32m"currentColor"[39m
                  [33mheight[39m=[32m"20"[39m
                  [33mviewBox[39m=[32m"0 0 256 256"[39m
                  [33mwidth[39m=[32m"20"[39m
                  [33mxmlns[39m=[32m"http://www.w3.org/2000/svg"[39m
                [36m>[39m
                  [36m<path[39m
                    [33md[39m=[32m"M221.8,175.94C216.25,166.38,208,139.33,208,104a80,80,0,1,0-160,0c0,35.34-8.26,62.
38-13.81,71.94A16,16,0,0,0,48,200H88.81a40,40,0,0,0,78.38,0H208a16,16,0,0,0,13.8-24.06ZM128,216a24,24,0,0,1-22.62-16h45
.24A24,24,0,0,1,128,216ZM48,184c7.7-13.24,16-43.92,16-80a64,64,0,1,1,128,0c0,36.05,8.28,66.73,16,80Z"[39m
                  [36m/>[39m
                [36m</svg>[39m
              [36m</div>[39m
              [36m<div>[39m
                [36m<div[39m
                  [33mclass[39m=[32m"text-sm font-semibold text-slate-900"[39m
                [36m>[39m
                  [0mInfo[0m
                [36m</div>[39m
                [36m<div[39m
                  [33mclass[39m=[32m"text-xs text-gray-600 mt-1"[39m
                [36m>[39m
                  [0mTest notification 3[0m
                [36m</div>[39m
                [36m<div[39m
                  [33mclass[39m=[32m"text-xs text-gray-400 mt-2"[39m
                [36m>[39m
                  [0m11/13/2025, 9:59:03 PM[0m
                [36m</div>[39m
              [36m</div>[39m
            [36m</div>[39m
            [36m<div[39m
              [33mclass[39m=[32m"ml-auto flex flex-col items-end"[39m
            [36m>[39m
              [36m<div[39m
                [33mclass[39m=[32m"text-xs text-gray-500"[39m
              [36m>[39m
                [0mAcknowledged[0m
              [36m</div>[39m
            [36m</div>[39m
          [36m</div>[39m
        [36m</li>[39m
      [36m</ul>[39m
    [36m</div>[39m
  [36m</div>[39m
[36m</body>[39m
 Γ¥» Object.getElementError node_modules/@testing-library/dom/dist/config.js:37:19
 Γ¥» node_modules/@testing-library/dom/dist/query-helpers.js:76:38
 Γ¥» node_modules/@testing-library/dom/dist/query-helpers.js:52:17
 Γ¥» node_modules/@testing-library/dom/dist/query-helpers.js:95:19
 Γ¥» src/__tests__/components/NotificationCenter.test.tsx:124:21
    122|       );
    123| 
    124|       expect(screen.getByText(/loading/i)).toBeInTheDocument();
       |                     ^
    125|     });
    126|   });

ΓÄ»ΓÄ»ΓÄ»ΓÄ»ΓÄ»ΓÄ»ΓÄ»ΓÄ»ΓÄ»ΓÄ»ΓÄ»ΓÄ»ΓÄ»ΓÄ»ΓÄ»ΓÄ»ΓÄ»ΓÄ»ΓÄ»ΓÄ»ΓÄ»[15/107]ΓÄ»

 FAIL  src/__tests__/components/NotificationCenter.test.tsx > NotificationCenter > mark all as read > should mark all 
notifications as read
TestingLibraryElementError: Unable to find an element with the text: /mark all as read/i. This could be because the 
text is broken up by multiple elements. In this case, you can provide a function for your text matcher to make your 
matcher more flexible.

Ignored nodes: comments, script, style
[36m<body>[39m
  [36m<div>[39m
    [36m<div[39m
      [33mclass[39m=[32m"p-4 bg-white shadow-2xl rounded-lg w-full max-w-md sm:w-96 relative"[39m
    [36m>[39m
      [36m<div[39m
        [33mclass[39m=[32m"flex items-center justify-between mb-3"[39m
      [36m>[39m
        [36m<div[39m
          [33mclass[39m=[32m"flex items-center gap-2"[39m
        [36m>[39m
          [36m<h3[39m
            [33mclass[39m=[32m"text-lg font-semibold"[39m
          [36m>[39m
            [0mNotifications[0m
          [36m</h3>[39m
          [36m<span[39m
            [33mclass[39m=[32m"text-sm text-gray-500"[39m
          [36m>[39m
            [0m3[0m
            [0m total[0m
          [36m</span>[39m
        [36m</div>[39m
        [36m<div[39m
          [33mclass[39m=[32m"flex items-center gap-2"[39m
        [36m>[39m
          [36m<button[39m
            [33maria-label[39m=[32m"Acknowledge all notifications"[39m
            [33mclass[39m=[32m"text-sm text-gray-600 hover:underline"[39m
            [33mtype[39m=[32m"button"[39m
          [36m>[39m
            [0mAcknowledge all[0m
          [36m</button>[39m
          [36m<button[39m
            [33maria-label[39m=[32m"Close notifications"[39m
            [33mclass[39m=[32m"text-sm text-gray-600 hover:underline"[39m
          [36m>[39m
            [0mClose[0m
          [36m</button>[39m
        [36m</div>[39m
      [36m</div>[39m
      [36m<ul[39m
        [33mclass[39m=[32m"space-y-3 max-h-72 overflow-auto"[39m
      [36m>[39m
        [36m<li[39m
          [33mclass[39m=[32m"p-3 border rounded-lg shadow-sm bg-white ring-2 ring-primary/10"[39m
        [36m>[39m
          [36m<div[39m
            [33mclass[39m=[32m"flex justify-between items-start gap-3"[39m
          [36m>[39m
            [36m<div[39m
              [33mclass[39m=[32m"flex items-start gap-3"[39m
            [36m>[39m
              [36m<div[39m
                [33mclass[39m=[32m"mt-1"[39m
              [36m>[39m
                [36m<svg[39m
                  [33mclass[39m=[32m"text-gray-600"[39m
                  [33mfill[39m=[32m"currentColor"[39m
                  [33mheight[39m=[32m"20"[39m
                  [33mviewBox[39m=[32m"0 0 256 256"[39m
                  [33mwidth[39m=[32m"20"[39m
                  [33mxmlns[39m=[32m"http://www.w3.org/2000/svg"[39m
                [36m>[39m
                  [36m<path[39m
                    [33md[39m=[32m"M221.8,175.94C216.25,166.38,208,139.33,208,104a80,80,0,1,0-160,0c0,35.34-8.26,62.
38-13.81,71.94A16,16,0,0,0,48,200H88.81a40,40,0,0,0,78.38,0H208a16,16,0,0,0,13.8-24.06ZM128,216a24,24,0,0,1-22.62-16h45
.24A24,24,0,0,1,128,216ZM48,184c7.7-13.24,16-43.92,16-80a64,64,0,1,1,128,0c0,36.05,8.28,66.73,16,80Z"[39m
                  [36m/>[39m
                [36m</svg>[39m
              [36m</div>[39m
              [36m<div>[39m
                [36m<div[39m
                  [33mclass[39m=[32m"text-sm font-semibold text-slate-900"[39m
                [36m>[39m
                  [0mInfo[0m
                [36m</div>[39m
                [36m<div[39m
                  [33mclass[39m=[32m"text-xs text-gray-600 mt-1"[39m
                [36m>[39m
                  [0mTest notification 1[0m
                [36m</div>[39m
                [36m<div[39m
                  [33mclass[39m=[32m"text-xs text-gray-400 mt-2"[39m
                [36m>[39m
                  [0m11/13/2025, 9:59:03 PM[0m
                [36m</div>[39m
              [36m</div>[39m
            [36m</div>[39m
            [36m<div[39m
              [33mclass[39m=[32m"ml-auto flex flex-col items-end"[39m
            [36m>[39m
              [36m<button[39m
                [33mclass[39m=[32m"text-sm text-white bg-primary px-3 py-1 rounded hover:opacity-95 
disabled:opacity-60"[39m
                [33mtype[39m=[32m"button"[39m
              [36m>[39m
                [0mAcknowledge[0m
              [36m</button>[39m
            [36m</div>[39m
          [36m</div>[39m
        [36m</li>[39m
        [36m<li[39m
          [33mclass[39m=[32m"p-3 border rounded-lg shadow-sm bg-white ring-2 ring-primary/10"[39m
        [36m>[39m
          [36m<div[39m
            [33mclass[39m=[32m"flex justify-between items-start gap-3"[39m
          [36m>[39m
            [36m<div[39m
              [33mclass[39m=[32m"flex items-start gap-3"[39m
            [36m>[39m
              [36m<div[39m
                [33mclass[39m=[32m"mt-1"[39m
              [36m>[39m
                [36m<svg[39m
                  [33mclass[39m=[32m"text-gray-600"[39m
                  [33mfill[39m=[32m"currentColor"[39m
                  [33mheight[39m=[32m"20"[39m
                  [33mviewBox[39m=[32m"0 0 256 256"[39m
                  [33mwidth[39m=[32m"20"[39m
                  [33mxmlns[39m=[32m"http://www.w3.org/2000/svg"[39m
                [36m>[39m
                  [36m<path[39m
                    [33md[39m=[32m"M221.8,175.94C216.25,166.38,208,139.33,208,104a80,80,0,1,0-160,0c0,35.34-8.26,62.
38-13.81,71.94A16,16,0,0,0,48,200H88.81a40,40,0,0,0,78.38,0H208a16,16,0,0,0,13.8-24.06ZM128,216a24,24,0,0,1-22.62-16h45
.24A24,24,0,0,1,128,216ZM48,184c7.7-13.24,16-43.92,16-80a64,64,0,1,1,128,0c0,36.05,8.28,66.73,16,80Z"[39m
                  [36m/>[39m
                [36m</svg>[39m
              [36m</div>[39m
              [36m<div>[39m
                [36m<div[39m
                  [33mclass[39m=[32m"text-sm font-semibold text-slate-900"[39m
                [36m>[39m
                  [0mInfo[0m
                [36m</div>[39m
                [36m<div[39m
                  [33mclass[39m=[32m"text-xs text-gray-600 mt-1"[39m
                [36m>[39m
                  [0mTest notification 2[0m
                [36m</div>[39m
                [36m<div[39m
                  [33mclass[39m=[32m"text-xs text-gray-400 mt-2"[39m
                [36m>[39m
                  [0m11/13/2025, 9:59:03 PM[0m
                [36m</div>[39m
              [36m</div>[39m
            [36m</div>[39m
            [36m<div[39m
              [33mclass[39m=[32m"ml-auto flex flex-col items-end"[39m
            [36m>[39m
              [36m<button[39m
                [33mclass[39m=[32m"text-sm text-white bg-primary px-3 py-1 rounded hover:opacity-95 
disabled:opacity-60"[39m
                [33mtype[39m=[32m"button"[39m
              [36m>[39m
                [0mAcknowledge[0m
              [36m</button>[39m
            [36m</div>[39m
          [36m</div>[39m
        [36m</li>[39m
        [36m<li[39m
          [33mclass[39m=[32m"p-3 border rounded-lg shadow-sm bg-white opacity-70"[39m
        [36m>[39m
          [36m<div[39m
            [33mclass[39m=[32m"flex justify-between items-start gap-3"[39m
          [36m>[39m
            [36m<div[39m
              [33mclass[39m=[32m"flex items-start gap-3"[39m
            [36m>[39m
              [36m<div[39m
                [33mclass[39m=[32m"mt-1"[39m
              [36m>[39m
                [36m<svg[39m
                  [33mclass[39m=[32m"text-gray-600"[39m
                  [33mfill[39m=[32m"currentColor"[39m
                  [33mheight[39m=[32m"20"[39m
                  [33mviewBox[39m=[32m"0 0 256 256"[39m
                  [33mwidth[39m=[32m"20"[39m
                  [33mxmlns[39m=[32m"http://www.w3.org/2000/svg"[39m
                [36m>[39m
                  [36m<path[39m
                    [33md[39m=[32m"M221.8,175.94C216.25,166.38,208,139.33,208,104a80,80,0,1,0-160,0c0,35.34-8.26,62.
38-13.81,71.94A16,16,0,0,0,48,200H88.81a40,40,0,0,0,78.38,0H208a16,16,0,0,0,13.8-24.06ZM128,216a24,24,0,0,1-22.62-16h45
.24A24,24,0,0,1,128,216ZM48,184c7.7-13.24,16-43.92,16-80a64,64,0,1,1,128,0c0,36.05,8.28,66.73,16,80Z"[39m
                  [36m/>[39m
                [36m</svg>[39m
              [36m</div>[39m
              [36m<div>[39m
                [36m<div[39m
                  [33mclass[39m=[32m"text-sm font-semibold text-slate-900"[39m
                [36m>[39m
                  [0mInfo[0m
                [36m</div>[39m
                [36m<div[39m
                  [33mclass[39m=[32m"text-xs text-gray-600 mt-1"[39m
                [36m>[39m
                  [0mTest notification 3[0m
                [36m</div>[39m
                [36m<div[39m
                  [33mclass[39m=[32m"text-xs text-gray-400 mt-2"[39m
                [36m>[39m
                  [0m11/13/2025, 9:59:03 PM[0m
                [36m</div>[39m
              [36m</div>[39m
            [36m</div>[39m
            [36m<div[39m
              [33mclass[39m=[32m"ml-auto flex flex-col items-end"[39m
            [36m>[39m
              [36m<div[39m
                [33mclass[39m=[32m"text-xs text-gray-500"[39m
              [36m>[39m
                [0mAcknowledged[0m
              [36m</div>[39m
            [36m</div>[39m
          [36m</div>[39m
        [36m</li>[39m
      [36m</ul>[39m
    [36m</div>[39m
  [36m</div>[39m
[36m</body>[39m
 Γ¥» Object.getElementError node_modules/@testing-library/dom/dist/config.js:37:19
 Γ¥» node_modules/@testing-library/dom/dist/query-helpers.js:76:38
 Γ¥» node_modules/@testing-library/dom/dist/query-helpers.js:52:17
 Γ¥» node_modules/@testing-library/dom/dist/query-helpers.js:95:19
 Γ¥» src/__tests__/components/NotificationCenter.test.tsx:169:36
    167|       );
    168| 
    169|       const markAllButton = screen.getByText(/mark all as read/i);
       |                                    ^
    170|       await user.click(markAllButton);
    171| 

ΓÄ»ΓÄ»ΓÄ»ΓÄ»ΓÄ»ΓÄ»ΓÄ»ΓÄ»ΓÄ»ΓÄ»ΓÄ»ΓÄ»ΓÄ»ΓÄ»ΓÄ»ΓÄ»ΓÄ»ΓÄ»ΓÄ»ΓÄ»ΓÄ»[16/107]ΓÄ»

 FAIL  src/__tests__/components/NotificationCenter.test.tsx > NotificationCenter > accessibility > should have proper 
ARIA labels
TestingLibraryElementError: Unable to find an accessible element with the role "dialog" and name `/notifications/i`

Here are the accessible roles:

  heading:

  Name "Notifications":
  [36m<h3[39m
    [33mclass[39m=[32m"text-lg font-semibold"[39m
  [36m/>[39m

  --------------------------------------------------
  button:

  Name "Acknowledge all notifications":
  [36m<button[39m
    [33maria-label[39m=[32m"Acknowledge all notifications"[39m
    [33mclass[39m=[32m"text-sm text-gray-600 hover:underline"[39m
    [33mtype[39m=[32m"button"[39m
  [36m/>[39m

  Name "Close notifications":
  [36m<button[39m
    [33maria-label[39m=[32m"Close notifications"[39m
    [33mclass[39m=[32m"text-sm text-gray-600 hover:underline"[39m
  [36m/>[39m

  Name "Acknowledge":
  [36m<button[39m
    [33mclass[39m=[32m"text-sm text-white bg-primary px-3 py-1 rounded hover:opacity-95 disabled:opacity-60"[39m
    [33mtype[39m=[32m"button"[39m
  [36m/>[39m

  Name "Acknowledge":
  [36m<button[39m
    [33mclass[39m=[32m"text-sm text-white bg-primary px-3 py-1 rounded hover:opacity-95 disabled:opacity-60"[39m
    [33mtype[39m=[32m"button"[39m
  [36m/>[39m

  --------------------------------------------------
  list:

  Name "":
  [36m<ul[39m
    [33mclass[39m=[32m"space-y-3 max-h-72 overflow-auto"[39m
  [36m/>[39m

  --------------------------------------------------
  listitem:

  Name "":
  [36m<li[39m
    [33mclass[39m=[32m"p-3 border rounded-lg shadow-sm bg-white ring-2 ring-primary/10"[39m
  [36m/>[39m

  Name "":
  [36m<li[39m
    [33mclass[39m=[32m"p-3 border rounded-lg shadow-sm bg-white ring-2 ring-primary/10"[39m
  [36m/>[39m

  Name "":
  [36m<li[39m
    [33mclass[39m=[32m"p-3 border rounded-lg shadow-sm bg-white opacity-70"[39m
  [36m/>[39m

  --------------------------------------------------

Ignored nodes: comments, script, style
[36m<body>[39m
  [36m<div>[39m
    [36m<div[39m
      [33mclass[39m=[32m"p-4 bg-white shadow-2xl rounded-lg w-full max-w-md sm:w-96 relative"[39m
    [36m>[39m
      [36m<div[39m
        [33mclass[39m=[32m"flex items-center justify-between mb-3"[39m
      [36m>[39m
        [36m<div[39m
          [33mclass[39m=[32m"flex items-center gap-2"[39m
        [36m>[39m
          [36m<h3[39m
            [33mclass[39m=[32m"text-lg font-semibold"[39m
          [36m>[39m
            [0mNotifications[0m
          [36m</h3>[39m
          [36m<span[39m
            [33mclass[39m=[32m"text-sm text-gray-500"[39m
          [36m>[39m
            [0m3[0m
            [0m total[0m
          [36m</span>[39m
        [36m</div>[39m
        [36m<div[39m
          [33mclass[39m=[32m"flex items-center gap-2"[39m
        [36m>[39m
          [36m<button[39m
            [33maria-label[39m=[32m"Acknowledge all notifications"[39m
            [33mclass[39m=[32m"text-sm text-gray-600 hover:underline"[39m
            [33mtype[39m=[32m"button"[39m
          [36m>[39m
            [0mAcknowledge all[0m
          [36m</button>[39m
          [36m<button[39m
            [33maria-label[39m=[32m"Close notifications"[39m
            [33mclass[39m=[32m"text-sm text-gray-600 hover:underline"[39m
          [36m>[39m
            [0mClose[0m
          [36m</button>[39m
        [36m</div>[39m
      [36m</div>[39m
      [36m<ul[39m
        [33mclass[39m=[32m"space-y-3 max-h-72 overflow-auto"[39m
      [36m>[39m
        [36m<li[39m
          [33mclass[39m=[32m"p-3 border rounded-lg shadow-sm bg-white ring-2 ring-primary/10"[39m
        [36m>[39m
          [36m<div[39m
            [33mclass[39m=[32m"flex justify-between items-start gap-3"[39m
          [36m>[39m
            [36m<div[39m
              [33mclass[39m=[32m"flex items-start gap-3"[39m
            [36m>[39m
              [36m<div[39m
                [33mclass[39m=[32m"mt-1"[39m
              [36m>[39m
                [36m<svg[39m
                  [33mclass[39m=[32m"text-gray-600"[39m
                  [33mfill[39m=[32m"currentColor"[39m
                  [33mheight[39m=[32m"20"[39m
                  [33mviewBox[39m=[32m"0 0 256 256"[39m
                  [33mwidth[39m=[32m"20"[39m
                  [33mxmlns[39m=[32m"http://www.w3.org/2000/svg"[39m
                [36m>[39m
                  [36m<path[39m
                    [33md[39m=[32m"M221.8,175.94C216.25,166.38,208,139.33,208,104a80,80,0,1,0-160,0c0,35.34-8.26,62.
38-13.81,71.94A16,16,0,0,0,48,200H88.81a40,40,0,0,0,78.38,0H208a16,16,0,0,0,13.8-24.06ZM128,216a24,24,0,0,1-22.62-16h45
.24A24,24,0,0,1,128,216ZM48,184c7.7-13.24,16-43.92,16-80a64,64,0,1,1,128,0c0,36.05,8.28,66.73,16,80Z"[39m
                  [36m/>[39m
                [36m</svg>[39m
              [36m</div>[39m
              [36m<div>[39m
                [36m<div[39m
                  [33mclass[39m=[32m"text-sm font-semibold text-slate-900"[39m
                [36m>[39m
                  [0mInfo[0m
                [36m</div>[39m
                [36m<div[39m
                  [33mclass[39m=[32m"text-xs text-gray-600 mt-1"[39m
                [36m>[39m
                  [0mTest notification 1[0m
                [36m</div>[39m
                [36m<div[39m
                  [33mclass[39m=[32m"text-xs text-gray-400 mt-2"[39m
                [36m>[39m
                  [0m11/13/2025, 9:59:03 PM[0m
                [36m</div>[39m
              [36m</div>[39m
            [36m</div>[39m
            [36m<div[39m
              [33mclass[39m=[32m"ml-auto flex flex-col items-end"[39m
            [36m>[39m
              [36m<button[39m
                [33mclass[39m=[32m"text-sm text-white bg-primary px-3 py-1 rounded hover:opacity-95 
disabled:opacity-60"[39m
                [33mtype[39m=[32m"button"[39m
              [36m>[39m
                [0mAcknowledge[0m
              [36m</button>[39m
            [36m</div>[39m
          [36m</div>[39m
        [36m</li>[39m
        [36m<li[39m
          [33mclass[39m=[32m"p-3 border rounded-lg shadow-sm bg-white ring-2 ring-primary/10"[39m
        [36m>[39m
          [36m<div[39m
            [33mclass[39m=[32m"flex justify-between items-start gap-3"[39m
          [36m>[39m
            [36m<div[39m
              [33mclass[39m=[32m"flex items-start gap-3"[39m
            [36m>[39m
              [36m<div[39m
                [33mclass[39m=[32m"mt-1"[39m
              [36m>[39m
                [36m<svg[39m
                  [33mclass[39m=[32m"text-gray-600"[39m
                  [33mfill[39m=[32m"currentColor"[39m
                  [33mheight[39m=[32m"20"[39m
                  [33mviewBox[39m=[32m"0 0 256 256"[39m
                  [33mwidth[39m=[32m"20"[39m
                  [33mxmlns[39m=[32m"http://www.w3.org/2000/svg"[39m
                [36m>[39m
                  [36m<path[39m
                    [33md[39m=[32m"M221.8,175.94C216.25,166.38,208,139.33,208,104a80,80,0,1,0-160,0c0,35.34-8.26,62.
38-13.81,71.94A16,16,0,0,0,48,200H88.81a40,40,0,0,0,78.38,0H208a16,16,0,0,0,13.8-24.06ZM128,216a24,24,0,0,1-22.62-16h45
.24A24,24,0,0,1,128,216ZM48,184c7.7-13.24,16-43.92,16-80a64,64,0,1,1,128,0c0,36.05,8.28,66.73,16,80Z"[39m
                  [36m/>[39m
                [36m</svg>[39m
              [36m</div>[39m
              [36m<div>[39m
                [36m<div[39m
                  [33mclass[39m=[32m"text-sm font-semibold text-slate-900"[39m
                [36m>[39m
                  [0mInfo[0m
                [36m</div>[39m
                [36m<div[39m
                  [33mclass[39m=[32m"text-xs text-gray-600 mt-1"[39m
                [36m>[39m
                  [0mTest notification 2[0m
                [36m</div>[39m
                [36m<div[39m
                  [33mclass[39m=[32m"text-xs text-gray-400 mt-2"[39m
                [36m>[39m
                  [0m11/13/2025, 9:59:03 PM[0m
                [36m</div>[39m
              [36m</div>[39m
            [36m</div>[39m
            [36m<div[39m
              [33mclass[39m=[32m"ml-auto flex flex-col items-end"[39m
            [36m>[39m
              [36m<button[39m
                [33mclass[39m=[32m"text-sm text-white bg-primary px-3 py-1 rounded hover:opacity-95 
disabled:opacity-60"[39m
                [33mtype[39m=[32m"button"[39m
              [36m>[39m
                [0mAcknowledge[0m
              [36m</button>[39m
            [36m</div>[39m
          [36m</div>[39m
        [36m</li>[39m
        [36m<li[39m
          [33mclass[39m=[32m"p-3 border rounded-lg shadow-sm bg-white opacity-70"[39m
        [36m>[39m
          [36m<div[39m
            [33mclass[39m=[32m"flex justify-between items-start gap-3"[39m
          [36m>[39m
            [36m<div[39m
              [33mclass[39m=[32m"flex items-start gap-3"[39m
            [36m>[39m
              [36m<div[39m
                [33mclass[39m=[32m"mt-1"[39m
              [36m>[39m
                [36m<svg[39m
                  [33mclass[39m=[32m"text-gray-600"[39m
                  [33mfill[39m=[32m"currentColor"[39m
                  [33mheight[39m=[32m"20"[39m
                  [33mviewBox[39m=[32m"0 0 256 256"[39m
                  [33mwidth[39m=[32m"20"[39m
                  [33mxmlns[39m=[32m"http://www.w3.org/2000/svg"[39m
                [36m>[39m
                  [36m<path[39m
                    [33md[39m=[32m"M221.8,175.94C216.25,166.38,208,139.33,208,104a80,80,0,1,0-160,0c0,35.34-8.26,62.
38-13.81,71.94A16,16,0,0,0,48,200H88.81a40,40,0,0,0,78.38,0H208a16,16,0,0,0,13.8-24.06ZM128,216a24,24,0,0,1-22.62-16h45
.24A24,24,0,0,1,128,216ZM48,184c7.7-13.24,16-43.92,16-80a64,64,0,1,1,128,0c0,36.05,8.28,66.73,16,80Z"[39m
                  [36m/>[39m
                [36m</svg>[39m
              [36m</div>[39m
              [36m<div>[39m
                [36m<div[39m
                  [33mclass[39m=[32m"text-sm font-semibold text-slate-900"[39m
                [36m>[39m
                  [0mInfo[0m
                [36m</div>[39m
                [36m<div[39m
                  [33mclass[39m=[32m"text-xs text-gray-600 mt-1"[39m
                [36m>[39m
                  [0mTest notification 3[0m
                [36m</div>[39m
                [36m<div[39m
                  [33mclass[39m=[32m"text-xs text-gray-400 mt-2"[39m
                [36m>[39m
                  [0m11/13/2025, 9:59:03 PM[0m
                [36m</div>[39m
              [36m</div>[39m
            [36m</div>[39m
            [36m<div[39m
              [33mclass[39m=[32m"ml-auto flex flex-col items-end"[39m
            [36m>[39m
              [36m<div[39m
                [33mclass[39m=[32m"text-xs text-gray-500"[39m
              [36m>[39m
                [0mAcknowledged[0m
              [36m</div>[39m
            [36m</div>[39m
          [36m</div>[39m
        [36m</li>[39m
      [36m</ul>[39m
    [36m</div>[39m
  [36m</div>[39m
[36m</body>[39m
 Γ¥» Object.getElementError node_modules/@testing-library/dom/dist/config.js:37:19
 Γ¥» node_modules/@testing-library/dom/dist/query-helpers.js:76:38
 Γ¥» node_modules/@testing-library/dom/dist/query-helpers.js:52:17
 Γ¥» node_modules/@testing-library/dom/dist/query-helpers.js:95:19
 Γ¥» src/__tests__/components/NotificationCenter.test.tsx:186:29
    184|       );
    185| 
    186|       const center = screen.getByRole('dialog', { name: /notificationsΓÇª
       |                             ^
    187|       expect(center).toBeInTheDocument();
    188|     });

ΓÄ»ΓÄ»ΓÄ»ΓÄ»ΓÄ»ΓÄ»ΓÄ»ΓÄ»ΓÄ»ΓÄ»ΓÄ»ΓÄ»ΓÄ»ΓÄ»ΓÄ»ΓÄ»ΓÄ»ΓÄ»ΓÄ»ΓÄ»ΓÄ»[17/107]ΓÄ»

 FAIL  src/__tests__/components/NotificationCenter.test.tsx > NotificationCenter > accessibility > should announce 
unread count to screen readers
TestingLibraryElementError: Unable to find an element with the text: /2 unread/i. This could be because the text is 
broken up by multiple elements. In this case, you can provide a function for your text matcher to make your matcher 
more flexible.

Ignored nodes: comments, script, style
[36m<body>[39m
  [36m<div>[39m
    [36m<div[39m
      [33mclass[39m=[32m"p-4 bg-white shadow-2xl rounded-lg w-full max-w-md sm:w-96 relative"[39m
    [36m>[39m
      [36m<div[39m
        [33mclass[39m=[32m"flex items-center justify-between mb-3"[39m
      [36m>[39m
        [36m<div[39m
          [33mclass[39m=[32m"flex items-center gap-2"[39m
        [36m>[39m
          [36m<h3[39m
            [33mclass[39m=[32m"text-lg font-semibold"[39m
          [36m>[39m
            [0mNotifications[0m
          [36m</h3>[39m
          [36m<span[39m
            [33mclass[39m=[32m"text-sm text-gray-500"[39m
          [36m>[39m
            [0m3[0m
            [0m total[0m
          [36m</span>[39m
        [36m</div>[39m
        [36m<div[39m
          [33mclass[39m=[32m"flex items-center gap-2"[39m
        [36m>[39m
          [36m<button[39m
            [33maria-label[39m=[32m"Acknowledge all notifications"[39m
            [33mclass[39m=[32m"text-sm text-gray-600 hover:underline"[39m
            [33mtype[39m=[32m"button"[39m
          [36m>[39m
            [0mAcknowledge all[0m
          [36m</button>[39m
          [36m<button[39m
            [33maria-label[39m=[32m"Close notifications"[39m
            [33mclass[39m=[32m"text-sm text-gray-600 hover:underline"[39m
          [36m>[39m
            [0mClose[0m
          [36m</button>[39m
        [36m</div>[39m
      [36m</div>[39m
      [36m<ul[39m
        [33mclass[39m=[32m"space-y-3 max-h-72 overflow-auto"[39m
      [36m>[39m
        [36m<li[39m
          [33mclass[39m=[32m"p-3 border rounded-lg shadow-sm bg-white ring-2 ring-primary/10"[39m
        [36m>[39m
          [36m<div[39m
            [33mclass[39m=[32m"flex justify-between items-start gap-3"[39m
          [36m>[39m
            [36m<div[39m
              [33mclass[39m=[32m"flex items-start gap-3"[39m
            [36m>[39m
              [36m<div[39m
                [33mclass[39m=[32m"mt-1"[39m
              [36m>[39m
                [36m<svg[39m
                  [33mclass[39m=[32m"text-gray-600"[39m
                  [33mfill[39m=[32m"currentColor"[39m
                  [33mheight[39m=[32m"20"[39m
                  [33mviewBox[39m=[32m"0 0 256 256"[39m
                  [33mwidth[39m=[32m"20"[39m
                  [33mxmlns[39m=[32m"http://www.w3.org/2000/svg"[39m
                [36m>[39m
                  [36m<path[39m
                    [33md[39m=[32m"M221.8,175.94C216.25,166.38,208,139.33,208,104a80,80,0,1,0-160,0c0,35.34-8.26,62.
38-13.81,71.94A16,16,0,0,0,48,200H88.81a40,40,0,0,0,78.38,0H208a16,16,0,0,0,13.8-24.06ZM128,216a24,24,0,0,1-22.62-16h45
.24A24,24,0,0,1,128,216ZM48,184c7.7-13.24,16-43.92,16-80a64,64,0,1,1,128,0c0,36.05,8.28,66.73,16,80Z"[39m
                  [36m/>[39m
                [36m</svg>[39m
              [36m</div>[39m
              [36m<div>[39m
                [36m<div[39m
                  [33mclass[39m=[32m"text-sm font-semibold text-slate-900"[39m
                [36m>[39m
                  [0mInfo[0m
                [36m</div>[39m
                [36m<div[39m
                  [33mclass[39m=[32m"text-xs text-gray-600 mt-1"[39m
                [36m>[39m
                  [0mTest notification 1[0m
                [36m</div>[39m
                [36m<div[39m
                  [33mclass[39m=[32m"text-xs text-gray-400 mt-2"[39m
                [36m>[39m
                  [0m11/13/2025, 9:59:03 PM[0m
                [36m</div>[39m
              [36m</div>[39m
            [36m</div>[39m
            [36m<div[39m
              [33mclass[39m=[32m"ml-auto flex flex-col items-end"[39m
            [36m>[39m
              [36m<button[39m
                [33mclass[39m=[32m"text-sm text-white bg-primary px-3 py-1 rounded hover:opacity-95 
disabled:opacity-60"[39m
                [33mtype[39m=[32m"button"[39m
              [36m>[39m
                [0mAcknowledge[0m
              [36m</button>[39m
            [36m</div>[39m
          [36m</div>[39m
        [36m</li>[39m
        [36m<li[39m
          [33mclass[39m=[32m"p-3 border rounded-lg shadow-sm bg-white ring-2 ring-primary/10"[39m
        [36m>[39m
          [36m<div[39m
            [33mclass[39m=[32m"flex justify-between items-start gap-3"[39m
          [36m>[39m
            [36m<div[39m
              [33mclass[39m=[32m"flex items-start gap-3"[39m
            [36m>[39m
              [36m<div[39m
                [33mclass[39m=[32m"mt-1"[39m
              [36m>[39m
                [36m<svg[39m
                  [33mclass[39m=[32m"text-gray-600"[39m
                  [33mfill[39m=[32m"currentColor"[39m
                  [33mheight[39m=[32m"20"[39m
                  [33mviewBox[39m=[32m"0 0 256 256"[39m
                  [33mwidth[39m=[32m"20"[39m
                  [33mxmlns[39m=[32m"http://www.w3.org/2000/svg"[39m
                [36m>[39m
                  [36m<path[39m
                    [33md[39m=[32m"M221.8,175.94C216.25,166.38,208,139.33,208,104a80,80,0,1,0-160,0c0,35.34-8.26,62.
38-13.81,71.94A16,16,0,0,0,48,200H88.81a40,40,0,0,0,78.38,0H208a16,16,0,0,0,13.8-24.06ZM128,216a24,24,0,0,1-22.62-16h45
.24A24,24,0,0,1,128,216ZM48,184c7.7-13.24,16-43.92,16-80a64,64,0,1,1,128,0c0,36.05,8.28,66.73,16,80Z"[39m
                  [36m/>[39m
                [36m</svg>[39m
              [36m</div>[39m
              [36m<div>[39m
                [36m<div[39m
                  [33mclass[39m=[32m"text-sm font-semibold text-slate-900"[39m
                [36m>[39m
                  [0mInfo[0m
                [36m</div>[39m
                [36m<div[39m
                  [33mclass[39m=[32m"text-xs text-gray-600 mt-1"[39m
                [36m>[39m
                  [0mTest notification 2[0m
                [36m</div>[39m
                [36m<div[39m
                  [33mclass[39m=[32m"text-xs text-gray-400 mt-2"[39m
                [36m>[39m
                  [0m11/13/2025, 9:59:03 PM[0m
                [36m</div>[39m
              [36m</div>[39m
            [36m</div>[39m
            [36m<div[39m
              [33mclass[39m=[32m"ml-auto flex flex-col items-end"[39m
            [36m>[39m
              [36m<button[39m
                [33mclass[39m=[32m"text-sm text-white bg-primary px-3 py-1 rounded hover:opacity-95 
disabled:opacity-60"[39m
                [33mtype[39m=[32m"button"[39m
              [36m>[39m
                [0mAcknowledge[0m
              [36m</button>[39m
            [36m</div>[39m
          [36m</div>[39m
        [36m</li>[39m
        [36m<li[39m
          [33mclass[39m=[32m"p-3 border rounded-lg shadow-sm bg-white opacity-70"[39m
        [36m>[39m
          [36m<div[39m
            [33mclass[39m=[32m"flex justify-between items-start gap-3"[39m
          [36m>[39m
            [36m<div[39m
              [33mclass[39m=[32m"flex items-start gap-3"[39m
            [36m>[39m
              [36m<div[39m
                [33mclass[39m=[32m"mt-1"[39m
              [36m>[39m
                [36m<svg[39m
                  [33mclass[39m=[32m"text-gray-600"[39m
                  [33mfill[39m=[32m"currentColor"[39m
                  [33mheight[39m=[32m"20"[39m
                  [33mviewBox[39m=[32m"0 0 256 256"[39m
                  [33mwidth[39m=[32m"20"[39m
                  [33mxmlns[39m=[32m"http://www.w3.org/2000/svg"[39m
                [36m>[39m
                  [36m<path[39m
                    [33md[39m=[32m"M221.8,175.94C216.25,166.38,208,139.33,208,104a80,80,0,1,0-160,0c0,35.34-8.26,62.
38-13.81,71.94A16,16,0,0,0,48,200H88.81a40,40,0,0,0,78.38,0H208a16,16,0,0,0,13.8-24.06ZM128,216a24,24,0,0,1-22.62-16h45
.24A24,24,0,0,1,128,216ZM48,184c7.7-13.24,16-43.92,16-80a64,64,0,1,1,128,0c0,36.05,8.28,66.73,16,80Z"[39m
                  [36m/>[39m
                [36m</svg>[39m
              [36m</div>[39m
              [36m<div>[39m
                [36m<div[39m
                  [33mclass[39m=[32m"text-sm font-semibold text-slate-900"[39m
                [36m>[39m
                  [0mInfo[0m
                [36m</div>[39m
                [36m<div[39m
                  [33mclass[39m=[32m"text-xs text-gray-600 mt-1"[39m
                [36m>[39m
                  [0mTest notification 3[0m
                [36m</div>[39m
                [36m<div[39m
                  [33mclass[39m=[32m"text-xs text-gray-400 mt-2"[39m
                [36m>[39m
                  [0m11/13/2025, 9:59:03 PM[0m
                [36m</div>[39m
              [36m</div>[39m
            [36m</div>[39m
            [36m<div[39m
              [33mclass[39m=[32m"ml-auto flex flex-col items-end"[39m
            [36m>[39m
              [36m<div[39m
                [33mclass[39m=[32m"text-xs text-gray-500"[39m
              [36m>[39m
                [0mAcknowledged[0m
              [36m</div>[39m
            [36m</div>[39m
          [36m</div>[39m
        [36m</li>[39m
      [36m</ul>[39m
    [36m</div>[39m
  [36m</div>[39m
[36m</body>[39m
 Γ¥» Object.getElementError node_modules/@testing-library/dom/dist/config.js:37:19
 Γ¥» node_modules/@testing-library/dom/dist/query-helpers.js:76:38
 Γ¥» node_modules/@testing-library/dom/dist/query-helpers.js:52:17
 Γ¥» node_modules/@testing-library/dom/dist/query-helpers.js:95:19
 Γ¥» src/__tests__/components/NotificationCenter.test.tsx:220:28
    218|       );
    219| 
    220|       const badge = screen.getByText(/2 unread/i);
       |                            ^
    221|       expect(badge).toHaveAttribute('aria-live');
    222|     });

ΓÄ»ΓÄ»ΓÄ»ΓÄ»ΓÄ»ΓÄ»ΓÄ»ΓÄ»ΓÄ»ΓÄ»ΓÄ»ΓÄ»ΓÄ»ΓÄ»ΓÄ»ΓÄ»ΓÄ»ΓÄ»ΓÄ»ΓÄ»ΓÄ»[18/107]ΓÄ»

 FAIL  src/__tests__/components/RequestCard.test.tsx > RequestCard > render details > should display correct date and 
time
TestingLibraryElementError: Unable to find an element with the text: /2024-01-15/i. This could be because the text is 
broken up by multiple elements. In this case, you can provide a function for your text matcher to make your matcher 
more flexible.

Ignored nodes: comments, script, style
[36m<body>[39m
  [36m<div>[39m
    [36m<div[39m
      [33mclass[39m=[32m"bg-card text-card-foreground flex flex-col gap-6 rounded-xl border border-l-4 
border-l-orange-500 transition-shadow hover:shadow-md"[39m
      [33mdata-slot[39m=[32m"card"[39m
    [36m>[39m
      [36m<div[39m
        [33mclass[39m=[32m"@container/card-header grid auto-rows-min grid-rows-[auto_auto] items-start gap-1.5 px-6 
pt-6 has-data-[slot=card-action]:grid-cols-[1fr_auto] [.border-b]:pb-6 pb-3"[39m
        [33mdata-slot[39m=[32m"card-header"[39m
      [36m>[39m
        [36m<div[39m
          [33mclass[39m=[32m"flex items-start justify-between"[39m
        [36m>[39m
          [36m<div[39m
            [33mclass[39m=[32m"flex items-start gap-3"[39m
          [36m>[39m
            [36m<div[39m
              [33mclass[39m=[32m"space-y-1"[39m
            [36m>[39m
              [36m<h4[39m
                [33mclass[39m=[32m"text-lg"[39m
                [33mdata-slot[39m=[32m"card-title"[39m
              [36m>[39m
                [0mTest Faculty[0m
              [36m</h4>[39m
              [36m<div[39m
                [33mclass[39m=[32m"text-muted-foreground text-sm"[39m
                [33mdata-slot[39m=[32m"card-description"[39m
              [36m>[39m
                [0mRequest ID: [0m
                [0mreq_1[0m
              [36m</div>[39m
            [36m</div>[39m
          [36m</div>[39m
          [36m<div[39m
            [33mclass[39m=[32m"flex items-center gap-2"[39m
          [36m>[39m
            [36m<span[39m
              [33mclass[39m=[32m"inline-flex items-center justify-center rounded-md border px-2 py-0.5 text-xs 
font-medium w-fit whitespace-nowrap shrink-0 [&>svg]:size-3 gap-1 [&>svg]:pointer-events-none 
focus-visible:border-ring focus-visible:ring-[3px] aria-invalid:ring-destructive/20 
dark:aria-invalid:ring-destructive/40 aria-invalid:border-destructive transition-[color,box-shadow] overflow-hidden 
border-transparent bg-destructive text-white [a&]:hover:bg-destructive/90 focus-visible:ring-destructive/20 
dark:focus-visible:ring-destructive/40 dark:bg-destructive/60"[39m
              [33mdata-slot[39m=[32m"badge"[39m
            [36m>[39m
              [0mExpired[0m
            [36m</span>[39m
          [36m</div>[39m
        [36m</div>[39m
      [36m</div>[39m
      [36m<div[39m
        [33mclass[39m=[32m"px-6 [&:last-child]:pb-6 space-y-4"[39m
        [33mdata-slot[39m=[32m"card-content"[39m
      [36m>[39m
        [36m<div[39m
          [33mclass[39m=[32m"space-y-3"[39m
        [36m>[39m
          [36m<div[39m
            [33mclass[39m=[32m"flex items-center gap-3 text-sm"[39m
          [36m>[39m
            [36m<svg[39m
              [33maria-hidden[39m=[32m"true"[39m
              [33mclass[39m=[32m"lucide lucide-calendar h-4 w-4 text-gray-500 flex-shrink-0"[39m
              [33mfill[39m=[32m"none"[39m
              [33mheight[39m=[32m"24"[39m
              [33mstroke[39m=[32m"currentColor"[39m
              [33mstroke-linecap[39m=[32m"round"[39m
              [33mstroke-linejoin[39m=[32m"round"[39m
              [33mstroke-width[39m=[32m"2"[39m
              [33mviewBox[39m=[32m"0 0 24 24"[39m
              [33mwidth[39m=[32m"24"[39m
              [33mxmlns[39m=[32m"http://www.w3.org/2000/svg"[39m
            [36m>[39m
              [36m<path[39m
                [33md[39m=[32m"M8 2v4"[39m
              [36m/>[39m
              [36m<path[39m
                [33md[39m=[32m"M16 2v4"[39m
              [36m/>[39m
              [36m<rect[39m
                [33mheight[39m=[32m"18"[39m
                [33mrx[39m=[32m"2"[39m
                [33mwidth[39m=[32m"18"[39m
                [33mx[39m=[32m"3"[39m
                [33my[39m=[32m"4"[39m
              [36m/>[39m
              [36m<path[39m
                [33md[39m=[32m"M3 10h18"[39m
              [36m/>[39m
            [36m</svg>[39m
            [36m<span[39m
              [33mclass[39m=[32m"font-medium text-gray-900"[39m
            [36m>[39m
              [0mMonday, January 15, 2024[0m
            [36m</span>[39m
          [36m</div>[39m
          [36m<div[39m
            [33mclass[39m=[32m"flex items-center gap-3 text-sm"[39m
          [36m>[39m
            [36m<svg[39m
              [33maria-hidden[39m=[32m"true"[39m
              [33mclass[39m=[32m"lucide lucide-clock h-4 w-4 text-gray-500 flex-shrink-0"[39m
              [33mfill[39m=[32m"none"[39m
              [33mheight[39m=[32m"24"[39m
              [33mstroke[39m=[32m"currentColor"[39m
              [33mstroke-linecap[39m=[32m"round"[39m
              [33mstroke-linejoin[39m=[32m"round"[39m
              [33mstroke-width[39m=[32m"2"[39m
              [33mviewBox[39m=[32m"0 0 24 24"[39m
              [33mwidth[39m=[32m"24"[39m
              [33mxmlns[39m=[32m"http://www.w3.org/2000/svg"[39m
            [36m>[39m
              [36m<path[39m
                [33md[39m=[32m"M12 6v6l4 2"[39m
              [36m/>[39m
              [36m<circle[39m
                [33mcx[39m=[32m"12"[39m
                [33mcy[39m=[32m"12"[39m
                [33mr[39m=[32m"10"[39m
              [36m/>[39m
            [36m</svg>[39m
            [36m<span[39m
              [33mclass[39m=[32m"text-gray-700"[39m
            [36m>[39m
              [0m9:00 AM - 10:00 AM[0m
            [36m</span>[39m
          [36m</div>[39m
          [36m<div[39m
            [33mclass[39m=[32m"flex items-center gap-3 text-sm"[39m
          [36m>[39m
            [36m<svg[39m
              [33maria-hidden[39m=[32m"true"[39m
              [33mclass[39m=[32m"lucide lucide-map-pin h-4 w-4 text-gray-500 flex-shrink-0"[39m
              [33mfill[39m=[32m"none"[39m
              [33mheight[39m=[32m"24"[39m
              [33mstroke[39m=[32m"currentColor"[39m
              [33mstroke-linecap[39m=[32m"round"[39m
              [33mstroke-linejoin[39m=[32m"round"[39m
              [33mstroke-width[39m=[32m"2"[39m
              [33mviewBox[39m=[32m"0 0 24 24"[39m
              [33mwidth[39m=[32m"24"[39m
              [33mxmlns[39m=[32m"http://www.w3.org/2000/svg"[39m
            [36m>[39m
              [36m<path[39m
                [33md[39m=[32m"M20 10c0 4.993-5.539 10.193-7.399 11.799a1 1 0 0 1-1.202 0C9.539 20.193 4 14.993 4 
10a8 8 0 0 1 16 0"[39m
              [36m/>[39m
              [36m<circle[39m
                [33mcx[39m=[32m"12"[39m
                [33mcy[39m=[32m"10"[39m
                [33mr[39m=[32m"3"[39m
              [36m/>[39m
            [36m</svg>[39m
            [36m<span[39m
              [33mclass[39m=[32m"text-gray-700"[39m
            [36m>[39m
              [0mRoom A[0m
            [36m</span>[39m
          [36m</div>[39m
          [36m<div[39m
            [33mclass[39m=[32m"flex items-start gap-3 text-sm"[39m
          [36m>[39m
            [36m<svg[39m
              [33maria-hidden[39m=[32m"true"[39m
              [33mclass[39m=[32m"lucide lucide-user h-4 w-4 text-gray-500 flex-shrink-0 mt-0.5"[39m
              [33mfill[39m=[32m"none"[39m
              [33mheight[39m=[32m"24"[39m
              [33mstroke[39m=[32m"currentColor"[39m
              [33mstroke-linecap[39m=[32m"round"[39m
              [33mstroke-linejoin[39m=[32m"round"[39m
              [33mstroke-width[39m=[32m"2"[39m
              [33mviewBox[39m=[32m"0 0 24 24"[39m
              [33mwidth[39m=[32m"24"[39m
              [33mxmlns[39m=[32m"http://www.w3.org/2000/svg"[39m
            [36m>[39m
              [36m<path[39m
                [33md[39m=[32m"M19 21v-2a4 4 0 0 0-4-4H9a4 4 0 0 0-4 4v2"[39m
              [36m/>[39m
              [36m<circle[39m
                [33mcx[39m=[32m"12"[39m
                [33mcy[39m=[32m"7"[39m
                [33mr[39m=[32m"4"[39m
              [36m/>[39m
            [36m</svg>[39m
            [36m<div[39m
              [33mclass[39m=[32m"flex-1"[39m
            [36m>[39m
              [36m<p[39m
                [33mclass[39m=[32m"font-medium text-gray-900"[39m
              [36m>[39m
                [0mPurpose:[0m
              [36m</p>[39m
              [36m<p[39m
                [33mclass[39m=[32m"text-gray-700 mt-1"[39m
              [36m>[39m
                [0mLecture[0m
              [36m</p>[39m
            [36m</div>[39m
          [36m</div>[39m
        [36m</div>[39m
        [36m<div[39m
          [33mclass[39m=[32m"flex gap-3 pt-3 border-t items-center"[39m
        [36m>[39m
          [36m<div[39m
            [33mclass[39m=[32m"flex-1"[39m
          [36m>[39m
            [36m<p[39m
              [33mclass[39m=[32m"text-sm text-muted-foreground"[39m
            [36m>[39m
              [0mExpired ╬ô├ç├╢ cannot be approved or rejected.[0m
            [36m</p>[39m
            [36m<span[39m
              [33maria-live[39m=[32m"polite"[39m
              [33mclass[39m=[32m"sr-only"[39m
              [33mrole[39m=[32m"status"[39m
            [36m>[39m
              [0mThis request has expired and cannot be approved or rejected.[0m
            [36m</span>[39m
          [36m</div>[39m
          [36m<div />[39m
        [36m</div>[39m
      [36m</div>[39m
    [36m</div>[39m
  [36m</div>[39m
[36m</body>[39m
 Γ¥» Object.getElementError node_modules/@testing-library/dom/dist/config.js:37:19
 Γ¥» node_modules/@testing-library/dom/dist/query-helpers.js:76:38
 Γ¥» node_modules/@testing-library/dom/dist/query-helpers.js:52:17
 Γ¥» node_modules/@testing-library/dom/dist/query-helpers.js:95:19
 Γ¥» src/__tests__/components/RequestCard.test.tsx:48:21
     46|       render(<RequestCard {...defaultProps} />);
     47| 
     48|       expect(screen.getByText(/2024-01-15/i)).toBeInTheDocument();
       |                     ^
     49|       expect(screen.getByText(/09:00/i)).toBeInTheDocument();
     50|     });

ΓÄ»ΓÄ»ΓÄ»ΓÄ»ΓÄ»ΓÄ»ΓÄ»ΓÄ»ΓÄ»ΓÄ»ΓÄ»ΓÄ»ΓÄ»ΓÄ»ΓÄ»ΓÄ»ΓÄ»ΓÄ»ΓÄ»ΓÄ»ΓÄ»[19/107]ΓÄ»

 FAIL  src/__tests__/components/RequestCard.test.tsx > RequestCard > approve > should call onApprove when approve 
button clicked
TestingLibraryElementError: Unable to find an accessible element with the role "button" and name `/approve/i`

Here are the accessible roles:

  heading:

  Name "Test Faculty":
  [36m<h4[39m
    [33mclass[39m=[32m"text-lg"[39m
    [33mdata-slot[39m=[32m"card-title"[39m
  [36m/>[39m

  --------------------------------------------------
  paragraph:

  Name "":
  [36m<p[39m
    [33mclass[39m=[32m"font-medium text-gray-900"[39m
  [36m/>[39m

  Name "":
  [36m<p[39m
    [33mclass[39m=[32m"text-gray-700 mt-1"[39m
  [36m/>[39m

  Name "":
  [36m<p[39m
    [33mclass[39m=[32m"text-sm text-muted-foreground"[39m
  [36m/>[39m

  --------------------------------------------------
  status:

  Name "":
  [36m<span[39m
    [33maria-live[39m=[32m"polite"[39m
    [33mclass[39m=[32m"sr-only"[39m
    [33mrole[39m=[32m"status"[39m
  [36m/>[39m

  --------------------------------------------------

Ignored nodes: comments, script, style
[36m<body>[39m
  [36m<div>[39m
    [36m<div[39m
      [33mclass[39m=[32m"bg-card text-card-foreground flex flex-col gap-6 rounded-xl border border-l-4 
border-l-orange-500 transition-shadow hover:shadow-md"[39m
      [33mdata-slot[39m=[32m"card"[39m
    [36m>[39m
      [36m<div[39m
        [33mclass[39m=[32m"@container/card-header grid auto-rows-min grid-rows-[auto_auto] items-start gap-1.5 px-6 
pt-6 has-data-[slot=card-action]:grid-cols-[1fr_auto] [.border-b]:pb-6 pb-3"[39m
        [33mdata-slot[39m=[32m"card-header"[39m
      [36m>[39m
        [36m<div[39m
          [33mclass[39m=[32m"flex items-start justify-between"[39m
        [36m>[39m
          [36m<div[39m
            [33mclass[39m=[32m"flex items-start gap-3"[39m
          [36m>[39m
            [36m<div[39m
              [33mclass[39m=[32m"space-y-1"[39m
            [36m>[39m
              [36m<h4[39m
                [33mclass[39m=[32m"text-lg"[39m
                [33mdata-slot[39m=[32m"card-title"[39m
              [36m>[39m
                [0mTest Faculty[0m
              [36m</h4>[39m
              [36m<div[39m
                [33mclass[39m=[32m"text-muted-foreground text-sm"[39m
                [33mdata-slot[39m=[32m"card-description"[39m
              [36m>[39m
                [0mRequest ID: [0m
                [0mreq_1[0m
              [36m</div>[39m
            [36m</div>[39m
          [36m</div>[39m
          [36m<div[39m
            [33mclass[39m=[32m"flex items-center gap-2"[39m
          [36m>[39m
            [36m<span[39m
              [33mclass[39m=[32m"inline-flex items-center justify-center rounded-md border px-2 py-0.5 text-xs 
font-medium w-fit whitespace-nowrap shrink-0 [&>svg]:size-3 gap-1 [&>svg]:pointer-events-none 
focus-visible:border-ring focus-visible:ring-[3px] aria-invalid:ring-destructive/20 
dark:aria-invalid:ring-destructive/40 aria-invalid:border-destructive transition-[color,box-shadow] overflow-hidden 
border-transparent bg-destructive text-white [a&]:hover:bg-destructive/90 focus-visible:ring-destructive/20 
dark:focus-visible:ring-destructive/40 dark:bg-destructive/60"[39m
              [33mdata-slot[39m=[32m"badge"[39m
            [36m>[39m
              [0mExpired[0m
            [36m</span>[39m
          [36m</div>[39m
        [36m</div>[39m
      [36m</div>[39m
      [36m<div[39m
        [33mclass[39m=[32m"px-6 [&:last-child]:pb-6 space-y-4"[39m
        [33mdata-slot[39m=[32m"card-content"[39m
      [36m>[39m
        [36m<div[39m
          [33mclass[39m=[32m"space-y-3"[39m
        [36m>[39m
          [36m<div[39m
            [33mclass[39m=[32m"flex items-center gap-3 text-sm"[39m
          [36m>[39m
            [36m<svg[39m
              [33maria-hidden[39m=[32m"true"[39m
              [33mclass[39m=[32m"lucide lucide-calendar h-4 w-4 text-gray-500 flex-shrink-0"[39m
              [33mfill[39m=[32m"none"[39m
              [33mheight[39m=[32m"24"[39m
              [33mstroke[39m=[32m"currentColor"[39m
              [33mstroke-linecap[39m=[32m"round"[39m
              [33mstroke-linejoin[39m=[32m"round"[39m
              [33mstroke-width[39m=[32m"2"[39m
              [33mviewBox[39m=[32m"0 0 24 24"[39m
              [33mwidth[39m=[32m"24"[39m
              [33mxmlns[39m=[32m"http://www.w3.org/2000/svg"[39m
            [36m>[39m
              [36m<path[39m
                [33md[39m=[32m"M8 2v4"[39m
              [36m/>[39m
              [36m<path[39m
                [33md[39m=[32m"M16 2v4"[39m
              [36m/>[39m
              [36m<rect[39m
                [33mheight[39m=[32m"18"[39m
                [33mrx[39m=[32m"2"[39m
                [33mwidth[39m=[32m"18"[39m
                [33mx[39m=[32m"3"[39m
                [33my[39m=[32m"4"[39m
              [36m/>[39m
              [36m<path[39m
                [33md[39m=[32m"M3 10h18"[39m
              [36m/>[39m
            [36m</svg>[39m
            [36m<span[39m
              [33mclass[39m=[32m"font-medium text-gray-900"[39m
            [36m>[39m
              [0mMonday, January 15, 2024[0m
            [36m</span>[39m
          [36m</div>[39m
          [36m<div[39m
            [33mclass[39m=[32m"flex items-center gap-3 text-sm"[39m
          [36m>[39m
            [36m<svg[39m
              [33maria-hidden[39m=[32m"true"[39m
              [33mclass[39m=[32m"lucide lucide-clock h-4 w-4 text-gray-500 flex-shrink-0"[39m
              [33mfill[39m=[32m"none"[39m
              [33mheight[39m=[32m"24"[39m
              [33mstroke[39m=[32m"currentColor"[39m
              [33mstroke-linecap[39m=[32m"round"[39m
              [33mstroke-linejoin[39m=[32m"round"[39m
              [33mstroke-width[39m=[32m"2"[39m
              [33mviewBox[39m=[32m"0 0 24 24"[39m
              [33mwidth[39m=[32m"24"[39m
              [33mxmlns[39m=[32m"http://www.w3.org/2000/svg"[39m
            [36m>[39m
              [36m<path[39m
                [33md[39m=[32m"M12 6v6l4 2"[39m
              [36m/>[39m
              [36m<circle[39m
                [33mcx[39m=[32m"12"[39m
                [33mcy[39m=[32m"12"[39m
                [33mr[39m=[32m"10"[39m
              [36m/>[39m
            [36m</svg>[39m
            [36m<span[39m
              [33mclass[39m=[32m"text-gray-700"[39m
            [36m>[39m
              [0m9:00 AM - 10:00 AM[0m
            [36m</span>[39m
          [36m</div>[39m
          [36m<div[39m
            [33mclass[39m=[32m"flex items-center gap-3 text-sm"[39m
          [36m>[39m
            [36m<svg[39m
              [33maria-hidden[39m=[32m"true"[39m
              [33mclass[39m=[32m"lucide lucide-map-pin h-4 w-4 text-gray-500 flex-shrink-0"[39m
              [33mfill[39m=[32m"none"[39m
              [33mheight[39m=[32m"24"[39m
              [33mstroke[39m=[32m"currentColor"[39m
              [33mstroke-linecap[39m=[32m"round"[39m
              [33mstroke-linejoin[39m=[32m"round"[39m
              [33mstroke-width[39m=[32m"2"[39m
              [33mviewBox[39m=[32m"0 0 24 24"[39m
              [33mwidth[39m=[32m"24"[39m
              [33mxmlns[39m=[32m"http://www.w3.org/2000/svg"[39m
            [36m>[39m
              [36m<path[39m
                [33md[39m=[32m"M20 10c0 4.993-5.539 10.193-7.399 11.799a1 1 0 0 1-1.202 0C9.539 20.193 4 14.993 4 
10a8 8 0 0 1 16 0"[39m
              [36m/>[39m
              [36m<circle[39m
                [33mcx[39m=[32m"12"[39m
                [33mcy[39m=[32m"10"[39m
                [33mr[39m=[32m"3"[39m
              [36m/>[39m
            [36m</svg>[39m
            [36m<span[39m
              [33mclass[39m=[32m"text-gray-700"[39m
            [36m>[39m
              [0mRoom A[0m
            [36m</span>[39m
          [36m</div>[39m
          [36m<div[39m
            [33mclass[39m=[32m"flex items-start gap-3 text-sm"[39m
          [36m>[39m
            [36m<svg[39m
              [33maria-hidden[39m=[32m"true"[39m
              [33mclass[39m=[32m"lucide lucide-user h-4 w-4 text-gray-500 flex-shrink-0 mt-0.5"[39m
              [33mfill[39m=[32m"none"[39m
              [33mheight[39m=[32m"24"[39m
              [33mstroke[39m=[32m"currentColor"[39m
              [33mstroke-linecap[39m=[32m"round"[39m
              [33mstroke-linejoin[39m=[32m"round"[39m
              [33mstroke-width[39m=[32m"2"[39m
              [33mviewBox[39m=[32m"0 0 24 24"[39m
              [33mwidth[39m=[32m"24"[39m
              [33mxmlns[39m=[32m"http://www.w3.org/2000/svg"[39m
            [36m>[39m
              [36m<path[39m
                [33md[39m=[32m"M19 21v-2a4 4 0 0 0-4-4H9a4 4 0 0 0-4 4v2"[39m
              [36m/>[39m
              [36m<circle[39m
                [33mcx[39m=[32m"12"[39m
                [33mcy[39m=[32m"7"[39m
                [33mr[39m=[32m"4"[39m
              [36m/>[39m
            [36m</svg>[39m
            [36m<div[39m
              [33mclass[39m=[32m"flex-1"[39m
            [36m>[39m
              [36m<p[39m
                [33mclass[39m=[32m"font-medium text-gray-900"[39m
              [36m>[39m
                [0mPurpose:[0m
              [36m</p>[39m
              [36m<p[39m
                [33mclass[39m=[32m"text-gray-700 mt-1"[39m
              [36m>[39m
                [0mLecture[0m
              [36m</p>[39m
            [36m</div>[39m
          [36m</div>[39m
        [36m</div>[39m
        [36m<div[39m
          [33mclass[39m=[32m"flex gap-3 pt-3 border-t items-center"[39m
        [36m>[39m
          [36m<div[39m
            [33mclass[39m=[32m"flex-1"[39m
          [36m>[39m
            [36m<p[39m
              [33mclass[39m=[32m"text-sm text-muted-foreground"[39m
            [36m>[39m
              [0mExpired ╬ô├ç├╢ cannot be approved or rejected.[0m
            [36m</p>[39m
            [36m<span[39m
              [33maria-live[39m=[32m"polite"[39m
              [33mclass[39m=[32m"sr-only"[39m
              [33mrole[39m=[32m"status"[39m
            [36m>[39m
              [0mThis request has expired and cannot be approved or rejected.[0m
            [36m</span>[39m
          [36m</div>[39m
          [36m<div />[39m
        [36m</div>[39m
      [36m</div>[39m
    [36m</div>[39m
  [36m</div>[39m
[36m</body>[39m
 Γ¥» Object.getElementError node_modules/@testing-library/dom/dist/config.js:37:19
 Γ¥» node_modules/@testing-library/dom/dist/query-helpers.js:76:38
 Γ¥» node_modules/@testing-library/dom/dist/query-helpers.js:52:17
 Γ¥» node_modules/@testing-library/dom/dist/query-helpers.js:95:19
 Γ¥» src/__tests__/components/RequestCard.test.tsx:60:36
     58|       render(<RequestCard {...defaultProps} onApprove={onApprove} />);
     59| 
     60|       const approveButton = screen.getByRole('button', { name: /approvΓÇª
       |                                    ^
     61|       await user.click(approveButton);
     62| 

ΓÄ»ΓÄ»ΓÄ»ΓÄ»ΓÄ»ΓÄ»ΓÄ»ΓÄ»ΓÄ»ΓÄ»ΓÄ»ΓÄ»ΓÄ»ΓÄ»ΓÄ»ΓÄ»ΓÄ»ΓÄ»ΓÄ»ΓÄ»ΓÄ»[20/107]ΓÄ»

 FAIL  src/__tests__/components/RequestCard.test.tsx > RequestCard > reject with reason > should call onReject with 
reason when reject button clicked
TestingLibraryElementError: Unable to find an accessible element with the role "button" and name `/reject/i`

Here are the accessible roles:

  heading:

  Name "Test Faculty":
  [36m<h4[39m
    [33mclass[39m=[32m"text-lg"[39m
    [33mdata-slot[39m=[32m"card-title"[39m
  [36m/>[39m

  --------------------------------------------------
  paragraph:

  Name "":
  [36m<p[39m
    [33mclass[39m=[32m"font-medium text-gray-900"[39m
  [36m/>[39m

  Name "":
  [36m<p[39m
    [33mclass[39m=[32m"text-gray-700 mt-1"[39m
  [36m/>[39m

  Name "":
  [36m<p[39m
    [33mclass[39m=[32m"text-sm text-muted-foreground"[39m
  [36m/>[39m

  --------------------------------------------------
  status:

  Name "":
  [36m<span[39m
    [33maria-live[39m=[32m"polite"[39m
    [33mclass[39m=[32m"sr-only"[39m
    [33mrole[39m=[32m"status"[39m
  [36m/>[39m

  --------------------------------------------------

Ignored nodes: comments, script, style
[36m<body>[39m
  [36m<div>[39m
    [36m<div[39m
      [33mclass[39m=[32m"bg-card text-card-foreground flex flex-col gap-6 rounded-xl border border-l-4 
border-l-orange-500 transition-shadow hover:shadow-md"[39m
      [33mdata-slot[39m=[32m"card"[39m
    [36m>[39m
      [36m<div[39m
        [33mclass[39m=[32m"@container/card-header grid auto-rows-min grid-rows-[auto_auto] items-start gap-1.5 px-6 
pt-6 has-data-[slot=card-action]:grid-cols-[1fr_auto] [.border-b]:pb-6 pb-3"[39m
        [33mdata-slot[39m=[32m"card-header"[39m
      [36m>[39m
        [36m<div[39m
          [33mclass[39m=[32m"flex items-start justify-between"[39m
        [36m>[39m
          [36m<div[39m
            [33mclass[39m=[32m"flex items-start gap-3"[39m
          [36m>[39m
            [36m<div[39m
              [33mclass[39m=[32m"space-y-1"[39m
            [36m>[39m
              [36m<h4[39m
                [33mclass[39m=[32m"text-lg"[39m
                [33mdata-slot[39m=[32m"card-title"[39m
              [36m>[39m
                [0mTest Faculty[0m
              [36m</h4>[39m
              [36m<div[39m
                [33mclass[39m=[32m"text-muted-foreground text-sm"[39m
                [33mdata-slot[39m=[32m"card-description"[39m
              [36m>[39m
                [0mRequest ID: [0m
                [0mreq_1[0m
              [36m</div>[39m
            [36m</div>[39m
          [36m</div>[39m
          [36m<div[39m
            [33mclass[39m=[32m"flex items-center gap-2"[39m
          [36m>[39m
            [36m<span[39m
              [33mclass[39m=[32m"inline-flex items-center justify-center rounded-md border px-2 py-0.5 text-xs 
font-medium w-fit whitespace-nowrap shrink-0 [&>svg]:size-3 gap-1 [&>svg]:pointer-events-none 
focus-visible:border-ring focus-visible:ring-[3px] aria-invalid:ring-destructive/20 
dark:aria-invalid:ring-destructive/40 aria-invalid:border-destructive transition-[color,box-shadow] overflow-hidden 
border-transparent bg-destructive text-white [a&]:hover:bg-destructive/90 focus-visible:ring-destructive/20 
dark:focus-visible:ring-destructive/40 dark:bg-destructive/60"[39m
              [33mdata-slot[39m=[32m"badge"[39m
            [36m>[39m
              [0mExpired[0m
            [36m</span>[39m
          [36m</div>[39m
        [36m</div>[39m
      [36m</div>[39m
      [36m<div[39m
        [33mclass[39m=[32m"px-6 [&:last-child]:pb-6 space-y-4"[39m
        [33mdata-slot[39m=[32m"card-content"[39m
      [36m>[39m
        [36m<div[39m
          [33mclass[39m=[32m"space-y-3"[39m
        [36m>[39m
          [36m<div[39m
            [33mclass[39m=[32m"flex items-center gap-3 text-sm"[39m
          [36m>[39m
            [36m<svg[39m
              [33maria-hidden[39m=[32m"true"[39m
              [33mclass[39m=[32m"lucide lucide-calendar h-4 w-4 text-gray-500 flex-shrink-0"[39m
              [33mfill[39m=[32m"none"[39m
              [33mheight[39m=[32m"24"[39m
              [33mstroke[39m=[32m"currentColor"[39m
              [33mstroke-linecap[39m=[32m"round"[39m
              [33mstroke-linejoin[39m=[32m"round"[39m
              [33mstroke-width[39m=[32m"2"[39m
              [33mviewBox[39m=[32m"0 0 24 24"[39m
              [33mwidth[39m=[32m"24"[39m
              [33mxmlns[39m=[32m"http://www.w3.org/2000/svg"[39m
            [36m>[39m
              [36m<path[39m
                [33md[39m=[32m"M8 2v4"[39m
              [36m/>[39m
              [36m<path[39m
                [33md[39m=[32m"M16 2v4"[39m
              [36m/>[39m
              [36m<rect[39m
                [33mheight[39m=[32m"18"[39m
                [33mrx[39m=[32m"2"[39m
                [33mwidth[39m=[32m"18"[39m
                [33mx[39m=[32m"3"[39m
                [33my[39m=[32m"4"[39m
              [36m/>[39m
              [36m<path[39m
                [33md[39m=[32m"M3 10h18"[39m
              [36m/>[39m
            [36m</svg>[39m
            [36m<span[39m
              [33mclass[39m=[32m"font-medium text-gray-900"[39m
            [36m>[39m
              [0mMonday, January 15, 2024[0m
            [36m</span>[39m
          [36m</div>[39m
          [36m<div[39m
            [33mclass[39m=[32m"flex items-center gap-3 text-sm"[39m
          [36m>[39m
            [36m<svg[39m
              [33maria-hidden[39m=[32m"true"[39m
              [33mclass[39m=[32m"lucide lucide-clock h-4 w-4 text-gray-500 flex-shrink-0"[39m
              [33mfill[39m=[32m"none"[39m
              [33mheight[39m=[32m"24"[39m
              [33mstroke[39m=[32m"currentColor"[39m
              [33mstroke-linecap[39m=[32m"round"[39m
              [33mstroke-linejoin[39m=[32m"round"[39m
              [33mstroke-width[39m=[32m"2"[39m
              [33mviewBox[39m=[32m"0 0 24 24"[39m
              [33mwidth[39m=[32m"24"[39m
              [33mxmlns[39m=[32m"http://www.w3.org/2000/svg"[39m
            [36m>[39m
              [36m<path[39m
                [33md[39m=[32m"M12 6v6l4 2"[39m
              [36m/>[39m
              [36m<circle[39m
                [33mcx[39m=[32m"12"[39m
                [33mcy[39m=[32m"12"[39m
                [33mr[39m=[32m"10"[39m
              [36m/>[39m
            [36m</svg>[39m
            [36m<span[39m
              [33mclass[39m=[32m"text-gray-700"[39m
            [36m>[39m
              [0m9:00 AM - 10:00 AM[0m
            [36m</span>[39m
          [36m</div>[39m
          [36m<div[39m
            [33mclass[39m=[32m"flex items-center gap-3 text-sm"[39m
          [36m>[39m
            [36m<svg[39m
              [33maria-hidden[39m=[32m"true"[39m
              [33mclass[39m=[32m"lucide lucide-map-pin h-4 w-4 text-gray-500 flex-shrink-0"[39m
              [33mfill[39m=[32m"none"[39m
              [33mheight[39m=[32m"24"[39m
              [33mstroke[39m=[32m"currentColor"[39m
              [33mstroke-linecap[39m=[32m"round"[39m
              [33mstroke-linejoin[39m=[32m"round"[39m
              [33mstroke-width[39m=[32m"2"[39m
              [33mviewBox[39m=[32m"0 0 24 24"[39m
              [33mwidth[39m=[32m"24"[39m
              [33mxmlns[39m=[32m"http://www.w3.org/2000/svg"[39m
            [36m>[39m
              [36m<path[39m
                [33md[39m=[32m"M20 10c0 4.993-5.539 10.193-7.399 11.799a1 1 0 0 1-1.202 0C9.539 20.193 4 14.993 4 
10a8 8 0 0 1 16 0"[39m
              [36m/>[39m
              [36m<circle[39m
                [33mcx[39m=[32m"12"[39m
                [33mcy[39m=[32m"10"[39m
                [33mr[39m=[32m"3"[39m
              [36m/>[39m
            [36m</svg>[39m
            [36m<span[39m
              [33mclass[39m=[32m"text-gray-700"[39m
            [36m>[39m
              [0mRoom A[0m
            [36m</span>[39m
          [36m</div>[39m
          [36m<div[39m
            [33mclass[39m=[32m"flex items-start gap-3 text-sm"[39m
          [36m>[39m
            [36m<svg[39m
              [33maria-hidden[39m=[32m"true"[39m
              [33mclass[39m=[32m"lucide lucide-user h-4 w-4 text-gray-500 flex-shrink-0 mt-0.5"[39m
              [33mfill[39m=[32m"none"[39m
              [33mheight[39m=[32m"24"[39m
              [33mstroke[39m=[32m"currentColor"[39m
              [33mstroke-linecap[39m=[32m"round"[39m
              [33mstroke-linejoin[39m=[32m"round"[39m
              [33mstroke-width[39m=[32m"2"[39m
              [33mviewBox[39m=[32m"0 0 24 24"[39m
              [33mwidth[39m=[32m"24"[39m
              [33mxmlns[39m=[32m"http://www.w3.org/2000/svg"[39m
            [36m>[39m
              [36m<path[39m
                [33md[39m=[32m"M19 21v-2a4 4 0 0 0-4-4H9a4 4 0 0 0-4 4v2"[39m
              [36m/>[39m
              [36m<circle[39m
                [33mcx[39m=[32m"12"[39m
                [33mcy[39m=[32m"7"[39m
                [33mr[39m=[32m"4"[39m
              [36m/>[39m
            [36m</svg>[39m
            [36m<div[39m
              [33mclass[39m=[32m"flex-1"[39m
            [36m>[39m
              [36m<p[39m
                [33mclass[39m=[32m"font-medium text-gray-900"[39m
              [36m>[39m
                [0mPurpose:[0m
              [36m</p>[39m
              [36m<p[39m
                [33mclass[39m=[32m"text-gray-700 mt-1"[39m
              [36m>[39m
                [0mLecture[0m
              [36m</p>[39m
            [36m</div>[39m
          [36m</div>[39m
        [36m</div>[39m
        [36m<div[39m
          [33mclass[39m=[32m"flex gap-3 pt-3 border-t items-center"[39m
        [36m>[39m
          [36m<div[39m
            [33mclass[39m=[32m"flex-1"[39m
          [36m>[39m
            [36m<p[39m
              [33mclass[39m=[32m"text-sm text-muted-foreground"[39m
            [36m>[39m
              [0mExpired ╬ô├ç├╢ cannot be approved or rejected.[0m
            [36m</p>[39m
            [36m<span[39m
              [33maria-live[39m=[32m"polite"[39m
              [33mclass[39m=[32m"sr-only"[39m
              [33mrole[39m=[32m"status"[39m
            [36m>[39m
              [0mThis request has expired and cannot be approved or rejected.[0m
            [36m</span>[39m
          [36m</div>[39m
          [36m<div />[39m
        [36m</div>[39m
      [36m</div>[39m
    [36m</div>[39m
  [36m</div>[39m
[36m</body>[39m
 Γ¥» Object.getElementError node_modules/@testing-library/dom/dist/config.js:37:19
 Γ¥» node_modules/@testing-library/dom/dist/query-helpers.js:76:38
 Γ¥» node_modules/@testing-library/dom/dist/query-helpers.js:52:17
 Γ¥» node_modules/@testing-library/dom/dist/query-helpers.js:95:19
 Γ¥» src/__tests__/components/RequestCard.test.tsx:76:35
     74|       render(<RequestCard {...defaultProps} onReject={onReject} />);
     75| 
     76|       const rejectButton = screen.getByRole('button', { name: /reject/ΓÇª
       |                                   ^
     77|       await user.click(rejectButton);
     78| 

ΓÄ»ΓÄ»ΓÄ»ΓÄ»ΓÄ»ΓÄ»ΓÄ»ΓÄ»ΓÄ»ΓÄ»ΓÄ»ΓÄ»ΓÄ»ΓÄ»ΓÄ»ΓÄ»ΓÄ»ΓÄ»ΓÄ»ΓÄ»ΓÄ»[21/107]ΓÄ»

 FAIL  src/__tests__/components/RequestCard.test.tsx > RequestCard > cancel > should call onCancelApproved when cancel 
button clicked
TestingLibraryElementError: Unable to find an accessible element with the role "button" and name `/cancel/i`

Here are the accessible roles:

  heading:

  Name "Test Faculty":
  [36m<h4[39m
    [33mclass[39m=[32m"text-lg"[39m
    [33mdata-slot[39m=[32m"card-title"[39m
  [36m/>[39m

  --------------------------------------------------
  paragraph:

  Name "":
  [36m<p[39m
    [33mclass[39m=[32m"font-medium text-gray-900"[39m
  [36m/>[39m

  Name "":
  [36m<p[39m
    [33mclass[39m=[32m"text-gray-700 mt-1"[39m
  [36m/>[39m

  Name "":
  [36m<p[39m
    [33maria-hidden[39m=[32m"false"[39m
    [33mclass[39m=[32m"sr-only"[39m
  [36m/>[39m

  --------------------------------------------------

Ignored nodes: comments, script, style
[36m<body>[39m
  [36m<div>[39m
    [36m<div[39m
      [33mclass[39m=[32m"bg-card text-card-foreground flex flex-col gap-6 rounded-xl border border-l-4 
border-l-green-500 transition-shadow hover:shadow-md"[39m
      [33mdata-slot[39m=[32m"card"[39m
    [36m>[39m
      [36m<div[39m
        [33mclass[39m=[32m"@container/card-header grid auto-rows-min grid-rows-[auto_auto] items-start gap-1.5 px-6 
pt-6 has-data-[slot=card-action]:grid-cols-[1fr_auto] [.border-b]:pb-6 pb-3"[39m
        [33mdata-slot[39m=[32m"card-header"[39m
      [36m>[39m
        [36m<div[39m
          [33mclass[39m=[32m"flex items-start justify-between"[39m
        [36m>[39m
          [36m<div[39m
            [33mclass[39m=[32m"flex items-start gap-3"[39m
          [36m>[39m
            [36m<div[39m
              [33mclass[39m=[32m"space-y-1"[39m
            [36m>[39m
              [36m<h4[39m
                [33mclass[39m=[32m"text-lg"[39m
                [33mdata-slot[39m=[32m"card-title"[39m
              [36m>[39m
                [0mTest Faculty[0m
              [36m</h4>[39m
              [36m<div[39m
                [33mclass[39m=[32m"text-muted-foreground text-sm"[39m
                [33mdata-slot[39m=[32m"card-description"[39m
              [36m>[39m
                [0mRequest ID: [0m
                [0mreq_1[0m
              [36m</div>[39m
            [36m</div>[39m
          [36m</div>[39m
          [36m<div[39m
            [33mclass[39m=[32m"flex items-center gap-2"[39m
          [36m>[39m
            [36m<span[39m
              [33mclass[39m=[32m"inline-flex items-center justify-center rounded-md border px-2 py-0.5 text-xs 
font-medium w-fit whitespace-nowrap shrink-0 [&>svg]:size-3 gap-1 [&>svg]:pointer-events-none 
focus-visible:border-ring focus-visible:ring-ring/50 focus-visible:ring-[3px] aria-invalid:ring-destructive/20 
dark:aria-invalid:ring-destructive/40 aria-invalid:border-destructive transition-[color,box-shadow] overflow-hidden 
border-transparent bg-primary text-primary-foreground [a&]:hover:bg-primary/90"[39m
              [33mdata-slot[39m=[32m"badge"[39m
            [36m>[39m
              [0mApproved[0m
            [36m</span>[39m
          [36m</div>[39m
        [36m</div>[39m
      [36m</div>[39m
      [36m<div[39m
        [33mclass[39m=[32m"px-6 [&:last-child]:pb-6 space-y-4"[39m
        [33mdata-slot[39m=[32m"card-content"[39m
      [36m>[39m
        [36m<div[39m
          [33mclass[39m=[32m"space-y-3"[39m
        [36m>[39m
          [36m<div[39m
            [33mclass[39m=[32m"flex items-center gap-3 text-sm"[39m
          [36m>[39m
            [36m<svg[39m
              [33maria-hidden[39m=[32m"true"[39m
              [33mclass[39m=[32m"lucide lucide-calendar h-4 w-4 text-gray-500 flex-shrink-0"[39m
              [33mfill[39m=[32m"none"[39m
              [33mheight[39m=[32m"24"[39m
              [33mstroke[39m=[32m"currentColor"[39m
              [33mstroke-linecap[39m=[32m"round"[39m
              [33mstroke-linejoin[39m=[32m"round"[39m
              [33mstroke-width[39m=[32m"2"[39m
              [33mviewBox[39m=[32m"0 0 24 24"[39m
              [33mwidth[39m=[32m"24"[39m
              [33mxmlns[39m=[32m"http://www.w3.org/2000/svg"[39m
            [36m>[39m
              [36m<path[39m
                [33md[39m=[32m"M8 2v4"[39m
              [36m/>[39m
              [36m<path[39m
                [33md[39m=[32m"M16 2v4"[39m
              [36m/>[39m
              [36m<rect[39m
                [33mheight[39m=[32m"18"[39m
                [33mrx[39m=[32m"2"[39m
                [33mwidth[39m=[32m"18"[39m
                [33mx[39m=[32m"3"[39m
                [33my[39m=[32m"4"[39m
              [36m/>[39m
              [36m<path[39m
                [33md[39m=[32m"M3 10h18"[39m
              [36m/>[39m
            [36m</svg>[39m
            [36m<span[39m
              [33mclass[39m=[32m"font-medium text-gray-900"[39m
            [36m>[39m
              [0mMonday, January 15, 2024[0m
            [36m</span>[39m
          [36m</div>[39m
          [36m<div[39m
            [33mclass[39m=[32m"flex items-center gap-3 text-sm"[39m
          [36m>[39m
            [36m<svg[39m
              [33maria-hidden[39m=[32m"true"[39m
              [33mclass[39m=[32m"lucide lucide-clock h-4 w-4 text-gray-500 flex-shrink-0"[39m
              [33mfill[39m=[32m"none"[39m
              [33mheight[39m=[32m"24"[39m
              [33mstroke[39m=[32m"currentColor"[39m
              [33mstroke-linecap[39m=[32m"round"[39m
              [33mstroke-linejoin[39m=[32m"round"[39m
              [33mstroke-width[39m=[32m"2"[39m
              [33mviewBox[39m=[32m"0 0 24 24"[39m
              [33mwidth[39m=[32m"24"[39m
              [33mxmlns[39m=[32m"http://www.w3.org/2000/svg"[39m
            [36m>[39m
              [36m<path[39m
                [33md[39m=[32m"M12 6v6l4 2"[39m
              [36m/>[39m
              [36m<circle[39m
                [33mcx[39m=[32m"12"[39m
                [33mcy[39m=[32m"12"[39m
                [33mr[39m=[32m"10"[39m
              [36m/>[39m
            [36m</svg>[39m
            [36m<span[39m
              [33mclass[39m=[32m"text-gray-700"[39m
            [36m>[39m
              [0m9:00 AM - 10:00 AM[0m
            [36m</span>[39m
          [36m</div>[39m
          [36m<div[39m
            [33mclass[39m=[32m"flex items-center gap-3 text-sm"[39m
          [36m>[39m
            [36m<svg[39m
              [33maria-hidden[39m=[32m"true"[39m
              [33mclass[39m=[32m"lucide lucide-map-pin h-4 w-4 text-gray-500 flex-shrink-0"[39m
              [33mfill[39m=[32m"none"[39m
              [33mheight[39m=[32m"24"[39m
              [33mstroke[39m=[32m"currentColor"[39m
              [33mstroke-linecap[39m=[32m"round"[39m
              [33mstroke-linejoin[39m=[32m"round"[39m
              [33mstroke-width[39m=[32m"2"[39m
              [33mviewBox[39m=[32m"0 0 24 24"[39m
              [33mwidth[39m=[32m"24"[39m
              [33mxmlns[39m=[32m"http://www.w3.org/2000/svg"[39m
            [36m>[39m
              [36m<path[39m
                [33md[39m=[32m"M20 10c0 4.993-5.539 10.193-7.399 11.799a1 1 0 0 1-1.202 0C9.539 20.193 4 14.993 4 
10a8 8 0 0 1 16 0"[39m
              [36m/>[39m
              [36m<circle[39m
                [33mcx[39m=[32m"12"[39m
                [33mcy[39m=[32m"10"[39m
                [33mr[39m=[32m"3"[39m
              [36m/>[39m
            [36m</svg>[39m
            [36m<span[39m
              [33mclass[39m=[32m"text-gray-700"[39m
            [36m>[39m
              [0mRoom A[0m
            [36m</span>[39m
          [36m</div>[39m
          [36m<div[39m
            [33mclass[39m=[32m"flex items-start gap-3 text-sm"[39m
          [36m>[39m
            [36m<svg[39m
              [33maria-hidden[39m=[32m"true"[39m
              [33mclass[39m=[32m"lucide lucide-user h-4 w-4 text-gray-500 flex-shrink-0 mt-0.5"[39m
              [33mfill[39m=[32m"none"[39m
              [33mheight[39m=[32m"24"[39m
              [33mstroke[39m=[32m"currentColor"[39m
              [33mstroke-linecap[39m=[32m"round"[39m
              [33mstroke-linejoin[39m=[32m"round"[39m
              [33mstroke-width[39m=[32m"2"[39m
              [33mviewBox[39m=[32m"0 0 24 24"[39m
              [33mwidth[39m=[32m"24"[39m
              [33mxmlns[39m=[32m"http://www.w3.org/2000/svg"[39m
            [36m>[39m
              [36m<path[39m
                [33md[39m=[32m"M19 21v-2a4 4 0 0 0-4-4H9a4 4 0 0 0-4 4v2"[39m
              [36m/>[39m
              [36m<circle[39m
                [33mcx[39m=[32m"12"[39m
                [33mcy[39m=[32m"7"[39m
                [33mr[39m=[32m"4"[39m
              [36m/>[39m
            [36m</svg>[39m
            [36m<div[39m
              [33mclass[39m=[32m"flex-1"[39m
            [36m>[39m
              [36m<p[39m
                [33mclass[39m=[32m"font-medium text-gray-900"[39m
              [36m>[39m
                [0mPurpose:[0m
              [36m</p>[39m
              [36m<p[39m
                [33mclass[39m=[32m"text-gray-700 mt-1"[39m
              [36m>[39m
                [0mLecture[0m
              [36m</p>[39m
            [36m</div>[39m
          [36m</div>[39m
        [36m</div>[39m
        [36m<div[39m
          [33mclass[39m=[32m"flex gap-3 pt-3 border-t"[39m
        [36m>[39m
          [36m<div[39m
            [33mclass[39m=[32m"flex-1"[39m
          [36m>[39m
            [36m<p[39m
              [33maria-hidden[39m=[32m"false"[39m
              [33mclass[39m=[32m"sr-only"[39m
            [36m>[39m
              [0mThis reservation has already started or passed and cannot be cancelled.[0m
            [36m</p>[39m
          [36m</div>[39m
        [36m</div>[39m
      [36m</div>[39m
    [36m</div>[39m
  [36m</div>[39m
[36m</body>[39m
 Γ¥» Object.getElementError node_modules/@testing-library/dom/dist/config.js:37:19
 Γ¥» node_modules/@testing-library/dom/dist/query-helpers.js:76:38
 Γ¥» node_modules/@testing-library/dom/dist/query-helpers.js:52:17
 Γ¥» node_modules/@testing-library/dom/dist/query-helpers.js:95:19
 Γ¥» src/__tests__/components/RequestCard.test.tsx:106:35
    104|       );
    105| 
    106|       const cancelButton = screen.getByRole('button', { name: /cancel/ΓÇª
       |                                   ^
    107|       await user.click(cancelButton);
    108| 

ΓÄ»ΓÄ»ΓÄ»ΓÄ»ΓÄ»ΓÄ»ΓÄ»ΓÄ»ΓÄ»ΓÄ»ΓÄ»ΓÄ»ΓÄ»ΓÄ»ΓÄ»ΓÄ»ΓÄ»ΓÄ»ΓÄ»ΓÄ»ΓÄ»[22/107]ΓÄ»

 FAIL  src/__tests__/components/RequestCard.test.tsx > RequestCard > disabled state > should disable buttons when 
disabled prop is true
TestingLibraryElementError: Unable to find an accessible element with the role "button" and name `/approve/i`

Here are the accessible roles:

  heading:

  Name "Test Faculty":
  [36m<h4[39m
    [33mclass[39m=[32m"text-lg"[39m
    [33mdata-slot[39m=[32m"card-title"[39m
  [36m/>[39m

  --------------------------------------------------
  paragraph:

  Name "":
  [36m<p[39m
    [33mclass[39m=[32m"font-medium text-gray-900"[39m
  [36m/>[39m

  Name "":
  [36m<p[39m
    [33mclass[39m=[32m"text-gray-700 mt-1"[39m
  [36m/>[39m

  Name "":
  [36m<p[39m
    [33mclass[39m=[32m"text-sm text-muted-foreground"[39m
  [36m/>[39m

  --------------------------------------------------
  status:

  Name "":
  [36m<span[39m
    [33maria-live[39m=[32m"polite"[39m
    [33mclass[39m=[32m"sr-only"[39m
    [33mrole[39m=[32m"status"[39m
  [36m/>[39m

  --------------------------------------------------

Ignored nodes: comments, script, style
[36m<body>[39m
  [36m<div>[39m
    [36m<div[39m
      [33mclass[39m=[32m"bg-card text-card-foreground flex flex-col gap-6 rounded-xl border border-l-4 
border-l-orange-500 transition-shadow hover:shadow-md"[39m
      [33mdata-slot[39m=[32m"card"[39m
    [36m>[39m
      [36m<div[39m
        [33mclass[39m=[32m"@container/card-header grid auto-rows-min grid-rows-[auto_auto] items-start gap-1.5 px-6 
pt-6 has-data-[slot=card-action]:grid-cols-[1fr_auto] [.border-b]:pb-6 pb-3"[39m
        [33mdata-slot[39m=[32m"card-header"[39m
      [36m>[39m
        [36m<div[39m
          [33mclass[39m=[32m"flex items-start justify-between"[39m
        [36m>[39m
          [36m<div[39m
            [33mclass[39m=[32m"flex items-start gap-3"[39m
          [36m>[39m
            [36m<div[39m
              [33mclass[39m=[32m"space-y-1"[39m
            [36m>[39m
              [36m<h4[39m
                [33mclass[39m=[32m"text-lg"[39m
                [33mdata-slot[39m=[32m"card-title"[39m
              [36m>[39m
                [0mTest Faculty[0m
              [36m</h4>[39m
              [36m<div[39m
                [33mclass[39m=[32m"text-muted-foreground text-sm"[39m
                [33mdata-slot[39m=[32m"card-description"[39m
              [36m>[39m
                [0mRequest ID: [0m
                [0mreq_1[0m
              [36m</div>[39m
            [36m</div>[39m
          [36m</div>[39m
          [36m<div[39m
            [33mclass[39m=[32m"flex items-center gap-2"[39m
          [36m>[39m
            [36m<span[39m
              [33mclass[39m=[32m"inline-flex items-center justify-center rounded-md border px-2 py-0.5 text-xs 
font-medium w-fit whitespace-nowrap shrink-0 [&>svg]:size-3 gap-1 [&>svg]:pointer-events-none 
focus-visible:border-ring focus-visible:ring-[3px] aria-invalid:ring-destructive/20 
dark:aria-invalid:ring-destructive/40 aria-invalid:border-destructive transition-[color,box-shadow] overflow-hidden 
border-transparent bg-destructive text-white [a&]:hover:bg-destructive/90 focus-visible:ring-destructive/20 
dark:focus-visible:ring-destructive/40 dark:bg-destructive/60"[39m
              [33mdata-slot[39m=[32m"badge"[39m
            [36m>[39m
              [0mExpired[0m
            [36m</span>[39m
          [36m</div>[39m
        [36m</div>[39m
      [36m</div>[39m
      [36m<div[39m
        [33mclass[39m=[32m"px-6 [&:last-child]:pb-6 space-y-4"[39m
        [33mdata-slot[39m=[32m"card-content"[39m
      [36m>[39m
        [36m<div[39m
          [33mclass[39m=[32m"space-y-3"[39m
        [36m>[39m
          [36m<div[39m
            [33mclass[39m=[32m"flex items-center gap-3 text-sm"[39m
          [36m>[39m
            [36m<svg[39m
              [33maria-hidden[39m=[32m"true"[39m
              [33mclass[39m=[32m"lucide lucide-calendar h-4 w-4 text-gray-500 flex-shrink-0"[39m
              [33mfill[39m=[32m"none"[39m
              [33mheight[39m=[32m"24"[39m
              [33mstroke[39m=[32m"currentColor"[39m
              [33mstroke-linecap[39m=[32m"round"[39m
              [33mstroke-linejoin[39m=[32m"round"[39m
              [33mstroke-width[39m=[32m"2"[39m
              [33mviewBox[39m=[32m"0 0 24 24"[39m
              [33mwidth[39m=[32m"24"[39m
              [33mxmlns[39m=[32m"http://www.w3.org/2000/svg"[39m
            [36m>[39m
              [36m<path[39m
                [33md[39m=[32m"M8 2v4"[39m
              [36m/>[39m
              [36m<path[39m
                [33md[39m=[32m"M16 2v4"[39m
              [36m/>[39m
              [36m<rect[39m
                [33mheight[39m=[32m"18"[39m
                [33mrx[39m=[32m"2"[39m
                [33mwidth[39m=[32m"18"[39m
                [33mx[39m=[32m"3"[39m
                [33my[39m=[32m"4"[39m
              [36m/>[39m
              [36m<path[39m
                [33md[39m=[32m"M3 10h18"[39m
              [36m/>[39m
            [36m</svg>[39m
            [36m<span[39m
              [33mclass[39m=[32m"font-medium text-gray-900"[39m
            [36m>[39m
              [0mMonday, January 15, 2024[0m
            [36m</span>[39m
          [36m</div>[39m
          [36m<div[39m
            [33mclass[39m=[32m"flex items-center gap-3 text-sm"[39m
          [36m>[39m
            [36m<svg[39m
              [33maria-hidden[39m=[32m"true"[39m
              [33mclass[39m=[32m"lucide lucide-clock h-4 w-4 text-gray-500 flex-shrink-0"[39m
              [33mfill[39m=[32m"none"[39m
              [33mheight[39m=[32m"24"[39m
              [33mstroke[39m=[32m"currentColor"[39m
              [33mstroke-linecap[39m=[32m"round"[39m
              [33mstroke-linejoin[39m=[32m"round"[39m
              [33mstroke-width[39m=[32m"2"[39m
              [33mviewBox[39m=[32m"0 0 24 24"[39m
              [33mwidth[39m=[32m"24"[39m
              [33mxmlns[39m=[32m"http://www.w3.org/2000/svg"[39m
            [36m>[39m
              [36m<path[39m
                [33md[39m=[32m"M12 6v6l4 2"[39m
              [36m/>[39m
              [36m<circle[39m
                [33mcx[39m=[32m"12"[39m
                [33mcy[39m=[32m"12"[39m
                [33mr[39m=[32m"10"[39m
              [36m/>[39m
            [36m</svg>[39m
            [36m<span[39m
              [33mclass[39m=[32m"text-gray-700"[39m
            [36m>[39m
              [0m9:00 AM - 10:00 AM[0m
            [36m</span>[39m
          [36m</div>[39m
          [36m<div[39m
            [33mclass[39m=[32m"flex items-center gap-3 text-sm"[39m
          [36m>[39m
            [36m<svg[39m
              [33maria-hidden[39m=[32m"true"[39m
              [33mclass[39m=[32m"lucide lucide-map-pin h-4 w-4 text-gray-500 flex-shrink-0"[39m
              [33mfill[39m=[32m"none"[39m
              [33mheight[39m=[32m"24"[39m
              [33mstroke[39m=[32m"currentColor"[39m
              [33mstroke-linecap[39m=[32m"round"[39m
              [33mstroke-linejoin[39m=[32m"round"[39m
              [33mstroke-width[39m=[32m"2"[39m
              [33mviewBox[39m=[32m"0 0 24 24"[39m
              [33mwidth[39m=[32m"24"[39m
              [33mxmlns[39m=[32m"http://www.w3.org/2000/svg"[39m
            [36m>[39m
              [36m<path[39m
                [33md[39m=[32m"M20 10c0 4.993-5.539 10.193-7.399 11.799a1 1 0 0 1-1.202 0C9.539 20.193 4 14.993 4 
10a8 8 0 0 1 16 0"[39m
              [36m/>[39m
              [36m<circle[39m
                [33mcx[39m=[32m"12"[39m
                [33mcy[39m=[32m"10"[39m
                [33mr[39m=[32m"3"[39m
              [36m/>[39m
            [36m</svg>[39m
            [36m<span[39m
              [33mclass[39m=[32m"text-gray-700"[39m
            [36m>[39m
              [0mRoom A[0m
            [36m</span>[39m
          [36m</div>[39m
          [36m<div[39m
            [33mclass[39m=[32m"flex items-start gap-3 text-sm"[39m
          [36m>[39m
            [36m<svg[39m
              [33maria-hidden[39m=[32m"true"[39m
              [33mclass[39m=[32m"lucide lucide-user h-4 w-4 text-gray-500 flex-shrink-0 mt-0.5"[39m
              [33mfill[39m=[32m"none"[39m
              [33mheight[39m=[32m"24"[39m
              [33mstroke[39m=[32m"currentColor"[39m
              [33mstroke-linecap[39m=[32m"round"[39m
              [33mstroke-linejoin[39m=[32m"round"[39m
              [33mstroke-width[39m=[32m"2"[39m
              [33mviewBox[39m=[32m"0 0 24 24"[39m
              [33mwidth[39m=[32m"24"[39m
              [33mxmlns[39m=[32m"http://www.w3.org/2000/svg"[39m
            [36m>[39m
              [36m<path[39m
                [33md[39m=[32m"M19 21v-2a4 4 0 0 0-4-4H9a4 4 0 0 0-4 4v2"[39m
              [36m/>[39m
              [36m<circle[39m
                [33mcx[39m=[32m"12"[39m
                [33mcy[39m=[32m"7"[39m
                [33mr[39m=[32m"4"[39m
              [36m/>[39m
            [36m</svg>[39m
            [36m<div[39m
              [33mclass[39m=[32m"flex-1"[39m
            [36m>[39m
              [36m<p[39m
                [33mclass[39m=[32m"font-medium text-gray-900"[39m
              [36m>[39m
                [0mPurpose:[0m
              [36m</p>[39m
              [36m<p[39m
                [33mclass[39m=[32m"text-gray-700 mt-1"[39m
              [36m>[39m
                [0mLecture[0m
              [36m</p>[39m
            [36m</div>[39m
          [36m</div>[39m
        [36m</div>[39m
        [36m<div[39m
          [33mclass[39m=[32m"flex gap-3 pt-3 border-t items-center"[39m
        [36m>[39m
          [36m<div[39m
            [33mclass[39m=[32m"flex-1"[39m
          [36m>[39m
            [36m<p[39m
              [33mclass[39m=[32m"text-sm text-muted-foreground"[39m
            [36m>[39m
              [0mExpired ╬ô├ç├╢ cannot be approved or rejected.[0m
            [36m</p>[39m
            [36m<span[39m
              [33maria-live[39m=[32m"polite"[39m
              [33mclass[39m=[32m"sr-only"[39m
              [33mrole[39m=[32m"status"[39m
            [36m>[39m
              [0mThis request has expired and cannot be approved or rejected.[0m
            [36m</span>[39m
          [36m</div>[39m
          [36m<div />[39m
        [36m</div>[39m
      [36m</div>[39m
    [36m</div>[39m
  [36m</div>[39m
[36m</body>[39m
 Γ¥» Object.getElementError node_modules/@testing-library/dom/dist/config.js:37:19
 Γ¥» node_modules/@testing-library/dom/dist/query-helpers.js:76:38
 Γ¥» node_modules/@testing-library/dom/dist/query-helpers.js:52:17
 Γ¥» node_modules/@testing-library/dom/dist/query-helpers.js:95:19
 Γ¥» src/__tests__/components/RequestCard.test.tsx:125:36
    123|       render(<RequestCard {...defaultProps} disabled={true} />);
    124| 
    125|       const approveButton = screen.getByRole('button', { name: /approvΓÇª
       |                                    ^
    126|       expect(approveButton).toBeDisabled();
    127|     });

ΓÄ»ΓÄ»ΓÄ»ΓÄ»ΓÄ»ΓÄ»ΓÄ»ΓÄ»ΓÄ»ΓÄ»ΓÄ»ΓÄ»ΓÄ»ΓÄ»ΓÄ»ΓÄ»ΓÄ»ΓÄ»ΓÄ»ΓÄ»ΓÄ»[23/107]ΓÄ»

 FAIL  src/__tests__/components/RequestCard.test.tsx > RequestCard > accessibility > should have proper ARIA labels
TestingLibraryElementError: Unable to find an accessible element with the role "article"

Here are the accessible roles:

  heading:

  Name "Test Faculty":
  [36m<h4[39m
    [33mclass[39m=[32m"text-lg"[39m
    [33mdata-slot[39m=[32m"card-title"[39m
  [36m/>[39m

  --------------------------------------------------
  paragraph:

  Name "":
  [36m<p[39m
    [33mclass[39m=[32m"font-medium text-gray-900"[39m
  [36m/>[39m

  Name "":
  [36m<p[39m
    [33mclass[39m=[32m"text-gray-700 mt-1"[39m
  [36m/>[39m

  Name "":
  [36m<p[39m
    [33mclass[39m=[32m"text-sm text-muted-foreground"[39m
  [36m/>[39m

  --------------------------------------------------
  status:

  Name "":
  [36m<span[39m
    [33maria-live[39m=[32m"polite"[39m
    [33mclass[39m=[32m"sr-only"[39m
    [33mrole[39m=[32m"status"[39m
  [36m/>[39m

  --------------------------------------------------

Ignored nodes: comments, script, style
[36m<body>[39m
  [36m<div>[39m
    [36m<div[39m
      [33mclass[39m=[32m"bg-card text-card-foreground flex flex-col gap-6 rounded-xl border border-l-4 
border-l-orange-500 transition-shadow hover:shadow-md"[39m
      [33mdata-slot[39m=[32m"card"[39m
    [36m>[39m
      [36m<div[39m
        [33mclass[39m=[32m"@container/card-header grid auto-rows-min grid-rows-[auto_auto] items-start gap-1.5 px-6 
pt-6 has-data-[slot=card-action]:grid-cols-[1fr_auto] [.border-b]:pb-6 pb-3"[39m
        [33mdata-slot[39m=[32m"card-header"[39m
      [36m>[39m
        [36m<div[39m
          [33mclass[39m=[32m"flex items-start justify-between"[39m
        [36m>[39m
          [36m<div[39m
            [33mclass[39m=[32m"flex items-start gap-3"[39m
          [36m>[39m
            [36m<div[39m
              [33mclass[39m=[32m"space-y-1"[39m
            [36m>[39m
              [36m<h4[39m
                [33mclass[39m=[32m"text-lg"[39m
                [33mdata-slot[39m=[32m"card-title"[39m
              [36m>[39m
                [0mTest Faculty[0m
              [36m</h4>[39m
              [36m<div[39m
                [33mclass[39m=[32m"text-muted-foreground text-sm"[39m
                [33mdata-slot[39m=[32m"card-description"[39m
              [36m>[39m
                [0mRequest ID: [0m
                [0mreq_1[0m
              [36m</div>[39m
            [36m</div>[39m
          [36m</div>[39m
          [36m<div[39m
            [33mclass[39m=[32m"flex items-center gap-2"[39m
          [36m>[39m
            [36m<span[39m
              [33mclass[39m=[32m"inline-flex items-center justify-center rounded-md border px-2 py-0.5 text-xs 
font-medium w-fit whitespace-nowrap shrink-0 [&>svg]:size-3 gap-1 [&>svg]:pointer-events-none 
focus-visible:border-ring focus-visible:ring-[3px] aria-invalid:ring-destructive/20 
dark:aria-invalid:ring-destructive/40 aria-invalid:border-destructive transition-[color,box-shadow] overflow-hidden 
border-transparent bg-destructive text-white [a&]:hover:bg-destructive/90 focus-visible:ring-destructive/20 
dark:focus-visible:ring-destructive/40 dark:bg-destructive/60"[39m
              [33mdata-slot[39m=[32m"badge"[39m
            [36m>[39m
              [0mExpired[0m
            [36m</span>[39m
          [36m</div>[39m
        [36m</div>[39m
      [36m</div>[39m
      [36m<div[39m
        [33mclass[39m=[32m"px-6 [&:last-child]:pb-6 space-y-4"[39m
        [33mdata-slot[39m=[32m"card-content"[39m
      [36m>[39m
        [36m<div[39m
          [33mclass[39m=[32m"space-y-3"[39m
        [36m>[39m
          [36m<div[39m
            [33mclass[39m=[32m"flex items-center gap-3 text-sm"[39m
          [36m>[39m
            [36m<svg[39m
              [33maria-hidden[39m=[32m"true"[39m
              [33mclass[39m=[32m"lucide lucide-calendar h-4 w-4 text-gray-500 flex-shrink-0"[39m
              [33mfill[39m=[32m"none"[39m
              [33mheight[39m=[32m"24"[39m
              [33mstroke[39m=[32m"currentColor"[39m
              [33mstroke-linecap[39m=[32m"round"[39m
              [33mstroke-linejoin[39m=[32m"round"[39m
              [33mstroke-width[39m=[32m"2"[39m
              [33mviewBox[39m=[32m"0 0 24 24"[39m
              [33mwidth[39m=[32m"24"[39m
              [33mxmlns[39m=[32m"http://www.w3.org/2000/svg"[39m
            [36m>[39m
              [36m<path[39m
                [33md[39m=[32m"M8 2v4"[39m
              [36m/>[39m
              [36m<path[39m
                [33md[39m=[32m"M16 2v4"[39m
              [36m/>[39m
              [36m<rect[39m
                [33mheight[39m=[32m"18"[39m
                [33mrx[39m=[32m"2"[39m
                [33mwidth[39m=[32m"18"[39m
                [33mx[39m=[32m"3"[39m
                [33my[39m=[32m"4"[39m
              [36m/>[39m
              [36m<path[39m
                [33md[39m=[32m"M3 10h18"[39m
              [36m/>[39m
            [36m</svg>[39m
            [36m<span[39m
              [33mclass[39m=[32m"font-medium text-gray-900"[39m
            [36m>[39m
              [0mMonday, January 15, 2024[0m
            [36m</span>[39m
          [36m</div>[39m
          [36m<div[39m
            [33mclass[39m=[32m"flex items-center gap-3 text-sm"[39m
          [36m>[39m
            [36m<svg[39m
              [33maria-hidden[39m=[32m"true"[39m
              [33mclass[39m=[32m"lucide lucide-clock h-4 w-4 text-gray-500 flex-shrink-0"[39m
              [33mfill[39m=[32m"none"[39m
              [33mheight[39m=[32m"24"[39m
              [33mstroke[39m=[32m"currentColor"[39m
              [33mstroke-linecap[39m=[32m"round"[39m
              [33mstroke-linejoin[39m=[32m"round"[39m
              [33mstroke-width[39m=[32m"2"[39m
              [33mviewBox[39m=[32m"0 0 24 24"[39m
              [33mwidth[39m=[32m"24"[39m
              [33mxmlns[39m=[32m"http://www.w3.org/2000/svg"[39m
            [36m>[39m
              [36m<path[39m
                [33md[39m=[32m"M12 6v6l4 2"[39m
              [36m/>[39m
              [36m<circle[39m
                [33mcx[39m=[32m"12"[39m
                [33mcy[39m=[32m"12"[39m
                [33mr[39m=[32m"10"[39m
              [36m/>[39m
            [36m</svg>[39m
            [36m<span[39m
              [33mclass[39m=[32m"text-gray-700"[39m
            [36m>[39m
              [0m9:00 AM - 10:00 AM[0m
            [36m</span>[39m
          [36m</div>[39m
          [36m<div[39m
            [33mclass[39m=[32m"flex items-center gap-3 text-sm"[39m
          [36m>[39m
            [36m<svg[39m
              [33maria-hidden[39m=[32m"true"[39m
              [33mclass[39m=[32m"lucide lucide-map-pin h-4 w-4 text-gray-500 flex-shrink-0"[39m
              [33mfill[39m=[32m"none"[39m
              [33mheight[39m=[32m"24"[39m
              [33mstroke[39m=[32m"currentColor"[39m
              [33mstroke-linecap[39m=[32m"round"[39m
              [33mstroke-linejoin[39m=[32m"round"[39m
              [33mstroke-width[39m=[32m"2"[39m
              [33mviewBox[39m=[32m"0 0 24 24"[39m
              [33mwidth[39m=[32m"24"[39m
              [33mxmlns[39m=[32m"http://www.w3.org/2000/svg"[39m
            [36m>[39m
              [36m<path[39m
                [33md[39m=[32m"M20 10c0 4.993-5.539 10.193-7.399 11.799a1 1 0 0 1-1.202 0C9.539 20.193 4 14.993 4 
10a8 8 0 0 1 16 0"[39m
              [36m/>[39m
              [36m<circle[39m
                [33mcx[39m=[32m"12"[39m
                [33mcy[39m=[32m"10"[39m
                [33mr[39m=[32m"3"[39m
              [36m/>[39m
            [36m</svg>[39m
            [36m<span[39m
              [33mclass[39m=[32m"text-gray-700"[39m
            [36m>[39m
              [0mRoom A[0m
            [36m</span>[39m
          [36m</div>[39m
          [36m<div[39m
            [33mclass[39m=[32m"flex items-start gap-3 text-sm"[39m
          [36m>[39m
            [36m<svg[39m
              [33maria-hidden[39m=[32m"true"[39m
              [33mclass[39m=[32m"lucide lucide-user h-4 w-4 text-gray-500 flex-shrink-0 mt-0.5"[39m
              [33mfill[39m=[32m"none"[39m
              [33mheight[39m=[32m"24"[39m
              [33mstroke[39m=[32m"currentColor"[39m
              [33mstroke-linecap[39m=[32m"round"[39m
              [33mstroke-linejoin[39m=[32m"round"[39m
              [33mstroke-width[39m=[32m"2"[39m
              [33mviewBox[39m=[32m"0 0 24 24"[39m
              [33mwidth[39m=[32m"24"[39m
              [33mxmlns[39m=[32m"http://www.w3.org/2000/svg"[39m
            [36m>[39m
              [36m<path[39m
                [33md[39m=[32m"M19 21v-2a4 4 0 0 0-4-4H9a4 4 0 0 0-4 4v2"[39m
              [36m/>[39m
              [36m<circle[39m
                [33mcx[39m=[32m"12"[39m
                [33mcy[39m=[32m"7"[39m
                [33mr[39m=[32m"4"[39m
              [36m/>[39m
            [36m</svg>[39m
            [36m<div[39m
              [33mclass[39m=[32m"flex-1"[39m
            [36m>[39m
              [36m<p[39m
                [33mclass[39m=[32m"font-medium text-gray-900"[39m
              [36m>[39m
                [0mPurpose:[0m
              [36m</p>[39m
              [36m<p[39m
                [33mclass[39m=[32m"text-gray-700 mt-1"[39m
              [36m>[39m
                [0mLecture[0m
              [36m</p>[39m
            [36m</div>[39m
          [36m</div>[39m
        [36m</div>[39m
        [36m<div[39m
          [33mclass[39m=[32m"flex gap-3 pt-3 border-t items-center"[39m
        [36m>[39m
          [36m<div[39m
            [33mclass[39m=[32m"flex-1"[39m
          [36m>[39m
            [36m<p[39m
              [33mclass[39m=[32m"text-sm text-muted-foreground"[39m
            [36m>[39m
              [0mExpired ╬ô├ç├╢ cannot be approved or rejected.[0m
            [36m</p>[39m
            [36m<span[39m
              [33maria-live[39m=[32m"polite"[39m
              [33mclass[39m=[32m"sr-only"[39m
              [33mrole[39m=[32m"status"[39m
            [36m>[39m
              [0mThis request has expired and cannot be approved or rejected.[0m
            [36m</span>[39m
          [36m</div>[39m
          [36m<div />[39m
        [36m</div>[39m
      [36m</div>[39m
    [36m</div>[39m
  [36m</div>[39m
[36m</body>[39m
 Γ¥» Object.getElementError node_modules/@testing-library/dom/dist/config.js:37:19
 Γ¥» node_modules/@testing-library/dom/dist/query-helpers.js:76:38
 Γ¥» node_modules/@testing-library/dom/dist/query-helpers.js:52:17
 Γ¥» node_modules/@testing-library/dom/dist/query-helpers.js:95:19
 Γ¥» src/__tests__/components/RequestCard.test.tsx:161:27
    159|       render(<RequestCard {...defaultProps} />);
    160| 
    161|       const card = screen.getByRole('article');
       |                           ^
    162|       expect(card).toBeInTheDocument();
    163|     });

ΓÄ»ΓÄ»ΓÄ»ΓÄ»ΓÄ»ΓÄ»ΓÄ»ΓÄ»ΓÄ»ΓÄ»ΓÄ»ΓÄ»ΓÄ»ΓÄ»ΓÄ»ΓÄ»ΓÄ»ΓÄ»ΓÄ»ΓÄ»ΓÄ»[24/107]ΓÄ»

 FAIL  src/__tests__/components/RequestCard.test.tsx > RequestCard > accessibility > should have accessible buttons 
with labels
TestingLibraryElementError: Unable to find an accessible element with the role "button" and name `/approve/i`

Here are the accessible roles:

  heading:

  Name "Test Faculty":
  [36m<h4[39m
    [33mclass[39m=[32m"text-lg"[39m
    [33mdata-slot[39m=[32m"card-title"[39m
  [36m/>[39m

  --------------------------------------------------
  paragraph:

  Name "":
  [36m<p[39m
    [33mclass[39m=[32m"font-medium text-gray-900"[39m
  [36m/>[39m

  Name "":
  [36m<p[39m
    [33mclass[39m=[32m"text-gray-700 mt-1"[39m
  [36m/>[39m

  Name "":
  [36m<p[39m
    [33mclass[39m=[32m"text-sm text-muted-foreground"[39m
  [36m/>[39m

  --------------------------------------------------
  status:

  Name "":
  [36m<span[39m
    [33maria-live[39m=[32m"polite"[39m
    [33mclass[39m=[32m"sr-only"[39m
    [33mrole[39m=[32m"status"[39m
  [36m/>[39m

  --------------------------------------------------

Ignored nodes: comments, script, style
[36m<body>[39m
  [36m<div>[39m
    [36m<div[39m
      [33mclass[39m=[32m"bg-card text-card-foreground flex flex-col gap-6 rounded-xl border border-l-4 
border-l-orange-500 transition-shadow hover:shadow-md"[39m
      [33mdata-slot[39m=[32m"card"[39m
    [36m>[39m
      [36m<div[39m
        [33mclass[39m=[32m"@container/card-header grid auto-rows-min grid-rows-[auto_auto] items-start gap-1.5 px-6 
pt-6 has-data-[slot=card-action]:grid-cols-[1fr_auto] [.border-b]:pb-6 pb-3"[39m
        [33mdata-slot[39m=[32m"card-header"[39m
      [36m>[39m
        [36m<div[39m
          [33mclass[39m=[32m"flex items-start justify-between"[39m
        [36m>[39m
          [36m<div[39m
            [33mclass[39m=[32m"flex items-start gap-3"[39m
          [36m>[39m
            [36m<div[39m
              [33mclass[39m=[32m"space-y-1"[39m
            [36m>[39m
              [36m<h4[39m
                [33mclass[39m=[32m"text-lg"[39m
                [33mdata-slot[39m=[32m"card-title"[39m
              [36m>[39m
                [0mTest Faculty[0m
              [36m</h4>[39m
              [36m<div[39m
                [33mclass[39m=[32m"text-muted-foreground text-sm"[39m
                [33mdata-slot[39m=[32m"card-description"[39m
              [36m>[39m
                [0mRequest ID: [0m
                [0mreq_1[0m
              [36m</div>[39m
            [36m</div>[39m
          [36m</div>[39m
          [36m<div[39m
            [33mclass[39m=[32m"flex items-center gap-2"[39m
          [36m>[39m
            [36m<span[39m
              [33mclass[39m=[32m"inline-flex items-center justify-center rounded-md border px-2 py-0.5 text-xs 
font-medium w-fit whitespace-nowrap shrink-0 [&>svg]:size-3 gap-1 [&>svg]:pointer-events-none 
focus-visible:border-ring focus-visible:ring-[3px] aria-invalid:ring-destructive/20 
dark:aria-invalid:ring-destructive/40 aria-invalid:border-destructive transition-[color,box-shadow] overflow-hidden 
border-transparent bg-destructive text-white [a&]:hover:bg-destructive/90 focus-visible:ring-destructive/20 
dark:focus-visible:ring-destructive/40 dark:bg-destructive/60"[39m
              [33mdata-slot[39m=[32m"badge"[39m
            [36m>[39m
              [0mExpired[0m
            [36m</span>[39m
          [36m</div>[39m
        [36m</div>[39m
      [36m</div>[39m
      [36m<div[39m
        [33mclass[39m=[32m"px-6 [&:last-child]:pb-6 space-y-4"[39m
        [33mdata-slot[39m=[32m"card-content"[39m
      [36m>[39m
        [36m<div[39m
          [33mclass[39m=[32m"space-y-3"[39m
        [36m>[39m
          [36m<div[39m
            [33mclass[39m=[32m"flex items-center gap-3 text-sm"[39m
          [36m>[39m
            [36m<svg[39m
              [33maria-hidden[39m=[32m"true"[39m
              [33mclass[39m=[32m"lucide lucide-calendar h-4 w-4 text-gray-500 flex-shrink-0"[39m
              [33mfill[39m=[32m"none"[39m
              [33mheight[39m=[32m"24"[39m
              [33mstroke[39m=[32m"currentColor"[39m
              [33mstroke-linecap[39m=[32m"round"[39m
              [33mstroke-linejoin[39m=[32m"round"[39m
              [33mstroke-width[39m=[32m"2"[39m
              [33mviewBox[39m=[32m"0 0 24 24"[39m
              [33mwidth[39m=[32m"24"[39m
              [33mxmlns[39m=[32m"http://www.w3.org/2000/svg"[39m
            [36m>[39m
              [36m<path[39m
                [33md[39m=[32m"M8 2v4"[39m
              [36m/>[39m
              [36m<path[39m
                [33md[39m=[32m"M16 2v4"[39m
              [36m/>[39m
              [36m<rect[39m
                [33mheight[39m=[32m"18"[39m
                [33mrx[39m=[32m"2"[39m
                [33mwidth[39m=[32m"18"[39m
                [33mx[39m=[32m"3"[39m
                [33my[39m=[32m"4"[39m
              [36m/>[39m
              [36m<path[39m
                [33md[39m=[32m"M3 10h18"[39m
              [36m/>[39m
            [36m</svg>[39m
            [36m<span[39m
              [33mclass[39m=[32m"font-medium text-gray-900"[39m
            [36m>[39m
              [0mMonday, January 15, 2024[0m
            [36m</span>[39m
          [36m</div>[39m
          [36m<div[39m
            [33mclass[39m=[32m"flex items-center gap-3 text-sm"[39m
          [36m>[39m
            [36m<svg[39m
              [33maria-hidden[39m=[32m"true"[39m
              [33mclass[39m=[32m"lucide lucide-clock h-4 w-4 text-gray-500 flex-shrink-0"[39m
              [33mfill[39m=[32m"none"[39m
              [33mheight[39m=[32m"24"[39m
              [33mstroke[39m=[32m"currentColor"[39m
              [33mstroke-linecap[39m=[32m"round"[39m
              [33mstroke-linejoin[39m=[32m"round"[39m
              [33mstroke-width[39m=[32m"2"[39m
              [33mviewBox[39m=[32m"0 0 24 24"[39m
              [33mwidth[39m=[32m"24"[39m
              [33mxmlns[39m=[32m"http://www.w3.org/2000/svg"[39m
            [36m>[39m
              [36m<path[39m
                [33md[39m=[32m"M12 6v6l4 2"[39m
              [36m/>[39m
              [36m<circle[39m
                [33mcx[39m=[32m"12"[39m
                [33mcy[39m=[32m"12"[39m
                [33mr[39m=[32m"10"[39m
              [36m/>[39m
            [36m</svg>[39m
            [36m<span[39m
              [33mclass[39m=[32m"text-gray-700"[39m
            [36m>[39m
              [0m9:00 AM - 10:00 AM[0m
            [36m</span>[39m
          [36m</div>[39m
          [36m<div[39m
            [33mclass[39m=[32m"flex items-center gap-3 text-sm"[39m
          [36m>[39m
            [36m<svg[39m
              [33maria-hidden[39m=[32m"true"[39m
              [33mclass[39m=[32m"lucide lucide-map-pin h-4 w-4 text-gray-500 flex-shrink-0"[39m
              [33mfill[39m=[32m"none"[39m
              [33mheight[39m=[32m"24"[39m
              [33mstroke[39m=[32m"currentColor"[39m
              [33mstroke-linecap[39m=[32m"round"[39m
              [33mstroke-linejoin[39m=[32m"round"[39m
              [33mstroke-width[39m=[32m"2"[39m
              [33mviewBox[39m=[32m"0 0 24 24"[39m
              [33mwidth[39m=[32m"24"[39m
              [33mxmlns[39m=[32m"http://www.w3.org/2000/svg"[39m
            [36m>[39m
              [36m<path[39m
                [33md[39m=[32m"M20 10c0 4.993-5.539 10.193-7.399 11.799a1 1 0 0 1-1.202 0C9.539 20.193 4 14.993 4 
10a8 8 0 0 1 16 0"[39m
              [36m/>[39m
              [36m<circle[39m
                [33mcx[39m=[32m"12"[39m
                [33mcy[39m=[32m"10"[39m
                [33mr[39m=[32m"3"[39m
              [36m/>[39m
            [36m</svg>[39m
            [36m<span[39m
              [33mclass[39m=[32m"text-gray-700"[39m
            [36m>[39m
              [0mRoom A[0m
            [36m</span>[39m
          [36m</div>[39m
          [36m<div[39m
            [33mclass[39m=[32m"flex items-start gap-3 text-sm"[39m
          [36m>[39m
            [36m<svg[39m
              [33maria-hidden[39m=[32m"true"[39m
              [33mclass[39m=[32m"lucide lucide-user h-4 w-4 text-gray-500 flex-shrink-0 mt-0.5"[39m
              [33mfill[39m=[32m"none"[39m
              [33mheight[39m=[32m"24"[39m
              [33mstroke[39m=[32m"currentColor"[39m
              [33mstroke-linecap[39m=[32m"round"[39m
              [33mstroke-linejoin[39m=[32m"round"[39m
              [33mstroke-width[39m=[32m"2"[39m
              [33mviewBox[39m=[32m"0 0 24 24"[39m
              [33mwidth[39m=[32m"24"[39m
              [33mxmlns[39m=[32m"http://www.w3.org/2000/svg"[39m
            [36m>[39m
              [36m<path[39m
                [33md[39m=[32m"M19 21v-2a4 4 0 0 0-4-4H9a4 4 0 0 0-4 4v2"[39m
              [36m/>[39m
              [36m<circle[39m
                [33mcx[39m=[32m"12"[39m
                [33mcy[39m=[32m"7"[39m
                [33mr[39m=[32m"4"[39m
              [36m/>[39m
            [36m</svg>[39m
            [36m<div[39m
              [33mclass[39m=[32m"flex-1"[39m
            [36m>[39m
              [36m<p[39m
                [33mclass[39m=[32m"font-medium text-gray-900"[39m
              [36m>[39m
                [0mPurpose:[0m
              [36m</p>[39m
              [36m<p[39m
                [33mclass[39m=[32m"text-gray-700 mt-1"[39m
              [36m>[39m
                [0mLecture[0m
              [36m</p>[39m
            [36m</div>[39m
          [36m</div>[39m
        [36m</div>[39m
        [36m<div[39m
          [33mclass[39m=[32m"flex gap-3 pt-3 border-t items-center"[39m
        [36m>[39m
          [36m<div[39m
            [33mclass[39m=[32m"flex-1"[39m
          [36m>[39m
            [36m<p[39m
              [33mclass[39m=[32m"text-sm text-muted-foreground"[39m
            [36m>[39m
              [0mExpired ╬ô├ç├╢ cannot be approved or rejected.[0m
            [36m</p>[39m
            [36m<span[39m
              [33maria-live[39m=[32m"polite"[39m
              [33mclass[39m=[32m"sr-only"[39m
              [33mrole[39m=[32m"status"[39m
            [36m>[39m
              [0mThis request has expired and cannot be approved or rejected.[0m
            [36m</span>[39m
          [36m</div>[39m
          [36m<div />[39m
        [36m</div>[39m
      [36m</div>[39m
    [36m</div>[39m
  [36m</div>[39m
[36m</body>[39m
 Γ¥» Object.getElementError node_modules/@testing-library/dom/dist/config.js:37:19
 Γ¥» node_modules/@testing-library/dom/dist/query-helpers.js:76:38
 Γ¥» node_modules/@testing-library/dom/dist/query-helpers.js:52:17
 Γ¥» node_modules/@testing-library/dom/dist/query-helpers.js:95:19
 Γ¥» src/__tests__/components/RequestCard.test.tsx:176:36
    174|       render(<RequestCard {...defaultProps} />);
    175| 
    176|       const approveButton = screen.getByRole('button', { name: /approvΓÇª
       |                                    ^
    177|       expect(approveButton).toHaveAttribute('aria-label');
    178|     });

ΓÄ»ΓÄ»ΓÄ»ΓÄ»ΓÄ»ΓÄ»ΓÄ»ΓÄ»ΓÄ»ΓÄ»ΓÄ»ΓÄ»ΓÄ»ΓÄ»ΓÄ»ΓÄ»ΓÄ»ΓÄ»ΓÄ»ΓÄ»ΓÄ»[25/107]ΓÄ»

 FAIL  src/__tests__/components/RoomSearch.test.tsx > RoomSearch - Advanced Search & Filters > search by date > should 
filter classrooms by selected date
TestingLibraryElementError: Found a label with the text of: /date/i, however no form control was found associated to 
that label. Make sure you're using the "for" attribute or "aria-labelledby" attribute correctly.

Ignored nodes: comments, script, style
[36m<body>[39m
  [36m<div>[39m
    [36m<div[39m
      [33mclass[39m=[32m"space-y-6"[39m
    [36m>[39m
      [36m<div[39m
        [33mclass[39m=[32m"bg-card text-card-foreground flex flex-col gap-6 rounded-xl border"[39m
        [33mdata-slot[39m=[32m"card"[39m
      [36m>[39m
        [36m<div[39m
          [33mclass[39m=[32m"@container/card-header grid auto-rows-min grid-rows-[auto_auto] items-start gap-1.5 
px-6 pt-6 has-data-[slot=card-action]:grid-cols-[1fr_auto] [.border-b]:pb-6"[39m
          [33mdata-slot[39m=[32m"card-header"[39m
        [36m>[39m
          [36m<h4[39m
            [33mclass[39m=[32m"leading-none"[39m
            [33mdata-slot[39m=[32m"card-title"[39m
          [36m>[39m
            [0mSearch Available Classrooms[0m
          [36m</h4>[39m
          [36m<div[39m
            [33mclass[39m=[32m"text-muted-foreground"[39m
            [33mdata-slot[39m=[32m"card-description"[39m
          [36m>[39m
            [0mFind classrooms that meet your requirements[0m
          [36m</div>[39m
        [36m</div>[39m
        [36m<div[39m
          [33mclass[39m=[32m"px-6 [&:last-child]:pb-6 space-y-4"[39m
          [33mdata-slot[39m=[32m"card-content"[39m
        [36m>[39m
          [36m<div[39m
            [33mclass[39m=[32m"grid grid-cols-1 md:grid-cols-3 gap-4"[39m
          [36m>[39m
            [36m<div[39m
              [33mclass[39m=[32m"space-y-2"[39m
            [36m>[39m
              [36m<label[39m
                [33mclass[39m=[32m"flex items-center gap-2 text-sm leading-none font-medium select-none 
group-data-[disabled=true]:pointer-events-none group-data-[disabled=true]:opacity-50 peer-disabled:cursor-not-allowed 
peer-disabled:opacity-50"[39m
                [33mdata-slot[39m=[32m"label"[39m
                [33mfor[39m=[32m"search-date"[39m
              [36m>[39m
                [0mDate[0m
              [36m</label>[39m
              [36m<button[39m
                [33maria-controls[39m=[32m"radix-:r0:"[39m
                [33maria-expanded[39m=[32m"false"[39m
                [33maria-haspopup[39m=[32m"dialog"[39m
                [33mclass[39m=[32m"w-full text-left px-3 py-2 bg-surface hover:bg-muted/50 border rounded-md flex 
items-center justify-between"[39m
                [33mdata-slot[39m=[32m"popover-trigger"[39m
                [33mdata-state[39m=[32m"closed"[39m
                [33mtype[39m=[32m"button"[39m
              [36m>[39m
                [36m<span[39m
                  [33mclass[39m=[32m"text-sm text-muted-foreground"[39m
                [36m>[39m
                  [0mSelect a date[0m
                [36m</span>[39m
                [36m<svg[39m
                  [33mclass[39m=[32m"w-4 h-4 text-gray-400"[39m
                  [33mfill[39m=[32m"none"[39m
                  [33mstroke[39m=[32m"currentColor"[39m
                  [33mviewBox[39m=[32m"0 0 24 24"[39m
                [36m>[39m
                  [36m<path[39m
                    [33md[39m=[32m"M8 9l4 4 4-4"[39m
                    [33mstroke-linecap[39m=[32m"round"[39m
                    [33mstroke-linejoin[39m=[32m"round"[39m
                    [33mstroke-width[39m=[32m"2"[39m
                  [36m/>[39m
                [36m</svg>[39m
              [36m</button>[39m
            [36m</div>[39m
            [36m<div[39m
              [33mclass[39m=[32m"space-y-2"[39m
            [36m>[39m
              [36m<label[39m
                [33mclass[39m=[32m"flex items-center gap-2 text-sm leading-none font-medium select-none 
group-data-[disabled=true]:pointer-events-none group-data-[disabled=true]:opacity-50 peer-disabled:cursor-not-allowed 
peer-disabled:opacity-50"[39m
                [33mdata-slot[39m=[32m"label"[39m
                [33mfor[39m=[32m"search-start"[39m
              [36m>[39m
                [0mStart Time[0m
              [36m</label>[39m
              [36m<button[39m
                [33maria-autocomplete[39m=[32m"none"[39m
                [33maria-controls[39m=[32m"radix-:r1:"[39m
                [33maria-expanded[39m=[32m"false"[39m
                [33mclass[39m=[32m"border-input data-[placeholder]:text-muted-foreground 
[&_svg:not([class*='text-'])]:text-muted-foreground focus-visible:border-ring focus-visible:ring-ring/50 
aria-invalid:ring-destructive/20 dark:aria-invalid:ring-destructive/40 aria-invalid:border-destructive 
dark:bg-input/30 dark:hover:bg-input/50 flex w-full items-center justify-between gap-2 rounded-md border 
bg-input-background px-3 py-2 text-sm whitespace-nowrap transition-[color,box-shadow,transform] outline-none 
focus-visible:ring-[3px] disabled:cursor-not-allowed disabled:opacity-50 data-[size=default]:h-9 data-[size=sm]:h-8 
data-[state=open]:scale-105 [aria-expanded='true']:scale-105 data-[state=closed]:scale-100 
[aria-expanded='false']:scale-100 *:data-[slot=select-value]:line-clamp-1 *:data-[slot=select-value]:flex 
*:data-[slot=select-value]:items-center *:data-[slot=select-value]:gap-2 [&_svg]:pointer-events-none [&_svg]:shrink-0 
[&_svg:not([class*='size-'])]:size-4"[39m
                [33mdata-placeholder[39m=[32m""[39m
                [33mdata-size[39m=[32m"default"[39m
                [33mdata-slot[39m=[32m"select-trigger"[39m
                [33mdata-state[39m=[32m"closed"[39m
                [33mdir[39m=[32m"ltr"[39m
                [33mid[39m=[32m"search-start"[39m
                [33mrole[39m=[32m"combobox"[39m
                [33mtype[39m=[32m"button"[39m
              [36m>[39m
                [36m<span[39m
                  [33mdata-slot[39m=[32m"select-value"[39m
                  [33mstyle[39m=[32m"pointer-events: none;"[39m
                [36m>[39m
                  [0mSelect start time[0m
                [36m</span>[39m
                [36m<svg[39m
                  [33maria-hidden[39m=[32m"true"[39m
                  [33mclass[39m=[32m"lucide lucide-chevron-down size-4 opacity-50"[39m
                  [33mfill[39m=[32m"none"[39m
                  [33mheight[39m=[32m"24"[39m
                  [33mstroke[39m=[32m"currentColor"[39m
                  [33mstroke-linecap[39m=[32m"round"[39m
                  [33mstroke-linejoin[39m=[32m"round"[39m
                  [33mstroke-width[39m=[32m"2"[39m
                  [33mviewBox[39m=[32m"0 0 24 24"[39m
                  [33mwidth[39m=[32m"24"[39m
                  [33mxmlns[39m=[32m"http://www.w3.org/2000/svg"[39m
                [36m>[39m
                  [36m<path[39m
                    [33md[39m=[32m"m6 9 6 6 6-6"[39m
                  [36m/>[39m
                [36m</svg>[39m
              [36m</button>[39m
            [36m</div>[39m
            [36m<div[39m
              [33mclass[39m=[32m"space-y-2"[...
 Γ¥» Object.getElementError node_modules/@testing-library/dom/dist/config.js:37:19
 Γ¥» getAllByLabelText node_modules/@testing-library/dom/dist/queries/label-text.js:108:40
 Γ¥» node_modules/@testing-library/dom/dist/query-helpers.js:52:17
 Γ¥» node_modules/@testing-library/dom/dist/query-helpers.js:95:19
 Γ¥» src/__tests__/components/RoomSearch.test.tsx:79:32
     77|       render(<RoomSearch {...defaultProps} />);
     78| 
     79|       const dateInput = screen.getByLabelText(/date/i);
       |                                ^
     80|       await user.type(dateInput, '2024-12-20');
     81| 

ΓÄ»ΓÄ»ΓÄ»ΓÄ»ΓÄ»ΓÄ»ΓÄ»ΓÄ»ΓÄ»ΓÄ»ΓÄ»ΓÄ»ΓÄ»ΓÄ»ΓÄ»ΓÄ»ΓÄ»ΓÄ»ΓÄ»ΓÄ»ΓÄ»[26/107]ΓÄ»

 FAIL  src/__tests__/components/RoomSearch.test.tsx > RoomSearch - Advanced Search & Filters > search by date > should 
show available classrooms for selected date
TestingLibraryElementError: Found a label with the text of: /date/i, however no form control was found associated to 
that label. Make sure you're using the "for" attribute or "aria-labelledby" attribute correctly.

Ignored nodes: comments, script, style
[36m<body>[39m
  [36m<div>[39m
    [36m<div[39m
      [33mclass[39m=[32m"space-y-6"[39m
    [36m>[39m
      [36m<div[39m
        [33mclass[39m=[32m"bg-card text-card-foreground flex flex-col gap-6 rounded-xl border"[39m
        [33mdata-slot[39m=[32m"card"[39m
      [36m>[39m
        [36m<div[39m
          [33mclass[39m=[32m"@container/card-header grid auto-rows-min grid-rows-[auto_auto] items-start gap-1.5 
px-6 pt-6 has-data-[slot=card-action]:grid-cols-[1fr_auto] [.border-b]:pb-6"[39m
          [33mdata-slot[39m=[32m"card-header"[39m
        [36m>[39m
          [36m<h4[39m
            [33mclass[39m=[32m"leading-none"[39m
            [33mdata-slot[39m=[32m"card-title"[39m
          [36m>[39m
            [0mSearch Available Classrooms[0m
          [36m</h4>[39m
          [36m<div[39m
            [33mclass[39m=[32m"text-muted-foreground"[39m
            [33mdata-slot[39m=[32m"card-description"[39m
          [36m>[39m
            [0mFind classrooms that meet your requirements[0m
          [36m</div>[39m
        [36m</div>[39m
        [36m<div[39m
          [33mclass[39m=[32m"px-6 [&:last-child]:pb-6 space-y-4"[39m
          [33mdata-slot[39m=[32m"card-content"[39m
        [36m>[39m
          [36m<div[39m
            [33mclass[39m=[32m"grid grid-cols-1 md:grid-cols-3 gap-4"[39m
          [36m>[39m
            [36m<div[39m
              [33mclass[39m=[32m"space-y-2"[39m
            [36m>[39m
              [36m<label[39m
                [33mclass[39m=[32m"flex items-center gap-2 text-sm leading-none font-medium select-none 
group-data-[disabled=true]:pointer-events-none group-data-[disabled=true]:opacity-50 peer-disabled:cursor-not-allowed 
peer-disabled:opacity-50"[39m
                [33mdata-slot[39m=[32m"label"[39m
                [33mfor[39m=[32m"search-date"[39m
              [36m>[39m
                [0mDate[0m
              [36m</label>[39m
              [36m<button[39m
                [33maria-controls[39m=[32m"radix-:r28:"[39m
                [33maria-expanded[39m=[32m"false"[39m
                [33maria-haspopup[39m=[32m"dialog"[39m
                [33mclass[39m=[32m"w-full text-left px-3 py-2 bg-surface hover:bg-muted/50 border rounded-md flex 
items-center justify-between"[39m
                [33mdata-slot[39m=[32m"popover-trigger"[39m
                [33mdata-state[39m=[32m"closed"[39m
                [33mtype[39m=[32m"button"[39m
              [36m>[39m
                [36m<span[39m
                  [33mclass[39m=[32m"text-sm text-muted-foreground"[39m
                [36m>[39m
                  [0mSelect a date[0m
                [36m</span>[39m
                [36m<svg[39m
                  [33mclass[39m=[32m"w-4 h-4 text-gray-400"[39m
                  [33mfill[39m=[32m"none"[39m
                  [33mstroke[39m=[32m"currentColor"[39m
                  [33mviewBox[39m=[32m"0 0 24 24"[39m
                [36m>[39m
                  [36m<path[39m
                    [33md[39m=[32m"M8 9l4 4 4-4"[39m
                    [33mstroke-linecap[39m=[32m"round"[39m
                    [33mstroke-linejoin[39m=[32m"round"[39m
                    [33mstroke-width[39m=[32m"2"[39m
                  [36m/>[39m
                [36m</svg>[39m
              [36m</button>[39m
            [36m</div>[39m
            [36m<div[39m
              [33mclass[39m=[32m"space-y-2"[39m
            [36m>[39m
              [36m<label[39m
                [33mclass[39m=[32m"flex items-center gap-2 text-sm leading-none font-medium select-none 
group-data-[disabled=true]:pointer-events-none group-data-[disabled=true]:opacity-50 peer-disabled:cursor-not-allowed 
peer-disabled:opacity-50"[39m
                [33mdata-slot[39m=[32m"label"[39m
                [33mfor[39m=[32m"search-start"[39m
              [36m>[39m
                [0mStart Time[0m
              [36m</label>[39m
              [36m<button[39m
                [33maria-autocomplete[39m=[32m"none"[39m
                [33maria-controls[39m=[32m"radix-:r29:"[39m
                [33maria-expanded[39m=[32m"false"[39m
                [33mclass[39m=[32m"border-input data-[placeholder]:text-muted-foreground 
[&_svg:not([class*='text-'])]:text-muted-foreground focus-visible:border-ring focus-visible:ring-ring/50 
aria-invalid:ring-destructive/20 dark:aria-invalid:ring-destructive/40 aria-invalid:border-destructive 
dark:bg-input/30 dark:hover:bg-input/50 flex w-full items-center justify-between gap-2 rounded-md border 
bg-input-background px-3 py-2 text-sm whitespace-nowrap transition-[color,box-shadow,transform] outline-none 
focus-visible:ring-[3px] disabled:cursor-not-allowed disabled:opacity-50 data-[size=default]:h-9 data-[size=sm]:h-8 
data-[state=open]:scale-105 [aria-expanded='true']:scale-105 data-[state=closed]:scale-100 
[aria-expanded='false']:scale-100 *:data-[slot=select-value]:line-clamp-1 *:data-[slot=select-value]:flex 
*:data-[slot=select-value]:items-center *:data-[slot=select-value]:gap-2 [&_svg]:pointer-events-none [&_svg]:shrink-0 
[&_svg:not([class*='size-'])]:size-4"[39m
                [33mdata-placeholder[39m=[32m""[39m
                [33mdata-size[39m=[32m"default"[39m
                [33mdata-slot[39m=[32m"select-trigger"[39m
                [33mdata-state[39m=[32m"closed"[39m
                [33mdir[39m=[32m"ltr"[39m
                [33mid[39m=[32m"search-start"[39m
                [33mrole[39m=[32m"combobox"[39m
                [33mtype[39m=[32m"button"[39m
              [36m>[39m
                [36m<span[39m
                  [33mdata-slot[39m=[32m"select-value"[39m
                  [33mstyle[39m=[32m"pointer-events: none;"[39m
                [36m>[39m
                  [0mSelect start time[0m
                [36m</span>[39m
                [36m<svg[39m
                  [33maria-hidden[39m=[32m"true"[39m
                  [33mclass[39m=[32m"lucide lucide-chevron-down size-4 opacity-50"[39m
                  [33mfill[39m=[32m"none"[39m
                  [33mheight[39m=[32m"24"[39m
                  [33mstroke[39m=[32m"currentColor"[39m
                  [33mstroke-linecap[39m=[32m"round"[39m
                  [33mstroke-linejoin[39m=[32m"round"[39m
                  [33mstroke-width[39m=[32m"2"[39m
                  [33mviewBox[39m=[32m"0 0 24 24"[39m
                  [33mwidth[39m=[32m"24"[39m
                  [33mxmlns[39m=[32m"http://www.w3.org/2000/svg"[39m
                [36m>[39m
                  [36m<path[39m
                    [33md[39m=[32m"m6 9 6 6 6-6"[39m
                  [36m/>[39m
                [36m</svg>[39m
              [36m</button>[39m
            [36m</div>[39m
            [36m<div[39m
              [33mclass[39m=[32m"space-y-2"...
 Γ¥» Object.getElementError node_modules/@testing-library/dom/dist/config.js:37:19
 Γ¥» getAllByLabelText node_modules/@testing-library/dom/dist/queries/label-text.js:108:40
 Γ¥» node_modules/@testing-library/dom/dist/query-helpers.js:52:17
 Γ¥» node_modules/@testing-library/dom/dist/query-helpers.js:95:19
 Γ¥» src/__tests__/components/RoomSearch.test.tsx:91:32
     89|       render(<RoomSearch {...defaultProps} />);
     90| 
     91|       const dateInput = screen.getByLabelText(/date/i);
       |                                ^
     92|       await user.type(dateInput, '2024-12-21');
     93| 

ΓÄ»ΓÄ»ΓÄ»ΓÄ»ΓÄ»ΓÄ»ΓÄ»ΓÄ»ΓÄ»ΓÄ»ΓÄ»ΓÄ»ΓÄ»ΓÄ»ΓÄ»ΓÄ»ΓÄ»ΓÄ»ΓÄ»ΓÄ»ΓÄ»[27/107]ΓÄ»

 FAIL  src/__tests__/components/RoomSearch.test.tsx > RoomSearch - Advanced Search & Filters > search by time range > 
should filter classrooms by start time
TestingLibraryElementError: Value "09:00" not found in options

Ignored nodes: comments, script, style
[36m<button[39m
  [33maria-autocomplete[39m=[32m"none"[39m
  [33maria-controls[39m=[32m"radix-:r4h:"[39m
  [33maria-expanded[39m=[32m"true"[39m
  [33mclass[39m=[32m"border-input data-[placeholder]:text-muted-foreground 
[&_svg:not([class*='text-'])]:text-muted-foreground focus-visible:border-ring focus-visible:ring-ring/50 
aria-invalid:ring-destructive/20 dark:aria-invalid:ring-destructive/40 aria-invalid:border-destructive 
dark:bg-input/30 dark:hover:bg-input/50 flex w-full items-center justify-between gap-2 rounded-md border 
bg-input-background px-3 py-2 text-sm whitespace-nowrap transition-[color,box-shadow,transform] outline-none 
focus-visible:ring-[3px] disabled:cursor-not-allowed disabled:opacity-50 data-[size=default]:h-9 data-[size=sm]:h-8 
data-[state=open]:scale-105 [aria-expanded='true']:scale-105 data-[state=closed]:scale-100 
[aria-expanded='false']:scale-100 *:data-[slot=select-value]:line-clamp-1 *:data-[slot=select-value]:flex 
*:data-[slot=select-value]:items-center *:data-[slot=select-value]:gap-2 [&_svg]:pointer-events-none [&_svg]:shrink-0 
[&_svg:not([class*='size-'])]:size-4"[39m
  [33mdata-placeholder[39m=[32m""[39m
  [33mdata-size[39m=[32m"default"[39m
  [33mdata-slot[39m=[32m"select-trigger"[39m
  [33mdata-state[39m=[32m"open"[39m
  [33mdir[39m=[32m"ltr"[39m
  [33mid[39m=[32m"search-start"[39m
  [33mrole[39m=[32m"combobox"[39m
  [33mtype[39m=[32m"button"[39m
[36m>[39m
  [36m<span[39m
    [33mdata-slot[39m=[32m"select-value"[39m
    [33mstyle[39m=[32m"pointer-events: none;"[39m
  [36m>[39m
    [0mSelect start time[0m
  [36m</span>[39m
  [36m<svg[39m
    [33maria-hidden[39m=[32m"true"[39m
    [33mclass[39m=[32m"lucide lucide-chevron-down size-4 opacity-50"[39m
    [33mfill[39m=[32m"none"[39m
    [33mheight[39m=[32m"24"[39m
    [33mstroke[39m=[32m"currentColor"[39m
    [33mstroke-linecap[39m=[32m"round"[39m
    [33mstroke-linejoin[39m=[32m"round"[39m
    [33mstroke-width[39m=[32m"2"[39m
    [33mviewBox[39m=[32m"0 0 24 24"[39m
    [33mwidth[39m=[32m"24"[39m
    [33mxmlns[39m=[32m"http://www.w3.org/2000/svg"[39m
  [36m>[39m
    [36m<path[39m
      [33md[39m=[32m"m6 9 6 6 6-6"[39m
    [36m/>[39m
  [36m</svg>[39m
[36m</button>[39m
 Γ¥» Object.getElementError node_modules/@testing-library/dom/dist/config.js:37:19
 Γ¥» ../Digital%20Classroom%20Assignment%20for%20PLV%20CEIT%20Bldg%20(with%20backend)/node_modules/@testing-library/use
r-event/dist/esm/utility/selectOptions.js:37:35
 Γ¥» Object.selectOptionsBase ../Digital%20Classroom%20Assignment%20for%20PLV%20CEIT%20Bldg%20(with%20backend)/node_mod
ules/@testing-library/user-event/dist/esm/utility/selectOptions.js:29:38
 Γ¥» Object.selectOptions ../Digital%20Classroom%20Assignment%20for%20PLV%20CEIT%20Bldg%20(with%20backend)/node_modules
/@testing-library/user-event/dist/esm/utility/selectOptions.js:16:30
 Γ¥» ../Digital%20Classroom%20Assignment%20for%20PLV%20CEIT%20Bldg%20(with%20backend)/node_modules/@testing-library/use
r-event/dist/esm/setup/setup.js:83:35
 Γ¥» Object.asyncWrapper node_modules/@testing-library/react/dist/pure.js:88:28
 Γ¥» wrapAsync ../Digital%20Classroom%20Assignment%20for%20PLV%20CEIT%20Bldg%20(with%20backend)/node_modules/@testing-l
ibrary/user-event/dist/esm/setup/wrapAsync.js:6:24
 Γ¥» Object.method [as selectOptions] ../Digital%20Classroom%20Assignment%20for%20PLV%20CEIT%20Bldg%20(with%20backend)/
node_modules/@testing-library/user-event/dist/esm/setup/setup.js:83:16
 Γ¥» src/__tests__/components/RoomSearch.test.tsx:108:18
    106|       const startTimeSelect = screen.getByLabelText(/start time/i);
    107|       await user.click(startTimeSelect);
    108|       await user.selectOptions(startTimeSelect, '09:00');
       |                  ^
    109| 
    110|       expect(startTimeSelect).toHaveValue('09:00');

ΓÄ»ΓÄ»ΓÄ»ΓÄ»ΓÄ»ΓÄ»ΓÄ»ΓÄ»ΓÄ»ΓÄ»ΓÄ»ΓÄ»ΓÄ»ΓÄ»ΓÄ»ΓÄ»ΓÄ»ΓÄ»ΓÄ»ΓÄ»ΓÄ»[28/107]ΓÄ»

 FAIL  src/__tests__/components/RoomSearch.test.tsx > RoomSearch - Advanced Search & Filters > search by time range > 
should filter classrooms by end time
TestingLibraryElementError: Value "10:00" not found in options

Ignored nodes: comments, script, style
[36m<button[39m
  [33maria-autocomplete[39m=[32m"none"[39m
  [33maria-controls[39m=[32m"radix-:r7m:"[39m
  [33maria-expanded[39m=[32m"false"[39m
  [33mclass[39m=[32m"border-input data-[placeholder]:text-muted-foreground 
[&_svg:not([class*='text-'])]:text-muted-foreground focus-visible:border-ring focus-visible:ring-ring/50 
aria-invalid:ring-destructive/20 dark:aria-invalid:ring-destructive/40 aria-invalid:border-destructive 
dark:bg-input/30 dark:hover:bg-input/50 flex w-full items-center justify-between gap-2 rounded-md border 
bg-input-background px-3 py-2 text-sm whitespace-nowrap transition-[color,box-shadow,transform] outline-none 
focus-visible:ring-[3px] disabled:cursor-not-allowed disabled:opacity-50 data-[size=default]:h-9 data-[size=sm]:h-8 
data-[state=open]:scale-105 [aria-expanded='true']:scale-105 data-[state=closed]:scale-100 
[aria-expanded='false']:scale-100 *:data-[slot=select-value]:line-clamp-1 *:data-[slot=select-value]:flex 
*:data-[slot=select-value]:items-center *:data-[slot=select-value]:gap-2 [&_svg]:pointer-events-none [&_svg]:shrink-0 
[&_svg:not([class*='size-'])]:size-4"[39m
  [33mdata-disabled[39m=[32m""[39m
  [33mdata-placeholder[39m=[32m""[39m
  [33mdata-size[39m=[32m"default"[39m
  [33mdata-slot[39m=[32m"select-trigger"[39m
  [33mdata-state[39m=[32m"closed"[39m
  [33mdir[39m=[32m"ltr"[39m
  [33mdisabled[39m=[32m""[39m
  [33mid[39m=[32m"search-end"[39m
  [33mrole[39m=[32m"combobox"[39m
  [33mtype[39m=[32m"button"[39m
[36m>[39m
  [36m<span[39m
    [33mdata-slot[39m=[32m"select-value"[39m
    [33mstyle[39m=[32m"pointer-events: none;"[39m
  [36m>[39m
    [0mSelect start time first[0m
  [36m</span>[39m
  [36m<svg[39m
    [33maria-hidden[39m=[32m"true"[39m
    [33mclass[39m=[32m"lucide lucide-chevron-down size-4 opacity-50"[39m
    [33mfill[39m=[32m"none"[39m
    [33mheight[39m=[32m"24"[39m
    [33mstroke[39m=[32m"currentColor"[39m
    [33mstroke-linecap[39m=[32m"round"[39m
    [33mstroke-linejoin[39m=[32m"round"[39m
    [33mstroke-width[39m=[32m"2"[39m
    [33mviewBox[39m=[32m"0 0 24 24"[39m
    [33mwidth[39m=[32m"24"[39m
    [33mxmlns[39m=[32m"http://www.w3.org/2000/svg"[39m
  [36m>[39m
    [36m<path[39m
      [33md[39m=[32m"m6 9 6 6 6-6"[39m
    [36m/>[39m
  [36m</svg>[39m
[36m</button>[39m
 Γ¥» Object.getElementError node_modules/@testing-library/dom/dist/config.js:37:19
 Γ¥» ../Digital%20Classroom%20Assignment%20for%20PLV%20CEIT%20Bldg%20(with%20backend)/node_modules/@testing-library/use
r-event/dist/esm/utility/selectOptions.js:37:35
 Γ¥» Object.selectOptionsBase ../Digital%20Classroom%20Assignment%20for%20PLV%20CEIT%20Bldg%20(with%20backend)/node_mod
ules/@testing-library/user-event/dist/esm/utility/selectOptions.js:29:38
 Γ¥» Object.selectOptions ../Digital%20Classroom%20Assignment%20for%20PLV%20CEIT%20Bldg%20(with%20backend)/node_modules
/@testing-library/user-event/dist/esm/utility/selectOptions.js:16:30
 Γ¥» ../Digital%20Classroom%20Assignment%20for%20PLV%20CEIT%20Bldg%20(with%20backend)/node_modules/@testing-library/use
r-event/dist/esm/setup/setup.js:83:35
 Γ¥» Object.asyncWrapper node_modules/@testing-library/react/dist/pure.js:88:28
 Γ¥» wrapAsync ../Digital%20Classroom%20Assignment%20for%20PLV%20CEIT%20Bldg%20(with%20backend)/node_modules/@testing-l
ibrary/user-event/dist/esm/setup/wrapAsync.js:6:24
 Γ¥» Object.method [as selectOptions] ../Digital%20Classroom%20Assignment%20for%20PLV%20CEIT%20Bldg%20(with%20backend)/
node_modules/@testing-library/user-event/dist/esm/setup/setup.js:83:16
 Γ¥» src/__tests__/components/RoomSearch.test.tsx:119:18
    117|       const endTimeSelect = screen.getByLabelText(/end time/i);
    118|       await user.click(endTimeSelect);
    119|       await user.selectOptions(endTimeSelect, '10:00');
       |                  ^
    120| 
    121|       expect(endTimeSelect).toHaveValue('10:00');

ΓÄ»ΓÄ»ΓÄ»ΓÄ»ΓÄ»ΓÄ»ΓÄ»ΓÄ»ΓÄ»ΓÄ»ΓÄ»ΓÄ»ΓÄ»ΓÄ»ΓÄ»ΓÄ»ΓÄ»ΓÄ»ΓÄ»ΓÄ»ΓÄ»[29/107]ΓÄ»

 FAIL  src/__tests__/components/RoomSearch.test.tsx > RoomSearch - Advanced Search & Filters > search by time range > 
should validate time range (end time after start time)
TestingLibraryElementError: Value "10:00" not found in options

Ignored nodes: comments, script, style
[36m<button[39m
  [33maria-autocomplete[39m=[32m"none"[39m
  [33maria-controls[39m=[32m"radix-:r9t:"[39m
  [33maria-expanded[39m=[32m"false"[39m
  [33mclass[39m=[32m"border-input data-[placeholder]:text-muted-foreground 
[&_svg:not([class*='text-'])]:text-muted-foreground focus-visible:border-ring focus-visible:ring-ring/50 
aria-invalid:ring-destructive/20 dark:aria-invalid:ring-destructive/40 aria-invalid:border-destructive 
dark:bg-input/30 dark:hover:bg-input/50 flex w-full items-center justify-between gap-2 rounded-md border 
bg-input-background px-3 py-2 text-sm whitespace-nowrap transition-[color,box-shadow,transform] outline-none 
focus-visible:ring-[3px] disabled:cursor-not-allowed disabled:opacity-50 data-[size=default]:h-9 data-[size=sm]:h-8 
data-[state=open]:scale-105 [aria-expanded='true']:scale-105 data-[state=closed]:scale-100 
[aria-expanded='false']:scale-100 *:data-[slot=select-value]:line-clamp-1 *:data-[slot=select-value]:flex 
*:data-[slot=select-value]:items-center *:data-[slot=select-value]:gap-2 [&_svg]:pointer-events-none [&_svg]:shrink-0 
[&_svg:not([class*='size-'])]:size-4"[39m
  [33mdata-placeholder[39m=[32m""[39m
  [33mdata-size[39m=[32m"default"[39m
  [33mdata-slot[39m=[32m"select-trigger"[39m
  [33mdata-state[39m=[32m"closed"[39m
  [33mdir[39m=[32m"ltr"[39m
  [33mid[39m=[32m"search-start"[39m
  [33mrole[39m=[32m"combobox"[39m
  [33mtype[39m=[32m"button"[39m
[36m>[39m
  [36m<span[39m
    [33mdata-slot[39m=[32m"select-value"[39m
    [33mstyle[39m=[32m"pointer-events: none;"[39m
  [36m>[39m
    [0mSelect start time[0m
  [36m</span>[39m
  [36m<svg[39m
    [33maria-hidden[39m=[32m"true"[39m
    [33mclass[39m=[32m"lucide lucide-chevron-down size-4 opacity-50"[39m
    [33mfill[39m=[32m"none"[39m
    [33mheight[39m=[32m"24"[39m
    [33mstroke[39m=[32m"currentColor"[39m
    [33mstroke-linecap[39m=[32m"round"[39m
    [33mstroke-linejoin[39m=[32m"round"[39m
    [33mstroke-width[39m=[32m"2"[39m
    [33mviewBox[39m=[32m"0 0 24 24"[39m
    [33mwidth[39m=[32m"24"[39m
    [33mxmlns[39m=[32m"http://www.w3.org/2000/svg"[39m
  [36m>[39m
    [36m<path[39m
      [33md[39m=[32m"m6 9 6 6 6-6"[39m
    [36m/>[39m
  [36m</svg>[39m
[36m</button>[39m
 Γ¥» Object.getElementError node_modules/@testing-library/dom/dist/config.js:37:19
 Γ¥» ../Digital%20Classroom%20Assignment%20for%20PLV%20CEIT%20Bldg%20(with%20backend)/node_modules/@testing-library/use
r-event/dist/esm/utility/selectOptions.js:37:35
 Γ¥» Object.selectOptionsBase ../Digital%20Classroom%20Assignment%20for%20PLV%20CEIT%20Bldg%20(with%20backend)/node_mod
ules/@testing-library/user-event/dist/esm/utility/selectOptions.js:29:38
 Γ¥» Object.selectOptions ../Digital%20Classroom%20Assignment%20for%20PLV%20CEIT%20Bldg%20(with%20backend)/node_modules
/@testing-library/user-event/dist/esm/utility/selectOptions.js:16:30
 Γ¥» ../Digital%20Classroom%20Assignment%20for%20PLV%20CEIT%20Bldg%20(with%20backend)/node_modules/@testing-library/use
r-event/dist/esm/setup/setup.js:83:35
 Γ¥» Object.asyncWrapper node_modules/@testing-library/react/dist/pure.js:88:28
 Γ¥» wrapAsync ../Digital%20Classroom%20Assignment%20for%20PLV%20CEIT%20Bldg%20(with%20backend)/node_modules/@testing-l
ibrary/user-event/dist/esm/setup/wrapAsync.js:6:24
 Γ¥» Object.method [as selectOptions] ../Digital%20Classroom%20Assignment%20for%20PLV%20CEIT%20Bldg%20(with%20backend)/
node_modules/@testing-library/user-event/dist/esm/setup/setup.js:83:16
 Γ¥» src/__tests__/components/RoomSearch.test.tsx:131:18
    129|       const endTimeSelect = screen.getByLabelText(/end time/i);
    130| 
    131|       await user.selectOptions(startTimeSelect, '10:00');
       |                  ^
    132|       await user.selectOptions(endTimeSelect, '09:00');
    133| 

ΓÄ»ΓÄ»ΓÄ»ΓÄ»ΓÄ»ΓÄ»ΓÄ»ΓÄ»ΓÄ»ΓÄ»ΓÄ»ΓÄ»ΓÄ»ΓÄ»ΓÄ»ΓÄ»ΓÄ»ΓÄ»ΓÄ»ΓÄ»ΓÄ»[30/107]ΓÄ»

 FAIL  src/__tests__/components/RoomSearch.test.tsx > RoomSearch - Advanced Search & Filters > filter by equipment > 
should filter classrooms by selected equipment
TestingLibraryElementError: Unable to find a label with the text of: /projector/i

Ignored nodes: comments, script, style
[36m<body[39m
  [33mstyle[39m=[32m""[39m
[36m>[39m
  [36m<div>[39m
    [36m<div[39m
      [33mclass[39m=[32m"space-y-6"[39m
    [36m>[39m
      [36m<div[39m
        [33mclass[39m=[32m"bg-card text-card-foreground flex flex-col gap-6 rounded-xl border"[39m
        [33mdata-slot[39m=[32m"card"[39m
      [36m>[39m
        [36m<div[39m
          [33mclass[39m=[32m"@container/card-header grid auto-rows-min grid-rows-[auto_auto] items-start gap-1.5 
px-6 pt-6 has-data-[slot=card-action]:grid-cols-[1fr_auto] [.border-b]:pb-6"[39m
          [33mdata-slot[39m=[32m"card-header"[39m
        [36m>[39m
          [36m<h4[39m
            [33mclass[39m=[32m"leading-none"[39m
            [33mdata-slot[39m=[32m"card-title"[39m
          [36m>[39m
            [0mSearch Available Classrooms[0m
          [36m</h4>[39m
          [36m<div[39m
            [33mclass[39m=[32m"text-muted-foreground"[39m
            [33mdata-slot[39m=[32m"card-description"[39m
          [36m>[39m
            [0mFind classrooms that meet your requirements[0m
          [36m</div>[39m
        [36m</div>[39m
        [36m<div[39m
          [33mclass[39m=[32m"px-6 [&:last-child]:pb-6 space-y-4"[39m
          [33mdata-slot[39m=[32m"card-content"[39m
        [36m>[39m
          [36m<div[39m
            [33mclass[39m=[32m"grid grid-cols-1 md:grid-cols-3 gap-4"[39m
          [36m>[39m
            [36m<div[39m
              [33mclass[39m=[32m"space-y-2"[39m
            [36m>[39m
              [36m<label[39m
                [33mclass[39m=[32m"flex items-center gap-2 text-sm leading-none font-medium select-none 
group-data-[disabled=true]:pointer-events-none group-data-[disabled=true]:opacity-50 peer-disabled:cursor-not-allowed 
peer-disabled:opacity-50"[39m
                [33mdata-slot[39m=[32m"label"[39m
                [33mfor[39m=[32m"search-date"[39m
              [36m>[39m
                [0mDate[0m
              [36m</label>[39m
              [36m<button[39m
                [33maria-controls[39m=[32m"radix-:rgk:"[39m
                [33maria-expanded[39m=[32m"false"[39m
                [33maria-haspopup[39m=[32m"dialog"[39m
                [33mclass[39m=[32m"w-full text-left px-3 py-2 bg-surface hover:bg-muted/50 border rounded-md flex 
items-center justify-between"[39m
                [33mdata-slot[39m=[32m"popover-trigger"[39m
                [33mdata-state[39m=[32m"closed"[39m
                [33mtype[39m=[32m"button"[39m
              [36m>[39m
                [36m<span[39m
                  [33mclass[39m=[32m"text-sm text-muted-foreground"[39m
                [36m>[39m
                  [0mSelect a date[0m
                [36m</span>[39m
                [36m<svg[39m
                  [33mclass[39m=[32m"w-4 h-4 text-gray-400"[39m
                  [33mfill[39m=[32m"none"[39m
                  [33mstroke[39m=[32m"currentColor"[39m
                  [33mviewBox[39m=[32m"0 0 24 24"[39m
                [36m>[39m
                  [36m<path[39m
                    [33md[39m=[32m"M8 9l4 4 4-4"[39m
                    [33mstroke-linecap[39m=[32m"round"[39m
                    [33mstroke-linejoin[39m=[32m"round"[39m
                    [33mstroke-width[39m=[32m"2"[39m
                  [36m/>[39m
                [36m</svg>[39m
              [36m</button>[39m
            [36m</div>[39m
            [36m<div[39m
              [33mclass[39m=[32m"space-y-2"[39m
            [36m>[39m
              [36m<label[39m
                [33mclass[39m=[32m"flex items-center gap-2 text-sm leading-none font-medium select-none 
group-data-[disabled=true]:pointer-events-none group-data-[disabled=true]:opacity-50 peer-disabled:cursor-not-allowed 
peer-disabled:opacity-50"[39m
                [33mdata-slot[39m=[32m"label"[39m
                [33mfor[39m=[32m"search-start"[39m
              [36m>[39m
                [0mStart Time[0m
              [36m</label>[39m
              [36m<button[39m
                [33maria-autocomplete[39m=[32m"none"[39m
                [33maria-controls[39m=[32m"radix-:rgl:"[39m
                [33maria-expanded[39m=[32m"false"[39m
                [33mclass[39m=[32m"border-input data-[placeholder]:text-muted-foreground 
[&_svg:not([class*='text-'])]:text-muted-foreground focus-visible:border-ring focus-visible:ring-ring/50 
aria-invalid:ring-destructive/20 dark:aria-invalid:ring-destructive/40 aria-invalid:border-destructive 
dark:bg-input/30 dark:hover:bg-input/50 flex w-full items-center justify-between gap-2 rounded-md border 
bg-input-background px-3 py-2 text-sm whitespace-nowrap transition-[color,box-shadow,transform] outline-none 
focus-visible:ring-[3px] disabled:cursor-not-allowed disabled:opacity-50 data-[size=default]:h-9 data-[size=sm]:h-8 
data-[state=open]:scale-105 [aria-expanded='true']:scale-105 data-[state=closed]:scale-100 
[aria-expanded='false']:scale-100 *:data-[slot=select-value]:line-clamp-1 *:data-[slot=select-value]:flex 
*:data-[slot=select-value]:items-center *:data-[slot=select-value]:gap-2 [&_svg]:pointer-events-none [&_svg]:shrink-0 
[&_svg:not([class*='size-'])]:size-4"[39m
                [33mdata-placeholder[39m=[32m""[39m
                [33mdata-size[39m=[32m"default"[39m
                [33mdata-slot[39m=[32m"select-trigger"[39m
                [33mdata-state[39m=[32m"closed"[39m
                [33mdir[39m=[32m"ltr"[39m
                [33mid[39m=[32m"search-start"[39m
                [33mrole[39m=[32m"combobox"[39m
                [33mtype[39m=[32m"button"[39m
              [36m>[39m
                [36m<span[39m
                  [33mdata-slot[39m=[32m"select-value"[39m
                  [33mstyle[39m=[32m"pointer-events: none;"[39m
                [36m>[39m
                  [0mSelect start time[0m
                [36m</span>[39m
                [36m<svg[39m
                  [33maria-hidden[39m=[32m"true"[39m
                  [33mclass[39m=[32m"lucide lucide-chevron-down size-4 opacity-50"[39m
                  [33mfill[39m=[32m"none"[39m
                  [33mheight[39m=[32m"24"[39m
                  [33mstroke[39m=[32m"currentColor"[39m
                  [33mstroke-linecap[39m=[32m"round"[39m
                  [33mstroke-linejoin[39m=[32m"round"[39m
                  [33mstroke-width[39m=[32m"2"[39m
                  [33mviewBox[39m=[32m"0 0 24 24"[39m
                  [33mwidth[39m=[32m"24"[39m
                  [33mxmlns[39m=[32m"http://www.w3.org/2000/svg"[39m
                [36m>[39m
                  [36m<path[39m
                    [33md[39m=[32m"m6 9 6 6 6-6"[39m
                  [36m/>[39m
                [36m</svg>[39m
              [36m</button>[39m
            [36m</div>[39m
            [36m<div[39m
    ...
 Γ¥» Object.getElementError node_modules/@testing-library/dom/dist/config.js:37:19
 Γ¥» getAllByLabelText node_modules/@testing-library/dom/dist/queries/label-text.js:111:38
 Γ¥» node_modules/@testing-library/dom/dist/query-helpers.js:52:17
 Γ¥» node_modules/@testing-library/dom/dist/query-helpers.js:95:19
 Γ¥» src/__tests__/components/RoomSearch.test.tsx:173:40
    171|       render(<RoomSearch {...defaultProps} />);
    172| 
    173|       const projectorCheckbox = screen.getByLabelText(/projector/i);
       |                                        ^
    174|       await user.click(projectorCheckbox);
    175| 

ΓÄ»ΓÄ»ΓÄ»ΓÄ»ΓÄ»ΓÄ»ΓÄ»ΓÄ»ΓÄ»ΓÄ»ΓÄ»ΓÄ»ΓÄ»ΓÄ»ΓÄ»ΓÄ»ΓÄ»ΓÄ»ΓÄ»ΓÄ»ΓÄ»[31/107]ΓÄ»

 FAIL  src/__tests__/components/RoomSearch.test.tsx > RoomSearch - Advanced Search & Filters > filter by equipment > 
should show only classrooms with selected equipment
TestingLibraryElementError: Unable to find a label with the text of: /projector/i

Ignored nodes: comments, script, style
[36m<body[39m
  [33mstyle[39m=[32m""[39m
[36m>[39m
  [36m<div>[39m
    [36m<div[39m
      [33mclass[39m=[32m"space-y-6"[39m
    [36m>[39m
      [36m<div[39m
        [33mclass[39m=[32m"bg-card text-card-foreground flex flex-col gap-6 rounded-xl border"[39m
        [33mdata-slot[39m=[32m"card"[39m
      [36m>[39m
        [36m<div[39m
          [33mclass[39m=[32m"@container/card-header grid auto-rows-min grid-rows-[auto_auto] items-start gap-1.5 
px-6 pt-6 has-data-[slot=card-action]:grid-cols-[1fr_auto] [.border-b]:pb-6"[39m
          [33mdata-slot[39m=[32m"card-header"[39m
        [36m>[39m
          [36m<h4[39m
            [33mclass[39m=[32m"leading-none"[39m
            [33mdata-slot[39m=[32m"card-title"[39m
          [36m>[39m
            [0mSearch Available Classrooms[0m
          [36m</h4>[39m
          [36m<div[39m
            [33mclass[39m=[32m"text-muted-foreground"[39m
            [33mdata-slot[39m=[32m"card-description"[39m
          [36m>[39m
            [0mFind classrooms that meet your requirements[0m
          [36m</div>[39m
        [36m</div>[39m
        [36m<div[39m
          [33mclass[39m=[32m"px-6 [&:last-child]:pb-6 space-y-4"[39m
          [33mdata-slot[39m=[32m"card-content"[39m
        [36m>[39m
          [36m<div[39m
            [33mclass[39m=[32m"grid grid-cols-1 md:grid-cols-3 gap-4"[39m
          [36m>[39m
            [36m<div[39m
              [33mclass[39m=[32m"space-y-2"[39m
            [36m>[39m
              [36m<label[39m
                [33mclass[39m=[32m"flex items-center gap-2 text-sm leading-none font-medium select-none 
group-data-[disabled=true]:pointer-events-none group-data-[disabled=true]:opacity-50 peer-disabled:cursor-not-allowed 
peer-disabled:opacity-50"[39m
                [33mdata-slot[39m=[32m"label"[39m
                [33mfor[39m=[32m"search-date"[39m
              [36m>[39m
                [0mDate[0m
              [36m</label>[39m
              [36m<button[39m
                [33maria-controls[39m=[32m"radix-:ris:"[39m
                [33maria-expanded[39m=[32m"false"[39m
                [33maria-haspopup[39m=[32m"dialog"[39m
                [33mclass[39m=[32m"w-full text-left px-3 py-2 bg-surface hover:bg-muted/50 border rounded-md flex 
items-center justify-between"[39m
                [33mdata-slot[39m=[32m"popover-trigger"[39m
                [33mdata-state[39m=[32m"closed"[39m
                [33mtype[39m=[32m"button"[39m
              [36m>[39m
                [36m<span[39m
                  [33mclass[39m=[32m"text-sm text-muted-foreground"[39m
                [36m>[39m
                  [0mSelect a date[0m
                [36m</span>[39m
                [36m<svg[39m
                  [33mclass[39m=[32m"w-4 h-4 text-gray-400"[39m
                  [33mfill[39m=[32m"none"[39m
                  [33mstroke[39m=[32m"currentColor"[39m
                  [33mviewBox[39m=[32m"0 0 24 24"[39m
                [36m>[39m
                  [36m<path[39m
                    [33md[39m=[32m"M8 9l4 4 4-4"[39m
                    [33mstroke-linecap[39m=[32m"round"[39m
                    [33mstroke-linejoin[39m=[32m"round"[39m
                    [33mstroke-width[39m=[32m"2"[39m
                  [36m/>[39m
                [36m</svg>[39m
              [36m</button>[39m
            [36m</div>[39m
            [36m<div[39m
              [33mclass[39m=[32m"space-y-2"[39m
            [36m>[39m
              [36m<label[39m
                [33mclass[39m=[32m"flex items-center gap-2 text-sm leading-none font-medium select-none 
group-data-[disabled=true]:pointer-events-none group-data-[disabled=true]:opacity-50 peer-disabled:cursor-not-allowed 
peer-disabled:opacity-50"[39m
                [33mdata-slot[39m=[32m"label"[39m
                [33mfor[39m=[32m"search-start"[39m
              [36m>[39m
                [0mStart Time[0m
              [36m</label>[39m
              [36m<button[39m
                [33maria-autocomplete[39m=[32m"none"[39m
                [33maria-controls[39m=[32m"radix-:rit:"[39m
                [33maria-expanded[39m=[32m"false"[39m
                [33mclass[39m=[32m"border-input data-[placeholder]:text-muted-foreground 
[&_svg:not([class*='text-'])]:text-muted-foreground focus-visible:border-ring focus-visible:ring-ring/50 
aria-invalid:ring-destructive/20 dark:aria-invalid:ring-destructive/40 aria-invalid:border-destructive 
dark:bg-input/30 dark:hover:bg-input/50 flex w-full items-center justify-between gap-2 rounded-md border 
bg-input-background px-3 py-2 text-sm whitespace-nowrap transition-[color,box-shadow,transform] outline-none 
focus-visible:ring-[3px] disabled:cursor-not-allowed disabled:opacity-50 data-[size=default]:h-9 data-[size=sm]:h-8 
data-[state=open]:scale-105 [aria-expanded='true']:scale-105 data-[state=closed]:scale-100 
[aria-expanded='false']:scale-100 *:data-[slot=select-value]:line-clamp-1 *:data-[slot=select-value]:flex 
*:data-[slot=select-value]:items-center *:data-[slot=select-value]:gap-2 [&_svg]:pointer-events-none [&_svg]:shrink-0 
[&_svg:not([class*='size-'])]:size-4"[39m
                [33mdata-placeholder[39m=[32m""[39m
                [33mdata-size[39m=[32m"default"[39m
                [33mdata-slot[39m=[32m"select-trigger"[39m
                [33mdata-state[39m=[32m"closed"[39m
                [33mdir[39m=[32m"ltr"[39m
                [33mid[39m=[32m"search-start"[39m
                [33mrole[39m=[32m"combobox"[39m
                [33mtype[39m=[32m"button"[39m
              [36m>[39m
                [36m<span[39m
                  [33mdata-slot[39m=[32m"select-value"[39m
                  [33mstyle[39m=[32m"pointer-events: none;"[39m
                [36m>[39m
                  [0mSelect start time[0m
                [36m</span>[39m
                [36m<svg[39m
                  [33maria-hidden[39m=[32m"true"[39m
                  [33mclass[39m=[32m"lucide lucide-chevron-down size-4 opacity-50"[39m
                  [33mfill[39m=[32m"none"[39m
                  [33mheight[39m=[32m"24"[39m
                  [33mstroke[39m=[32m"currentColor"[39m
                  [33mstroke-linecap[39m=[32m"round"[39m
                  [33mstroke-linejoin[39m=[32m"round"[39m
                  [33mstroke-width[39m=[32m"2"[39m
                  [33mviewBox[39m=[32m"0 0 24 24"[39m
                  [33mwidth[39m=[32m"24"[39m
                  [33mxmlns[39m=[32m"http://www.w3.org/2000/svg"[39m
                [36m>[39m
                  [36m<path[39m
                    [33md[39m=[32m"m6 9 6 6 6-6"[39m
                  [36m/>[39m
                [36m</svg>[39m
              [36m</button>[39m
            [36m</div>[39m
            [36m<div[39m
    ...
 Γ¥» Object.getElementError node_modules/@testing-library/dom/dist/config.js:37:19
 Γ¥» getAllByLabelText node_modules/@testing-library/dom/dist/queries/label-text.js:111:38
 Γ¥» node_modules/@testing-library/dom/dist/query-helpers.js:52:17
 Γ¥» node_modules/@testing-library/dom/dist/query-helpers.js:95:19
 Γ¥» src/__tests__/components/RoomSearch.test.tsx:185:40
    183|       render(<RoomSearch {...defaultProps} />);
    184| 
    185|       const projectorCheckbox = screen.getByLabelText(/projector/i);
       |                                        ^
    186|       await user.click(projectorCheckbox);
    187| 

ΓÄ»ΓÄ»ΓÄ»ΓÄ»ΓÄ»ΓÄ»ΓÄ»ΓÄ»ΓÄ»ΓÄ»ΓÄ»ΓÄ»ΓÄ»ΓÄ»ΓÄ»ΓÄ»ΓÄ»ΓÄ»ΓÄ»ΓÄ»ΓÄ»[32/107]ΓÄ»

 FAIL  src/__tests__/components/RoomSearch.test.tsx > RoomSearch - Advanced Search & Filters > filter by equipment > 
should support multiple equipment filters
TestingLibraryElementError: Unable to find a label with the text of: /projector/i

Ignored nodes: comments, script, style
[36m<body[39m
  [33mstyle[39m=[32m""[39m
[36m>[39m
  [36m<div>[39m
    [36m<div[39m
      [33mclass[39m=[32m"space-y-6"[39m
    [36m>[39m
      [36m<div[39m
        [33mclass[39m=[32m"bg-card text-card-foreground flex flex-col gap-6 rounded-xl border"[39m
        [33mdata-slot[39m=[32m"card"[39m
      [36m>[39m
        [36m<div[39m
          [33mclass[39m=[32m"@container/card-header grid auto-rows-min grid-rows-[auto_auto] items-start gap-1.5 
px-6 pt-6 has-data-[slot=card-action]:grid-cols-[1fr_auto] [.border-b]:pb-6"[39m
          [33mdata-slot[39m=[32m"card-header"[39m
        [36m>[39m
          [36m<h4[39m
            [33mclass[39m=[32m"leading-none"[39m
            [33mdata-slot[39m=[32m"card-title"[39m
          [36m>[39m
            [0mSearch Available Classrooms[0m
          [36m</h4>[39m
          [36m<div[39m
            [33mclass[39m=[32m"text-muted-foreground"[39m
            [33mdata-slot[39m=[32m"card-description"[39m
          [36m>[39m
            [0mFind classrooms that meet your requirements[0m
          [36m</div>[39m
        [36m</div>[39m
        [36m<div[39m
          [33mclass[39m=[32m"px-6 [&:last-child]:pb-6 space-y-4"[39m
          [33mdata-slot[39m=[32m"card-content"[39m
        [36m>[39m
          [36m<div[39m
            [33mclass[39m=[32m"grid grid-cols-1 md:grid-cols-3 gap-4"[39m
          [36m>[39m
            [36m<div[39m
              [33mclass[39m=[32m"space-y-2"[39m
            [36m>[39m
              [36m<label[39m
                [33mclass[39m=[32m"flex items-center gap-2 text-sm leading-none font-medium select-none 
group-data-[disabled=true]:pointer-events-none group-data-[disabled=true]:opacity-50 peer-disabled:cursor-not-allowed 
peer-disabled:opacity-50"[39m
                [33mdata-slot[39m=[32m"label"[39m
                [33mfor[39m=[32m"search-date"[39m
              [36m>[39m
                [0mDate[0m
              [36m</label>[39m
              [36m<button[39m
                [33maria-controls[39m=[32m"radix-:rl4:"[39m
                [33maria-expanded[39m=[32m"false"[39m
                [33maria-haspopup[39m=[32m"dialog"[39m
                [33mclass[39m=[32m"w-full text-left px-3 py-2 bg-surface hover:bg-muted/50 border rounded-md flex 
items-center justify-between"[39m
                [33mdata-slot[39m=[32m"popover-trigger"[39m
                [33mdata-state[39m=[32m"closed"[39m
                [33mtype[39m=[32m"button"[39m
              [36m>[39m
                [36m<span[39m
                  [33mclass[39m=[32m"text-sm text-muted-foreground"[39m
                [36m>[39m
                  [0mSelect a date[0m
                [36m</span>[39m
                [36m<svg[39m
                  [33mclass[39m=[32m"w-4 h-4 text-gray-400"[39m
                  [33mfill[39m=[32m"none"[39m
                  [33mstroke[39m=[32m"currentColor"[39m
                  [33mviewBox[39m=[32m"0 0 24 24"[39m
                [36m>[39m
                  [36m<path[39m
                    [33md[39m=[32m"M8 9l4 4 4-4"[39m
                    [33mstroke-linecap[39m=[32m"round"[39m
                    [33mstroke-linejoin[39m=[32m"round"[39m
                    [33mstroke-width[39m=[32m"2"[39m
                  [36m/>[39m
                [36m</svg>[39m
              [36m</button>[39m
            [36m</div>[39m
            [36m<div[39m
              [33mclass[39m=[32m"space-y-2"[39m
            [36m>[39m
              [36m<label[39m
                [33mclass[39m=[32m"flex items-center gap-2 text-sm leading-none font-medium select-none 
group-data-[disabled=true]:pointer-events-none group-data-[disabled=true]:opacity-50 peer-disabled:cursor-not-allowed 
peer-disabled:opacity-50"[39m
                [33mdata-slot[39m=[32m"label"[39m
                [33mfor[39m=[32m"search-start"[39m
              [36m>[39m
                [0mStart Time[0m
              [36m</label>[39m
              [36m<button[39m
                [33maria-autocomplete[39m=[32m"none"[39m
                [33maria-controls[39m=[32m"radix-:rl5:"[39m
                [33maria-expanded[39m=[32m"false"[39m
                [33mclass[39m=[32m"border-input data-[placeholder]:text-muted-foreground 
[&_svg:not([class*='text-'])]:text-muted-foreground focus-visible:border-ring focus-visible:ring-ring/50 
aria-invalid:ring-destructive/20 dark:aria-invalid:ring-destructive/40 aria-invalid:border-destructive 
dark:bg-input/30 dark:hover:bg-input/50 flex w-full items-center justify-between gap-2 rounded-md border 
bg-input-background px-3 py-2 text-sm whitespace-nowrap transition-[color,box-shadow,transform] outline-none 
focus-visible:ring-[3px] disabled:cursor-not-allowed disabled:opacity-50 data-[size=default]:h-9 data-[size=sm]:h-8 
data-[state=open]:scale-105 [aria-expanded='true']:scale-105 data-[state=closed]:scale-100 
[aria-expanded='false']:scale-100 *:data-[slot=select-value]:line-clamp-1 *:data-[slot=select-value]:flex 
*:data-[slot=select-value]:items-center *:data-[slot=select-value]:gap-2 [&_svg]:pointer-events-none [&_svg]:shrink-0 
[&_svg:not([class*='size-'])]:size-4"[39m
                [33mdata-placeholder[39m=[32m""[39m
                [33mdata-size[39m=[32m"default"[39m
                [33mdata-slot[39m=[32m"select-trigger"[39m
                [33mdata-state[39m=[32m"closed"[39m
                [33mdir[39m=[32m"ltr"[39m
                [33mid[39m=[32m"search-start"[39m
                [33mrole[39m=[32m"combobox"[39m
                [33mtype[39m=[32m"button"[39m
              [36m>[39m
                [36m<span[39m
                  [33mdata-slot[39m=[32m"select-value"[39m
                  [33mstyle[39m=[32m"pointer-events: none;"[39m
                [36m>[39m
                  [0mSelect start time[0m
                [36m</span>[39m
                [36m<svg[39m
                  [33maria-hidden[39m=[32m"true"[39m
                  [33mclass[39m=[32m"lucide lucide-chevron-down size-4 opacity-50"[39m
                  [33mfill[39m=[32m"none"[39m
                  [33mheight[39m=[32m"24"[39m
                  [33mstroke[39m=[32m"currentColor"[39m
                  [33mstroke-linecap[39m=[32m"round"[39m
                  [33mstroke-linejoin[39m=[32m"round"[39m
                  [33mstroke-width[39m=[32m"2"[39m
                  [33mviewBox[39m=[32m"0 0 24 24"[39m
                  [33mwidth[39m=[32m"24"[39m
                  [33mxmlns[39m=[32m"http://www.w3.org/2000/svg"[39m
                [36m>[39m
                  [36m<path[39m
                    [33md[39m=[32m"m6 9 6 6 6-6"[39m
                  [36m/>[39m
                [36m</svg>[39m
              [36m</button>[39m
            [36m</div>[39m
            [36m<div[39m
    ...
 Γ¥» Object.getElementError node_modules/@testing-library/dom/dist/config.js:37:19
 Γ¥» getAllByLabelText node_modules/@testing-library/dom/dist/queries/label-text.js:111:38
 Γ¥» node_modules/@testing-library/dom/dist/query-helpers.js:52:17
 Γ¥» node_modules/@testing-library/dom/dist/query-helpers.js:95:19
 Γ¥» src/__tests__/components/RoomSearch.test.tsx:198:40
    196|       render(<RoomSearch {...defaultProps} />);
    197| 
    198|       const projectorCheckbox = screen.getByLabelText(/projector/i);
       |                                        ^
    199|       const whiteboardCheckbox = screen.getByLabelText(/whiteboard/i);
    200| 

ΓÄ»ΓÄ»ΓÄ»ΓÄ»ΓÄ»ΓÄ»ΓÄ»ΓÄ»ΓÄ»ΓÄ»ΓÄ»ΓÄ»ΓÄ»ΓÄ»ΓÄ»ΓÄ»ΓÄ»ΓÄ»ΓÄ»ΓÄ»ΓÄ»[33/107]ΓÄ»

 FAIL  src/__tests__/components/RoomSearch.test.tsx > RoomSearch - Advanced Search & Filters > filter by building > 
should filter classrooms by building
TestingLibraryElementError: Unable to find a label with the text of: /building/i

Ignored nodes: comments, script, style
[36m<body[39m
  [33mstyle[39m=[32m""[39m
[36m>[39m
  [36m<div>[39m
    [36m<div[39m
      [33mclass[39m=[32m"space-y-6"[39m
    [36m>[39m
      [36m<div[39m
        [33mclass[39m=[32m"bg-card text-card-foreground flex flex-col gap-6 rounded-xl border"[39m
        [33mdata-slot[39m=[32m"card"[39m
      [36m>[39m
        [36m<div[39m
          [33mclass[39m=[32m"@container/card-header grid auto-rows-min grid-rows-[auto_auto] items-start gap-1.5 
px-6 pt-6 has-data-[slot=card-action]:grid-cols-[1fr_auto] [.border-b]:pb-6"[39m
          [33mdata-slot[39m=[32m"card-header"[39m
        [36m>[39m
          [36m<h4[39m
            [33mclass[39m=[32m"leading-none"[39m
            [33mdata-slot[39m=[32m"card-title"[39m
          [36m>[39m
            [0mSearch Available Classrooms[0m
          [36m</h4>[39m
          [36m<div[39m
            [33mclass[39m=[32m"text-muted-foreground"[39m
            [33mdata-slot[39m=[32m"card-description"[39m
          [36m>[39m
            [0mFind classrooms that meet your requirements[0m
          [36m</div>[39m
        [36m</div>[39m
        [36m<div[39m
          [33mclass[39m=[32m"px-6 [&:last-child]:pb-6 space-y-4"[39m
          [33mdata-slot[39m=[32m"card-content"[39m
        [36m>[39m
          [36m<div[39m
            [33mclass[39m=[32m"grid grid-cols-1 md:grid-cols-3 gap-4"[39m
          [36m>[39m
            [36m<div[39m
              [33mclass[39m=[32m"space-y-2"[39m
            [36m>[39m
              [36m<label[39m
                [33mclass[39m=[32m"flex items-center gap-2 text-sm leading-none font-medium select-none 
group-data-[disabled=true]:pointer-events-none group-data-[disabled=true]:opacity-50 peer-disabled:cursor-not-allowed 
peer-disabled:opacity-50"[39m
                [33mdata-slot[39m=[32m"label"[39m
                [33mfor[39m=[32m"search-date"[39m
              [36m>[39m
                [0mDate[0m
              [36m</label>[39m
              [36m<button[39m
                [33maria-controls[39m=[32m"radix-:rnc:"[39m
                [33maria-expanded[39m=[32m"false"[39m
                [33maria-haspopup[39m=[32m"dialog"[39m
                [33mclass[39m=[32m"w-full text-left px-3 py-2 bg-surface hover:bg-muted/50 border rounded-md flex 
items-center justify-between"[39m
                [33mdata-slot[39m=[32m"popover-trigger"[39m
                [33mdata-state[39m=[32m"closed"[39m
                [33mtype[39m=[32m"button"[39m
              [36m>[39m
                [36m<span[39m
                  [33mclass[39m=[32m"text-sm text-muted-foreground"[39m
                [36m>[39m
                  [0mSelect a date[0m
                [36m</span>[39m
                [36m<svg[39m
                  [33mclass[39m=[32m"w-4 h-4 text-gray-400"[39m
                  [33mfill[39m=[32m"none"[39m
                  [33mstroke[39m=[32m"currentColor"[39m
                  [33mviewBox[39m=[32m"0 0 24 24"[39m
                [36m>[39m
                  [36m<path[39m
                    [33md[39m=[32m"M8 9l4 4 4-4"[39m
                    [33mstroke-linecap[39m=[32m"round"[39m
                    [33mstroke-linejoin[39m=[32m"round"[39m
                    [33mstroke-width[39m=[32m"2"[39m
                  [36m/>[39m
                [36m</svg>[39m
              [36m</button>[39m
            [36m</div>[39m
            [36m<div[39m
              [33mclass[39m=[32m"space-y-2"[39m
            [36m>[39m
              [36m<label[39m
                [33mclass[39m=[32m"flex items-center gap-2 text-sm leading-none font-medium select-none 
group-data-[disabled=true]:pointer-events-none group-data-[disabled=true]:opacity-50 peer-disabled:cursor-not-allowed 
peer-disabled:opacity-50"[39m
                [33mdata-slot[39m=[32m"label"[39m
                [33mfor[39m=[32m"search-start"[39m
              [36m>[39m
                [0mStart Time[0m
              [36m</label>[39m
              [36m<button[39m
                [33maria-autocomplete[39m=[32m"none"[39m
                [33maria-controls[39m=[32m"radix-:rnd:"[39m
                [33maria-expanded[39m=[32m"false"[39m
                [33mclass[39m=[32m"border-input data-[placeholder]:text-muted-foreground 
[&_svg:not([class*='text-'])]:text-muted-foreground focus-visible:border-ring focus-visible:ring-ring/50 
aria-invalid:ring-destructive/20 dark:aria-invalid:ring-destructive/40 aria-invalid:border-destructive 
dark:bg-input/30 dark:hover:bg-input/50 flex w-full items-center justify-between gap-2 rounded-md border 
bg-input-background px-3 py-2 text-sm whitespace-nowrap transition-[color,box-shadow,transform] outline-none 
focus-visible:ring-[3px] disabled:cursor-not-allowed disabled:opacity-50 data-[size=default]:h-9 data-[size=sm]:h-8 
data-[state=open]:scale-105 [aria-expanded='true']:scale-105 data-[state=closed]:scale-100 
[aria-expanded='false']:scale-100 *:data-[slot=select-value]:line-clamp-1 *:data-[slot=select-value]:flex 
*:data-[slot=select-value]:items-center *:data-[slot=select-value]:gap-2 [&_svg]:pointer-events-none [&_svg]:shrink-0 
[&_svg:not([class*='size-'])]:size-4"[39m
                [33mdata-placeholder[39m=[32m""[39m
                [33mdata-size[39m=[32m"default"[39m
                [33mdata-slot[39m=[32m"select-trigger"[39m
                [33mdata-state[39m=[32m"closed"[39m
                [33mdir[39m=[32m"ltr"[39m
                [33mid[39m=[32m"search-start"[39m
                [33mrole[39m=[32m"combobox"[39m
                [33mtype[39m=[32m"button"[39m
              [36m>[39m
                [36m<span[39m
                  [33mdata-slot[39m=[32m"select-value"[39m
                  [33mstyle[39m=[32m"pointer-events: none;"[39m
                [36m>[39m
                  [0mSelect start time[0m
                [36m</span>[39m
                [36m<svg[39m
                  [33maria-hidden[39m=[32m"true"[39m
                  [33mclass[39m=[32m"lucide lucide-chevron-down size-4 opacity-50"[39m
                  [33mfill[39m=[32m"none"[39m
                  [33mheight[39m=[32m"24"[39m
                  [33mstroke[39m=[32m"currentColor"[39m
                  [33mstroke-linecap[39m=[32m"round"[39m
                  [33mstroke-linejoin[39m=[32m"round"[39m
                  [33mstroke-width[39m=[32m"2"[39m
                  [33mviewBox[39m=[32m"0 0 24 24"[39m
                  [33mwidth[39m=[32m"24"[39m
                  [33mxmlns[39m=[32m"http://www.w3.org/2000/svg"[39m
                [36m>[39m
                  [36m<path[39m
                    [33md[39m=[32m"m6 9 6 6 6-6"[39m
                  [36m/>[39m
                [36m</svg>[39m
              [36m</button>[39m
            [36m</div>[39m
            [36m<div[39m
    ...
 Γ¥» Object.getElementError node_modules/@testing-library/dom/dist/config.js:37:19
 Γ¥» getAllByLabelText node_modules/@testing-library/dom/dist/queries/label-text.js:111:38
 Γ¥» node_modules/@testing-library/dom/dist/query-helpers.js:52:17
 Γ¥» node_modules/@testing-library/dom/dist/query-helpers.js:95:19
 Γ¥» src/__tests__/components/RoomSearch.test.tsx:217:37
    215|       render(<RoomSearch {...defaultProps} />);
    216| 
    217|       const buildingSelect = screen.getByLabelText(/building/i);
       |                                     ^
    218|       await user.click(buildingSelect);
    219|       await user.selectOptions(buildingSelect, 'Main Building');

ΓÄ»ΓÄ»ΓÄ»ΓÄ»ΓÄ»ΓÄ»ΓÄ»ΓÄ»ΓÄ»ΓÄ»ΓÄ»ΓÄ»ΓÄ»ΓÄ»ΓÄ»ΓÄ»ΓÄ»ΓÄ»ΓÄ»ΓÄ»ΓÄ»[34/107]ΓÄ»

 FAIL  src/__tests__/components/RoomSearch.test.tsx > RoomSearch - Advanced Search & Filters > filter by building > 
should show only classrooms in selected building
TestingLibraryElementError: Unable to find a label with the text of: /building/i

Ignored nodes: comments, script, style
[36m<body[39m
  [33mstyle[39m=[32m""[39m
[36m>[39m
  [36m<div>[39m
    [36m<div[39m
      [33mclass[39m=[32m"space-y-6"[39m
    [36m>[39m
      [36m<div[39m
        [33mclass[39m=[32m"bg-card text-card-foreground flex flex-col gap-6 rounded-xl border"[39m
        [33mdata-slot[39m=[32m"card"[39m
      [36m>[39m
        [36m<div[39m
          [33mclass[39m=[32m"@container/card-header grid auto-rows-min grid-rows-[auto_auto] items-start gap-1.5 
px-6 pt-6 has-data-[slot=card-action]:grid-cols-[1fr_auto] [.border-b]:pb-6"[39m
          [33mdata-slot[39m=[32m"card-header"[39m
        [36m>[39m
          [36m<h4[39m
            [33mclass[39m=[32m"leading-none"[39m
            [33mdata-slot[39m=[32m"card-title"[39m
          [36m>[39m
            [0mSearch Available Classrooms[0m
          [36m</h4>[39m
          [36m<div[39m
            [33mclass[39m=[32m"text-muted-foreground"[39m
            [33mdata-slot[39m=[32m"card-description"[39m
          [36m>[39m
            [0mFind classrooms that meet your requirements[0m
          [36m</div>[39m
        [36m</div>[39m
        [36m<div[39m
          [33mclass[39m=[32m"px-6 [&:last-child]:pb-6 space-y-4"[39m
          [33mdata-slot[39m=[32m"card-content"[39m
        [36m>[39m
          [36m<div[39m
            [33mclass[39m=[32m"grid grid-cols-1 md:grid-cols-3 gap-4"[39m
          [36m>[39m
            [36m<div[39m
              [33mclass[39m=[32m"space-y-2"[39m
            [36m>[39m
              [36m<label[39m
                [33mclass[39m=[32m"flex items-center gap-2 text-sm leading-none font-medium select-none 
group-data-[disabled=true]:pointer-events-none group-data-[disabled=true]:opacity-50 peer-disabled:cursor-not-allowed 
peer-disabled:opacity-50"[39m
                [33mdata-slot[39m=[32m"label"[39m
                [33mfor[39m=[32m"search-date"[39m
              [36m>[39m
                [0mDate[0m
              [36m</label>[39m
              [36m<button[39m
                [33maria-controls[39m=[32m"radix-:rpk:"[39m
                [33maria-expanded[39m=[32m"false"[39m
                [33maria-haspopup[39m=[32m"dialog"[39m
                [33mclass[39m=[32m"w-full text-left px-3 py-2 bg-surface hover:bg-muted/50 border rounded-md flex 
items-center justify-between"[39m
                [33mdata-slot[39m=[32m"popover-trigger"[39m
                [33mdata-state[39m=[32m"closed"[39m
                [33mtype[39m=[32m"button"[39m
              [36m>[39m
                [36m<span[39m
                  [33mclass[39m=[32m"text-sm text-muted-foreground"[39m
                [36m>[39m
                  [0mSelect a date[0m
                [36m</span>[39m
                [36m<svg[39m
                  [33mclass[39m=[32m"w-4 h-4 text-gray-400"[39m
                  [33mfill[39m=[32m"none"[39m
                  [33mstroke[39m=[32m"currentColor"[39m
                  [33mviewBox[39m=[32m"0 0 24 24"[39m
                [36m>[39m
                  [36m<path[39m
                    [33md[39m=[32m"M8 9l4 4 4-4"[39m
                    [33mstroke-linecap[39m=[32m"round"[39m
                    [33mstroke-linejoin[39m=[32m"round"[39m
                    [33mstroke-width[39m=[32m"2"[39m
                  [36m/>[39m
                [36m</svg>[39m
              [36m</button>[39m
            [36m</div>[39m
            [36m<div[39m
              [33mclass[39m=[32m"space-y-2"[39m
            [36m>[39m
              [36m<label[39m
                [33mclass[39m=[32m"flex items-center gap-2 text-sm leading-none font-medium select-none 
group-data-[disabled=true]:pointer-events-none group-data-[disabled=true]:opacity-50 peer-disabled:cursor-not-allowed 
peer-disabled:opacity-50"[39m
                [33mdata-slot[39m=[32m"label"[39m
                [33mfor[39m=[32m"search-start"[39m
              [36m>[39m
                [0mStart Time[0m
              [36m</label>[39m
              [36m<button[39m
                [33maria-autocomplete[39m=[32m"none"[39m
                [33maria-controls[39m=[32m"radix-:rpl:"[39m
                [33maria-expanded[39m=[32m"false"[39m
                [33mclass[39m=[32m"border-input data-[placeholder]:text-muted-foreground 
[&_svg:not([class*='text-'])]:text-muted-foreground focus-visible:border-ring focus-visible:ring-ring/50 
aria-invalid:ring-destructive/20 dark:aria-invalid:ring-destructive/40 aria-invalid:border-destructive 
dark:bg-input/30 dark:hover:bg-input/50 flex w-full items-center justify-between gap-2 rounded-md border 
bg-input-background px-3 py-2 text-sm whitespace-nowrap transition-[color,box-shadow,transform] outline-none 
focus-visible:ring-[3px] disabled:cursor-not-allowed disabled:opacity-50 data-[size=default]:h-9 data-[size=sm]:h-8 
data-[state=open]:scale-105 [aria-expanded='true']:scale-105 data-[state=closed]:scale-100 
[aria-expanded='false']:scale-100 *:data-[slot=select-value]:line-clamp-1 *:data-[slot=select-value]:flex 
*:data-[slot=select-value]:items-center *:data-[slot=select-value]:gap-2 [&_svg]:pointer-events-none [&_svg]:shrink-0 
[&_svg:not([class*='size-'])]:size-4"[39m
                [33mdata-placeholder[39m=[32m""[39m
                [33mdata-size[39m=[32m"default"[39m
                [33mdata-slot[39m=[32m"select-trigger"[39m
                [33mdata-state[39m=[32m"closed"[39m
                [33mdir[39m=[32m"ltr"[39m
                [33mid[39m=[32m"search-start"[39m
                [33mrole[39m=[32m"combobox"[39m
                [33mtype[39m=[32m"button"[39m
              [36m>[39m
                [36m<span[39m
                  [33mdata-slot[39m=[32m"select-value"[39m
                  [33mstyle[39m=[32m"pointer-events: none;"[39m
                [36m>[39m
                  [0mSelect start time[0m
                [36m</span>[39m
                [36m<svg[39m
                  [33maria-hidden[39m=[32m"true"[39m
                  [33mclass[39m=[32m"lucide lucide-chevron-down size-4 opacity-50"[39m
                  [33mfill[39m=[32m"none"[39m
                  [33mheight[39m=[32m"24"[39m
                  [33mstroke[39m=[32m"currentColor"[39m
                  [33mstroke-linecap[39m=[32m"round"[39m
                  [33mstroke-linejoin[39m=[32m"round"[39m
                  [33mstroke-width[39m=[32m"2"[39m
                  [33mviewBox[39m=[32m"0 0 24 24"[39m
                  [33mwidth[39m=[32m"24"[39m
                  [33mxmlns[39m=[32m"http://www.w3.org/2000/svg"[39m
                [36m>[39m
                  [36m<path[39m
                    [33md[39m=[32m"m6 9 6 6 6-6"[39m
                  [36m/>[39m
                [36m</svg>[39m
              [36m</button>[39m
            [36m</div>[39m
            [36m<div[39m
    ...
 Γ¥» Object.getElementError node_modules/@testing-library/dom/dist/config.js:37:19
 Γ¥» getAllByLabelText node_modules/@testing-library/dom/dist/queries/label-text.js:111:38
 Γ¥» node_modules/@testing-library/dom/dist/query-helpers.js:52:17
 Γ¥» node_modules/@testing-library/dom/dist/query-helpers.js:95:19
 Γ¥» src/__tests__/components/RoomSearch.test.tsx:228:37
    226|       render(<RoomSearch {...defaultProps} />);
    227| 
    228|       const buildingSelect = screen.getByLabelText(/building/i);
       |                                     ^
    229|       await user.selectOptions(buildingSelect, 'Main Building');
    230| 

ΓÄ»ΓÄ»ΓÄ»ΓÄ»ΓÄ»ΓÄ»ΓÄ»ΓÄ»ΓÄ»ΓÄ»ΓÄ»ΓÄ»ΓÄ»ΓÄ»ΓÄ»ΓÄ»ΓÄ»ΓÄ»ΓÄ»ΓÄ»ΓÄ»[35/107]ΓÄ»

 FAIL  src/__tests__/components/RoomSearch.test.tsx > RoomSearch - Advanced Search & Filters > filter by floor > 
should filter classrooms by floor
TestingLibraryElementError: Unable to find a label with the text of: /floor/i

Ignored nodes: comments, script, style
[36m<body[39m
  [33mstyle[39m=[32m""[39m
[36m>[39m
  [36m<div>[39m
    [36m<div[39m
      [33mclass[39m=[32m"space-y-6"[39m
    [36m>[39m
      [36m<div[39m
        [33mclass[39m=[32m"bg-card text-card-foreground flex flex-col gap-6 rounded-xl border"[39m
        [33mdata-slot[39m=[32m"card"[39m
      [36m>[39m
        [36m<div[39m
          [33mclass[39m=[32m"@container/card-header grid auto-rows-min grid-rows-[auto_auto] items-start gap-1.5 
px-6 pt-6 has-data-[slot=card-action]:grid-cols-[1fr_auto] [.border-b]:pb-6"[39m
          [33mdata-slot[39m=[32m"card-header"[39m
        [36m>[39m
          [36m<h4[39m
            [33mclass[39m=[32m"leading-none"[39m
            [33mdata-slot[39m=[32m"card-title"[39m
          [36m>[39m
            [0mSearch Available Classrooms[0m
          [36m</h4>[39m
          [36m<div[39m
            [33mclass[39m=[32m"text-muted-foreground"[39m
            [33mdata-slot[39m=[32m"card-description"[39m
          [36m>[39m
            [0mFind classrooms that meet your requirements[0m
          [36m</div>[39m
        [36m</div>[39m
        [36m<div[39m
          [33mclass[39m=[32m"px-6 [&:last-child]:pb-6 space-y-4"[39m
          [33mdata-slot[39m=[32m"card-content"[39m
        [36m>[39m
          [36m<div[39m
            [33mclass[39m=[32m"grid grid-cols-1 md:grid-cols-3 gap-4"[39m
          [36m>[39m
            [36m<div[39m
              [33mclass[39m=[32m"space-y-2"[39m
            [36m>[39m
              [36m<label[39m
                [33mclass[39m=[32m"flex items-center gap-2 text-sm leading-none font-medium select-none 
group-data-[disabled=true]:pointer-events-none group-data-[disabled=true]:opacity-50 peer-disabled:cursor-not-allowed 
peer-disabled:opacity-50"[39m
                [33mdata-slot[39m=[32m"label"[39m
                [33mfor[39m=[32m"search-date"[39m
              [36m>[39m
                [0mDate[0m
              [36m</label>[39m
              [36m<button[39m
                [33maria-controls[39m=[32m"radix-:rrs:"[39m
                [33maria-expanded[39m=[32m"false"[39m
                [33maria-haspopup[39m=[32m"dialog"[39m
                [33mclass[39m=[32m"w-full text-left px-3 py-2 bg-surface hover:bg-muted/50 border rounded-md flex 
items-center justify-between"[39m
                [33mdata-slot[39m=[32m"popover-trigger"[39m
                [33mdata-state[39m=[32m"closed"[39m
                [33mtype[39m=[32m"button"[39m
              [36m>[39m
                [36m<span[39m
                  [33mclass[39m=[32m"text-sm text-muted-foreground"[39m
                [36m>[39m
                  [0mSelect a date[0m
                [36m</span>[39m
                [36m<svg[39m
                  [33mclass[39m=[32m"w-4 h-4 text-gray-400"[39m
                  [33mfill[39m=[32m"none"[39m
                  [33mstroke[39m=[32m"currentColor"[39m
                  [33mviewBox[39m=[32m"0 0 24 24"[39m
                [36m>[39m
                  [36m<path[39m
                    [33md[39m=[32m"M8 9l4 4 4-4"[39m
                    [33mstroke-linecap[39m=[32m"round"[39m
                    [33mstroke-linejoin[39m=[32m"round"[39m
                    [33mstroke-width[39m=[32m"2"[39m
                  [36m/>[39m
                [36m</svg>[39m
              [36m</button>[39m
            [36m</div>[39m
            [36m<div[39m
              [33mclass[39m=[32m"space-y-2"[39m
            [36m>[39m
              [36m<label[39m
                [33mclass[39m=[32m"flex items-center gap-2 text-sm leading-none font-medium select-none 
group-data-[disabled=true]:pointer-events-none group-data-[disabled=true]:opacity-50 peer-disabled:cursor-not-allowed 
peer-disabled:opacity-50"[39m
                [33mdata-slot[39m=[32m"label"[39m
                [33mfor[39m=[32m"search-start"[39m
              [36m>[39m
                [0mStart Time[0m
              [36m</label>[39m
              [36m<button[39m
                [33maria-autocomplete[39m=[32m"none"[39m
                [33maria-controls[39m=[32m"radix-:rrt:"[39m
                [33maria-expanded[39m=[32m"false"[39m
                [33mclass[39m=[32m"border-input data-[placeholder]:text-muted-foreground 
[&_svg:not([class*='text-'])]:text-muted-foreground focus-visible:border-ring focus-visible:ring-ring/50 
aria-invalid:ring-destructive/20 dark:aria-invalid:ring-destructive/40 aria-invalid:border-destructive 
dark:bg-input/30 dark:hover:bg-input/50 flex w-full items-center justify-between gap-2 rounded-md border 
bg-input-background px-3 py-2 text-sm whitespace-nowrap transition-[color,box-shadow,transform] outline-none 
focus-visible:ring-[3px] disabled:cursor-not-allowed disabled:opacity-50 data-[size=default]:h-9 data-[size=sm]:h-8 
data-[state=open]:scale-105 [aria-expanded='true']:scale-105 data-[state=closed]:scale-100 
[aria-expanded='false']:scale-100 *:data-[slot=select-value]:line-clamp-1 *:data-[slot=select-value]:flex 
*:data-[slot=select-value]:items-center *:data-[slot=select-value]:gap-2 [&_svg]:pointer-events-none [&_svg]:shrink-0 
[&_svg:not([class*='size-'])]:size-4"[39m
                [33mdata-placeholder[39m=[32m""[39m
                [33mdata-size[39m=[32m"default"[39m
                [33mdata-slot[39m=[32m"select-trigger"[39m
                [33mdata-state[39m=[32m"closed"[39m
                [33mdir[39m=[32m"ltr"[39m
                [33mid[39m=[32m"search-start"[39m
                [33mrole[39m=[32m"combobox"[39m
                [33mtype[39m=[32m"button"[39m
              [36m>[39m
                [36m<span[39m
                  [33mdata-slot[39m=[32m"select-value"[39m
                  [33mstyle[39m=[32m"pointer-events: none;"[39m
                [36m>[39m
                  [0mSelect start time[0m
                [36m</span>[39m
                [36m<svg[39m
                  [33maria-hidden[39m=[32m"true"[39m
                  [33mclass[39m=[32m"lucide lucide-chevron-down size-4 opacity-50"[39m
                  [33mfill[39m=[32m"none"[39m
                  [33mheight[39m=[32m"24"[39m
                  [33mstroke[39m=[32m"currentColor"[39m
                  [33mstroke-linecap[39m=[32m"round"[39m
                  [33mstroke-linejoin[39m=[32m"round"[39m
                  [33mstroke-width[39m=[32m"2"[39m
                  [33mviewBox[39m=[32m"0 0 24 24"[39m
                  [33mwidth[39m=[32m"24"[39m
                  [33mxmlns[39m=[32m"http://www.w3.org/2000/svg"[39m
                [36m>[39m
                  [36m<path[39m
                    [33md[39m=[32m"m6 9 6 6 6-6"[39m
                  [36m/>[39m
                [36m</svg>[39m
              [36m</button>[39m
            [36m</div>[39m
            [36m<div[39m
    ...
 Γ¥» Object.getElementError node_modules/@testing-library/dom/dist/config.js:37:19
 Γ¥» getAllByLabelText node_modules/@testing-library/dom/dist/queries/label-text.js:111:38
 Γ¥» node_modules/@testing-library/dom/dist/query-helpers.js:52:17
 Γ¥» node_modules/@testing-library/dom/dist/query-helpers.js:95:19
 Γ¥» src/__tests__/components/RoomSearch.test.tsx:243:34
    241|       render(<RoomSearch {...defaultProps} />);
    242| 
    243|       const floorSelect = screen.getByLabelText(/floor/i);
       |                                  ^
    244|       await user.click(floorSelect);
    245|       await user.selectOptions(floorSelect, '1');

ΓÄ»ΓÄ»ΓÄ»ΓÄ»ΓÄ»ΓÄ»ΓÄ»ΓÄ»ΓÄ»ΓÄ»ΓÄ»ΓÄ»ΓÄ»ΓÄ»ΓÄ»ΓÄ»ΓÄ»ΓÄ»ΓÄ»ΓÄ»ΓÄ»[36/107]ΓÄ»

 FAIL  src/__tests__/components/RoomSearch.test.tsx > RoomSearch - Advanced Search & Filters > filter by floor > 
should show only classrooms on selected floor
TestingLibraryElementError: Unable to find a label with the text of: /floor/i

Ignored nodes: comments, script, style
[36m<body[39m
  [33mstyle[39m=[32m""[39m
[36m>[39m
  [36m<div>[39m
    [36m<div[39m
      [33mclass[39m=[32m"space-y-6"[39m
    [36m>[39m
      [36m<div[39m
        [33mclass[39m=[32m"bg-card text-card-foreground flex flex-col gap-6 rounded-xl border"[39m
        [33mdata-slot[39m=[32m"card"[39m
      [36m>[39m
        [36m<div[39m
          [33mclass[39m=[32m"@container/card-header grid auto-rows-min grid-rows-[auto_auto] items-start gap-1.5 
px-6 pt-6 has-data-[slot=card-action]:grid-cols-[1fr_auto] [.border-b]:pb-6"[39m
          [33mdata-slot[39m=[32m"card-header"[39m
        [36m>[39m
          [36m<h4[39m
            [33mclass[39m=[32m"leading-none"[39m
            [33mdata-slot[39m=[32m"card-title"[39m
          [36m>[39m
            [0mSearch Available Classrooms[0m
          [36m</h4>[39m
          [36m<div[39m
            [33mclass[39m=[32m"text-muted-foreground"[39m
            [33mdata-slot[39m=[32m"card-description"[39m
          [36m>[39m
            [0mFind classrooms that meet your requirements[0m
          [36m</div>[39m
        [36m</div>[39m
        [36m<div[39m
          [33mclass[39m=[32m"px-6 [&:last-child]:pb-6 space-y-4"[39m
          [33mdata-slot[39m=[32m"card-content"[39m
        [36m>[39m
          [36m<div[39m
            [33mclass[39m=[32m"grid grid-cols-1 md:grid-cols-3 gap-4"[39m
          [36m>[39m
            [36m<div[39m
              [33mclass[39m=[32m"space-y-2"[39m
            [36m>[39m
              [36m<label[39m
                [33mclass[39m=[32m"flex items-center gap-2 text-sm leading-none font-medium select-none 
group-data-[disabled=true]:pointer-events-none group-data-[disabled=true]:opacity-50 peer-disabled:cursor-not-allowed 
peer-disabled:opacity-50"[39m
                [33mdata-slot[39m=[32m"label"[39m
                [33mfor[39m=[32m"search-date"[39m
              [36m>[39m
                [0mDate[0m
              [36m</label>[39m
              [36m<button[39m
                [33maria-controls[39m=[32m"radix-:ru4:"[39m
                [33maria-expanded[39m=[32m"false"[39m
                [33maria-haspopup[39m=[32m"dialog"[39m
                [33mclass[39m=[32m"w-full text-left px-3 py-2 bg-surface hover:bg-muted/50 border rounded-md flex 
items-center justify-between"[39m
                [33mdata-slot[39m=[32m"popover-trigger"[39m
                [33mdata-state[39m=[32m"closed"[39m
                [33mtype[39m=[32m"button"[39m
              [36m>[39m
                [36m<span[39m
                  [33mclass[39m=[32m"text-sm text-muted-foreground"[39m
                [36m>[39m
                  [0mSelect a date[0m
                [36m</span>[39m
                [36m<svg[39m
                  [33mclass[39m=[32m"w-4 h-4 text-gray-400"[39m
                  [33mfill[39m=[32m"none"[39m
                  [33mstroke[39m=[32m"currentColor"[39m
                  [33mviewBox[39m=[32m"0 0 24 24"[39m
                [36m>[39m
                  [36m<path[39m
                    [33md[39m=[32m"M8 9l4 4 4-4"[39m
                    [33mstroke-linecap[39m=[32m"round"[39m
                    [33mstroke-linejoin[39m=[32m"round"[39m
                    [33mstroke-width[39m=[32m"2"[39m
                  [36m/>[39m
                [36m</svg>[39m
              [36m</button>[39m
            [36m</div>[39m
            [36m<div[39m
              [33mclass[39m=[32m"space-y-2"[39m
            [36m>[39m
              [36m<label[39m
                [33mclass[39m=[32m"flex items-center gap-2 text-sm leading-none font-medium select-none 
group-data-[disabled=true]:pointer-events-none group-data-[disabled=true]:opacity-50 peer-disabled:cursor-not-allowed 
peer-disabled:opacity-50"[39m
                [33mdata-slot[39m=[32m"label"[39m
                [33mfor[39m=[32m"search-start"[39m
              [36m>[39m
                [0mStart Time[0m
              [36m</label>[39m
              [36m<button[39m
                [33maria-autocomplete[39m=[32m"none"[39m
                [33maria-controls[39m=[32m"radix-:ru5:"[39m
                [33maria-expanded[39m=[32m"false"[39m
                [33mclass[39m=[32m"border-input data-[placeholder]:text-muted-foreground 
[&_svg:not([class*='text-'])]:text-muted-foreground focus-visible:border-ring focus-visible:ring-ring/50 
aria-invalid:ring-destructive/20 dark:aria-invalid:ring-destructive/40 aria-invalid:border-destructive 
dark:bg-input/30 dark:hover:bg-input/50 flex w-full items-center justify-between gap-2 rounded-md border 
bg-input-background px-3 py-2 text-sm whitespace-nowrap transition-[color,box-shadow,transform] outline-none 
focus-visible:ring-[3px] disabled:cursor-not-allowed disabled:opacity-50 data-[size=default]:h-9 data-[size=sm]:h-8 
data-[state=open]:scale-105 [aria-expanded='true']:scale-105 data-[state=closed]:scale-100 
[aria-expanded='false']:scale-100 *:data-[slot=select-value]:line-clamp-1 *:data-[slot=select-value]:flex 
*:data-[slot=select-value]:items-center *:data-[slot=select-value]:gap-2 [&_svg]:pointer-events-none [&_svg]:shrink-0 
[&_svg:not([class*='size-'])]:size-4"[39m
                [33mdata-placeholder[39m=[32m""[39m
                [33mdata-size[39m=[32m"default"[39m
                [33mdata-slot[39m=[32m"select-trigger"[39m
                [33mdata-state[39m=[32m"closed"[39m
                [33mdir[39m=[32m"ltr"[39m
                [33mid[39m=[32m"search-start"[39m
                [33mrole[39m=[32m"combobox"[39m
                [33mtype[39m=[32m"button"[39m
              [36m>[39m
                [36m<span[39m
                  [33mdata-slot[39m=[32m"select-value"[39m
                  [33mstyle[39m=[32m"pointer-events: none;"[39m
                [36m>[39m
                  [0mSelect start time[0m
                [36m</span>[39m
                [36m<svg[39m
                  [33maria-hidden[39m=[32m"true"[39m
                  [33mclass[39m=[32m"lucide lucide-chevron-down size-4 opacity-50"[39m
                  [33mfill[39m=[32m"none"[39m
                  [33mheight[39m=[32m"24"[39m
                  [33mstroke[39m=[32m"currentColor"[39m
                  [33mstroke-linecap[39m=[32m"round"[39m
                  [33mstroke-linejoin[39m=[32m"round"[39m
                  [33mstroke-width[39m=[32m"2"[39m
                  [33mviewBox[39m=[32m"0 0 24 24"[39m
                  [33mwidth[39m=[32m"24"[39m
                  [33mxmlns[39m=[32m"http://www.w3.org/2000/svg"[39m
                [36m>[39m
                  [36m<path[39m
                    [33md[39m=[32m"m6 9 6 6 6-6"[39m
                  [36m/>[39m
                [36m</svg>[39m
              [36m</button>[39m
            [36m</div>[39m
            [36m<div[39m
    ...
 Γ¥» Object.getElementError node_modules/@testing-library/dom/dist/config.js:37:19
 Γ¥» getAllByLabelText node_modules/@testing-library/dom/dist/queries/label-text.js:111:38
 Γ¥» node_modules/@testing-library/dom/dist/query-helpers.js:52:17
 Γ¥» node_modules/@testing-library/dom/dist/query-helpers.js:95:19
 Γ¥» src/__tests__/components/RoomSearch.test.tsx:254:34
    252|       render(<RoomSearch {...defaultProps} />);
    253| 
    254|       const floorSelect = screen.getByLabelText(/floor/i);
       |                                  ^
    255|       await user.selectOptions(floorSelect, '2');
    256| 

ΓÄ»ΓÄ»ΓÄ»ΓÄ»ΓÄ»ΓÄ»ΓÄ»ΓÄ»ΓÄ»ΓÄ»ΓÄ»ΓÄ»ΓÄ»ΓÄ»ΓÄ»ΓÄ»ΓÄ»ΓÄ»ΓÄ»ΓÄ»ΓÄ»[37/107]ΓÄ»

 FAIL  src/__tests__/components/RoomSearch.test.tsx > RoomSearch - Advanced Search & Filters > real-time availability 
status > should exclude unavailable classrooms from results
TestingLibraryElementError: Unable to find a label with the text of: /show only available/i

Ignored nodes: comments, script, style
[36m<body[39m
  [33mstyle[39m=[32m""[39m
[36m>[39m
  [36m<div>[39m
    [36m<div[39m
      [33mclass[39m=[32m"space-y-6"[39m
    [36m>[39m
      [36m<div[39m
        [33mclass[39m=[32m"bg-card text-card-foreground flex flex-col gap-6 rounded-xl border"[39m
        [33mdata-slot[39m=[32m"card"[39m
      [36m>[39m
        [36m<div[39m
          [33mclass[39m=[32m"@container/card-header grid auto-rows-min grid-rows-[auto_auto] items-start gap-1.5 
px-6 pt-6 has-data-[slot=card-action]:grid-cols-[1fr_auto] [.border-b]:pb-6"[39m
          [33mdata-slot[39m=[32m"card-header"[39m
        [36m>[39m
          [36m<h4[39m
            [33mclass[39m=[32m"leading-none"[39m
            [33mdata-slot[39m=[32m"card-title"[39m
          [36m>[39m
            [0mSearch Available Classrooms[0m
          [36m</h4>[39m
          [36m<div[39m
            [33mclass[39m=[32m"text-muted-foreground"[39m
            [33mdata-slot[39m=[32m"card-description"[39m
          [36m>[39m
            [0mFind classrooms that meet your requirements[0m
          [36m</div>[39m
        [36m</div>[39m
        [36m<div[39m
          [33mclass[39m=[32m"px-6 [&:last-child]:pb-6 space-y-4"[39m
          [33mdata-slot[39m=[32m"card-content"[39m
        [36m>[39m
          [36m<div[39m
            [33mclass[39m=[32m"grid grid-cols-1 md:grid-cols-3 gap-4"[39m
          [36m>[39m
            [36m<div[39m
              [33mclass[39m=[32m"space-y-2"[39m
            [36m>[39m
              [36m<label[39m
                [33mclass[39m=[32m"flex items-center gap-2 text-sm leading-none font-medium select-none 
group-data-[disabled=true]:pointer-events-none group-data-[disabled=true]:opacity-50 peer-disabled:cursor-not-allowed 
peer-disabled:opacity-50"[39m
                [33mdata-slot[39m=[32m"label"[39m
                [33mfor[39m=[32m"search-date"[39m
              [36m>[39m
                [0mDate[0m
              [36m</label>[39m
              [36m<button[39m
                [33maria-controls[39m=[32m"radix-:r12k:"[39m
                [33maria-expanded[39m=[32m"false"[39m
                [33maria-haspopup[39m=[32m"dialog"[39m
                [33mclass[39m=[32m"w-full text-left px-3 py-2 bg-surface hover:bg-muted/50 border rounded-md flex 
items-center justify-between"[39m
                [33mdata-slot[39m=[32m"popover-trigger"[39m
                [33mdata-state[39m=[32m"closed"[39m
                [33mtype[39m=[32m"button"[39m
              [36m>[39m
                [36m<span[39m
                  [33mclass[39m=[32m"text-sm text-muted-foreground"[39m
                [36m>[39m
                  [0mSelect a date[0m
                [36m</span>[39m
                [36m<svg[39m
                  [33mclass[39m=[32m"w-4 h-4 text-gray-400"[39m
                  [33mfill[39m=[32m"none"[39m
                  [33mstroke[39m=[32m"currentColor"[39m
                  [33mviewBox[39m=[32m"0 0 24 24"[39m
                [36m>[39m
                  [36m<path[39m
                    [33md[39m=[32m"M8 9l4 4 4-4"[39m
                    [33mstroke-linecap[39m=[32m"round"[39m
                    [33mstroke-linejoin[39m=[32m"round"[39m
                    [33mstroke-width[39m=[32m"2"[39m
                  [36m/>[39m
                [36m</svg>[39m
              [36m</button>[39m
            [36m</div>[39m
            [36m<div[39m
              [33mclass[39m=[32m"space-y-2"[39m
            [36m>[39m
              [36m<label[39m
                [33mclass[39m=[32m"flex items-center gap-2 text-sm leading-none font-medium select-none 
group-data-[disabled=true]:pointer-events-none group-data-[disabled=true]:opacity-50 peer-disabled:cursor-not-allowed 
peer-disabled:opacity-50"[39m
                [33mdata-slot[39m=[32m"label"[39m
                [33mfor[39m=[32m"search-start"[39m
              [36m>[39m
                [0mStart Time[0m
              [36m</label>[39m
              [36m<button[39m
                [33maria-autocomplete[39m=[32m"none"[39m
                [33maria-controls[39m=[32m"radix-:r12l:"[39m
                [33maria-expanded[39m=[32m"false"[39m
                [33mclass[39m=[32m"border-input data-[placeholder]:text-muted-foreground 
[&_svg:not([class*='text-'])]:text-muted-foreground focus-visible:border-ring focus-visible:ring-ring/50 
aria-invalid:ring-destructive/20 dark:aria-invalid:ring-destructive/40 aria-invalid:border-destructive 
dark:bg-input/30 dark:hover:bg-input/50 flex w-full items-center justify-between gap-2 rounded-md border 
bg-input-background px-3 py-2 text-sm whitespace-nowrap transition-[color,box-shadow,transform] outline-none 
focus-visible:ring-[3px] disabled:cursor-not-allowed disabled:opacity-50 data-[size=default]:h-9 data-[size=sm]:h-8 
data-[state=open]:scale-105 [aria-expanded='true']:scale-105 data-[state=closed]:scale-100 
[aria-expanded='false']:scale-100 *:data-[slot=select-value]:line-clamp-1 *:data-[slot=select-value]:flex 
*:data-[slot=select-value]:items-center *:data-[slot=select-value]:gap-2 [&_svg]:pointer-events-none [&_svg]:shrink-0 
[&_svg:not([class*='size-'])]:size-4"[39m
                [33mdata-placeholder[39m=[32m""[39m
                [33mdata-size[39m=[32m"default"[39m
                [33mdata-slot[39m=[32m"select-trigger"[39m
                [33mdata-state[39m=[32m"closed"[39m
                [33mdir[39m=[32m"ltr"[39m
                [33mid[39m=[32m"search-start"[39m
                [33mrole[39m=[32m"combobox"[39m
                [33mtype[39m=[32m"button"[39m
              [36m>[39m
                [36m<span[39m
                  [33mdata-slot[39m=[32m"select-value"[39m
                  [33mstyle[39m=[32m"pointer-events: none;"[39m
                [36m>[39m
                  [0mSelect start time[0m
                [36m</span>[39m
                [36m<svg[39m
                  [33maria-hidden[39m=[32m"true"[39m
                  [33mclass[39m=[32m"lucide lucide-chevron-down size-4 opacity-50"[39m
                  [33mfill[39m=[32m"none"[39m
                  [33mheight[39m=[32m"24"[39m
                  [33mstroke[39m=[32m"currentColor"[39m
                  [33mstroke-linecap[39m=[32m"round"[39m
                  [33mstroke-linejoin[39m=[32m"round"[39m
                  [33mstroke-width[39m=[32m"2"[39m
                  [33mviewBox[39m=[32m"0 0 24 24"[39m
                  [33mwidth[39m=[32m"24"[39m
                  [33mxmlns[39m=[32m"http://www.w3.org/2000/svg"[39m
                [36m>[39m
                  [36m<path[39m
                    [33md[39m=[32m"m6 9 6 6 6-6"[39m
                  [36m/>[39m
                [36m</svg>[39m
              [36m</button>[39m
            [36m</div>[39m
            [36m<div[39m
  ...
 Γ¥» Object.getElementError node_modules/@testing-library/dom/dist/config.js:37:19
 Γ¥» getAllByLabelText node_modules/@testing-library/dom/dist/queries/label-text.js:111:38
 Γ¥» node_modules/@testing-library/dom/dist/query-helpers.js:52:17
 Γ¥» node_modules/@testing-library/dom/dist/query-helpers.js:95:19
 Γ¥» src/__tests__/components/RoomSearch.test.tsx:276:42
    274|       render(<RoomSearch {...defaultProps} />);
    275| 
    276|       const availableOnlyToggle = screen.getByLabelText(/show only avaΓÇª
       |                                          ^
    277|       if (availableOnlyToggle) {
    278|         await user.click(availableOnlyToggle);

ΓÄ»ΓÄ»ΓÄ»ΓÄ»ΓÄ»ΓÄ»ΓÄ»ΓÄ»ΓÄ»ΓÄ»ΓÄ»ΓÄ»ΓÄ»ΓÄ»ΓÄ»ΓÄ»ΓÄ»ΓÄ»ΓÄ»ΓÄ»ΓÄ»[38/107]ΓÄ»

 FAIL  src/__tests__/components/RoomSearch.test.tsx > RoomSearch - Advanced Search & Filters > combined filters > 
should apply multiple filters simultaneously
TestingLibraryElementError: Found a label with the text of: /date/i, however no form control was found associated to 
that label. Make sure you're using the "for" attribute or "aria-labelledby" attribute correctly.

Ignored nodes: comments, script, style
[36m<body[39m
  [33mstyle[39m=[32m""[39m
[36m>[39m
  [36m<div>[39m
    [36m<div[39m
      [33mclass[39m=[32m"space-y-6"[39m
    [36m>[39m
      [36m<div[39m
        [33mclass[39m=[32m"bg-card text-card-foreground flex flex-col gap-6 rounded-xl border"[39m
        [33mdata-slot[39m=[32m"card"[39m
      [36m>[39m
        [36m<div[39m
          [33mclass[39m=[32m"@container/card-header grid auto-rows-min grid-rows-[auto_auto] items-start gap-1.5 
px-6 pt-6 has-data-[slot=card-action]:grid-cols-[1fr_auto] [.border-b]:pb-6"[39m
          [33mdata-slot[39m=[32m"card-header"[39m
        [36m>[39m
          [36m<h4[39m
            [33mclass[39m=[32m"leading-none"[39m
            [33mdata-slot[39m=[32m"card-title"[39m
          [36m>[39m
            [0mSearch Available Classrooms[0m
          [36m</h4>[39m
          [36m<div[39m
            [33mclass[39m=[32m"text-muted-foreground"[39m
            [33mdata-slot[39m=[32m"card-description"[39m
          [36m>[39m
            [0mFind classrooms that meet your requirements[0m
          [36m</div>[39m
        [36m</div>[39m
        [36m<div[39m
          [33mclass[39m=[32m"px-6 [&:last-child]:pb-6 space-y-4"[39m
          [33mdata-slot[39m=[32m"card-content"[39m
        [36m>[39m
          [36m<div[39m
            [33mclass[39m=[32m"grid grid-cols-1 md:grid-cols-3 gap-4"[39m
          [36m>[39m
            [36m<div[39m
              [33mclass[39m=[32m"space-y-2"[39m
            [36m>[39m
              [36m<label[39m
                [33mclass[39m=[32m"flex items-center gap-2 text-sm leading-none font-medium select-none 
group-data-[disabled=true]:pointer-events-none group-data-[disabled=true]:opacity-50 peer-disabled:cursor-not-allowed 
peer-disabled:opacity-50"[39m
                [33mdata-slot[39m=[32m"label"[39m
                [33mfor[39m=[32m"search-date"[39m
              [36m>[39m
                [0mDate[0m
              [36m</label>[39m
              [36m<button[39m
                [33maria-controls[39m=[32m"radix-:r14s:"[39m
                [33maria-expanded[39m=[32m"false"[39m
                [33maria-haspopup[39m=[32m"dialog"[39m
                [33mclass[39m=[32m"w-full text-left px-3 py-2 bg-surface hover:bg-muted/50 border rounded-md flex 
items-center justify-between"[39m
                [33mdata-slot[39m=[32m"popover-trigger"[39m
                [33mdata-state[39m=[32m"closed"[39m
                [33mtype[39m=[32m"button"[39m
              [36m>[39m
                [36m<span[39m
                  [33mclass[39m=[32m"text-sm text-muted-foreground"[39m
                [36m>[39m
                  [0mSelect a date[0m
                [36m</span>[39m
                [36m<svg[39m
                  [33mclass[39m=[32m"w-4 h-4 text-gray-400"[39m
                  [33mfill[39m=[32m"none"[39m
                  [33mstroke[39m=[32m"currentColor"[39m
                  [33mviewBox[39m=[32m"0 0 24 24"[39m
                [36m>[39m
                  [36m<path[39m
                    [33md[39m=[32m"M8 9l4 4 4-4"[39m
                    [33mstroke-linecap[39m=[32m"round"[39m
                    [33mstroke-linejoin[39m=[32m"round"[39m
                    [33mstroke-width[39m=[32m"2"[39m
                  [36m/>[39m
                [36m</svg>[39m
              [36m</button>[39m
            [36m</div>[39m
            [36m<div[39m
              [33mclass[39m=[32m"space-y-2"[39m
            [36m>[39m
              [36m<label[39m
                [33mclass[39m=[32m"flex items-center gap-2 text-sm leading-none font-medium select-none 
group-data-[disabled=true]:pointer-events-none group-data-[disabled=true]:opacity-50 peer-disabled:cursor-not-allowed 
peer-disabled:opacity-50"[39m
                [33mdata-slot[39m=[32m"label"[39m
                [33mfor[39m=[32m"search-start"[39m
              [36m>[39m
                [0mStart Time[0m
              [36m</label>[39m
              [36m<button[39m
                [33maria-autocomplete[39m=[32m"none"[39m
                [33maria-controls[39m=[32m"radix-:r14t:"[39m
                [33maria-expanded[39m=[32m"false"[39m
                [33mclass[39m=[32m"border-input data-[placeholder]:text-muted-foreground 
[&_svg:not([class*='text-'])]:text-muted-foreground focus-visible:border-ring focus-visible:ring-ring/50 
aria-invalid:ring-destructive/20 dark:aria-invalid:ring-destructive/40 aria-invalid:border-destructive 
dark:bg-input/30 dark:hover:bg-input/50 flex w-full items-center justify-between gap-2 rounded-md border 
bg-input-background px-3 py-2 text-sm whitespace-nowrap transition-[color,box-shadow,transform] outline-none 
focus-visible:ring-[3px] disabled:cursor-not-allowed disabled:opacity-50 data-[size=default]:h-9 data-[size=sm]:h-8 
data-[state=open]:scale-105 [aria-expanded='true']:scale-105 data-[state=closed]:scale-100 
[aria-expanded='false']:scale-100 *:data-[slot=select-value]:line-clamp-1 *:data-[slot=select-value]:flex 
*:data-[slot=select-value]:items-center *:data-[slot=select-value]:gap-2 [&_svg]:pointer-events-none [&_svg]:shrink-0 
[&_svg:not([class*='size-'])]:size-4"[39m
                [33mdata-placeholder[39m=[32m""[39m
                [33mdata-size[39m=[32m"default"[39m
                [33mdata-slot[39m=[32m"select-trigger"[39m
                [33mdata-state[39m=[32m"closed"[39m
                [33mdir[39m=[32m"ltr"[39m
                [33mid[39m=[32m"search-start"[39m
                [33mrole[39m=[32m"combobox"[39m
                [33mtype[39m=[32m"button"[39m
              [36m>[39m
                [36m<span[39m
                  [33mdata-slot[39m=[32m"select-value"[39m
                  [33mstyle[39m=[32m"pointer-events: none;"[39m
                [36m>[39m
                  [0mSelect start time[0m
                [36m</span>[39m
                [36m<svg[39m
                  [33maria-hidden[39m=[32m"true"[39m
                  [33mclass[39m=[32m"lucide lucide-chevron-down size-4 opacity-50"[39m
                  [33mfill[39m=[32m"none"[39m
                  [33mheight[39m=[32m"24"[39m
                  [33mstroke[39m=[32m"currentColor"[39m
                  [33mstroke-linecap[39m=[32m"round"[39m
                  [33mstroke-linejoin[39m=[32m"round"[39m
                  [33mstroke-width[39m=[32m"2"[39m
                  [33mviewBox[39m=[32m"0 0 24 24"[39m
                  [33mwidth[39m=[32m"24"[39m
                  [33mxmlns[39m=[32m"http://www.w3.org/2000/svg"[39m
                [36m>[39m
                  [36m<path[39m
                    [33md[39m=[32m"m6 9 6 6 6-6"[39m
                  [36m/>[39m
                [36m</svg>[39m
              [36m</button>[39m
            [36m</div>[39m
            [36m<div[39m
  ...
 Γ¥» Object.getElementError node_modules/@testing-library/dom/dist/config.js:37:19
 Γ¥» getAllByLabelText node_modules/@testing-library/dom/dist/queries/label-text.js:108:40
 Γ¥» node_modules/@testing-library/dom/dist/query-helpers.js:52:17
 Γ¥» node_modules/@testing-library/dom/dist/query-helpers.js:95:19
 Γ¥» src/__tests__/components/RoomSearch.test.tsx:294:32
    292| 
    293|       // Set date
    294|       const dateInput = screen.getByLabelText(/date/i);
       |                                ^
    295|       await user.type(dateInput, '2024-12-20');
    296| 

ΓÄ»ΓÄ»ΓÄ»ΓÄ»ΓÄ»ΓÄ»ΓÄ»ΓÄ»ΓÄ»ΓÄ»ΓÄ»ΓÄ»ΓÄ»ΓÄ»ΓÄ»ΓÄ»ΓÄ»ΓÄ»ΓÄ»ΓÄ»ΓÄ»[39/107]ΓÄ»

 FAIL  src/__tests__/components/RoomSearch.test.tsx > RoomSearch - Advanced Search & Filters > clear filters > should 
clear all filters when reset button clicked
TestingLibraryElementError: Found a label with the text of: /date/i, however no form control was found associated to 
that label. Make sure you're using the "for" attribute or "aria-labelledby" attribute correctly.

Ignored nodes: comments, script, style
[36m<body[39m
  [33mstyle[39m=[32m""[39m
[36m>[39m
  [36m<div>[39m
    [36m<div[39m
      [33mclass[39m=[32m"space-y-6"[39m
    [36m>[39m
      [36m<div[39m
        [33mclass[39m=[32m"bg-card text-card-foreground flex flex-col gap-6 rounded-xl border"[39m
        [33mdata-slot[39m=[32m"card"[39m
      [36m>[39m
        [36m<div[39m
          [33mclass[39m=[32m"@container/card-header grid auto-rows-min grid-rows-[auto_auto] items-start gap-1.5 
px-6 pt-6 has-data-[slot=card-action]:grid-cols-[1fr_auto] [.border-b]:pb-6"[39m
          [33mdata-slot[39m=[32m"card-header"[39m
        [36m>[39m
          [36m<h4[39m
            [33mclass[39m=[32m"leading-none"[39m
            [33mdata-slot[39m=[32m"card-title"[39m
          [36m>[39m
            [0mSearch Available Classrooms[0m
          [36m</h4>[39m
          [36m<div[39m
            [33mclass[39m=[32m"text-muted-foreground"[39m
            [33mdata-slot[39m=[32m"card-description"[39m
          [36m>[39m
            [0mFind classrooms that meet your requirements[0m
          [36m</div>[39m
        [36m</div>[39m
        [36m<div[39m
          [33mclass[39m=[32m"px-6 [&:last-child]:pb-6 space-y-4"[39m
          [33mdata-slot[39m=[32m"card-content"[39m
        [36m>[39m
          [36m<div[39m
            [33mclass[39m=[32m"grid grid-cols-1 md:grid-cols-3 gap-4"[39m
          [36m>[39m
            [36m<div[39m
              [33mclass[39m=[32m"space-y-2"[39m
            [36m>[39m
              [36m<label[39m
                [33mclass[39m=[32m"flex items-center gap-2 text-sm leading-none font-medium select-none 
group-data-[disabled=true]:pointer-events-none group-data-[disabled=true]:opacity-50 peer-disabled:cursor-not-allowed 
peer-disabled:opacity-50"[39m
                [33mdata-slot[39m=[32m"label"[39m
                [33mfor[39m=[32m"search-date"[39m
              [36m>[39m
                [0mDate[0m
              [36m</label>[39m
              [36m<button[39m
                [33maria-controls[39m=[32m"radix-:r174:"[39m
                [33maria-expanded[39m=[32m"false"[39m
                [33maria-haspopup[39m=[32m"dialog"[39m
                [33mclass[39m=[32m"w-full text-left px-3 py-2 bg-surface hover:bg-muted/50 border rounded-md flex 
items-center justify-between"[39m
                [33mdata-slot[39m=[32m"popover-trigger"[39m
                [33mdata-state[39m=[32m"closed"[39m
                [33mtype[39m=[32m"button"[39m
              [36m>[39m
                [36m<span[39m
                  [33mclass[39m=[32m"text-sm text-muted-foreground"[39m
                [36m>[39m
                  [0mSelect a date[0m
                [36m</span>[39m
                [36m<svg[39m
                  [33mclass[39m=[32m"w-4 h-4 text-gray-400"[39m
                  [33mfill[39m=[32m"none"[39m
                  [33mstroke[39m=[32m"currentColor"[39m
                  [33mviewBox[39m=[32m"0 0 24 24"[39m
                [36m>[39m
                  [36m<path[39m
                    [33md[39m=[32m"M8 9l4 4 4-4"[39m
                    [33mstroke-linecap[39m=[32m"round"[39m
                    [33mstroke-linejoin[39m=[32m"round"[39m
                    [33mstroke-width[39m=[32m"2"[39m
                  [36m/>[39m
                [36m</svg>[39m
              [36m</button>[39m
            [36m</div>[39m
            [36m<div[39m
              [33mclass[39m=[32m"space-y-2"[39m
            [36m>[39m
              [36m<label[39m
                [33mclass[39m=[32m"flex items-center gap-2 text-sm leading-none font-medium select-none 
group-data-[disabled=true]:pointer-events-none group-data-[disabled=true]:opacity-50 peer-disabled:cursor-not-allowed 
peer-disabled:opacity-50"[39m
                [33mdata-slot[39m=[32m"label"[39m
                [33mfor[39m=[32m"search-start"[39m
              [36m>[39m
                [0mStart Time[0m
              [36m</label>[39m
              [36m<button[39m
                [33maria-autocomplete[39m=[32m"none"[39m
                [33maria-controls[39m=[32m"radix-:r175:"[39m
                [33maria-expanded[39m=[32m"false"[39m
                [33mclass[39m=[32m"border-input data-[placeholder]:text-muted-foreground 
[&_svg:not([class*='text-'])]:text-muted-foreground focus-visible:border-ring focus-visible:ring-ring/50 
aria-invalid:ring-destructive/20 dark:aria-invalid:ring-destructive/40 aria-invalid:border-destructive 
dark:bg-input/30 dark:hover:bg-input/50 flex w-full items-center justify-between gap-2 rounded-md border 
bg-input-background px-3 py-2 text-sm whitespace-nowrap transition-[color,box-shadow,transform] outline-none 
focus-visible:ring-[3px] disabled:cursor-not-allowed disabled:opacity-50 data-[size=default]:h-9 data-[size=sm]:h-8 
data-[state=open]:scale-105 [aria-expanded='true']:scale-105 data-[state=closed]:scale-100 
[aria-expanded='false']:scale-100 *:data-[slot=select-value]:line-clamp-1 *:data-[slot=select-value]:flex 
*:data-[slot=select-value]:items-center *:data-[slot=select-value]:gap-2 [&_svg]:pointer-events-none [&_svg]:shrink-0 
[&_svg:not([class*='size-'])]:size-4"[39m
                [33mdata-placeholder[39m=[32m""[39m
                [33mdata-size[39m=[32m"default"[39m
                [33mdata-slot[39m=[32m"select-trigger"[39m
                [33mdata-state[39m=[32m"closed"[39m
                [33mdir[39m=[32m"ltr"[39m
                [33mid[39m=[32m"search-start"[39m
                [33mrole[39m=[32m"combobox"[39m
                [33mtype[39m=[32m"button"[39m
              [36m>[39m
                [36m<span[39m
                  [33mdata-slot[39m=[32m"select-value"[39m
                  [33mstyle[39m=[32m"pointer-events: none;"[39m
                [36m>[39m
                  [0mSelect start time[0m
                [36m</span>[39m
                [36m<svg[39m
                  [33maria-hidden[39m=[32m"true"[39m
                  [33mclass[39m=[32m"lucide lucide-chevron-down size-4 opacity-50"[39m
                  [33mfill[39m=[32m"none"[39m
                  [33mheight[39m=[32m"24"[39m
                  [33mstroke[39m=[32m"currentColor"[39m
                  [33mstroke-linecap[39m=[32m"round"[39m
                  [33mstroke-linejoin[39m=[32m"round"[39m
                  [33mstroke-width[39m=[32m"2"[39m
                  [33mviewBox[39m=[32m"0 0 24 24"[39m
                  [33mwidth[39m=[32m"24"[39m
                  [33mxmlns[39m=[32m"http://www.w3.org/2000/svg"[39m
                [36m>[39m
                  [36m<path[39m
                    [33md[39m=[32m"m6 9 6 6 6-6"[39m
                  [36m/>[39m
                [36m</svg>[39m
              [36m</button>[39m
            [36m</div>[39m
            [36m<div[39m
  ...
 Γ¥» Object.getElementError node_modules/@testing-library/dom/dist/config.js:37:19
 Γ¥» getAllByLabelText node_modules/@testing-library/dom/dist/queries/label-text.js:108:40
 Γ¥» node_modules/@testing-library/dom/dist/query-helpers.js:52:17
 Γ¥» node_modules/@testing-library/dom/dist/query-helpers.js:95:19
 Γ¥» src/__tests__/components/RoomSearch.test.tsx:318:32
    316| 
    317|       // Set some filters
    318|       const dateInput = screen.getByLabelText(/date/i);
       |                                ^
    319|       await user.type(dateInput, '2024-12-20');
    320| 

ΓÄ»ΓÄ»ΓÄ»ΓÄ»ΓÄ»ΓÄ»ΓÄ»ΓÄ»ΓÄ»ΓÄ»ΓÄ»ΓÄ»ΓÄ»ΓÄ»ΓÄ»ΓÄ»ΓÄ»ΓÄ»ΓÄ»ΓÄ»ΓÄ»[40/107]ΓÄ»

 FAIL  src/__tests__/components/ScheduleViewer.test.tsx > ScheduleViewer > day view > should filter schedules by 
selected date
TestingLibraryElementError: Unable to find an element with the text: /Room A/i. This could be because the text is 
broken up by multiple elements. In this case, you can provide a function for your text matcher to make your matcher 
more flexible.

Ignored nodes: comments, script, style
[36m<body>[39m
  [36m<div>[39m
    [36m<div[39m
      [33mclass[39m=[32m"space-y-6"[39m
    [36m>[39m
      [36m<div[39m
        [33mclass[39m=[32m"bg-card text-card-foreground flex flex-col gap-6 rounded-xl border"[39m
        [33mdata-slot[39m=[32m"card"[39m
      [36m>[39m
        [36m<div[39m
          [33mclass[39m=[32m"@container/card-header grid auto-rows-min grid-rows-[auto_auto] items-start gap-1.5 
px-6 pt-6 has-data-[slot=card-action]:grid-cols-[1fr_auto] [.border-b]:pb-6"[39m
          [33mdata-slot[39m=[32m"card-header"[39m
        [36m>[39m
          [36m<div[39m
            [33mclass[39m=[32m"flex flex-col sm:flex-row sm:items-center sm:justify-between space-y-4 
sm:space-y-0"[39m
          [36m>[39m
            [36m<div>[39m
              [36m<h4[39m
                [33mclass[39m=[32m"leading-none"[39m
                [33mdata-slot[39m=[32m"card-title"[39m
              [36m>[39m
                [0mSchedule Overview[0m
              [36m</h4>[39m
              [36m<div[39m
                [33mclass[39m=[32m"text-muted-foreground"[39m
                [33mdata-slot[39m=[32m"card-description"[39m
              [36m>[39m
                [0mView classroom schedules and reservations[0m
              [36m</div>[39m
            [36m</div>[39m
            [36m<div[39m
              [33mclass[39m=[32m"flex items-center space-x-4"[39m
            [36m>[39m
              [36m<button[39m
                [33maria-autocomplete[39m=[32m"none"[39m
                [33maria-controls[39m=[32m"radix-:r7:"[39m
                [33maria-expanded[39m=[32m"false"[39m
                [33mclass[39m=[32m"border-input data-[placeholder]:text-muted-foreground 
[&_svg:not([class*='text-'])]:text-muted-foreground focus-visible:border-ring focus-visible:ring-ring/50 
aria-invalid:ring-destructive/20 dark:aria-invalid:ring-destructive/40 aria-invalid:border-destructive 
dark:bg-input/30 dark:hover:bg-input/50 flex items-center justify-between gap-2 rounded-md border bg-input-background 
px-3 py-2 text-sm whitespace-nowrap transition-[color,box-shadow,transform] outline-none focus-visible:ring-[3px] 
disabled:cursor-not-allowed disabled:opacity-50 data-[size=default]:h-9 data-[size=sm]:h-8 data-[state=open]:scale-105 
[aria-expanded='true']:scale-105 data-[state=closed]:scale-100 [aria-expanded='false']:scale-100 
*:data-[slot=select-value]:line-clamp-1 *:data-[slot=select-value]:flex *:data-[slot=select-value]:items-center 
*:data-[slot=select-value]:gap-2 [&_svg]:pointer-events-none [&_svg]:shrink-0 [&_svg:not([class*='size-'])]:size-4 
w-24"[39m
                [33mdata-size[39m=[32m"default"[39m
                [33mdata-slot[39m=[32m"select-trigger"[39m
                [33mdata-state[39m=[32m"closed"[39m
                [33mdir[39m=[32m"ltr"[39m
                [33mrole[39m=[32m"combobox"[39m
                [33mtype[39m=[32m"button"[39m
              [36m>[39m
                [36m<span[39m
                  [33mdata-slot[39m=[32m"select-value"[39m
                  [33mstyle[39m=[32m"pointer-events: none;"[39m
                [36m>[39m
                  [0mDay[0m
                [36m</span>[39m
                [36m<svg[39m
                  [33maria-hidden[39m=[32m"true"[39m
                  [33mclass[39m=[32m"lucide lucide-chevron-down size-4 opacity-50"[39m
                  [33mfill[39m=[32m"none"[39m
                  [33mheight[39m=[32m"24"[39m
                  [33mstroke[39m=[32m"currentColor"[39m
                  [33mstroke-linecap[39m=[32m"round"[39m
                  [33mstroke-linejoin[39m=[32m"round"[39m
                  [33mstroke-width[39m=[32m"2"[39m
                  [33mviewBox[39m=[32m"0 0 24 24"[39m
                  [33mwidth[39m=[32m"24"[39m
                  [33mxmlns[39m=[32m"http://www.w3.org/2000/svg"[39m
                [36m>[39m
                  [36m<path[39m
                    [33md[39m=[32m"m6 9 6 6 6-6"[39m
                  [36m/>[39m
                [36m</svg>[39m
              [36m</button>[39m
              [36m<button[39m
                [33maria-autocomplete[39m=[32m"none"[39m
                [33maria-controls[39m=[32m"radix-:r8:"[39m
                [33maria-expanded[39m=[32m"false"[39m
                [33mclass[39m=[32m"border-input data-[placeholder]:text-muted-foreground 
[&_svg:not([class*='text-'])]:text-muted-foreground focus-visible:border-ring focus-visible:ring-ring/50 
aria-invalid:ring-destructive/20 dark:aria-invalid:ring-destructive/40 aria-invalid:border-destructive 
dark:bg-input/30 dark:hover:bg-input/50 flex items-center justify-between gap-2 rounded-md border bg-input-background 
px-3 py-2 text-sm whitespace-nowrap transition-[color,box-shadow,transform] outline-none focus-visible:ring-[3px] 
disabled:cursor-not-allowed disabled:opacity-50 data-[size=default]:h-9 data-[size=sm]:h-8 data-[state=open]:scale-105 
[aria-expanded='true']:scale-105 data-[state=closed]:scale-100 [aria-expanded='false']:scale-100 
*:data-[slot=select-value]:line-clamp-1 *:data-[slot=select-value]:flex *:data-[slot=select-value]:items-center 
*:data-[slot=select-value]:gap-2 [&_svg]:pointer-events-none [&_svg]:shrink-0 [&_svg:not([class*='size-'])]:size-4 
w-40"[39m
                [33mdata-size[39m=[32m"default"[39m
                [33mdata-slot[39m=[32m"select-trigger"[39m
                [33mdata-state[39m=[32m"closed"[39m
                [33mdir[39m=[32m"ltr"[39m
                [33mrole[39m=[32m"combobox"[39m
                [33mtype[39m=[32m"button"[39m
              [36m>[39m
                [36m<span[39m
                  [33mdata-slot[39m=[32m"select-value"[39m
                  [33mstyle[39m=[32m"pointer-events: none;"[39m
                [36m>[39m
                  [0mAll Rooms[0m
                [36m</span>[39m
                [36m<svg[39m
                  [33maria-hidden[39m=[32m"true"[39m
                  [33mclass[39m=[32m"lucide lucide-chevron-down size-4 opacity-50"[39m
                  [33mfill[39m=[32m"none"[39m
                  [33mheight[39m=[32m"24"[39m
                  [33mstroke[39m=[32m"currentColor"[39m
                  [33mstroke-linecap[39m=[32m"round"[39m
                  [33mstroke-linejoin[39m=[32m"round"[39m
                  [33mstroke-width[39m=[32m"2"[39m
                  [33mviewBox[39m=[32m"0 0 24 24"[39m
                  [33mwidth[39m=[32m"24"[39m
                  [33mxmlns[39m=[32m"http://www.w3.org/2000/svg"[39m
                [36m>[39m
                  [36m<path[39m
                    [33md[39m=[32m"m6 9 6 6 6-6"[39m
                  [36m/>[39m
                [36m</svg>[39m
              [36m</button>[39m
            [36m</div>[39m
          [36m</div>[39m
        [36m</div>[39m
        [36m<div[39m
          [33mclass[39m=[32m"px-6 [&:last-child]:pb-6"[39m
          [33mdata-slot[39m=[32m"card-content"[39m
        [36m>[39m
          [36m<div[39m
            [33mclass[39m=[32m"flex items-center justify-between mb-4"[39m
          [36m>[39m
            [36m<button[39m
              [33maria-label[39m=[32m"Previous day"[39m
              [33mclass[39m=[32m"inline-flex items-center justify-center whitespace-nowrap text-sm font-medium 
shadow-sm transition-all [&_svg]:pointer-events-none [&_svg:not([class*='size-'])]:size-4 shrink-0 [&_svg]:shrink-0 
outline-none focus-visible:border-ring focus-visible:ring-ring/50 focus-visible:ring-[3px] 
aria-invalid:ring-destructive/20 dark:aria-invalid:ring-destructive/40 aria-invalid:border-destructive 
disabled:bg-gray-200 disabled:text-gray-500 disabled:cursor-not-allowed disabled:opacity-100 border bg-background 
text-foreground hover:bg-accent hover:text-accent-foreground dark:bg-input/30 dark:border-input dark:hover:bg-input/50 
h-8 rounded-md gap-1.5 px-3 has-[>svg]:px-2.5"[39m
              [33mdata-slot[39m=[32m"button"[39m
            [36m>[39m
              [36m<svg[39m
                [33maria-hidden[39m=[32m"true"[39m
                [33mclass[39m=[32m"lucide lucide-chevron-left h-4 w-4"[39m
                [33mfill[39m=[32m"none"[39m
                [33mheight[39m=[32m"24"[39m
                [33mstroke[39m=[32m"currentColor"[39m
                [33mstroke-linecap[39m=[32m"round"[39m
                [33mstroke-linejoin[39m=[32m"round"[39m
                [33mstroke-width[39m=[32m"2"[39m
                [33mviewBox[39m=[32m"0 0 24 24"[39m
                [33mwidth[39m=[32m"24"[39m
                [33mxmlns[39m=[32m"http://www.w3.org/2000/svg"[39m
              [36m>[39m
                [36m<path[39m
                  [33md[39m=[32m"m15 18-6-6 6-6"[39m
                [36m/>[39m
              [36m</svg>[39m
            [36m</button>[39m
            [36m<div[39m
              [33mclass[39m=[32m"text-center"[39m
            [36m>[39m
              [36m<h3[39m
                [33mclass[39m=[32m"font-semibold"[39m
              [36m>[39m
                [0mThursday, November 13, 2025[0m
              [36m</h3>[39m
            [36m</div>[39m
            [36m<button[39m
              [33maria-label[39m=[32m"Next day"[39m
              [33mclass[39m=[32m"inline-flex items-center justify-center whitespace-nowrap text-sm font-medium 
shadow-sm transition-all [&_svg]:pointer-events-none [&_svg:not([class*='size-'])]:size-4 shrink-0 [&_svg]:shrink-0 
outline-none focus-visible:border-ring focus-visible:ring-ring/50 focus-visible:ring-[3px] 
aria-invalid:ring-destructive/20 dark:aria-invalid:ring-destructive/40 aria-invalid:border-destructive 
disabled:bg-gray-200 disabled:text-gray-500 disabled:cursor-not-allowed disabled:opacity-100 border bg-background 
text-foreground hover:bg-accent hover:text-accent-foreground dark:bg-input/30 dark:border-input dark:hover:bg-input/50 
h-8 rounded-md gap-1.5 px-3 has-[>svg]:px-2.5"[39m
              [33mdata-slot[39m=[32m"button"[39m
            [36m>[39m
              [36m<svg[39m
                [33maria-hidden[39m=[32m"true"[39m
                [33mclass[39m=[32m"lucide lucide-chevron-right h-4 w-4"[39m
                [33mfill[39m=[32m"none"[39m
                [33mheight[39m=[32m"24"[39m
                [33mstroke[39m=[32m"currentColor"[39m
                [33mstroke-linecap[39m=[32m"round"[39m
                [33mstroke-linejoin[39m=[32m"round"[39m
                [33mstroke-width[39m=[32m"2"[39m
                [33mviewBox[39m=[32m"0 0 24 24"[39m
                [33mwidth[39m=[32m"24"[39m
                [33mxmlns[39m=[32m"http://www.w3.org/2000/svg"[39m
              [36m>[39m
                [36m<path[39m
                  [33md[39m=[32m"m9 18 6-6-6-6"[39m
                [36m/>[39m
              [36m</svg>[39m
            [36m</button>[39m
          [36m</div>[39m
          [36m<div[39m
            [33mclass[39m=[32m"text-center py-12 border-2 border-dashed rounded-lg"[39m
          [36m>[39m
            [36m<svg[39m
              [33maria-hidden[39m=[32m"true"[39m
              [33mclass[39m=[32m"lucide lucide-calendar h-12 w-12 text-gray-400 mx-auto mb-4"[39m
              [33mfill[39m=[32m"none"[39m
              [33mheight[39m=[32m"24"[39m
              [33mstroke[39m=[32m"currentColor"[39m
              [33mstroke-linecap[39m=[32m"round"[39m
              [33mstroke-linejoin[39m=[32m"round"[39m
              [33mstroke-width[39m=[32m"2"[39m
              [33mviewBox[39m=[32m"0 0 24 24"[39m
              [33mwidth[39m=[32m"24"[39m
              [33mxmlns[39m=[32m"http://www.w3.org/2000/svg"[39m
            [36m>[39m
              [36m<path[39m
                [33md[39m=[32m"M8 2v4"[39m
              [36m/>[39m
              [36m<path[39m
                [33md[39m=[32m"M16 2v4"[39m
              [36m/>[39m
              [36m<rect[39m
                [33mheight[39m=[32m"18"[39m
                [33mrx[39m=[32m"2"[39m
                [33mwidth[39m=[32m"18"[39m
                [33mx[39m=[32m"3"[39m
                [33my[39m=[32m"4"[39m
              [36m/>[39m
              [36m<path[39m
                [33md[39m=[32m"M3 10h18"[39m
              [36m/>[39m
            [36m</svg>[39m
            [36m<h3[39m
              [33mclass[39m=[32m"text-lg font-medium text-gray-900 mb-2"[39m
            [36m>[39m
              [0mNo Classes Scheduled[0m
            [36m</h3>[39m
            [36m<p[39m
              [33mclass[39m=[32m"text-gray-600"[39m
            [36m>[39m
              [0mThere are no confirmed classes for this day.[0m
            [36m</p>[39m
          [36m</div>[39m
        [36m</div>[39m
      [36m</div>[39m
    [36m</div>[39m
  [36m</div>[39m
[36m</body>[39m
 Γ¥» Object.getElementError node_modules/@testing-library/dom/dist/config.js:37:19
 Γ¥» node_modules/@testing-library/dom/dist/query-helpers.js:76:38
 Γ¥» node_modules/@testing-library/dom/dist/query-helpers.js:52:17
 Γ¥» node_modules/@testing-library/dom/dist/query-helpers.js:95:19
 Γ¥» src/__tests__/components/ScheduleViewer.test.tsx:59:21
     57| 
     58|       // Should show schedules for the selected date
     59|       expect(screen.getByText(/Room A/i)).toBeInTheDocument();
       |                     ^
     60|     });
     61|   });

ΓÄ»ΓÄ»ΓÄ»ΓÄ»ΓÄ»ΓÄ»ΓÄ»ΓÄ»ΓÄ»ΓÄ»ΓÄ»ΓÄ»ΓÄ»ΓÄ»ΓÄ»ΓÄ»ΓÄ»ΓÄ»ΓÄ»ΓÄ»ΓÄ»[41/107]ΓÄ»

 FAIL  src/__tests__/components/ScheduleViewer.test.tsx > ScheduleViewer > week view > should switch to week view
TestingLibraryElementError: Unable to find an accessible element with the role "option" and name `/week/i`

Here are the accessible roles:

  heading:

  Name "Schedule Overview":
  [36m<h4[39m
    [33mclass[39m=[32m"leading-none"[39m
    [33mdata-slot[39m=[32m"card-title"[39m
  [36m/>[39m

  Name "Thursday, November 13, 2025":
  [36m<h3[39m
    [33mclass[39m=[32m"font-semibold"[39m
  [36m/>[39m

  Name "No Classes Scheduled":
  [36m<h3[39m
    [33mclass[39m=[32m"text-lg font-medium text-gray-900 mb-2"[39m
  [36m/>[39m

  --------------------------------------------------
  combobox:

  Name "":
  [36m<button[39m
    [33maria-autocomplete[39m=[32m"none"[39m
    [33maria-controls[39m=[32m"radix-:re:"[39m
    [33maria-expanded[39m=[32m"false"[39m
    [33mclass[39m=[32m"border-input data-[placeholder]:text-muted-foreground 
[&_svg:not([class*='text-'])]:text-muted-foreground focus-visible:border-ring focus-visible:ring-ring/50 
aria-invalid:ring-destructive/20 dark:aria-invalid:ring-destructive/40 aria-invalid:border-destructive 
dark:bg-input/30 dark:hover:bg-input/50 flex items-center justify-between gap-2 rounded-md border bg-input-background 
px-3 py-2 text-sm whitespace-nowrap transition-[color,box-shadow,transform] outline-none focus-visible:ring-[3px] 
disabled:cursor-not-allowed disabled:opacity-50 data-[size=default]:h-9 data-[size=sm]:h-8 data-[state=open]:scale-105 
[aria-expanded='true']:scale-105 data-[state=closed]:scale-100 [aria-expanded='false']:scale-100 
*:data-[slot=select-value]:line-clamp-1 *:data-[slot=select-value]:flex *:data-[slot=select-value]:items-center 
*:data-[slot=select-value]:gap-2 [&_svg]:pointer-events-none [&_svg]:shrink-0 [&_svg:not([class*='size-'])]:size-4 
w-24"[39m
    [33mdata-size[39m=[32m"default"[39m
    [33mdata-slot[39m=[32m"select-trigger"[39m
    [33mdata-state[39m=[32m"closed"[39m
    [33mdir[39m=[32m"ltr"[39m
    [33mrole[39m=[32m"combobox"[39m
    [33mtype[39m=[32m"button"[39m
  [36m/>[39m

  Name "":
  [36m<button[39m
    [33maria-autocomplete[39m=[32m"none"[39m
    [33maria-controls[39m=[32m"radix-:rf:"[39m
    [33maria-expanded[39m=[32m"false"[39m
    [33mclass[39m=[32m"border-input data-[placeholder]:text-muted-foreground 
[&_svg:not([class*='text-'])]:text-muted-foreground focus-visible:border-ring focus-visible:ring-ring/50 
aria-invalid:ring-destructive/20 dark:aria-invalid:ring-destructive/40 aria-invalid:border-destructive 
dark:bg-input/30 dark:hover:bg-input/50 flex items-center justify-between gap-2 rounded-md border bg-input-background 
px-3 py-2 text-sm whitespace-nowrap transition-[color,box-shadow,transform] outline-none focus-visible:ring-[3px] 
disabled:cursor-not-allowed disabled:opacity-50 data-[size=default]:h-9 data-[size=sm]:h-8 data-[state=open]:scale-105 
[aria-expanded='true']:scale-105 data-[state=closed]:scale-100 [aria-expanded='false']:scale-100 
*:data-[slot=select-value]:line-clamp-1 *:data-[slot=select-value]:flex *:data-[slot=select-value]:items-center 
*:data-[slot=select-value]:gap-2 [&_svg]:pointer-events-none [&_svg]:shrink-0 [&_svg:not([class*='size-'])]:size-4 
w-40"[39m
    [33mdata-size[39m=[32m"default"[39m
    [33mdata-slot[39m=[32m"select-trigger"[39m
    [33mdata-state[39m=[32m"closed"[39m
    [33mdir[39m=[32m"ltr"[39m
    [33mrole[39m=[32m"combobox"[39m
    [33mtype[39m=[32m"button"[39m
  [36m/>[39m

  --------------------------------------------------
  button:

  Name "Previous day":
  [36m<button[39m
    [33maria-label[39m=[32m"Previous day"[39m
    [33mclass[39m=[32m"inline-flex items-center justify-center whitespace-nowrap text-sm font-medium shadow-sm 
transition-all [&_svg]:pointer-events-none [&_svg:not([class*='size-'])]:size-4 shrink-0 [&_svg]:shrink-0 outline-none 
focus-visible:border-ring focus-visible:ring-ring/50 focus-visible:ring-[3px] aria-invalid:ring-destructive/20 
dark:aria-invalid:ring-destructive/40 aria-invalid:border-destructive disabled:bg-gray-200 disabled:text-gray-500 
disabled:cursor-not-allowed disabled:opacity-100 border bg-background text-foreground hover:bg-accent 
hover:text-accent-foreground dark:bg-input/30 dark:border-input dark:hover:bg-input/50 h-8 rounded-md gap-1.5 px-3 
has-[>svg]:px-2.5"[39m
    [33mdata-slot[39m=[32m"button"[39m
  [36m/>[39m

  Name "Next day":
  [36m<button[39m
    [33maria-label[39m=[32m"Next day"[39m
    [33mclass[39m=[32m"inline-flex items-center justify-center whitespace-nowrap text-sm font-medium shadow-sm 
transition-all [&_svg]:pointer-events-none [&_svg:not([class*='size-'])]:size-4 shrink-0 [&_svg]:shrink-0 outline-none 
focus-visible:border-ring focus-visible:ring-ring/50 focus-visible:ring-[3px] aria-invalid:ring-destructive/20 
dark:aria-invalid:ring-destructive/40 aria-invalid:border-destructive disabled:bg-gray-200 disabled:text-gray-500 
disabled:cursor-not-allowed disabled:opacity-100 border bg-background text-foreground hover:bg-accent 
hover:text-accent-foreground dark:bg-input/30 dark:border-input dark:hover:bg-input/50 h-8 rounded-md gap-1.5 px-3 
has-[>svg]:px-2.5"[39m
    [33mdata-slot[39m=[32m"button"[39m
  [36m/>[39m

  --------------------------------------------------
  paragraph:

  Name "":
  [36m<p[39m
    [33mclass[39m=[32m"text-gray-600"[39m
  [36m/>[39m

  --------------------------------------------------

Ignored nodes: comments, script, style
[36m<body>[39m
  [36m<div>[39m
    [36m<div[39m
      [33mclass[39m=[32m"space-y-6"[39m
    [36m>[39m
      [36m<div[39m
        [33mclass[39m=[32m"bg-card text-card-foreground flex flex-col gap-6 rounded-xl border"[39m
        [33mdata-slot[39m=[32m"card"[39m
      [36m>[39m
        [36m<div[39m
          [33mclass[39m=[32m"@container/card-header grid auto-rows-min grid-rows-[auto_auto] items-start gap-1.5 
px-6 pt-6 has-data-[slot=card-action]:grid-cols-[1fr_auto] [.border-b]:pb-6"[39m
          [33mdata-slot[39m=[32m"card-header"[39m
        [36m>[39m
          [36m<div[39m
            [33mclass[39m=[32m"flex flex-col sm:flex-row sm:items-center sm:justify-between space-y-4 
sm:space-y-0"[39m
          [36m>[39m
            [36m<div>[39m
              [36m<h4[39m
                [33mclass[39m=[32m"leading-none"[39m
                [33mdata-slot[39m=[32m"card-title"[39m
              [36m>[39m
                [0mSchedule Overview[0m
              [36m</h4>[39m
              [36m<div[39m
                [33mclass[39m=[32m"text-muted-foreground"[39m
                [33mdata-slot[39m=[32m"card-description"[39m
              [36m>[39m
                [0mView classroom schedules and reservations[0m
              [36m</div>[39m
            [36m</div>[39m
            [36m<div[39m
              [33mclass[39m=[32m"flex items-center space-x-4"[39m
            [36m>[39m
              [36m<button[39m
                [33maria-autocomplete[39m=[32m"none"[39m
                [33maria-controls[39m=[32m"radix-:re:"[39m
                [33maria-expanded[39m=[32m"false"[39m
                [33mclass[39m=[32m"border-input data-[placeholder]:text-muted-foreground 
[&_svg:not([class*='text-'])]:text-muted-foreground focus-visible:border-ring focus-visible:ring-ring/50 
aria-invalid:ring-destructive/20 dark:aria-invalid:ring-destructive/40 aria-invalid:border-destructive 
dark:bg-input/30 dark:hover:bg-input/50 flex items-center justify-between gap-2 rounded-md border bg-input-background 
px-3 py-2 text-sm whitespace-nowrap transition-[color,box-shadow,transform] outline-none focus-visible:ring-[3px] 
disabled:cursor-not-allowed disabled:opacity-50 data-[size=default]:h-9 data-[size=sm]:h-8 data-[state=open]:scale-105 
[aria-expanded='true']:scale-105 data-[state=closed]:scale-100 [aria-expanded='false']:scale-100 
*:data-[slot=select-value]:line-clamp-1 *:data-[slot=select-value]:flex *:data-[slot=select-value]:items-center 
*:data-[slot=select-value]:gap-2 [&_svg]:pointer-events-none [&_svg]:shrink-0 [&_svg:not([class*='size-'])]:size-4 
w-24"[39m
                [33mdata-size[39m=[32m"default"[39m
                [33mdata-slot[39m=[32m"select-trigger"[39m
                [33mdata-state[39m=[32m"closed"[39m
                [33mdir[39m=[32m"ltr"[39m
                [33mrole[39m=[32m"combobox"[39m
                [33mtype[39m=[32m"button"[39m
              [36m>[39m
                [36m<span[39m
                  [33mdata-slot[39m=[32m"select-value"[39m
                  [33mstyle[39m=[32m"pointer-events: none;"[39m
                [36m>[39m
                  [0mDay[0m
                [36m</span>[39m
                [36m<svg[39m
                  [33maria-hidden[39m=[32m"true"[39m
                  [33mclass[39m=[32m"lucide lucide-chevron-down size-4 opacity-50"[39m
                  [33mfill[39m=[32m"none"[39m
                  [33mheight[39m=[32m"24"[39m
                  [33mstroke[39m=[32m"currentColor"[39m
                  [33mstroke-linecap[39m=[32m"round"[39m
                  [33mstroke-linejoin[39m=[32m"round"[39m
                  [33mstroke-width[39m=[32m"2"[39m
                  [33mviewBox[39m=[32m"0 0 24 24"[39m
                  [33mwidth[39m=[32m"24"[39m
                  [33mxmlns[39m=[32m"http://www.w3.org/2000/svg"[39m
                [36m>[39m
                  [36m<path[39m
                    [33md[39m=[32m"m6 9 6 6 6-6"[39m
                  [36m/>[39m
                [36m</svg>[39m
              [36m</button>[39m
              [36m<button[39m
                [33maria-autocomplete[39m=[32m"none"[39m
                [33maria-controls[39m=[32m"radix-:rf:"[39m
                [33maria-expanded[39m=[32m"false"[39m
                [33mclass[39m=[32m"border-input data-[placeholder]:text-muted-foreground 
[&_svg:not([class*='text-'])]:text-muted-foreground focus-visible:border-ring focus-visible:ring-ring/50 
aria-invalid:ring-destructive/20 dark:aria-invalid:ring-destructive/40 aria-invalid:border-destructive 
dark:bg-input/30 dark:hover:bg-input/50 flex items-center justify-between gap-2 rounded-md border bg-input-background 
px-3 py-2 text-sm whitespace-nowrap transition-[color,box-shadow,transform] outline-none focus-visible:ring-[3px] 
disabled:cursor-not-allowed disabled:opacity-50 data-[size=default]:h-9 data-[size=sm]:h-8 data-[state=open]:scale-105 
[aria-expanded='true']:scale-105 data-[state=closed]:scale-100 [aria-expanded='false']:scale-100 
*:data-[slot=select-value]:line-clamp-1 *:data-[slot=select-value]:flex *:data-[slot=select-value]:items-center 
*:data-[slot=select-value]:gap-2 [&_svg]:pointer-events-none [&_svg]:shrink-0 [&_svg:not([class*='size-'])]:size-4 
w-40"[39m
                [33mdata-size[39m=[32m"default"[39m
                [33mdata-slot[39m=[32m"select-trigger"[39m
                [33mdata-state[39m=[32m"closed"[39m
                [33mdir[39m=[32m"ltr"[39m
                [33mrole[39m=[32m"combobox"[39m
                [33mtype[39m=[32m"button"[39m
              [36m>[39m
                [36m<span[39m
                  [33mdata-slot[39m=[32m"select-value"[39m
                  [33mstyle[39m=[32m"pointer-events: none;"[39m
                [36m>[39m
                  [0mAll Rooms[0m
                [36m</span>[39m
                [36m<svg[39m
                  [33maria-hidden[39m=[32m"true"[39m
                  [33mclass[39m=[32m"lucide lucide-chevron-down size-4 opacity-50"[39m
                  [33mfill[39m=[32m"none"[39m
                  [33mheight[39m=[32m"24"[39m
                  [33mstroke[39m=[32m"currentColor"[39m
                  [33mstroke-linecap[39m=[32m"round"[39m
                  [33mstroke-linejoin[39m=[32m"round"[39m
                  [33mstroke-width[39m=[32m"2"[39m
                  [33mviewBox[39m=[32m"0 0 24 24"[39m
                  [33mwidth[39m=[32m"24"[39m
                  [33mxmlns[39m=[32m"http://www.w3.org/2000/svg"[39m
                [36m>[39m
                  [36m<path[39m
                    [33md[39m=[32m"m6 9 6 6 6-6"[39m
                  [36m/>[39m
                [36m</svg>[39m
              [36m</button>[39m
            [36m</div>[39m
          [36m</div>[39m
        [36m</div>[39m
        [36m<div[39m
          [33mclass[39m=[32m"px-6 [&:last-child]:pb-6"[39m
          [33mdata-slot[39m=[32m"card-content"[39m
        [36m>[39m
          [36m<div[39m
            [33mclass[39m=[32m"flex items-center justify-between mb-4"[39m
          [36m>[39m
            [36m<button[39m
              [33maria-label[39m=[32m"Previous day"[39m
              [33mclass[39m=[32m"inline-flex items-center justify-center whitespace-nowrap text-sm font-medium 
shadow-sm transition-all [&_svg]:pointer-events-none [&_svg:not([class*='size-'])]:size-4 shrink-0 [&_svg]:shrink-0 
outline-none focus-visible:border-ring focus-visible:ring-ring/50 focus-visible:ring-[3px] 
aria-invalid:ring-destructive/20 dark:aria-invalid:ring-destructive/40 aria-invalid:border-destructive 
disabled:bg-gray-200 disabled:text-gray-500 disabled:cursor-not-allowed disabled:opacity-100 border bg-background 
text-foreground hover:bg-accent hover:text-accent-foreground dark:bg-input/30 dark:border-input dark:hover:bg-input/50 
h-8 rounded-md gap-1.5 px-3 has-[>svg]:px-2.5"[39m
              [33mdata-slot[39m=[32m"button"[39m
            [36m>[39m
              [36m<svg[39m
                [33maria-hidden[39m=[32m"true"[39m
                [33mclass[39m=[32m"lucide lucide-chevron-left h-4 w-4"[39m
                [33mfill[39m=[32m"none"[39m
                [33mheight[39m=[32m"24"[39m
                [33mstroke[39m=[32m"currentColor"[39m
                [33mstroke-linecap[39m=[32m"round"[39m
                [33mstroke-linejoin[39m=[32m"round"[39m
                [33mstroke-width[39m=[32m"2"[39m
                [33mviewBox[39m=[32m"0 0 24 24"[39m
                [33mwidth[39m=[32m"24"[39m
                [33mxmlns[39m=[32m"http://www.w3.org/2000/svg"[39m
              [36m>[39m
                [36m<path[39m
                  [33md[39m=[32m"m15 18-6-6 6-6"[39m
                [36m/>[39m
              [36m</svg>[39m
            [36m</button>[39m
            [36m<div[39m
              [33mclass[39m=[32m"text-center"[39m
            [36m>[39m
              [36m<h3[39m
                [33mclass[39m=[32m"font-semibold"[39m
              [36m>[39m
                [0mThursday, November 13, 2025[0m
              [36m</h3>[39m
            [36m</div>[39m
            [36m<button[39m
              [33maria-label[39m=[32m"Next day"[39m
              [33mclass[39m=[32m"inline-flex items-center justify-center whitespace-nowrap text-sm font-medium 
shadow-sm transition-all [&_svg]:pointer-events-none [&_svg:not([class*='size-'])]:size-4 shrink-0 [&_svg]:shrink-0 
outline-none focus-visible:border-ring focus-visible:ring-ring/50 focus-visible:ring-[3px] 
aria-invalid:ring-destructive/20 dark:aria-invalid:ring-destructive/40 aria-invalid:border-destructive 
disabled:bg-gray-200 disabled:text-gray-500 disabled:cursor-not-allowed disabled:opacity-100 border bg-background 
text-foreground hover:bg-accent hover:text-accent-foreground dark:bg-input/30 dark:border-input dark:hover:bg-input/50 
h-8 rounded-md gap-1.5 px-3 has-[>svg]:px-2.5"[39m
              [33mdata-slot[39m=[32m"button"[39m
            [36m>[39m
              [36m<svg[39m
                [33maria-hidden[39m=[32m"true"[39m
                [33mclass[39m=[32m"lucide lucide-chevron-right h-4 w-4"[39m
                [33mfill[39m=[32m"none"[39m
                [33mheight[39m=[32m"24"[39m
                [33mstroke[39m=[32m"currentColor"[39m
                [33mstroke-linecap[39m=[32m"round"[39m
                [33mstroke-linejoin[39m=[32m"round"[39m
                [33mstroke-width[39m=[32m"2"[39m
                [33mviewBox[39m=[32m"0 0 24 24"[39m
                [33mwidth[39m=[32m"24"[39m
                [33mxmlns[39m=[32m"http://www.w3.org/2000/svg"[39m
              [36m>[39m
                [36m<path[39m
                  [33md[39m=[32m"m9 18 6-6-6-6"[39m
                [36m/>[39m
              [36m</svg>[39m
            [36m</button>[39m
          [36m</div>[39m
          [36m<div[39m
            [33mclass[39m=[32m"text-center py-12 border-2 border-dashed rounded-lg"[39m
          [36m>[39m
            [36m<svg[39m
              [33maria-hidden[39m=[32m"true"[39m
              [33mclass[39m=[32m"lucide lucide-calendar h-12 w-12 text-gray-400 mx-auto mb-4"[39m
              [33mfill[39m=[32m"none"[39m
              [33mheight[39m=[32m"24"[39m
              [33mstroke[39m=[32m"currentColor"[39m
              [33mstroke-linecap[39m=[32m"round"[39m
              [33mstroke-linejoin[39m=[32m"round"[39m
              [33mstroke-width[39m=[32m"2"[39m
              [33mviewBox[39m=[32m"0 0 24 24"[39m
              [33mwidth[39m=[32m"24"[39m
              [33mxmlns[39m=[32m"http://www.w3.org/2000/svg"[39m
            [36m>[39m
              [36m<path[39m
                [33md[39m=[32m"M8 2v4"[39m
              [36m/>[39m
              [36m<path[39m
                [33md[39m=[32m"M16 2v4"[39m
              [36m/>[39m
              [36m<rect[39m
                [33mheight[39m=[32m"18"[39m
                [33mrx[39m=[32m"2"[39m
                [33mwidth[39m=[32m"18"[39m
                [33mx[39m=[32m"3"[39m
                [33my[39m=[32m"4"[39m
              [36m/>[39m
              [36m<path[39m
                [33md[39m=[32m"M3 10h18"[39m
              [36m/>[39m
            [36m</svg>[39m
            [36m<h3[39m
              [33mclass[39m=[32m"text-lg font-medium text-gray-900 mb-2"[39m
            [36m>[39m
              [0mNo Classes Scheduled[0m
            [36m</h3>[39m
            [36m<p[39m
              [33mclass[39m=[32m"text-gray-600"[39m
            [36m>[39m
              [0mThere are no confirmed classes for this day.[0m
            [36m</p>[39m
          [36m</div>[39m
        [36m</div>[39m
      [36m</div>[39m
    [36m</div>[39m
  [36m</div>[39m
[36m</body>[39m
 Γ¥» Object.getElementError node_modules/@testing-library/dom/dist/config.js:37:19
 Γ¥» node_modules/@testing-library/dom/dist/query-helpers.js:76:38
 Γ¥» node_modules/@testing-library/dom/dist/query-helpers.js:52:17
 Γ¥» node_modules/@testing-library/dom/dist/query-helpers.js:95:19
 Γ¥» src/__tests__/components/ScheduleViewer.test.tsx:68:37
     66|       render(<ScheduleViewer {...defaultProps} />);
     67| 
     68|       const weekViewButton = screen.getByRole('option', { name: /week/ΓÇª
       |                                     ^
     69|       await user.click(weekViewButton);
     70| 

ΓÄ»ΓÄ»ΓÄ»ΓÄ»ΓÄ»ΓÄ»ΓÄ»ΓÄ»ΓÄ»ΓÄ»ΓÄ»ΓÄ»ΓÄ»ΓÄ»ΓÄ»ΓÄ»ΓÄ»ΓÄ»ΓÄ»ΓÄ»ΓÄ»[42/107]ΓÄ»

 FAIL  src/__tests__/components/ScheduleViewer.test.tsx > ScheduleViewer > cancel > should call onCancelSchedule when 
cancel button clicked
TestingLibraryElementError: Unable to find an accessible element with the role "button" and name `/cancel/i`

Here are the accessible roles:

  heading:

  Name "Schedule Overview":
  [36m<h4[39m
    [33mclass[39m=[32m"leading-none"[39m
    [33mdata-slot[39m=[32m"card-title"[39m
  [36m/>[39m

  Name "Thursday, November 13, 2025":
  [36m<h3[39m
    [33mclass[39m=[32m"font-semibold"[39m
  [36m/>[39m

  Name "No Classes Scheduled":
  [36m<h3[39m
    [33mclass[39m=[32m"text-lg font-medium text-gray-900 mb-2"[39m
  [36m/>[39m

  --------------------------------------------------
  combobox:

  Name "":
  [36m<button[39m
    [33maria-autocomplete[39m=[32m"none"[39m
    [33maria-controls[39m=[32m"radix-:r1a:"[39m
    [33maria-expanded[39m=[32m"false"[39m
    [33mclass[39m=[32m"border-input data-[placeholder]:text-muted-foreground 
[&_svg:not([class*='text-'])]:text-muted-foreground focus-visible:border-ring focus-visible:ring-ring/50 
aria-invalid:ring-destructive/20 dark:aria-invalid:ring-destructive/40 aria-invalid:border-destructive 
dark:bg-input/30 dark:hover:bg-input/50 flex items-center justify-between gap-2 rounded-md border bg-input-background 
px-3 py-2 text-sm whitespace-nowrap transition-[color,box-shadow,transform] outline-none focus-visible:ring-[3px] 
disabled:cursor-not-allowed disabled:opacity-50 data-[size=default]:h-9 data-[size=sm]:h-8 data-[state=open]:scale-105 
[aria-expanded='true']:scale-105 data-[state=closed]:scale-100 [aria-expanded='false']:scale-100 
*:data-[slot=select-value]:line-clamp-1 *:data-[slot=select-value]:flex *:data-[slot=select-value]:items-center 
*:data-[slot=select-value]:gap-2 [&_svg]:pointer-events-none [&_svg]:shrink-0 [&_svg:not([class*='size-'])]:size-4 
w-24"[39m
    [33mdata-size[39m=[32m"default"[39m
    [33mdata-slot[39m=[32m"select-trigger"[39m
    [33mdata-state[39m=[32m"closed"[39m
    [33mdir[39m=[32m"ltr"[39m
    [33mrole[39m=[32m"combobox"[39m
    [33mtype[39m=[32m"button"[39m
  [36m/>[39m

  Name "":
  [36m<button[39m
    [33maria-autocomplete[39m=[32m"none"[39m
    [33maria-controls[39m=[32m"radix-:r1b:"[39m
    [33maria-expanded[39m=[32m"false"[39m
    [33mclass[39m=[32m"border-input data-[placeholder]:text-muted-foreground 
[&_svg:not([class*='text-'])]:text-muted-foreground focus-visible:border-ring focus-visible:ring-ring/50 
aria-invalid:ring-destructive/20 dark:aria-invalid:ring-destructive/40 aria-invalid:border-destructive 
dark:bg-input/30 dark:hover:bg-input/50 flex items-center justify-between gap-2 rounded-md border bg-input-background 
px-3 py-2 text-sm whitespace-nowrap transition-[color,box-shadow,transform] outline-none focus-visible:ring-[3px] 
disabled:cursor-not-allowed disabled:opacity-50 data-[size=default]:h-9 data-[size=sm]:h-8 data-[state=open]:scale-105 
[aria-expanded='true']:scale-105 data-[state=closed]:scale-100 [aria-expanded='false']:scale-100 
*:data-[slot=select-value]:line-clamp-1 *:data-[slot=select-value]:flex *:data-[slot=select-value]:items-center 
*:data-[slot=select-value]:gap-2 [&_svg]:pointer-events-none [&_svg]:shrink-0 [&_svg:not([class*='size-'])]:size-4 
w-40"[39m
    [33mdata-size[39m=[32m"default"[39m
    [33mdata-slot[39m=[32m"select-trigger"[39m
    [33mdata-state[39m=[32m"closed"[39m
    [33mdir[39m=[32m"ltr"[39m
    [33mrole[39m=[32m"combobox"[39m
    [33mtype[39m=[32m"button"[39m
  [36m/>[39m

  --------------------------------------------------
  button:

  Name "Previous day":
  [36m<button[39m
    [33maria-label[39m=[32m"Previous day"[39m
    [33mclass[39m=[32m"inline-flex items-center justify-center whitespace-nowrap text-sm font-medium shadow-sm 
transition-all [&_svg]:pointer-events-none [&_svg:not([class*='size-'])]:size-4 shrink-0 [&_svg]:shrink-0 outline-none 
focus-visible:border-ring focus-visible:ring-ring/50 focus-visible:ring-[3px] aria-invalid:ring-destructive/20 
dark:aria-invalid:ring-destructive/40 aria-invalid:border-destructive disabled:bg-gray-200 disabled:text-gray-500 
disabled:cursor-not-allowed disabled:opacity-100 border bg-background text-foreground hover:bg-accent 
hover:text-accent-foreground dark:bg-input/30 dark:border-input dark:hover:bg-input/50 h-8 rounded-md gap-1.5 px-3 
has-[>svg]:px-2.5"[39m
    [33mdata-slot[39m=[32m"button"[39m
  [36m/>[39m

  Name "Next day":
  [36m<button[39m
    [33maria-label[39m=[32m"Next day"[39m
    [33mclass[39m=[32m"inline-flex items-center justify-center whitespace-nowrap text-sm font-medium shadow-sm 
transition-all [&_svg]:pointer-events-none [&_svg:not([class*='size-'])]:size-4 shrink-0 [&_svg]:shrink-0 outline-none 
focus-visible:border-ring focus-visible:ring-ring/50 focus-visible:ring-[3px] aria-invalid:ring-destructive/20 
dark:aria-invalid:ring-destructive/40 aria-invalid:border-destructive disabled:bg-gray-200 disabled:text-gray-500 
disabled:cursor-not-allowed disabled:opacity-100 border bg-background text-foreground hover:bg-accent 
hover:text-accent-foreground dark:bg-input/30 dark:border-input dark:hover:bg-input/50 h-8 rounded-md gap-1.5 px-3 
has-[>svg]:px-2.5"[39m
    [33mdata-slot[39m=[32m"button"[39m
  [36m/>[39m

  --------------------------------------------------
  paragraph:

  Name "":
  [36m<p[39m
    [33mclass[39m=[32m"text-gray-600"[39m
  [36m/>[39m

  --------------------------------------------------

Ignored nodes: comments, script, style
[36m<body>[39m
  [36m<div>[39m
    [36m<div[39m
      [33mclass[39m=[32m"space-y-6"[39m
    [36m>[39m
      [36m<div[39m
        [33mclass[39m=[32m"bg-card text-card-foreground flex flex-col gap-6 rounded-xl border"[39m
        [33mdata-slot[39m=[32m"card"[39m
      [36m>[39m
        [36m<div[39m
          [33mclass[39m=[32m"@container/card-header grid auto-rows-min grid-rows-[auto_auto] items-start gap-1.5 
px-6 pt-6 has-data-[slot=card-action]:grid-cols-[1fr_auto] [.border-b]:pb-6"[39m
          [33mdata-slot[39m=[32m"card-header"[39m
        [36m>[39m
          [36m<div[39m
            [33mclass[39m=[32m"flex flex-col sm:flex-row sm:items-center sm:justify-between space-y-4 
sm:space-y-0"[39m
          [36m>[39m
            [36m<div>[39m
              [36m<h4[39m
                [33mclass[39m=[32m"leading-none"[39m
                [33mdata-slot[39m=[32m"card-title"[39m
              [36m>[39m
                [0mSchedule Overview[0m
              [36m</h4>[39m
              [36m<div[39m
                [33mclass[39m=[32m"text-muted-foreground"[39m
                [33mdata-slot[39m=[32m"card-description"[39m
              [36m>[39m
                [0mView classroom schedules and reservations[0m
              [36m</div>[39m
            [36m</div>[39m
            [36m<div[39m
              [33mclass[39m=[32m"flex items-center space-x-4"[39m
            [36m>[39m
              [36m<button[39m
                [33maria-autocomplete[39m=[32m"none"[39m
                [33maria-controls[39m=[32m"radix-:r1a:"[39m
                [33maria-expanded[39m=[32m"false"[39m
                [33mclass[39m=[32m"border-input data-[placeholder]:text-muted-foreground 
[&_svg:not([class*='text-'])]:text-muted-foreground focus-visible:border-ring focus-visible:ring-ring/50 
aria-invalid:ring-destructive/20 dark:aria-invalid:ring-destructive/40 aria-invalid:border-destructive 
dark:bg-input/30 dark:hover:bg-input/50 flex items-center justify-between gap-2 rounded-md border bg-input-background 
px-3 py-2 text-sm whitespace-nowrap transition-[color,box-shadow,transform] outline-none focus-visible:ring-[3px] 
disabled:cursor-not-allowed disabled:opacity-50 data-[size=default]:h-9 data-[size=sm]:h-8 data-[state=open]:scale-105 
[aria-expanded='true']:scale-105 data-[state=closed]:scale-100 [aria-expanded='false']:scale-100 
*:data-[slot=select-value]:line-clamp-1 *:data-[slot=select-value]:flex *:data-[slot=select-value]:items-center 
*:data-[slot=select-value]:gap-2 [&_svg]:pointer-events-none [&_svg]:shrink-0 [&_svg:not([class*='size-'])]:size-4 
w-24"[39m
                [33mdata-size[39m=[32m"default"[39m
                [33mdata-slot[39m=[32m"select-trigger"[39m
                [33mdata-state[39m=[32m"closed"[39m
                [33mdir[39m=[32m"ltr"[39m
                [33mrole[39m=[32m"combobox"[39m
                [33mtype[39m=[32m"button"[39m
              [36m>[39m
                [36m<span[39m
                  [33mdata-slot[39m=[32m"select-value"[39m
                  [33mstyle[39m=[32m"pointer-events: none;"[39m
                [36m>[39m
                  [0mDay[0m
                [36m</span>[39m
                [36m<svg[39m
                  [33maria-hidden[39m=[32m"true"[39m
                  [33mclass[39m=[32m"lucide lucide-chevron-down size-4 opacity-50"[39m
                  [33mfill[39m=[32m"none"[39m
                  [33mheight[39m=[32m"24"[39m
                  [33mstroke[39m=[32m"currentColor"[39m
                  [33mstroke-linecap[39m=[32m"round"[39m
                  [33mstroke-linejoin[39m=[32m"round"[39m
                  [33mstroke-width[39m=[32m"2"[39m
                  [33mviewBox[39m=[32m"0 0 24 24"[39m
                  [33mwidth[39m=[32m"24"[39m
                  [33mxmlns[39m=[32m"http://www.w3.org/2000/svg"[39m
                [36m>[39m
                  [36m<path[39m
                    [33md[39m=[32m"m6 9 6 6 6-6"[39m
                  [36m/>[39m
                [36m</svg>[39m
              [36m</button>[39m
              [36m<button[39m
                [33maria-autocomplete[39m=[32m"none"[39m
                [33maria-controls[39m=[32m"radix-:r1b:"[39m
                [33maria-expanded[39m=[32m"false"[39m
                [33mclass[39m=[32m"border-input data-[placeholder]:text-muted-foreground 
[&_svg:not([class*='text-'])]:text-muted-foreground focus-visible:border-ring focus-visible:ring-ring/50 
aria-invalid:ring-destructive/20 dark:aria-invalid:ring-destructive/40 aria-invalid:border-destructive 
dark:bg-input/30 dark:hover:bg-input/50 flex items-center justify-between gap-2 rounded-md border bg-input-background 
px-3 py-2 text-sm whitespace-nowrap transition-[color,box-shadow,transform] outline-none focus-visible:ring-[3px] 
disabled:cursor-not-allowed disabled:opacity-50 data-[size=default]:h-9 data-[size=sm]:h-8 data-[state=open]:scale-105 
[aria-expanded='true']:scale-105 data-[state=closed]:scale-100 [aria-expanded='false']:scale-100 
*:data-[slot=select-value]:line-clamp-1 *:data-[slot=select-value]:flex *:data-[slot=select-value]:items-center 
*:data-[slot=select-value]:gap-2 [&_svg]:pointer-events-none [&_svg]:shrink-0 [&_svg:not([class*='size-'])]:size-4 
w-40"[39m
                [33mdata-size[39m=[32m"default"[39m
                [33mdata-slot[39m=[32m"select-trigger"[39m
                [33mdata-state[39m=[32m"closed"[39m
                [33mdir[39m=[32m"ltr"[39m
                [33mrole[39m=[32m"combobox"[39m
                [33mtype[39m=[32m"button"[39m
              [36m>[39m
                [36m<span[39m
                  [33mdata-slot[39m=[32m"select-value"[39m
                  [33mstyle[39m=[32m"pointer-events: none;"[39m
                [36m>[39m
                  [0mAll Rooms[0m
                [36m</span>[39m
                [36m<svg[39m
                  [33maria-hidden[39m=[32m"true"[39m
                  [33mclass[39m=[32m"lucide lucide-chevron-down size-4 opacity-50"[39m
                  [33mfill[39m=[32m"none"[39m
                  [33mheight[39m=[32m"24"[39m
                  [33mstroke[39m=[32m"currentColor"[39m
                  [33mstroke-linecap[39m=[32m"round"[39m
                  [33mstroke-linejoin[39m=[32m"round"[39m
                  [33mstroke-width[39m=[32m"2"[39m
                  [33mviewBox[39m=[32m"0 0 24 24"[39m
                  [33mwidth[39m=[32m"24"[39m
                  [33mxmlns[39m=[32m"http://www.w3.org/2000/svg"[39m
                [36m>[39m
                  [36m<path[39m
                    [33md[39m=[32m"m6 9 6 6 6-6"[39m
                  [36m/>[39m
                [36m</svg>[39m
              [36m</button>[39m
            [36m</div>[39m
          [36m</div>[39m
        [36m</div>[39m
        [36m<div[39m
          [33mclass[39m=[32m"px-6 [&:last-child]:pb-6"[39m
          [33mdata-slot[39m=[32m"card-content"[39m
        [36m>[39m
          [36m<div[39m
            [33mclass[39m=[32m"flex items-center justify-between mb-4"[39m
          [36m>[39m
            [36m<button[39m
              [33maria-label[39m=[32m"Previous day"[39m
              [33mclass[39m=[32m"inline-flex items-center justify-center whitespace-nowrap text-sm font-medium 
shadow-sm transition-all [&_svg]:pointer-events-none [&_svg:not([class*='size-'])]:size-4 shrink-0 [&_svg]:shrink-0 
outline-none focus-visible:border-ring focus-visible:ring-ring/50 focus-visible:ring-[3px] 
aria-invalid:ring-destructive/20 dark:aria-invalid:ring-destructive/40 aria-invalid:border-destructive 
disabled:bg-gray-200 disabled:text-gray-500 disabled:cursor-not-allowed disabled:opacity-100 border bg-background 
text-foreground hover:bg-accent hover:text-accent-foreground dark:bg-input/30 dark:border-input dark:hover:bg-input/50 
h-8 rounded-md gap-1.5 px-3 has-[>svg]:px-2.5"[39m
              [33mdata-slot[39m=[32m"button"[39m
            [36m>[39m
              [36m<svg[39m
                [33maria-hidden[39m=[32m"true"[39m
                [33mclass[39m=[32m"lucide lucide-chevron-left h-4 w-4"[39m
                [33mfill[39m=[32m"none"[39m
                [33mheight[39m=[32m"24"[39m
                [33mstroke[39m=[32m"currentColor"[39m
                [33mstroke-linecap[39m=[32m"round"[39m
                [33mstroke-linejoin[39m=[32m"round"[39m
                [33mstroke-width[39m=[32m"2"[39m
                [33mviewBox[39m=[32m"0 0 24 24"[39m
                [33mwidth[39m=[32m"24"[39m
                [33mxmlns[39m=[32m"http://www.w3.org/2000/svg"[39m
              [36m>[39m
                [36m<path[39m
                  [33md[39m=[32m"m15 18-6-6 6-6"[39m
                [36m/>[39m
              [36m</svg>[39m
            [36m</button>[39m
            [36m<div[39m
              [33mclass[39m=[32m"text-center"[39m
            [36m>[39m
              [36m<h3[39m
                [33mclass[39m=[32m"font-semibold"[39m
              [36m>[39m
                [0mThursday, November 13, 2025[0m
              [36m</h3>[39m
            [36m</div>[39m
            [36m<button[39m
              [33maria-label[39m=[32m"Next day"[39m
              [33mclass[39m=[32m"inline-flex items-center justify-center whitespace-nowrap text-sm font-medium 
shadow-sm transition-all [&_svg]:pointer-events-none [&_svg:not([class*='size-'])]:size-4 shrink-0 [&_svg]:shrink-0 
outline-none focus-visible:border-ring focus-visible:ring-ring/50 focus-visible:ring-[3px] 
aria-invalid:ring-destructive/20 dark:aria-invalid:ring-destructive/40 aria-invalid:border-destructive 
disabled:bg-gray-200 disabled:text-gray-500 disabled:cursor-not-allowed disabled:opacity-100 border bg-background 
text-foreground hover:bg-accent hover:text-accent-foreground dark:bg-input/30 dark:border-input dark:hover:bg-input/50 
h-8 rounded-md gap-1.5 px-3 has-[>svg]:px-2.5"[39m
              [33mdata-slot[39m=[32m"button"[39m
            [36m>[39m
              [36m<svg[39m
                [33maria-hidden[39m=[32m"true"[39m
                [33mclass[39m=[32m"lucide lucide-chevron-right h-4 w-4"[39m
                [33mfill[39m=[32m"none"[39m
                [33mheight[39m=[32m"24"[39m
                [33mstroke[39m=[32m"currentColor"[39m
                [33mstroke-linecap[39m=[32m"round"[39m
                [33mstroke-linejoin[39m=[32m"round"[39m
                [33mstroke-width[39m=[32m"2"[39m
                [33mviewBox[39m=[32m"0 0 24 24"[39m
                [33mwidth[39m=[32m"24"[39m
                [33mxmlns[39m=[32m"http://www.w3.org/2000/svg"[39m
              [36m>[39m
                [36m<path[39m
                  [33md[39m=[32m"m9 18 6-6-6-6"[39m
                [36m/>[39m
              [36m</svg>[39m
            [36m</button>[39m
          [36m</div>[39m
          [36m<div[39m
            [33mclass[39m=[32m"text-center py-12 border-2 border-dashed rounded-lg"[39m
          [36m>[39m
            [36m<svg[39m
              [33maria-hidden[39m=[32m"true"[39m
              [33mclass[39m=[32m"lucide lucide-calendar h-12 w-12 text-gray-400 mx-auto mb-4"[39m
              [33mfill[39m=[32m"none"[39m
              [33mheight[39m=[32m"24"[39m
              [33mstroke[39m=[32m"currentColor"[39m
              [33mstroke-linecap[39m=[32m"round"[39m
              [33mstroke-linejoin[39m=[32m"round"[39m
              [33mstroke-width[39m=[32m"2"[39m
              [33mviewBox[39m=[32m"0 0 24 24"[39m
              [33mwidth[39m=[32m"24"[39m
              [33mxmlns[39m=[32m"http://www.w3.org/2000/svg"[39m
            [36m>[39m
              [36m<path[39m
                [33md[39m=[32m"M8 2v4"[39m
              [36m/>[39m
              [36m<path[39m
                [33md[39m=[32m"M16 2v4"[39m
              [36m/>[39m
              [36m<rect[39m
                [33mheight[39m=[32m"18"[39m
                [33mrx[39m=[32m"2"[39m
                [33mwidth[39m=[32m"18"[39m
                [33mx[39m=[32m"3"[39m
                [33my[39m=[32m"4"[39m
              [36m/>[39m
              [36m<path[39m
                [33md[39m=[32m"M3 10h18"[39m
              [36m/>[39m
            [36m</svg>[39m
            [36m<h3[39m
              [33mclass[39m=[32m"text-lg font-medium text-gray-900 mb-2"[39m
            [36m>[39m
              [0mNo Classes Scheduled[0m
            [36m</h3>[39m
            [36m<p[39m
              [33mclass[39m=[32m"text-gray-600"[39m
            [36m>[39m
              [0mThere are no confirmed classes for this day.[0m
            [36m</p>[39m
          [36m</div>[39m
        [36m</div>[39m
      [36m</div>[39m
    [36m</div>[39m
  [36m</div>[39m
[36m</body>[39m
 Γ¥» Object.getElementError node_modules/@testing-library/dom/dist/config.js:37:19
 Γ¥» node_modules/@testing-library/dom/dist/query-helpers.js:76:38
 Γ¥» node_modules/@testing-library/dom/dist/query-helpers.js:52:17
 Γ¥» node_modules/@testing-library/dom/dist/query-helpers.js:95:19
 Γ¥» src/__tests__/components/ScheduleViewer.test.tsx:116:35
    114|       render(<ScheduleViewer {...defaultProps} onCancelSchedule={onCanΓÇª
    115| 
    116|       const cancelButton = screen.getByRole('button', { name: /cancel/ΓÇª
       |                                   ^
    117|       if (cancelButton) {
    118|         await user.click(cancelButton);

ΓÄ»ΓÄ»ΓÄ»ΓÄ»ΓÄ»ΓÄ»ΓÄ»ΓÄ»ΓÄ»ΓÄ»ΓÄ»ΓÄ»ΓÄ»ΓÄ»ΓÄ»ΓÄ»ΓÄ»ΓÄ»ΓÄ»ΓÄ»ΓÄ»[43/107]ΓÄ»

 FAIL  src/__tests__/components/ScheduleViewer.test.tsx > ScheduleViewer > conflicts > should highlight conflicting 
schedules
TestingLibraryElementError: Unable to find an element with the text: /Room A/i. This could be because the text is 
broken up by multiple elements. In this case, you can provide a function for your text matcher to make your matcher 
more flexible.

Ignored nodes: comments, script, style
[36m<body>[39m
  [36m<div>[39m
    [36m<div[39m
      [33mclass[39m=[32m"space-y-6"[39m
    [36m>[39m
      [36m<div[39m
        [33mclass[39m=[32m"bg-card text-card-foreground flex flex-col gap-6 rounded-xl border"[39m
        [33mdata-slot[39m=[32m"card"[39m
      [36m>[39m
        [36m<div[39m
          [33mclass[39m=[32m"@container/card-header grid auto-rows-min grid-rows-[auto_auto] items-start gap-1.5 
px-6 pt-6 has-data-[slot=card-action]:grid-cols-[1fr_auto] [.border-b]:pb-6"[39m
          [33mdata-slot[39m=[32m"card-header"[39m
        [36m>[39m
          [36m<div[39m
            [33mclass[39m=[32m"flex flex-col sm:flex-row sm:items-center sm:justify-between space-y-4 
sm:space-y-0"[39m
          [36m>[39m
            [36m<div>[39m
              [36m<h4[39m
                [33mclass[39m=[32m"leading-none"[39m
                [33mdata-slot[39m=[32m"card-title"[39m
              [36m>[39m
                [0mSchedule Overview[0m
              [36m</h4>[39m
              [36m<div[39m
                [33mclass[39m=[32m"text-muted-foreground"[39m
                [33mdata-slot[39m=[32m"card-description"[39m
              [36m>[39m
                [0mView classroom schedules and reservations[0m
              [36m</div>[39m
            [36m</div>[39m
            [36m<div[39m
              [33mclass[39m=[32m"flex items-center space-x-4"[39m
            [36m>[39m
              [36m<button[39m
                [33maria-autocomplete[39m=[32m"none"[39m
                [33maria-controls[39m=[32m"radix-:r1h:"[39m
                [33maria-expanded[39m=[32m"false"[39m
                [33mclass[39m=[32m"border-input data-[placeholder]:text-muted-foreground 
[&_svg:not([class*='text-'])]:text-muted-foreground focus-visible:border-ring focus-visible:ring-ring/50 
aria-invalid:ring-destructive/20 dark:aria-invalid:ring-destructive/40 aria-invalid:border-destructive 
dark:bg-input/30 dark:hover:bg-input/50 flex items-center justify-between gap-2 rounded-md border bg-input-background 
px-3 py-2 text-sm whitespace-nowrap transition-[color,box-shadow,transform] outline-none focus-visible:ring-[3px] 
disabled:cursor-not-allowed disabled:opacity-50 data-[size=default]:h-9 data-[size=sm]:h-8 data-[state=open]:scale-105 
[aria-expanded='true']:scale-105 data-[state=closed]:scale-100 [aria-expanded='false']:scale-100 
*:data-[slot=select-value]:line-clamp-1 *:data-[slot=select-value]:flex *:data-[slot=select-value]:items-center 
*:data-[slot=select-value]:gap-2 [&_svg]:pointer-events-none [&_svg]:shrink-0 [&_svg:not([class*='size-'])]:size-4 
w-24"[39m
                [33mdata-size[39m=[32m"default"[39m
                [33mdata-slot[39m=[32m"select-trigger"[39m
                [33mdata-state[39m=[32m"closed"[39m
                [33mdir[39m=[32m"ltr"[39m
                [33mrole[39m=[32m"combobox"[39m
                [33mtype[39m=[32m"button"[39m
              [36m>[39m
                [36m<span[39m
                  [33mdata-slot[39m=[32m"select-value"[39m
                  [33mstyle[39m=[32m"pointer-events: none;"[39m
                [36m>[39m
                  [0mDay[0m
                [36m</span>[39m
                [36m<svg[39m
                  [33maria-hidden[39m=[32m"true"[39m
                  [33mclass[39m=[32m"lucide lucide-chevron-down size-4 opacity-50"[39m
                  [33mfill[39m=[32m"none"[39m
                  [33mheight[39m=[32m"24"[39m
                  [33mstroke[39m=[32m"currentColor"[39m
                  [33mstroke-linecap[39m=[32m"round"[39m
                  [33mstroke-linejoin[39m=[32m"round"[39m
                  [33mstroke-width[39m=[32m"2"[39m
                  [33mviewBox[39m=[32m"0 0 24 24"[39m
                  [33mwidth[39m=[32m"24"[39m
                  [33mxmlns[39m=[32m"http://www.w3.org/2000/svg"[39m
                [36m>[39m
                  [36m<path[39m
                    [33md[39m=[32m"m6 9 6 6 6-6"[39m
                  [36m/>[39m
                [36m</svg>[39m
              [36m</button>[39m
              [36m<button[39m
                [33maria-autocomplete[39m=[32m"none"[39m
                [33maria-controls[39m=[32m"radix-:r1i:"[39m
                [33maria-expanded[39m=[32m"false"[39m
                [33mclass[39m=[32m"border-input data-[placeholder]:text-muted-foreground 
[&_svg:not([class*='text-'])]:text-muted-foreground focus-visible:border-ring focus-visible:ring-ring/50 
aria-invalid:ring-destructive/20 dark:aria-invalid:ring-destructive/40 aria-invalid:border-destructive 
dark:bg-input/30 dark:hover:bg-input/50 flex items-center justify-between gap-2 rounded-md border bg-input-background 
px-3 py-2 text-sm whitespace-nowrap transition-[color,box-shadow,transform] outline-none focus-visible:ring-[3px] 
disabled:cursor-not-allowed disabled:opacity-50 data-[size=default]:h-9 data-[size=sm]:h-8 data-[state=open]:scale-105 
[aria-expanded='true']:scale-105 data-[state=closed]:scale-100 [aria-expanded='false']:scale-100 
*:data-[slot=select-value]:line-clamp-1 *:data-[slot=select-value]:flex *:data-[slot=select-value]:items-center 
*:data-[slot=select-value]:gap-2 [&_svg]:pointer-events-none [&_svg]:shrink-0 [&_svg:not([class*='size-'])]:size-4 
w-40"[39m
                [33mdata-size[39m=[32m"default"[39m
                [33mdata-slot[39m=[32m"select-trigger"[39m
                [33mdata-state[39m=[32m"closed"[39m
                [33mdir[39m=[32m"ltr"[39m
                [33mrole[39m=[32m"combobox"[39m
                [33mtype[39m=[32m"button"[39m
              [36m>[39m
                [36m<span[39m
                  [33mdata-slot[39m=[32m"select-value"[39m
                  [33mstyle[39m=[32m"pointer-events: none;"[39m
                [36m>[39m
                  [0mAll Rooms[0m
                [36m</span>[39m
                [36m<svg[39m
                  [33maria-hidden[39m=[32m"true"[39m
                  [33mclass[39m=[32m"lucide lucide-chevron-down size-4 opacity-50"[39m
                  [33mfill[39m=[32m"none"[39m
                  [33mheight[39m=[32m"24"[39m
                  [33mstroke[39m=[32m"currentColor"[39m
                  [33mstroke-linecap[39m=[32m"round"[39m
                  [33mstroke-linejoin[39m=[32m"round"[39m
                  [33mstroke-width[39m=[32m"2"[39m
                  [33mviewBox[39m=[32m"0 0 24 24"[39m
                  [33mwidth[39m=[32m"24"[39m
                  [33mxmlns[39m=[32m"http://www.w3.org/2000/svg"[39m
                [36m>[39m
                  [36m<path[39m
                    [33md[39m=[32m"m6 9 6 6 6-6"[39m
                  [36m/>[39m
                [36m</svg>[39m
              [36m</button>[39m
            [36m</div>[39m
          [36m</div>[39m
        [36m</div>[39m
        [36m<div[39m
          [33mclass[39m=[32m"px-6 [&:last-child]:pb-6"[39m
          [33mdata-slot[39m=[32m"card-content"[39m
        [36m>[39m
          [36m<div[39m
            [33mclass[39m=[32m"flex items-center justify-between mb-4"[39m
          [36m>[39m
            [36m<button[39m
              [33maria-label[39m=[32m"Previous day"[39m
              [33mclass[39m=[32m"inline-flex items-center justify-center whitespace-nowrap text-sm font-medium 
shadow-sm transition-all [&_svg]:pointer-events-none [&_svg:not([class*='size-'])]:size-4 shrink-0 [&_svg]:shrink-0 
outline-none focus-visible:border-ring focus-visible:ring-ring/50 focus-visible:ring-[3px] 
aria-invalid:ring-destructive/20 dark:aria-invalid:ring-destructive/40 aria-invalid:border-destructive 
disabled:bg-gray-200 disabled:text-gray-500 disabled:cursor-not-allowed disabled:opacity-100 border bg-background 
text-foreground hover:bg-accent hover:text-accent-foreground dark:bg-input/30 dark:border-input dark:hover:bg-input/50 
h-8 rounded-md gap-1.5 px-3 has-[>svg]:px-2.5"[39m
              [33mdata-slot[39m=[32m"button"[39m
            [36m>[39m
              [36m<svg[39m
                [33maria-hidden[39m=[32m"true"[39m
                [33mclass[39m=[32m"lucide lucide-chevron-left h-4 w-4"[39m
                [33mfill[39m=[32m"none"[39m
                [33mheight[39m=[32m"24"[39m
                [33mstroke[39m=[32m"currentColor"[39m
                [33mstroke-linecap[39m=[32m"round"[39m
                [33mstroke-linejoin[39m=[32m"round"[39m
                [33mstroke-width[39m=[32m"2"[39m
                [33mviewBox[39m=[32m"0 0 24 24"[39m
                [33mwidth[39m=[32m"24"[39m
                [33mxmlns[39m=[32m"http://www.w3.org/2000/svg"[39m
              [36m>[39m
                [36m<path[39m
                  [33md[39m=[32m"m15 18-6-6 6-6"[39m
                [36m/>[39m
              [36m</svg>[39m
            [36m</button>[39m
            [36m<div[39m
              [33mclass[39m=[32m"text-center"[39m
            [36m>[39m
              [36m<h3[39m
                [33mclass[39m=[32m"font-semibold"[39m
              [36m>[39m
                [0mThursday, November 13, 2025[0m
              [36m</h3>[39m
            [36m</div>[39m
            [36m<button[39m
              [33maria-label[39m=[32m"Next day"[39m
              [33mclass[39m=[32m"inline-flex items-center justify-center whitespace-nowrap text-sm font-medium 
shadow-sm transition-all [&_svg]:pointer-events-none [&_svg:not([class*='size-'])]:size-4 shrink-0 [&_svg]:shrink-0 
outline-none focus-visible:border-ring focus-visible:ring-ring/50 focus-visible:ring-[3px] 
aria-invalid:ring-destructive/20 dark:aria-invalid:ring-destructive/40 aria-invalid:border-destructive 
disabled:bg-gray-200 disabled:text-gray-500 disabled:cursor-not-allowed disabled:opacity-100 border bg-background 
text-foreground hover:bg-accent hover:text-accent-foreground dark:bg-input/30 dark:border-input dark:hover:bg-input/50 
h-8 rounded-md gap-1.5 px-3 has-[>svg]:px-2.5"[39m
              [33mdata-slot[39m=[32m"button"[39m
            [36m>[39m
              [36m<svg[39m
                [33maria-hidden[39m=[32m"true"[39m
                [33mclass[39m=[32m"lucide lucide-chevron-right h-4 w-4"[39m
                [33mfill[39m=[32m"none"[39m
                [33mheight[39m=[32m"24"[39m
                [33mstroke[39m=[32m"currentColor"[39m
                [33mstroke-linecap[39m=[32m"round"[39m
                [33mstroke-linejoin[39m=[32m"round"[39m
                [33mstroke-width[39m=[32m"2"[39m
                [33mviewBox[39m=[32m"0 0 24 24"[39m
                [33mwidth[39m=[32m"24"[39m
                [33mxmlns[39m=[32m"http://www.w3.org/2000/svg"[39m
              [36m>[39m
                [36m<path[39m
                  [33md[39m=[32m"m9 18 6-6-6-6"[39m
                [36m/>[39m
              [36m</svg>[39m
            [36m</button>[39m
          [36m</div>[39m
          [36m<div[39m
            [33mclass[39m=[32m"text-center py-12 border-2 border-dashed rounded-lg"[39m
          [36m>[39m
            [36m<svg[39m
              [33maria-hidden[39m=[32m"true"[39m
              [33mclass[39m=[32m"lucide lucide-calendar h-12 w-12 text-gray-400 mx-auto mb-4"[39m
              [33mfill[39m=[32m"none"[39m
              [33mheight[39m=[32m"24"[39m
              [33mstroke[39m=[32m"currentColor"[39m
              [33mstroke-linecap[39m=[32m"round"[39m
              [33mstroke-linejoin[39m=[32m"round"[39m
              [33mstroke-width[39m=[32m"2"[39m
              [33mviewBox[39m=[32m"0 0 24 24"[39m
              [33mwidth[39m=[32m"24"[39m
              [33mxmlns[39m=[32m"http://www.w3.org/2000/svg"[39m
            [36m>[39m
              [36m<path[39m
                [33md[39m=[32m"M8 2v4"[39m
              [36m/>[39m
              [36m<path[39m
                [33md[39m=[32m"M16 2v4"[39m
              [36m/>[39m
              [36m<rect[39m
                [33mheight[39m=[32m"18"[39m
                [33mrx[39m=[32m"2"[39m
                [33mwidth[39m=[32m"18"[39m
                [33mx[39m=[32m"3"[39m
                [33my[39m=[32m"4"[39m
              [36m/>[39m
              [36m<path[39m
                [33md[39m=[32m"M3 10h18"[39m
              [36m/>[39m
            [36m</svg>[39m
            [36m<h3[39m
              [33mclass[39m=[32m"text-lg font-medium text-gray-900 mb-2"[39m
            [36m>[39m
              [0mNo Classes Scheduled[0m
            [36m</h3>[39m
            [36m<p[39m
              [33mclass[39m=[32m"text-gray-600"[39m
            [36m>[39m
              [0mThere are no confirmed classes for this day.[0m
            [36m</p>[39m
          [36m</div>[39m
        [36m</div>[39m
      [36m</div>[39m
    [36m</div>[39m
  [36m</div>[39m
[36m</body>[39m
 Γ¥» Object.getElementError node_modules/@testing-library/dom/dist/config.js:37:19
 Γ¥» node_modules/@testing-library/dom/dist/query-helpers.js:76:38
 Γ¥» node_modules/@testing-library/dom/dist/query-helpers.js:52:17
 Γ¥» node_modules/@testing-library/dom/dist/query-helpers.js:95:19
 Γ¥» src/__tests__/components/ScheduleViewer.test.tsx:150:21
    148|       render(<ScheduleViewer {...defaultProps} schedules={conflictingSΓÇª
    149| 
    150|       expect(screen.getByText(/Room A/i)).toBeInTheDocument();
       |                     ^
    151|     });
    152|   });

ΓÄ»ΓÄ»ΓÄ»ΓÄ»ΓÄ»ΓÄ»ΓÄ»ΓÄ»ΓÄ»ΓÄ»ΓÄ»ΓÄ»ΓÄ»ΓÄ»ΓÄ»ΓÄ»ΓÄ»ΓÄ»ΓÄ»ΓÄ»ΓÄ»[44/107]ΓÄ»

 FAIL  src/__tests__/components/ScheduleViewer.test.tsx > ScheduleViewer > filter > should filter schedules by 
classroom
TestingLibraryElementError: Unable to find an accessible element with the role "combobox" and name `/classroom/i`

Here are the accessible roles:

  heading:

  Name "Schedule Overview":
  [36m<h4[39m
    [33mclass[39m=[32m"leading-none"[39m
    [33mdata-slot[39m=[32m"card-title"[39m
  [36m/>[39m

  Name "Thursday, November 13, 2025":
  [36m<h3[39m
    [33mclass[39m=[32m"font-semibold"[39m
  [36m/>[39m

  Name "No Classes Scheduled":
  [36m<h3[39m
    [33mclass[39m=[32m"text-lg font-medium text-gray-900 mb-2"[39m
  [36m/>[39m

  --------------------------------------------------
  combobox:

  Name "":
  [36m<button[39m
    [33maria-autocomplete[39m=[32m"none"[39m
    [33maria-controls[39m=[32m"radix-:r1o:"[39m
    [33maria-expanded[39m=[32m"false"[39m
    [33mclass[39m=[32m"border-input data-[placeholder]:text-muted-foreground 
[&_svg:not([class*='text-'])]:text-muted-foreground focus-visible:border-ring focus-visible:ring-ring/50 
aria-invalid:ring-destructive/20 dark:aria-invalid:ring-destructive/40 aria-invalid:border-destructive 
dark:bg-input/30 dark:hover:bg-input/50 flex items-center justify-between gap-2 rounded-md border bg-input-background 
px-3 py-2 text-sm whitespace-nowrap transition-[color,box-shadow,transform] outline-none focus-visible:ring-[3px] 
disabled:cursor-not-allowed disabled:opacity-50 data-[size=default]:h-9 data-[size=sm]:h-8 data-[state=open]:scale-105 
[aria-expanded='true']:scale-105 data-[state=closed]:scale-100 [aria-expanded='false']:scale-100 
*:data-[slot=select-value]:line-clamp-1 *:data-[slot=select-value]:flex *:data-[slot=select-value]:items-center 
*:data-[slot=select-value]:gap-2 [&_svg]:pointer-events-none [&_svg]:shrink-0 [&_svg:not([class*='size-'])]:size-4 
w-24"[39m
    [33mdata-size[39m=[32m"default"[39m
    [33mdata-slot[39m=[32m"select-trigger"[39m
    [33mdata-state[39m=[32m"closed"[39m
    [33mdir[39m=[32m"ltr"[39m
    [33mrole[39m=[32m"combobox"[39m
    [33mtype[39m=[32m"button"[39m
  [36m/>[39m

  Name "":
  [36m<button[39m
    [33maria-autocomplete[39m=[32m"none"[39m
    [33maria-controls[39m=[32m"radix-:r1p:"[39m
    [33maria-expanded[39m=[32m"false"[39m
    [33mclass[39m=[32m"border-input data-[placeholder]:text-muted-foreground 
[&_svg:not([class*='text-'])]:text-muted-foreground focus-visible:border-ring focus-visible:ring-ring/50 
aria-invalid:ring-destructive/20 dark:aria-invalid:ring-destructive/40 aria-invalid:border-destructive 
dark:bg-input/30 dark:hover:bg-input/50 flex items-center justify-between gap-2 rounded-md border bg-input-background 
px-3 py-2 text-sm whitespace-nowrap transition-[color,box-shadow,transform] outline-none focus-visible:ring-[3px] 
disabled:cursor-not-allowed disabled:opacity-50 data-[size=default]:h-9 data-[size=sm]:h-8 data-[state=open]:scale-105 
[aria-expanded='true']:scale-105 data-[state=closed]:scale-100 [aria-expanded='false']:scale-100 
*:data-[slot=select-value]:line-clamp-1 *:data-[slot=select-value]:flex *:data-[slot=select-value]:items-center 
*:data-[slot=select-value]:gap-2 [&_svg]:pointer-events-none [&_svg]:shrink-0 [&_svg:not([class*='size-'])]:size-4 
w-40"[39m
    [33mdata-size[39m=[32m"default"[39m
    [33mdata-slot[39m=[32m"select-trigger"[39m
    [33mdata-state[39m=[32m"closed"[39m
    [33mdir[39m=[32m"ltr"[39m
    [33mrole[39m=[32m"combobox"[39m
    [33mtype[39m=[32m"button"[39m
  [36m/>[39m

  --------------------------------------------------
  button:

  Name "Previous day":
  [36m<button[39m
    [33maria-label[39m=[32m"Previous day"[39m
    [33mclass[39m=[32m"inline-flex items-center justify-center whitespace-nowrap text-sm font-medium shadow-sm 
transition-all [&_svg]:pointer-events-none [&_svg:not([class*='size-'])]:size-4 shrink-0 [&_svg]:shrink-0 outline-none 
focus-visible:border-ring focus-visible:ring-ring/50 focus-visible:ring-[3px] aria-invalid:ring-destructive/20 
dark:aria-invalid:ring-destructive/40 aria-invalid:border-destructive disabled:bg-gray-200 disabled:text-gray-500 
disabled:cursor-not-allowed disabled:opacity-100 border bg-background text-foreground hover:bg-accent 
hover:text-accent-foreground dark:bg-input/30 dark:border-input dark:hover:bg-input/50 h-8 rounded-md gap-1.5 px-3 
has-[>svg]:px-2.5"[39m
    [33mdata-slot[39m=[32m"button"[39m
  [36m/>[39m

  Name "Next day":
  [36m<button[39m
    [33maria-label[39m=[32m"Next day"[39m
    [33mclass[39m=[32m"inline-flex items-center justify-center whitespace-nowrap text-sm font-medium shadow-sm 
transition-all [&_svg]:pointer-events-none [&_svg:not([class*='size-'])]:size-4 shrink-0 [&_svg]:shrink-0 outline-none 
focus-visible:border-ring focus-visible:ring-ring/50 focus-visible:ring-[3px] aria-invalid:ring-destructive/20 
dark:aria-invalid:ring-destructive/40 aria-invalid:border-destructive disabled:bg-gray-200 disabled:text-gray-500 
disabled:cursor-not-allowed disabled:opacity-100 border bg-background text-foreground hover:bg-accent 
hover:text-accent-foreground dark:bg-input/30 dark:border-input dark:hover:bg-input/50 h-8 rounded-md gap-1.5 px-3 
has-[>svg]:px-2.5"[39m
    [33mdata-slot[39m=[32m"button"[39m
  [36m/>[39m

  --------------------------------------------------
  paragraph:

  Name "":
  [36m<p[39m
    [33mclass[39m=[32m"text-gray-600"[39m
  [36m/>[39m

  --------------------------------------------------

Ignored nodes: comments, script, style
[36m<body>[39m
  [36m<div>[39m
    [36m<div[39m
      [33mclass[39m=[32m"space-y-6"[39m
    [36m>[39m
      [36m<div[39m
        [33mclass[39m=[32m"bg-card text-card-foreground flex flex-col gap-6 rounded-xl border"[39m
        [33mdata-slot[39m=[32m"card"[39m
      [36m>[39m
        [36m<div[39m
          [33mclass[39m=[32m"@container/card-header grid auto-rows-min grid-rows-[auto_auto] items-start gap-1.5 
px-6 pt-6 has-data-[slot=card-action]:grid-cols-[1fr_auto] [.border-b]:pb-6"[39m
          [33mdata-slot[39m=[32m"card-header"[39m
        [36m>[39m
          [36m<div[39m
            [33mclass[39m=[32m"flex flex-col sm:flex-row sm:items-center sm:justify-between space-y-4 
sm:space-y-0"[39m
          [36m>[39m
            [36m<div>[39m
              [36m<h4[39m
                [33mclass[39m=[32m"leading-none"[39m
                [33mdata-slot[39m=[32m"card-title"[39m
              [36m>[39m
                [0mSchedule Overview[0m
              [36m</h4>[39m
              [36m<div[39m
                [33mclass[39m=[32m"text-muted-foreground"[39m
                [33mdata-slot[39m=[32m"card-description"[39m
              [36m>[39m
                [0mView classroom schedules and reservations[0m
              [36m</div>[39m
            [36m</div>[39m
            [36m<div[39m
              [33mclass[39m=[32m"flex items-center space-x-4"[39m
            [36m>[39m
              [36m<button[39m
                [33maria-autocomplete[39m=[32m"none"[39m
                [33maria-controls[39m=[32m"radix-:r1o:"[39m
                [33maria-expanded[39m=[32m"false"[39m
                [33mclass[39m=[32m"border-input data-[placeholder]:text-muted-foreground 
[&_svg:not([class*='text-'])]:text-muted-foreground focus-visible:border-ring focus-visible:ring-ring/50 
aria-invalid:ring-destructive/20 dark:aria-invalid:ring-destructive/40 aria-invalid:border-destructive 
dark:bg-input/30 dark:hover:bg-input/50 flex items-center justify-between gap-2 rounded-md border bg-input-background 
px-3 py-2 text-sm whitespace-nowrap transition-[color,box-shadow,transform] outline-none focus-visible:ring-[3px] 
disabled:cursor-not-allowed disabled:opacity-50 data-[size=default]:h-9 data-[size=sm]:h-8 data-[state=open]:scale-105 
[aria-expanded='true']:scale-105 data-[state=closed]:scale-100 [aria-expanded='false']:scale-100 
*:data-[slot=select-value]:line-clamp-1 *:data-[slot=select-value]:flex *:data-[slot=select-value]:items-center 
*:data-[slot=select-value]:gap-2 [&_svg]:pointer-events-none [&_svg]:shrink-0 [&_svg:not([class*='size-'])]:size-4 
w-24"[39m
                [33mdata-size[39m=[32m"default"[39m
                [33mdata-slot[39m=[32m"select-trigger"[39m
                [33mdata-state[39m=[32m"closed"[39m
                [33mdir[39m=[32m"ltr"[39m
                [33mrole[39m=[32m"combobox"[39m
                [33mtype[39m=[32m"button"[39m
              [36m>[39m
                [36m<span[39m
                  [33mdata-slot[39m=[32m"select-value"[39m
                  [33mstyle[39m=[32m"pointer-events: none;"[39m
                [36m>[39m
                  [0mDay[0m
                [36m</span>[39m
                [36m<svg[39m
                  [33maria-hidden[39m=[32m"true"[39m
                  [33mclass[39m=[32m"lucide lucide-chevron-down size-4 opacity-50"[39m
                  [33mfill[39m=[32m"none"[39m
                  [33mheight[39m=[32m"24"[39m
                  [33mstroke[39m=[32m"currentColor"[39m
                  [33mstroke-linecap[39m=[32m"round"[39m
                  [33mstroke-linejoin[39m=[32m"round"[39m
                  [33mstroke-width[39m=[32m"2"[39m
                  [33mviewBox[39m=[32m"0 0 24 24"[39m
                  [33mwidth[39m=[32m"24"[39m
                  [33mxmlns[39m=[32m"http://www.w3.org/2000/svg"[39m
                [36m>[39m
                  [36m<path[39m
                    [33md[39m=[32m"m6 9 6 6 6-6"[39m
                  [36m/>[39m
                [36m</svg>[39m
              [36m</button>[39m
              [36m<button[39m
                [33maria-autocomplete[39m=[32m"none"[39m
                [33maria-controls[39m=[32m"radix-:r1p:"[39m
                [33maria-expanded[39m=[32m"false"[39m
                [33mclass[39m=[32m"border-input data-[placeholder]:text-muted-foreground 
[&_svg:not([class*='text-'])]:text-muted-foreground focus-visible:border-ring focus-visible:ring-ring/50 
aria-invalid:ring-destructive/20 dark:aria-invalid:ring-destructive/40 aria-invalid:border-destructive 
dark:bg-input/30 dark:hover:bg-input/50 flex items-center justify-between gap-2 rounded-md border bg-input-background 
px-3 py-2 text-sm whitespace-nowrap transition-[color,box-shadow,transform] outline-none focus-visible:ring-[3px] 
disabled:cursor-not-allowed disabled:opacity-50 data-[size=default]:h-9 data-[size=sm]:h-8 data-[state=open]:scale-105 
[aria-expanded='true']:scale-105 data-[state=closed]:scale-100 [aria-expanded='false']:scale-100 
*:data-[slot=select-value]:line-clamp-1 *:data-[slot=select-value]:flex *:data-[slot=select-value]:items-center 
*:data-[slot=select-value]:gap-2 [&_svg]:pointer-events-none [&_svg]:shrink-0 [&_svg:not([class*='size-'])]:size-4 
w-40"[39m
                [33mdata-size[39m=[32m"default"[39m
                [33mdata-slot[39m=[32m"select-trigger"[39m
                [33mdata-state[39m=[32m"closed"[39m
                [33mdir[39m=[32m"ltr"[39m
                [33mrole[39m=[32m"combobox"[39m
                [33mtype[39m=[32m"button"[39m
              [36m>[39m
                [36m<span[39m
                  [33mdata-slot[39m=[32m"select-value"[39m
                  [33mstyle[39m=[32m"pointer-events: none;"[39m
                [36m>[39m
                  [0mAll Rooms[0m
                [36m</span>[39m
                [36m<svg[39m
                  [33maria-hidden[39m=[32m"true"[39m
                  [33mclass[39m=[32m"lucide lucide-chevron-down size-4 opacity-50"[39m
                  [33mfill[39m=[32m"none"[39m
                  [33mheight[39m=[32m"24"[39m
                  [33mstroke[39m=[32m"currentColor"[39m
                  [33mstroke-linecap[39m=[32m"round"[39m
                  [33mstroke-linejoin[39m=[32m"round"[39m
                  [33mstroke-width[39m=[32m"2"[39m
                  [33mviewBox[39m=[32m"0 0 24 24"[39m
                  [33mwidth[39m=[32m"24"[39m
                  [33mxmlns[39m=[32m"http://www.w3.org/2000/svg"[39m
                [36m>[39m
                  [36m<path[39m
                    [33md[39m=[32m"m6 9 6 6 6-6"[39m
                  [36m/>[39m
                [36m</svg>[39m
              [36m</button>[39m
            [36m</div>[39m
          [36m</div>[39m
        [36m</div>[39m
        [36m<div[39m
          [33mclass[39m=[32m"px-6 [&:last-child]:pb-6"[39m
          [33mdata-slot[39m=[32m"card-content"[39m
        [36m>[39m
          [36m<div[39m
            [33mclass[39m=[32m"flex items-center justify-between mb-4"[39m
          [36m>[39m
            [36m<button[39m
              [33maria-label[39m=[32m"Previous day"[39m
              [33mclass[39m=[32m"inline-flex items-center justify-center whitespace-nowrap text-sm font-medium 
shadow-sm transition-all [&_svg]:pointer-events-none [&_svg:not([class*='size-'])]:size-4 shrink-0 [&_svg]:shrink-0 
outline-none focus-visible:border-ring focus-visible:ring-ring/50 focus-visible:ring-[3px] 
aria-invalid:ring-destructive/20 dark:aria-invalid:ring-destructive/40 aria-invalid:border-destructive 
disabled:bg-gray-200 disabled:text-gray-500 disabled:cursor-not-allowed disabled:opacity-100 border bg-background 
text-foreground hover:bg-accent hover:text-accent-foreground dark:bg-input/30 dark:border-input dark:hover:bg-input/50 
h-8 rounded-md gap-1.5 px-3 has-[>svg]:px-2.5"[39m
              [33mdata-slot[39m=[32m"button"[39m
            [36m>[39m
              [36m<svg[39m
                [33maria-hidden[39m=[32m"true"[39m
                [33mclass[39m=[32m"lucide lucide-chevron-left h-4 w-4"[39m
                [33mfill[39m=[32m"none"[39m
                [33mheight[39m=[32m"24"[39m
                [33mstroke[39m=[32m"currentColor"[39m
                [33mstroke-linecap[39m=[32m"round"[39m
                [33mstroke-linejoin[39m=[32m"round"[39m
                [33mstroke-width[39m=[32m"2"[39m
                [33mviewBox[39m=[32m"0 0 24 24"[39m
                [33mwidth[39m=[32m"24"[39m
                [33mxmlns[39m=[32m"http://www.w3.org/2000/svg"[39m
              [36m>[39m
                [36m<path[39m
                  [33md[39m=[32m"m15 18-6-6 6-6"[39m
                [36m/>[39m
              [36m</svg>[39m
            [36m</button>[39m
            [36m<div[39m
              [33mclass[39m=[32m"text-center"[39m
            [36m>[39m
              [36m<h3[39m
                [33mclass[39m=[32m"font-semibold"[39m
              [36m>[39m
                [0mThursday, November 13, 2025[0m
              [36m</h3>[39m
            [36m</div>[39m
            [36m<button[39m
              [33maria-label[39m=[32m"Next day"[39m
              [33mclass[39m=[32m"inline-flex items-center justify-center whitespace-nowrap text-sm font-medium 
shadow-sm transition-all [&_svg]:pointer-events-none [&_svg:not([class*='size-'])]:size-4 shrink-0 [&_svg]:shrink-0 
outline-none focus-visible:border-ring focus-visible:ring-ring/50 focus-visible:ring-[3px] 
aria-invalid:ring-destructive/20 dark:aria-invalid:ring-destructive/40 aria-invalid:border-destructive 
disabled:bg-gray-200 disabled:text-gray-500 disabled:cursor-not-allowed disabled:opacity-100 border bg-background 
text-foreground hover:bg-accent hover:text-accent-foreground dark:bg-input/30 dark:border-input dark:hover:bg-input/50 
h-8 rounded-md gap-1.5 px-3 has-[>svg]:px-2.5"[39m
              [33mdata-slot[39m=[32m"button"[39m
            [36m>[39m
              [36m<svg[39m
                [33maria-hidden[39m=[32m"true"[39m
                [33mclass[39m=[32m"lucide lucide-chevron-right h-4 w-4"[39m
                [33mfill[39m=[32m"none"[39m
                [33mheight[39m=[32m"24"[39m
                [33mstroke[39m=[32m"currentColor"[39m
                [33mstroke-linecap[39m=[32m"round"[39m
                [33mstroke-linejoin[39m=[32m"round"[39m
                [33mstroke-width[39m=[32m"2"[39m
                [33mviewBox[39m=[32m"0 0 24 24"[39m
                [33mwidth[39m=[32m"24"[39m
                [33mxmlns[39m=[32m"http://www.w3.org/2000/svg"[39m
              [36m>[39m
                [36m<path[39m
                  [33md[39m=[32m"m9 18 6-6-6-6"[39m
                [36m/>[39m
              [36m</svg>[39m
            [36m</button>[39m
          [36m</div>[39m
          [36m<div[39m
            [33mclass[39m=[32m"text-center py-12 border-2 border-dashed rounded-lg"[39m
          [36m>[39m
            [36m<svg[39m
              [33maria-hidden[39m=[32m"true"[39m
              [33mclass[39m=[32m"lucide lucide-calendar h-12 w-12 text-gray-400 mx-auto mb-4"[39m
              [33mfill[39m=[32m"none"[39m
              [33mheight[39m=[32m"24"[39m
              [33mstroke[39m=[32m"currentColor"[39m
              [33mstroke-linecap[39m=[32m"round"[39m
              [33mstroke-linejoin[39m=[32m"round"[39m
              [33mstroke-width[39m=[32m"2"[39m
              [33mviewBox[39m=[32m"0 0 24 24"[39m
              [33mwidth[39m=[32m"24"[39m
              [33mxmlns[39m=[32m"http://www.w3.org/2000/svg"[39m
            [36m>[39m
              [36m<path[39m
                [33md[39m=[32m"M8 2v4"[39m
              [36m/>[39m
              [36m<path[39m
                [33md[39m=[32m"M16 2v4"[39m
              [36m/>[39m
              [36m<rect[39m
                [33mheight[39m=[32m"18"[39m
                [33mrx[39m=[32m"2"[39m
                [33mwidth[39m=[32m"18"[39m
                [33mx[39m=[32m"3"[39m
                [33my[39m=[32m"4"[39m
              [36m/>[39m
              [36m<path[39m
                [33md[39m=[32m"M3 10h18"[39m
              [36m/>[39m
            [36m</svg>[39m
            [36m<h3[39m
              [33mclass[39m=[32m"text-lg font-medium text-gray-900 mb-2"[39m
            [36m>[39m
              [0mNo Classes Scheduled[0m
            [36m</h3>[39m
            [36m<p[39m
              [33mclass[39m=[32m"text-gray-600"[39m
            [36m>[39m
              [0mThere are no confirmed classes for this day.[0m
            [36m</p>[39m
          [36m</div>[39m
        [36m</div>[39m
      [36m</div>[39m
    [36m</div>[39m
  [36m</div>[39m
[36m</body>[39m
 Γ¥» Object.getElementError node_modules/@testing-library/dom/dist/config.js:37:19
 Γ¥» node_modules/@testing-library/dom/dist/query-helpers.js:76:38
 Γ¥» node_modules/@testing-library/dom/dist/query-helpers.js:52:17
 Γ¥» node_modules/@testing-library/dom/dist/query-helpers.js:95:19
 Γ¥» src/__tests__/components/ScheduleViewer.test.tsx:159:38
    157|       render(<ScheduleViewer {...defaultProps} />);
    158| 
    159|       const classroomSelect = screen.getByRole('combobox', { name: /clΓÇª
       |                                      ^
    160|       if (classroomSelect) {
    161|         await user.click(classroomSelect);

ΓÄ»ΓÄ»ΓÄ»ΓÄ»ΓÄ»ΓÄ»ΓÄ»ΓÄ»ΓÄ»ΓÄ»ΓÄ»ΓÄ»ΓÄ»ΓÄ»ΓÄ»ΓÄ»ΓÄ»ΓÄ»ΓÄ»ΓÄ»ΓÄ»[45/107]ΓÄ»

 FAIL  src/__tests__/hooks/useBulkRunner.test.ts > useBulkRunner > pause/resume > should cancel running tasks
AssertionError: expected true to be false // Object.is equality

Ignored nodes: comments, script, style
[36m<html>[39m
  [36m<head />[39m
  [36m<body>[39m
    [36m<div />[39m
  [36m</body>[39m
[36m</html>[39m

- Expected
+ Received

- false
+ true

 Γ¥» src/__tests__/hooks/useBulkRunner.test.ts:137:40
    135| 
    136|       await waitFor(() => {
    137|         expect(result.current.running).toBe(false);
       |                                        ^
    138|       });
    139|     });
 Γ¥» runWithExpensiveErrorDiagnosticsDisabled node_modules/@testing-library/dom/dist/config.js:47:12
 Γ¥» checkCallback node_modules/@testing-library/dom/dist/wait-for.js:124:77
 Γ¥» Timeout.checkRealTimersCallback node_modules/@testing-library/dom/dist/wait-for.js:118:16

ΓÄ»ΓÄ»ΓÄ»ΓÄ»ΓÄ»ΓÄ»ΓÄ»ΓÄ»ΓÄ»ΓÄ»ΓÄ»ΓÄ»ΓÄ»ΓÄ»ΓÄ»ΓÄ»ΓÄ»ΓÄ»ΓÄ»ΓÄ»ΓÄ»[46/107]ΓÄ»

 FAIL  src/__tests__/hooks/useIdleTimeout.test.ts > useIdleTimeout > init > should start countdown timer on mount
Error: Test timed out in 10000ms.
If this is a long-running test, pass a timeout value as the last argument or configure it globally with "testTimeout".
 Γ¥» src/__tests__/hooks/useIdleTimeout.test.ts:30:5
     28|     });
     29| 
     30|     it('should start countdown timer on mount', async () => {
       |     ^
     31|       const onIdle = vi.fn();
     32|       renderHook(() =>

ΓÄ»ΓÄ»ΓÄ»ΓÄ»ΓÄ»ΓÄ»ΓÄ»ΓÄ»ΓÄ»ΓÄ»ΓÄ»ΓÄ»ΓÄ»ΓÄ»ΓÄ»ΓÄ»ΓÄ»ΓÄ»ΓÄ»ΓÄ»ΓÄ»[47/107]ΓÄ»

 FAIL  src/__tests__/hooks/useIdleTimeout.test.ts > useIdleTimeout > activity detection > should reset timer on mouse 
activity
Error: Test timed out in 10000ms.
If this is a long-running test, pass a timeout value as the last argument or configure it globally with "testTimeout".
 Γ¥» src/__tests__/hooks/useIdleTimeout.test.ts:50:5
     48| 
     49|   describe('activity detection', () => {
     50|     it('should reset timer on mouse activity', async () => {
       |     ^
     51|       const onIdle = vi.fn();
     52|       const { result } = renderHook(() =>

ΓÄ»ΓÄ»ΓÄ»ΓÄ»ΓÄ»ΓÄ»ΓÄ»ΓÄ»ΓÄ»ΓÄ»ΓÄ»ΓÄ»ΓÄ»ΓÄ»ΓÄ»ΓÄ»ΓÄ»ΓÄ»ΓÄ»ΓÄ»ΓÄ»[48/107]ΓÄ»

 FAIL  src/__tests__/hooks/useIdleTimeout.test.ts > useIdleTimeout > activity detection > should reset timer on 
keyboard activity
Error: Test timed out in 10000ms.
If this is a long-running test, pass a timeout value as the last argument or configure it globally with "testTimeout".
 Γ¥» src/__tests__/hooks/useIdleTimeout.test.ts:75:5
     73|     });
     74| 
     75|     it('should reset timer on keyboard activity', async () => {
       |     ^
     76|       const onIdle = vi.fn();
     77|       const { result } = renderHook(() =>

ΓÄ»ΓÄ»ΓÄ»ΓÄ»ΓÄ»ΓÄ»ΓÄ»ΓÄ»ΓÄ»ΓÄ»ΓÄ»ΓÄ»ΓÄ»ΓÄ»ΓÄ»ΓÄ»ΓÄ»ΓÄ»ΓÄ»ΓÄ»ΓÄ»[49/107]ΓÄ»

 FAIL  src/__tests__/hooks/useIdleTimeout.test.ts > useIdleTimeout > warning fires > should fire warning callback 
before timeout
Error: Test timed out in 10000ms.
If this is a long-running test, pass a timeout value as the last argument or configure it globally with "testTimeout".
 Γ¥» src/__tests__/hooks/useIdleTimeout.test.ts:114:5
    112| 
    113|   describe('warning fires', () => {
    114|     it('should fire warning callback before timeout', async () => {
       |     ^
    115|       const onIdle = vi.fn();
    116|       const onWarning = vi.fn();

ΓÄ»ΓÄ»ΓÄ»ΓÄ»ΓÄ»ΓÄ»ΓÄ»ΓÄ»ΓÄ»ΓÄ»ΓÄ»ΓÄ»ΓÄ»ΓÄ»ΓÄ»ΓÄ»ΓÄ»ΓÄ»ΓÄ»ΓÄ»ΓÄ»[50/107]ΓÄ»

 FAIL  src/__tests__/hooks/useIdleTimeout.test.ts > useIdleTimeout > idle logout > should call onIdle when timeout is 
reached
Error: Test timed out in 10000ms.
If this is a long-running test, pass a timeout value as the last argument or configure it globally with "testTimeout".
 Γ¥» src/__tests__/hooks/useIdleTimeout.test.ts:140:5
    138| 
    139|   describe('idle logout', () => {
    140|     it('should call onIdle when timeout is reached', async () => {
       |     ^
    141|       const onIdle = vi.fn();
    142|       renderHook(() =>

ΓÄ»ΓÄ»ΓÄ»ΓÄ»ΓÄ»ΓÄ»ΓÄ»ΓÄ»ΓÄ»ΓÄ»ΓÄ»ΓÄ»ΓÄ»ΓÄ»ΓÄ»ΓÄ»ΓÄ»ΓÄ»ΓÄ»ΓÄ»ΓÄ»[51/107]ΓÄ»

 FAIL  src/__tests__/hooks/useIdleTimeout.test.ts > useIdleTimeout > idle logout > should set isIdle to true when 
timeout is reached
Error: Test timed out in 10000ms.
If this is a long-running test, pass a timeout value as the last argument or configure it globally with "testTimeout".
 Γ¥» src/__tests__/hooks/useIdleTimeout.test.ts:158:5
    156|     });
    157| 
    158|     it('should set isIdle to true when timeout is reached', async () =ΓÇª
       |     ^
    159|       const onIdle = vi.fn();
    160|       const { result } = renderHook(() =>

ΓÄ»ΓÄ»ΓÄ»ΓÄ»ΓÄ»ΓÄ»ΓÄ»ΓÄ»ΓÄ»ΓÄ»ΓÄ»ΓÄ»ΓÄ»ΓÄ»ΓÄ»ΓÄ»ΓÄ»ΓÄ»ΓÄ»ΓÄ»ΓÄ»[52/107]ΓÄ»

 FAIL  src/__tests__/hooks/useIdleTimeout.test.ts > useIdleTimeout > extendSession > should extend session when called
Error: Test timed out in 10000ms.
If this is a long-running test, pass a timeout value as the last argument or configure it globally with "testTimeout".
 Γ¥» src/__tests__/hooks/useIdleTimeout.test.ts:178:5
    176| 
    177|   describe('extendSession', () => {
    178|     it('should extend session when called', async () => {
       |     ^
    179|       const onIdle = vi.fn();
    180|       const { result } = renderHook(() =>

ΓÄ»ΓÄ»ΓÄ»ΓÄ»ΓÄ»ΓÄ»ΓÄ»ΓÄ»ΓÄ»ΓÄ»ΓÄ»ΓÄ»ΓÄ»ΓÄ»ΓÄ»ΓÄ»ΓÄ»ΓÄ»ΓÄ»ΓÄ»ΓÄ»[53/107]ΓÄ»

 FAIL  src/__tests__/hooks/useIdleTimeout.test.ts > useIdleTimeout > cascading activities > should handle touch 
activity
Error: Test timed out in 10000ms.
If this is a long-running test, pass a timeout value as the last argument or configure it globally with "testTimeout".
 Γ¥» src/__tests__/hooks/useIdleTimeout.test.ts:229:5
    227|     });
    228| 
    229|     it('should handle touch activity', async () => {
       |     ^
    230|       const onIdle = vi.fn();
    231|       const { result } = renderHook(() =>

ΓÄ»ΓÄ»ΓÄ»ΓÄ»ΓÄ»ΓÄ»ΓÄ»ΓÄ»ΓÄ»ΓÄ»ΓÄ»ΓÄ»ΓÄ»ΓÄ»ΓÄ»ΓÄ»ΓÄ»ΓÄ»ΓÄ»ΓÄ»ΓÄ»[54/107]ΓÄ»

 FAIL  src/__tests__/hooks/useIdleTimeout.test.ts > useIdleTimeout > cascading activities > should handle click 
activity
Error: Test timed out in 10000ms.
If this is a long-running test, pass a timeout value as the last argument or configure it globally with "testTimeout".
 Γ¥» src/__tests__/hooks/useIdleTimeout.test.ts:248:5
    246|     });
    247| 
    248|     it('should handle click activity', async () => {
       |     ^
    249|       const onIdle = vi.fn();
    250|       const { result } = renderHook(() =>

ΓÄ»ΓÄ»ΓÄ»ΓÄ»ΓÄ»ΓÄ»ΓÄ»ΓÄ»ΓÄ»ΓÄ»ΓÄ»ΓÄ»ΓÄ»ΓÄ»ΓÄ»ΓÄ»ΓÄ»ΓÄ»ΓÄ»ΓÄ»ΓÄ»[55/107]ΓÄ»

 FAIL  src/__tests__/hooks/useIdleTimeout.test.ts > useIdleTimeout > onActive callback > should call onActive when 
user becomes active after idle
Error: Test timed out in 10000ms.
If this is a long-running test, pass a timeout value as the last argument or configure it globally with "testTimeout".
 Γ¥» src/__tests__/hooks/useIdleTimeout.test.ts:312:5
    310| 
    311|   describe('onActive callback', () => {
    312|     it('should call onActive when user becomes active after idle', asyΓÇª
       |     ^
    313|       const onIdle = vi.fn();
    314|       const onActive = vi.fn();

ΓÄ»ΓÄ»ΓÄ»ΓÄ»ΓÄ»ΓÄ»ΓÄ»ΓÄ»ΓÄ»ΓÄ»ΓÄ»ΓÄ»ΓÄ»ΓÄ»ΓÄ»ΓÄ»ΓÄ»ΓÄ»ΓÄ»ΓÄ»ΓÄ»[56/107]ΓÄ»

 FAIL  src/__tests__/hooks/useIdleTimeout.test.ts > useIdleTimeout > resetTimer > should reset timer when called 
manually
Error: Test timed out in 10000ms.
If this is a long-running test, pass a timeout value as the last argument or configure it globally with "testTimeout".
 Γ¥» src/__tests__/hooks/useIdleTimeout.test.ts:345:5
    343| 
    344|   describe('resetTimer', () => {
    345|     it('should reset timer when called manually', async () => {
       |     ^
    346|       const onIdle = vi.fn();
    347|       const { result } = renderHook(() =>

ΓÄ»ΓÄ»ΓÄ»ΓÄ»ΓÄ»ΓÄ»ΓÄ»ΓÄ»ΓÄ»ΓÄ»ΓÄ»ΓÄ»ΓÄ»ΓÄ»ΓÄ»ΓÄ»ΓÄ»ΓÄ»ΓÄ»ΓÄ»ΓÄ»[57/107]ΓÄ»

 FAIL  src/__tests__/hooks/useIdleTimeout.test.ts > useIdleTimeout > timeRemaining accuracy > should update 
timeRemaining accurately
Error: Test timed out in 10000ms.
If this is a long-running test, pass a timeout value as the last argument or configure it globally with "testTimeout".
 Γ¥» src/__tests__/hooks/useIdleTimeout.test.ts:371:5
    369| 
    370|   describe('timeRemaining accuracy', () => {
    371|     it('should update timeRemaining accurately', async () => {
       |     ^
    372|       const onIdle = vi.fn();
    373|       const { result } = renderHook(() =>

ΓÄ»ΓÄ»ΓÄ»ΓÄ»ΓÄ»ΓÄ»ΓÄ»ΓÄ»ΓÄ»ΓÄ»ΓÄ»ΓÄ»ΓÄ»ΓÄ»ΓÄ»ΓÄ»ΓÄ»ΓÄ»ΓÄ»ΓÄ»ΓÄ»[58/107]ΓÄ»

 FAIL  src/__tests__/integration/accessibility.integration.test.tsx > Accessibility Integration > aria-labels > should 
have proper ARIA labels on all interactive elements
TestingLibraryElementError: Unable to find an accessible element with the role "button"

Here are the accessible roles:

  heading:

  Name "Test Faculty":
  [36m<h4[39m
    [33mclass[39m=[32m"text-lg"[39m
    [33mdata-slot[39m=[32m"card-title"[39m
  [36m/>[39m

  --------------------------------------------------
  paragraph:

  Name "":
  [36m<p[39m
    [33mclass[39m=[32m"font-medium text-gray-900"[39m
  [36m/>[39m

  Name "":
  [36m<p[39m
    [33mclass[39m=[32m"text-gray-700 mt-1"[39m
  [36m/>[39m

  Name "":
  [36m<p[39m
    [33mclass[39m=[32m"text-sm text-muted-foreground"[39m
  [36m/>[39m

  --------------------------------------------------
  status:

  Name "":
  [36m<span[39m
    [33maria-live[39m=[32m"polite"[39m
    [33mclass[39m=[32m"sr-only"[39m
    [33mrole[39m=[32m"status"[39m
  [36m/>[39m

  --------------------------------------------------

Ignored nodes: comments, script, style
[36m<body>[39m
  [36m<div>[39m
    [36m<div[39m
      [33mclass[39m=[32m"bg-card text-card-foreground flex flex-col gap-6 rounded-xl border border-l-4 
border-l-orange-500 transition-shadow hover:shadow-md"[39m
      [33mdata-slot[39m=[32m"card"[39m
    [36m>[39m
      [36m<div[39m
        [33mclass[39m=[32m"@container/card-header grid auto-rows-min grid-rows-[auto_auto] items-start gap-1.5 px-6 
pt-6 has-data-[slot=card-action]:grid-cols-[1fr_auto] [.border-b]:pb-6 pb-3"[39m
        [33mdata-slot[39m=[32m"card-header"[39m
      [36m>[39m
        [36m<div[39m
          [33mclass[39m=[32m"flex items-start justify-between"[39m
        [36m>[39m
          [36m<div[39m
            [33mclass[39m=[32m"flex items-start gap-3"[39m
          [36m>[39m
            [36m<div[39m
              [33mclass[39m=[32m"space-y-1"[39m
            [36m>[39m
              [36m<h4[39m
                [33mclass[39m=[32m"text-lg"[39m
                [33mdata-slot[39m=[32m"card-title"[39m
              [36m>[39m
                [0mTest Faculty[0m
              [36m</h4>[39m
              [36m<div[39m
                [33mclass[39m=[32m"text-muted-foreground text-sm"[39m
                [33mdata-slot[39m=[32m"card-description"[39m
              [36m>[39m
                [0mRequest ID: [0m
                [0mreq_1[0m
              [36m</div>[39m
            [36m</div>[39m
          [36m</div>[39m
          [36m<div[39m
            [33mclass[39m=[32m"flex items-center gap-2"[39m
          [36m>[39m
            [36m<span[39m
              [33mclass[39m=[32m"inline-flex items-center justify-center rounded-md border px-2 py-0.5 text-xs 
font-medium w-fit whitespace-nowrap shrink-0 [&>svg]:size-3 gap-1 [&>svg]:pointer-events-none 
focus-visible:border-ring focus-visible:ring-[3px] aria-invalid:ring-destructive/20 
dark:aria-invalid:ring-destructive/40 aria-invalid:border-destructive transition-[color,box-shadow] overflow-hidden 
border-transparent bg-destructive text-white [a&]:hover:bg-destructive/90 focus-visible:ring-destructive/20 
dark:focus-visible:ring-destructive/40 dark:bg-destructive/60"[39m
              [33mdata-slot[39m=[32m"badge"[39m
            [36m>[39m
              [0mExpired[0m
            [36m</span>[39m
          [36m</div>[39m
        [36m</div>[39m
      [36m</div>[39m
      [36m<div[39m
        [33mclass[39m=[32m"px-6 [&:last-child]:pb-6 space-y-4"[39m
        [33mdata-slot[39m=[32m"card-content"[39m
      [36m>[39m
        [36m<div[39m
          [33mclass[39m=[32m"space-y-3"[39m
        [36m>[39m
          [36m<div[39m
            [33mclass[39m=[32m"flex items-center gap-3 text-sm"[39m
          [36m>[39m
            [36m<svg[39m
              [33maria-hidden[39m=[32m"true"[39m
              [33mclass[39m=[32m"lucide lucide-calendar h-4 w-4 text-gray-500 flex-shrink-0"[39m
              [33mfill[39m=[32m"none"[39m
              [33mheight[39m=[32m"24"[39m
              [33mstroke[39m=[32m"currentColor"[39m
              [33mstroke-linecap[39m=[32m"round"[39m
              [33mstroke-linejoin[39m=[32m"round"[39m
              [33mstroke-width[39m=[32m"2"[39m
              [33mviewBox[39m=[32m"0 0 24 24"[39m
              [33mwidth[39m=[32m"24"[39m
              [33mxmlns[39m=[32m"http://www.w3.org/2000/svg"[39m
            [36m>[39m
              [36m<path[39m
                [33md[39m=[32m"M8 2v4"[39m
              [36m/>[39m
              [36m<path[39m
                [33md[39m=[32m"M16 2v4"[39m
              [36m/>[39m
              [36m<rect[39m
                [33mheight[39m=[32m"18"[39m
                [33mrx[39m=[32m"2"[39m
                [33mwidth[39m=[32m"18"[39m
                [33mx[39m=[32m"3"[39m
                [33my[39m=[32m"4"[39m
              [36m/>[39m
              [36m<path[39m
                [33md[39m=[32m"M3 10h18"[39m
              [36m/>[39m
            [36m</svg>[39m
            [36m<span[39m
              [33mclass[39m=[32m"font-medium text-gray-900"[39m
            [36m>[39m
              [0mMonday, January 15, 2024[0m
            [36m</span>[39m
          [36m</div>[39m
          [36m<div[39m
            [33mclass[39m=[32m"flex items-center gap-3 text-sm"[39m
          [36m>[39m
            [36m<svg[39m
              [33maria-hidden[39m=[32m"true"[39m
              [33mclass[39m=[32m"lucide lucide-clock h-4 w-4 text-gray-500 flex-shrink-0"[39m
              [33mfill[39m=[32m"none"[39m
              [33mheight[39m=[32m"24"[39m
              [33mstroke[39m=[32m"currentColor"[39m
              [33mstroke-linecap[39m=[32m"round"[39m
              [33mstroke-linejoin[39m=[32m"round"[39m
              [33mstroke-width[39m=[32m"2"[39m
              [33mviewBox[39m=[32m"0 0 24 24"[39m
              [33mwidth[39m=[32m"24"[39m
              [33mxmlns[39m=[32m"http://www.w3.org/2000/svg"[39m
            [36m>[39m
              [36m<path[39m
                [33md[39m=[32m"M12 6v6l4 2"[39m
              [36m/>[39m
              [36m<circle[39m
                [33mcx[39m=[32m"12"[39m
                [33mcy[39m=[32m"12"[39m
                [33mr[39m=[32m"10"[39m
              [36m/>[39m
            [36m</svg>[39m
            [36m<span[39m
              [33mclass[39m=[32m"text-gray-700"[39m
            [36m>[39m
              [0m9:00 AM - 10:00 AM[0m
            [36m</span>[39m
          [36m</div>[39m
          [36m<div[39m
            [33mclass[39m=[32m"flex items-center gap-3 text-sm"[39m
          [36m>[39m
            [36m<svg[39m
              [33maria-hidden[39m=[32m"true"[39m
              [33mclass[39m=[32m"lucide lucide-map-pin h-4 w-4 text-gray-500 flex-shrink-0"[39m
              [33mfill[39m=[32m"none"[39m
              [33mheight[39m=[32m"24"[39m
              [33mstroke[39m=[32m"currentColor"[39m
              [33mstroke-linecap[39m=[32m"round"[39m
              [33mstroke-linejoin[39m=[32m"round"[39m
              [33mstroke-width[39m=[32m"2"[39m
              [33mviewBox[39m=[32m"0 0 24 24"[39m
              [33mwidth[39m=[32m"24"[39m
              [33mxmlns[39m=[32m"http://www.w3.org/2000/svg"[39m
            [36m>[39m
              [36m<path[39m
                [33md[39m=[32m"M20 10c0 4.993-5.539 10.193-7.399 11.799a1 1 0 0 1-1.202 0C9.539 20.193 4 14.993 4 
10a8 8 0 0 1 16 0"[39m
              [36m/>[39m
              [36m<circle[39m
                [33mcx[39m=[32m"12"[39m
                [33mcy[39m=[32m"10"[39m
                [33mr[39m=[32m"3"[39m
              [36m/>[39m
            [36m</svg>[39m
            [36m<span[39m
              [33mclass[39m=[32m"text-gray-700"[39m
            [36m>[39m
              [0mRoom A[0m
            [36m</span>[39m
          [36m</div>[39m
          [36m<div[39m
            [33mclass[39m=[32m"flex items-start gap-3 text-sm"[39m
          [36m>[39m
            [36m<svg[39m
              [33maria-hidden[39m=[32m"true"[39m
              [33mclass[39m=[32m"lucide lucide-user h-4 w-4 text-gray-500 flex-shrink-0 mt-0.5"[39m
              [33mfill[39m=[32m"none"[39m
              [33mheight[39m=[32m"24"[39m
              [33mstroke[39m=[32m"currentColor"[39m
              [33mstroke-linecap[39m=[32m"round"[39m
              [33mstroke-linejoin[39m=[32m"round"[39m
              [33mstroke-width[39m=[32m"2"[39m
              [33mviewBox[39m=[32m"0 0 24 24"[39m
              [33mwidth[39m=[32m"24"[39m
              [33mxmlns[39m=[32m"http://www.w3.org/2000/svg"[39m
            [36m>[39m
              [36m<path[39m
                [33md[39m=[32m"M19 21v-2a4 4 0 0 0-4-4H9a4 4 0 0 0-4 4v2"[39m
              [36m/>[39m
              [36m<circle[39m
                [33mcx[39m=[32m"12"[39m
                [33mcy[39m=[32m"7"[39m
                [33mr[39m=[32m"4"[39m
              [36m/>[39m
            [36m</svg>[39m
            [36m<div[39m
              [33mclass[39m=[32m"flex-1"[39m
            [36m>[39m
              [36m<p[39m
                [33mclass[39m=[32m"font-medium text-gray-900"[39m
              [36m>[39m
                [0mPurpose:[0m
              [36m</p>[39m
              [36m<p[39m
                [33mclass[39m=[32m"text-gray-700 mt-1"[39m
              [36m>[39m
                [0mLecture[0m
              [36m</p>[39m
            [36m</div>[39m
          [36m</div>[39m
        [36m</div>[39m
        [36m<div[39m
          [33mclass[39m=[32m"flex gap-3 pt-3 border-t items-center"[39m
        [36m>[39m
          [36m<div[39m
            [33mclass[39m=[32m"flex-1"[39m
          [36m>[39m
            [36m<p[39m
              [33mclass[39m=[32m"text-sm text-muted-foreground"[39m
            [36m>[39m
              [0mExpired ╬ô├ç├╢ cannot be approved or rejected.[0m
            [36m</p>[39m
            [36m<span[39m
              [33maria-live[39m=[32m"polite"[39m
              [33mclass[39m=[32m"sr-only"[39m
              [33mrole[39m=[32m"status"[39m
            [36m>[39m
              [0mThis request has expired and cannot be approved or rejected.[0m
            [36m</span>[39m
          [36m</div>[39m
          [36m<div />[39m
        [36m</div>[39m
      [36m</div>[39m
    [36m</div>[39m
  [36m</div>[39m
[36m</body>[39m
 Γ¥» Object.getElementError node_modules/@testing-library/dom/dist/config.js:37:19
 Γ¥» node_modules/@testing-library/dom/dist/query-helpers.js:76:38
 Γ¥» node_modules/@testing-library/dom/dist/query-helpers.js:109:15
 Γ¥» src/__tests__/integration/accessibility.integration.test.tsx:32:30
     30|       );
     31| 
     32|       const buttons = screen.getAllByRole('button');
       |                              ^
     33|       buttons.forEach((button) => {
     34|         expect(button).toHaveAttribute('aria-label');

ΓÄ»ΓÄ»ΓÄ»ΓÄ»ΓÄ»ΓÄ»ΓÄ»ΓÄ»ΓÄ»ΓÄ»ΓÄ»ΓÄ»ΓÄ»ΓÄ»ΓÄ»ΓÄ»ΓÄ»ΓÄ»ΓÄ»ΓÄ»ΓÄ»[59/107]ΓÄ»

 FAIL  src/__tests__/integration/accessibility.integration.test.tsx > Accessibility Integration > aria-modal > should 
mark modals with aria-modal
TypeError: (0 , __vite_ssr_import_7__.createMockNotification) is not a function
 Γ¥» src/__tests__/integration/accessibility.integration.test.tsx:83:34
     81|   describe('aria-modal', () => {
     82|     it('should mark modals with aria-modal', () => {
     83|       const mockNotifications = [createMockNotification({ id: '1' })];
       |                                  ^
     84| 
     85|       render(

ΓÄ»ΓÄ»ΓÄ»ΓÄ»ΓÄ»ΓÄ»ΓÄ»ΓÄ»ΓÄ»ΓÄ»ΓÄ»ΓÄ»ΓÄ»ΓÄ»ΓÄ»ΓÄ»ΓÄ»ΓÄ»ΓÄ»ΓÄ»ΓÄ»[60/107]ΓÄ»

 FAIL  src/__tests__/integration/accessibility.integration.test.tsx > Accessibility Integration > keyboard nav > 
should support keyboard navigation
TypeError: (0 , __vite_ssr_import_7__.createMockNotification) is not a function
 Γ¥» src/__tests__/integration/accessibility.integration.test.tsx:110:34
    108|     it('should support keyboard navigation', async () => {
    109|       const user = userEvent.setup();
    110|       const mockNotifications = [createMockNotification({ id: '1' })];
       |                                  ^
    111| 
    112|       render(

ΓÄ»ΓÄ»ΓÄ»ΓÄ»ΓÄ»ΓÄ»ΓÄ»ΓÄ»ΓÄ»ΓÄ»ΓÄ»ΓÄ»ΓÄ»ΓÄ»ΓÄ»ΓÄ»ΓÄ»ΓÄ»ΓÄ»ΓÄ»ΓÄ»[61/107]ΓÄ»

 FAIL  src/__tests__/integration/accessibility.integration.test.tsx > Accessibility Integration > screen reader 
announcements > should announce dynamic content changes
TypeError: (0 , __vite_ssr_import_7__.createMockNotification) is not a function
 Γ¥» src/__tests__/integration/accessibility.integration.test.tsx:142:34
    140|   describe('screen reader announcements', () => {
    141|     it('should announce dynamic content changes', () => {
    142|       const mockNotifications = [createMockNotification({ id: '1' })];
       |                                  ^
    143| 
    144|       render(

ΓÄ»ΓÄ»ΓÄ»ΓÄ»ΓÄ»ΓÄ»ΓÄ»ΓÄ»ΓÄ»ΓÄ»ΓÄ»ΓÄ»ΓÄ»ΓÄ»ΓÄ»ΓÄ»ΓÄ»ΓÄ»ΓÄ»ΓÄ»ΓÄ»[62/107]ΓÄ»

 FAIL  src/__tests__/integration/accessibility.integration.test.tsx > Accessibility Integration > focus management > 
should trap focus within modals
TypeError: (0 , __vite_ssr_import_7__.createMockNotification) is not a function
 Γ¥» src/__tests__/integration/accessibility.integration.test.tsx:171:34
    169|     it('should trap focus within modals', async () => {
    170|       const user = userEvent.setup();
    171|       const mockNotifications = [createMockNotification({ id: '1' })];
       |                                  ^
    172| 
    173|       render(

ΓÄ»ΓÄ»ΓÄ»ΓÄ»ΓÄ»ΓÄ»ΓÄ»ΓÄ»ΓÄ»ΓÄ»ΓÄ»ΓÄ»ΓÄ»ΓÄ»ΓÄ»ΓÄ»ΓÄ»ΓÄ»ΓÄ»ΓÄ»ΓÄ»[63/107]ΓÄ»

 FAIL  src/__tests__/integration/notification-flow.integration.test.tsx > Notification Flow Integration > create ΓåÆ 
badge ΓåÆ open ΓåÆ acknowledge ΓåÆ decrease > should complete full notification flow
TestingLibraryElementError: Unable to find an element with the text: /2 unread/i. This could be because the text is 
broken up by multiple elements. In this case, you can provide a function for your text matcher to make your matcher 
more flexible.

Ignored nodes: comments, script, style
[36m<body>[39m
  [36m<div>[39m
    [36m<button[39m
      [33maria-label[39m=[32m"Notifications (2 unread)"[39m
      [33mclass[39m=[32m"relative inline-flex items-center justify-center p-2 shrink-0"[39m
    [36m>[39m
      [36m<svg[39m
        [33maria-hidden[39m=[32m"true"[39m
        [33mclass[39m=[32m"text-current"[39m
        [33mfill[39m=[32m"currentColor"[39m
        [33mheight[39m=[32m"20"[39m
        [33mviewBox[39m=[32m"0 0 256 256"[39m
        [33mwidth[39m=[32m"20"[39m
        [33mxmlns[39m=[32m"http://www.w3.org/2000/svg"[39m
      [36m>[39m
        [36m<path[39m
          [33md[39m=[32m"M221.8,175.94C216.25,166.38,208,139.33,208,104a80,80,0,1,0-160,0c0,35.34-8.26,62.38-13.81,7
1.94A16,16,0,0,0,48,200H88.81a40,40,0,0,0,78.38,0H208a16,16,0,0,0,13.8-24.06ZM128,216a24,24,0,0,1-22.62-16h45.24A24,24,
0,0,1,128,216ZM48,184c7.7-13.24,16-43.92,16-80a64,64,0,1,1,128,0c0,36.05,8.28,66.73,16,80Z"[39m
        [36m/>[39m
      [36m</svg>[39m
      [36m<span[39m
        [33maria-hidden[39m=[32m"true"[39m
        [33mclass[39m=[32m"absolute -top-0.5 -right-0.5 bg-red-600 text-white rounded-full text-[10px] min-w-[16px] 
h-4 flex items-center justify-center px-1 font-medium leading-none"[39m
      [36m>[39m
        [0m2[0m
      [36m</span>[39m
    [36m</button>[39m
  [36m</div>[39m
[36m</body>[39m
 Γ¥» Object.getElementError node_modules/@testing-library/dom/dist/config.js:37:19
 Γ¥» node_modules/@testing-library/dom/dist/query-helpers.js:76:38
 Γ¥» node_modules/@testing-library/dom/dist/query-helpers.js:52:17
 Γ¥» node_modules/@testing-library/dom/dist/query-helpers.js:95:19
 Γ¥» src/__tests__/integration/notification-flow.integration.test.tsx:72:21
     70|       );
     71| 
     72|       expect(screen.getByText(/2 unread/i)).toBeInTheDocument();
       |                     ^
     73| 
     74|       // Step 3: Open notification center

ΓÄ»ΓÄ»ΓÄ»ΓÄ»ΓÄ»ΓÄ»ΓÄ»ΓÄ»ΓÄ»ΓÄ»ΓÄ»ΓÄ»ΓÄ»ΓÄ»ΓÄ»ΓÄ»ΓÄ»ΓÄ»ΓÄ»ΓÄ»ΓÄ»[64/107]ΓÄ»

 FAIL  src/__tests__/integration/notification-flow.integration.test.tsx > Notification Flow Integration > notification 
badge update > should update badge count when notifications change
TestingLibraryElementError: Unable to find an element with the text: /0 unread/i. This could be because the text is 
broken up by multiple elements. In this case, you can provide a function for your text matcher to make your matcher 
more flexible.

Ignored nodes: comments, script, style
[36m<body>[39m
  [36m<div>[39m
    [36m<button[39m
      [33maria-label[39m=[32m"Notifications (0 unread)"[39m
      [33mclass[39m=[32m"relative inline-flex items-center justify-center p-2 shrink-0"[39m
    [36m>[39m
      [36m<svg[39m
        [33maria-hidden[39m=[32m"true"[39m
        [33mclass[39m=[32m"text-current"[39m
        [33mfill[39m=[32m"currentColor"[39m
        [33mheight[39m=[32m"20"[39m
        [33mviewBox[39m=[32m"0 0 256 256"[39m
        [33mwidth[39m=[32m"20"[39m
        [33mxmlns[39m=[32m"http://www.w3.org/2000/svg"[39m
      [36m>[39m
        [36m<path[39m
          [33md[39m=[32m"M221.8,175.94C216.25,166.38,208,139.33,208,104a80,80,0,1,0-160,0c0,35.34-8.26,62.38-13.81,7
1.94A16,16,0,0,0,48,200H88.81a40,40,0,0,0,78.38,0H208a16,16,0,0,0,13.8-24.06ZM128,216a24,24,0,0,1-22.62-16h45.24A24,24,
0,0,1,128,216ZM48,184c7.7-13.24,16-43.92,16-80a64,64,0,1,1,128,0c0,36.05,8.28,66.73,16,80Z"[39m
        [36m/>[39m
      [36m</svg>[39m
    [36m</button>[39m
  [36m</div>[39m
[36m</body>[39m
 Γ¥» Object.getElementError node_modules/@testing-library/dom/dist/config.js:37:19
 Γ¥» node_modules/@testing-library/dom/dist/query-helpers.js:76:38
 Γ¥» node_modules/@testing-library/dom/dist/query-helpers.js:52:17
 Γ¥» node_modules/@testing-library/dom/dist/query-helpers.js:95:19
 Γ¥» src/__tests__/integration/notification-flow.integration.test.tsx:179:21
    177|       );
    178| 
    179|       expect(screen.getByText(/0 unread/i)).toBeInTheDocument();
       |                     ^
    180| 
    181|       rerender(

ΓÄ»ΓÄ»ΓÄ»ΓÄ»ΓÄ»ΓÄ»ΓÄ»ΓÄ»ΓÄ»ΓÄ»ΓÄ»ΓÄ»ΓÄ»ΓÄ»ΓÄ»ΓÄ»ΓÄ»ΓÄ»ΓÄ»ΓÄ»ΓÄ»[65/107]ΓÄ»

 FAIL  src/__tests__/services/pushNotificationService.test.ts > pushService > requestPermission > should request 
notification permission
TypeError: __vite_ssr_import_1__.default.requestPermission is not a function
 Γ¥» src/__tests__/services/pushNotificationService.test.ts:59:44
     57|       mockRequestPermission.mockResolvedValue('granted');
     58| 
     59|       const permission = await pushService.requestPermission();
       |                                            ^
     60| 
     61|       expect(permission).toBe('granted');

ΓÄ»ΓÄ»ΓÄ»ΓÄ»ΓÄ»ΓÄ»ΓÄ»ΓÄ»ΓÄ»ΓÄ»ΓÄ»ΓÄ»ΓÄ»ΓÄ»ΓÄ»ΓÄ»ΓÄ»ΓÄ»ΓÄ»ΓÄ»ΓÄ»[66/107]ΓÄ»

 FAIL  src/__tests__/services/pushNotificationService.test.ts > pushService > requestPermission > should handle denied 
permission
TypeError: __vite_ssr_import_1__.default.requestPermission is not a function
 Γ¥» src/__tests__/services/pushNotificationService.test.ts:68:44
     66|       mockRequestPermission.mockResolvedValue('denied');
     67| 
     68|       const permission = await pushService.requestPermission();
       |                                            ^
     69| 
     70|       expect(permission).toBe('denied');

ΓÄ»ΓÄ»ΓÄ»ΓÄ»ΓÄ»ΓÄ»ΓÄ»ΓÄ»ΓÄ»ΓÄ»ΓÄ»ΓÄ»ΓÄ»ΓÄ»ΓÄ»ΓÄ»ΓÄ»ΓÄ»ΓÄ»ΓÄ»ΓÄ»[67/107]ΓÄ»

 FAIL  src/__tests__/services/pushNotificationService.test.ts > pushService > requestPermission > should handle 
default permission state
TypeError: __vite_ssr_import_1__.default.requestPermission is not a function
 Γ¥» src/__tests__/services/pushNotificationService.test.ts:76:44
     74|       mockRequestPermission.mockResolvedValue('default');
     75| 
     76|       const permission = await pushService.requestPermission();
       |                                            ^
     77| 
     78|       expect(permission).toBe('default');

ΓÄ»ΓÄ»ΓÄ»ΓÄ»ΓÄ»ΓÄ»ΓÄ»ΓÄ»ΓÄ»ΓÄ»ΓÄ»ΓÄ»ΓÄ»ΓÄ»ΓÄ»ΓÄ»ΓÄ»ΓÄ»ΓÄ»ΓÄ»ΓÄ»[68/107]ΓÄ»

 FAIL  src/__tests__/services/pushNotificationService.test.ts > pushService > registerServiceWorker > should register 
service worker for push notifications
TypeError: __vite_ssr_import_1__.default.registerServiceWorker is not a function
 Γ¥» src/__tests__/services/pushNotificationService.test.ts:87:46
     85|       global.navigator.serviceWorker.register = mockRegister;
     86| 
     87|       const registration = await pushService.registerServiceWorker('/sΓÇª
       |                                              ^
     88| 
     89|       expect(mockRegister).toHaveBeenCalledWith('/sw.js');

ΓÄ»ΓÄ»ΓÄ»ΓÄ»ΓÄ»ΓÄ»ΓÄ»ΓÄ»ΓÄ»ΓÄ»ΓÄ»ΓÄ»ΓÄ»ΓÄ»ΓÄ»ΓÄ»ΓÄ»ΓÄ»ΓÄ»ΓÄ»ΓÄ»[69/107]ΓÄ»

 FAIL  src/__tests__/services/pushNotificationService.test.ts > pushService > registerServiceWorker > should handle 
service worker registration errors
TypeError: __vite_ssr_import_1__.default.registerServiceWorker is not a function
 Γ¥» src/__tests__/services/pushNotificationService.test.ts:97:32
     95|       global.navigator.serviceWorker.register = mockRegister;
     96| 
     97|       await expect(pushService.registerServiceWorker('/sw.js')).rejectΓÇª
       |                                ^
     98|     });
     99|   });

ΓÄ»ΓÄ»ΓÄ»ΓÄ»ΓÄ»ΓÄ»ΓÄ»ΓÄ»ΓÄ»ΓÄ»ΓÄ»ΓÄ»ΓÄ»ΓÄ»ΓÄ»ΓÄ»ΓÄ»ΓÄ»ΓÄ»ΓÄ»ΓÄ»[70/107]ΓÄ»

 FAIL  src/__tests__/services/pushNotificationService.test.ts > pushService > subscribeToPush > should subscribe to 
push notifications
TypeError: __vite_ssr_import_1__.default.subscribeToPush is not a function
 Γ¥» src/__tests__/services/pushNotificationService.test.ts:113:46
    111|       mockServiceWorkerRegistration.pushManager.subscribe.mockResolvedΓÇª
    112| 
    113|       const subscription = await pushService.subscribeToPush(mockServiΓÇª
       |                                              ^
    114| 
    115|       expect(mockServiceWorkerRegistration.pushManager.subscribe).toHaΓÇª

ΓÄ»ΓÄ»ΓÄ»ΓÄ»ΓÄ»ΓÄ»ΓÄ»ΓÄ»ΓÄ»ΓÄ»ΓÄ»ΓÄ»ΓÄ»ΓÄ»ΓÄ»ΓÄ»ΓÄ»ΓÄ»ΓÄ»ΓÄ»ΓÄ»[71/107]ΓÄ»

 FAIL  src/__tests__/services/pushNotificationService.test.ts > pushService > subscribeToPush > should handle 
subscription errors
TypeError: __vite_ssr_import_1__.default.subscribeToPush is not a function
 Γ¥» src/__tests__/services/pushNotificationService.test.ts:125:21
    123| 
    124|       await expect(
    125|         pushService.subscribeToPush(mockServiceWorkerRegistration as aΓÇª
       |                     ^
    126|       ).rejects.toThrow();
    127|     });

ΓÄ»ΓÄ»ΓÄ»ΓÄ»ΓÄ»ΓÄ»ΓÄ»ΓÄ»ΓÄ»ΓÄ»ΓÄ»ΓÄ»ΓÄ»ΓÄ»ΓÄ»ΓÄ»ΓÄ»ΓÄ»ΓÄ»ΓÄ»ΓÄ»[72/107]ΓÄ»

 FAIL  src/__tests__/services/pushNotificationService.test.ts > pushService > getSubscription > should get existing 
push subscription
TypeError: __vite_ssr_import_1__.default.getSubscription is not a function
 Γ¥» src/__tests__/services/pushNotificationService.test.ts:142:46
    140|       mockServiceWorkerRegistration.pushManager.getSubscription.mockReΓÇª
    141| 
    142|       const subscription = await pushService.getSubscription(mockServiΓÇª
       |                                              ^
    143| 
    144|       expect(mockServiceWorkerRegistration.pushManager.getSubscriptionΓÇª

ΓÄ»ΓÄ»ΓÄ»ΓÄ»ΓÄ»ΓÄ»ΓÄ»ΓÄ»ΓÄ»ΓÄ»ΓÄ»ΓÄ»ΓÄ»ΓÄ»ΓÄ»ΓÄ»ΓÄ»ΓÄ»ΓÄ»ΓÄ»ΓÄ»[73/107]ΓÄ»

 FAIL  src/__tests__/services/pushNotificationService.test.ts > pushService > getSubscription > should return null 
when no subscription exists
TypeError: __vite_ssr_import_1__.default.getSubscription is not a function
 Γ¥» src/__tests__/services/pushNotificationService.test.ts:151:46
    149|       mockServiceWorkerRegistration.pushManager.getSubscription.mockReΓÇª
    150| 
    151|       const subscription = await pushService.getSubscription(mockServiΓÇª
       |                                              ^
    152| 
    153|       expect(subscription).toBeNull();

ΓÄ»ΓÄ»ΓÄ»ΓÄ»ΓÄ»ΓÄ»ΓÄ»ΓÄ»ΓÄ»ΓÄ»ΓÄ»ΓÄ»ΓÄ»ΓÄ»ΓÄ»ΓÄ»ΓÄ»ΓÄ»ΓÄ»ΓÄ»ΓÄ»[74/107]ΓÄ»

 FAIL  src/__tests__/services/pushNotificationService.test.ts > pushService > unsubscribeFromPush > should unsubscribe 
from push notifications
TypeError: __vite_ssr_import_1__.default.unsubscribeFromPush is not a function

 Test Files  23 failed | 5 passed (28)
      Tests  97 failed | 91 passed (188)
     Errors  6 errors
   Start at  21:58:15
   Duration  125.72s (transform 8.67s, setup 45.12s, collect 327.22s, tests 193.73s, environment 92.03s, prepare 1.87s)

 Γ¥» src/__tests__/services/pushNotificationService.test.ts:163:40
    161|       };
    162| 
    163|       const result = await pushService.unsubscribeFromPush(mockSubscriΓÇª
       |                                        ^
    164| 
    165|       expect(mockSubscription.unsubscribe).toHaveBeenCalled();

ΓÄ»ΓÄ»ΓÄ»ΓÄ»ΓÄ»ΓÄ»ΓÄ»ΓÄ»ΓÄ»ΓÄ»ΓÄ»ΓÄ»ΓÄ»ΓÄ»ΓÄ»ΓÄ»ΓÄ»ΓÄ»ΓÄ»ΓÄ»ΓÄ»[75/107]ΓÄ»

 FAIL  src/__tests__/services/pushNotificationService.test.ts > pushService > sendTestNotification > should send test 
push notification
AssertionError: expected "vi.fn()" to be called at least once
 Γ¥» src/__tests__/services/pushNotificationService.test.ts:177:36
    175|       await pushService.sendTestNotification(mockServiceWorkerRegistraΓÇª
    176| 
    177|       expect(mockShowNotification).toHaveBeenCalled();
       |                                    ^
    178|     });
    179|   });

ΓÄ»ΓÄ»ΓÄ»ΓÄ»ΓÄ»ΓÄ»ΓÄ»ΓÄ»ΓÄ»ΓÄ»ΓÄ»ΓÄ»ΓÄ»ΓÄ»ΓÄ»ΓÄ»ΓÄ»ΓÄ»ΓÄ»ΓÄ»ΓÄ»[76/107]ΓÄ»

 FAIL  src/__tests__/services/withRetry.test.ts > isNetworkError > detects connection errors
AssertionError: expected false to be true // Object.is equality

- Expected
+ Received

- true
+ false

 Γ¥» src/__tests__/services/withRetry.test.ts:124:59
    122| 
    123|   it('detects connection errors', () => {
    124|     expect(isNetworkError(new Error('connection error'))).toBe(true);
       |                                                           ^
    125|     expect(isNetworkError({ code: 'unavailable' })).toBe(true);
    126|   });

ΓÄ»ΓÄ»ΓÄ»ΓÄ»ΓÄ»ΓÄ»ΓÄ»ΓÄ»ΓÄ»ΓÄ»ΓÄ»ΓÄ»ΓÄ»ΓÄ»ΓÄ»ΓÄ»ΓÄ»ΓÄ»ΓÄ»ΓÄ»ΓÄ»[77/107]ΓÄ»

ΓÄ»ΓÄ»ΓÄ»ΓÄ»ΓÄ»ΓÄ» Unhandled Errors ΓÄ»ΓÄ»ΓÄ»ΓÄ»ΓÄ»ΓÄ»

Vitest caught 6 unhandled errors during the test run.
This might cause false positive tests. Resolve unhandled errors to make sure your tests are not affected.

ΓÄ»ΓÄ»ΓÄ»ΓÄ» Unhandled Rejection ΓÄ»ΓÄ»ΓÄ»ΓÄ»ΓÄ»
TypeError: candidate?.scrollIntoView is not a function
 Γ¥» ../Digital%20Classroom%20Assignment%20for%20PLV%20CEIT%20Bldg%20(with%20backend)/node_modules/@radix-ui/react-sele
ct/dist/index.mjs:321:22
 Γ¥» ../Digital%20Classroom%20Assignment%20for%20PLV%20CEIT%20Bldg%20(with%20backend)/node_modules/@radix-ui/react-sele
ct/dist/index.mjs:331:13
 Γ¥» ../Digital%20Classroom%20Assignment%20for%20PLV%20CEIT%20Bldg%20(with%20backend)/node_modules/@radix-ui/react-sele
ct/dist/index.mjs:336:9
 Γ¥» commitHookEffectListMount node_modules/react-dom/cjs/react-dom.development.js:23189:26
 Γ¥» commitPassiveMountOnFiber node_modules/react-dom/cjs/react-dom.development.js:24970:11
 Γ¥» commitPassiveMountEffects_complete node_modules/react-dom/cjs/react-dom.development.js:24930:9
 Γ¥» commitPassiveMountEffects_begin node_modules/react-dom/cjs/react-dom.development.js:24917:7
 Γ¥» commitPassiveMountEffects node_modules/react-dom/cjs/react-dom.development.js:24905:3
 Γ¥» flushPassiveEffectsImpl node_modules/react-dom/cjs/react-dom.development.js:27078:3
 Γ¥» flushPassiveEffects node_modules/react-dom/cjs/react-dom.development.js:27023:14

This error originated in "src/__tests__/components/RoomSearch.test.tsx" test file. It doesn't mean the error was 
thrown inside the file itself, but while it was running.
The latest test that might've caused the error is "should filter classrooms by start time". It might mean one of the 
following:
- The error was thrown, while Vitest was running this test.
- If the error occurred after the test had been completed, this was the last documented test before it was thrown.

ΓÄ»ΓÄ»ΓÄ»ΓÄ»ΓÄ»ΓÄ» Unhandled Error ΓÄ»ΓÄ»ΓÄ»ΓÄ»ΓÄ»ΓÄ»ΓÄ»
Error: [vitest-pool]: Timeout starting forks runner.
 Γ¥» Timeout.<anonymous> ../Digital%20Classroom%20Assignment%20for%20PLV%20CEIT%20Bldg%20(with%20backend)/node_modules/
vitest/dist/chunks/cli-api.BQ-bjcRi.js:7235:65
 Γ¥» listOnTimeout node:internal/timers:588:17
 Γ¥» processTimers node:internal/timers:523:7


ΓÄ»ΓÄ»ΓÄ»ΓÄ»ΓÄ»ΓÄ» Unhandled Error ΓÄ»ΓÄ»ΓÄ»ΓÄ»ΓÄ»ΓÄ»ΓÄ»
Error: [vitest-pool]: Timeout starting forks runner.
 Γ¥» Timeout.<anonymous> ../Digital%20Classroom%20Assignment%20for%20PLV%20CEIT%20Bldg%20(with%20backend)/node_modules/
vitest/dist/chunks/cli-api.BQ-bjcRi.js:7235:65
 Γ¥» listOnTimeout node:internal/timers:588:17
 Γ¥» processTimers node:internal/timers:523:7


ΓÄ»ΓÄ»ΓÄ»ΓÄ»ΓÄ»ΓÄ» Unhandled Error ΓÄ»ΓÄ»ΓÄ»ΓÄ»ΓÄ»ΓÄ»ΓÄ»
Error: [vitest-pool]: Timeout starting forks runner.
 Γ¥» Timeout.<anonymous> ../Digital%20Classroom%20Assignment%20for%20PLV%20CEIT%20Bldg%20(with%20backend)/node_modules/
vitest/dist/chunks/cli-api.BQ-bjcRi.js:7235:65
 Γ¥» listOnTimeout node:internal/timers:588:17
 Γ¥» processTimers node:internal/timers:523:7


ΓÄ»ΓÄ»ΓÄ»ΓÄ»ΓÄ»ΓÄ» Unhandled Error ΓÄ»ΓÄ»ΓÄ»ΓÄ»ΓÄ»ΓÄ»ΓÄ»
Error: [vitest-pool]: Timeout starting forks runner.
 Γ¥» Timeout.<anonymous> ../Digital%20Classroom%20Assignment%20for%20PLV%20CEIT%20Bldg%20(with%20backend)/node_modules/
vitest/dist/chunks/cli-api.BQ-bjcRi.js:7235:65
 Γ¥» listOnTimeout node:internal/timers:588:17
 Γ¥» processTimers node:internal/timers:523:7


ΓÄ»ΓÄ»ΓÄ»ΓÄ»ΓÄ»ΓÄ» Unhandled Error ΓÄ»ΓÄ»ΓÄ»ΓÄ»ΓÄ»ΓÄ»ΓÄ»
Error: [vitest-pool]: Timeout starting forks runner.
 Γ¥» Timeout.<anonymous> ../Digital%20Classroom%20Assignment%20for%20PLV%20CEIT%20Bldg%20(with%20backend)/node_modules/
vitest/dist/chunks/cli-api.BQ-bjcRi.js:7235:65
 Γ¥» listOnTimeout node:internal/timers:588:17
 Γ¥» processTimers node:internal/timers:523:7

ΓÄ»ΓÄ»ΓÄ»ΓÄ»ΓÄ»ΓÄ»ΓÄ»ΓÄ»ΓÄ»ΓÄ»ΓÄ»ΓÄ»ΓÄ»ΓÄ»ΓÄ»ΓÄ»ΓÄ»ΓÄ»ΓÄ»ΓÄ»ΓÄ»ΓÄ»ΓÄ»ΓÄ»ΓÄ»ΓÄ»ΓÄ»ΓÄ»ΓÄ»ΓÄ»

